================================================================
== Design Size Report
================================================================

* Instructions per Function for each Compilation Phase
+--------------------------+--------------+--------------+---------------+----------------------+---------------+
| Function                 | Location     | Compile/Link | Unroll/Inline | Performance/Pipeline | Optimizations |
+--------------------------+--------------+--------------+---------------+----------------------+---------------+
| + main                   | main.cpp:287 | 298          | 298           | 16                   | 14            |
|  + fit                   | main.cpp:233 | 223          | 226           |  1                   |               |
|     add_nums             | main.cpp:21  |  48          |  51           |                      |               |
|     calc_distance        | main.cpp:195 |  24          |  23           |                      |               |
|   + calc_chi_squared     | main.cpp:122 |  92          | 109           |                      |               |
|      calc_ovr_sig_sqrd   | main.cpp:96  |  18          |  23           |                      |               |
|      calc_ovr_sig_sqrd_x | main.cpp:49  |  23          |  28           |                      |               |
+--------------------------+--------------+--------------+---------------+----------------------+---------------+

* Description of Compilation Phases
+----------------------+------------------------------------------------------------+
| Compilation Phase    | Description                                                |
+----------------------+------------------------------------------------------------+
| Compile/Link         | All functions are compiled and linked into a single design |
| Unroll/Inline        | After user unroll and inline pragmas are applied           |
| Performance/Pipeline | After performance and pipeline pragmas are applied         |
| Optimizations        | After high level synthesis optimizations                   |
+----------------------+------------------------------------------------------------+

* Design Size Message Settings
+---------------------------------------------+--------+------------------------------------------------------------------+
| Message Setting                             | Value  | Description                                                      |
+---------------------------------------------+--------+------------------------------------------------------------------+
| config_compile -design_size_maximum_warning | 100000 | Show a warning when total design instructions exceeds this value |
+---------------------------------------------+--------+------------------------------------------------------------------+


