

================================================================
== Vitis HLS Report for 'fit'
================================================================
* Date:           Thu Feb 27 15:25:44 2025

* Version:        2023.1 (Build 3854077 on May  4 2023)
* Project:        hls_fit
* Solution:       solution1 (Vitis Kernel Flow Target)
* Product family: virtexuplus
* Target device:  xcvu11p-flga2577-1-e


================================================================
== Performance Estimates
================================================================
+ Timing: 
    * Summary: 
    +--------+----------+----------+------------+
    |  Clock |  Target  | Estimated| Uncertainty|
    +--------+----------+----------+------------+
    |ap_clk  |  10.00 ns|  7.535 ns|     2.70 ns|
    +--------+----------+----------+------------+

+ Latency: 
    * Summary: 
    +---------+---------+-----------+-----------+------+------+---------+
    |  Latency (cycles) |   Latency (absolute)  |   Interval  | Pipeline|
    |   min   |   max   |    min    |    max    |  min |  max |   Type  |
    +---------+---------+-----------+-----------+------+------+---------+
    |     5087|     8219|  50.870 us|  82.190 us|  5087|  8219|       no|
    +---------+---------+-----------+-----------+------+------+---------+

    + Detail: 
        * Instance: 
        +------------------------------------------+-------------------------------+---------+---------+-----------+-----------+------+------+---------+
        |                                          |                               |  Latency (cycles) |   Latency (absolute)  |   Interval  | Pipeline|
        |                 Instance                 |             Module            |   min   |   max   |    min    |    max    |  min |  max |   Type  |
        +------------------------------------------+-------------------------------+---------+---------+-----------+-----------+------+------+---------+
        |grp_fit_Pipeline_VITIS_LOOP_28_1_fu_82    |fit_Pipeline_VITIS_LOOP_28_1   |       96|      444|   0.960 us|   4.440 us|    96|   444|       no|
        |grp_fit_Pipeline_VITIS_LOOP_100_1_fu_96   |fit_Pipeline_VITIS_LOOP_100_1  |      304|     1348|   3.040 us|  13.480 us|   304|  1348|       no|
        |grp_fit_Pipeline_VITIS_LOOP_204_1_fu_105  |fit_Pipeline_VITIS_LOOP_204_1  |     4106|     4106|  41.060 us|  41.060 us|  4106|  4106|       no|
        |grp_fit_Pipeline_VITIS_LOOP_53_1_fu_116   |fit_Pipeline_VITIS_LOOP_53_1   |      308|     1352|   3.080 us|  13.520 us|   308|  1352|       no|
        |grp_fit_Pipeline_VITIS_LOOP_148_1_fu_126  |fit_Pipeline_VITIS_LOOP_148_1  |      309|     1353|   3.090 us|  13.530 us|   309|  1353|       no|
        +------------------------------------------+-------------------------------+---------+---------+-----------+-----------+------+------+---------+

        * Loop: 
        N/A



================================================================
== Utilization Estimates
================================================================
* Summary: 
+---------------------+---------+------+---------+---------+-----+
|         Name        | BRAM_18K|  DSP |    FF   |   LUT   | URAM|
+---------------------+---------+------+---------+---------+-----+
|DSP                  |        -|     -|        -|        -|    -|
|Expression           |        -|     -|        0|      232|    -|
|FIFO                 |        -|     -|        -|        -|    -|
|Instance             |        -|    79|     4618|     3703|    -|
|Memory               |        -|     -|        -|        -|    -|
|Multiplexer          |        -|     -|        -|      824|    -|
|Register             |        -|     -|     1026|        -|    -|
+---------------------+---------+------+---------+---------+-----+
|Total                |        0|    79|     5644|     4759|    0|
+---------------------+---------+------+---------+---------+-----+
|Available SLR        |     1344|  3072|   864000|   432000|  320|
+---------------------+---------+------+---------+---------+-----+
|Utilization SLR (%)  |        0|     2|       ~0|        1|    0|
+---------------------+---------+------+---------+---------+-----+
|Available            |     4032|  9216|  2592000|  1296000|  960|
+---------------------+---------+------+---------+---------+-----+
|Utilization (%)      |        0|    ~0|       ~0|       ~0|    0|
+---------------------+---------+------+---------+---------+-----+

+ Detail: 
    * Instance: 
    +------------------------------------------+------------------------------------+---------+----+------+------+-----+
    |                 Instance                 |               Module               | BRAM_18K| DSP|  FF  |  LUT | URAM|
    +------------------------------------------+------------------------------------+---------+----+------+------+-----+
    |dadddsub_64ns_64ns_64_4_full_dsp_1_U51    |dadddsub_64ns_64ns_64_4_full_dsp_1  |        0|   3|   430|   710|    0|
    |ddiv_64ns_64ns_64_13_no_dsp_1_U55         |ddiv_64ns_64ns_64_13_no_dsp_1       |        0|   0|     0|     0|    0|
    |ddiv_64ns_64ns_64_13_no_dsp_1_U56         |ddiv_64ns_64ns_64_13_no_dsp_1       |        0|   0|     0|     0|    0|
    |dmul_64ns_64ns_64_4_max_dsp_1_U52         |dmul_64ns_64ns_64_4_max_dsp_1       |        0|   8|   275|   107|    0|
    |dmul_64ns_64ns_64_4_max_dsp_1_U53         |dmul_64ns_64ns_64_4_max_dsp_1       |        0|   8|   275|   107|    0|
    |dmul_64ns_64ns_64_4_max_dsp_1_U54         |dmul_64ns_64ns_64_4_max_dsp_1       |        0|   8|   275|   107|    0|
    |grp_fit_Pipeline_VITIS_LOOP_100_1_fu_96   |fit_Pipeline_VITIS_LOOP_100_1       |        0|   0|   348|   149|    0|
    |grp_fit_Pipeline_VITIS_LOOP_148_1_fu_126  |fit_Pipeline_VITIS_LOOP_148_1       |        0|   3|  1569|  1178|    0|
    |grp_fit_Pipeline_VITIS_LOOP_204_1_fu_105  |fit_Pipeline_VITIS_LOOP_204_1       |        0|   0|   554|   312|    0|
    |grp_fit_Pipeline_VITIS_LOOP_28_1_fu_82    |fit_Pipeline_VITIS_LOOP_28_1        |        0|   1|   268|   427|    0|
    |grp_fit_Pipeline_VITIS_LOOP_53_1_fu_116   |fit_Pipeline_VITIS_LOOP_53_1        |        0|   0|   624|   336|    0|
    |mul_64s_64s_64_1_1_U62                    |mul_64s_64s_64_1_1                  |        0|  10|     0|    45|    0|
    |mul_64s_64s_64_1_1_U63                    |mul_64s_64s_64_1_1                  |        0|  10|     0|    45|    0|
    |mul_64s_64s_64_1_1_U64                    |mul_64s_64s_64_1_1                  |        0|  10|     0|    45|    0|
    |mul_64s_64s_64_1_1_U65                    |mul_64s_64s_64_1_1                  |        0|  10|     0|    45|    0|
    |mul_64s_9ns_64_1_1_U60                    |mul_64s_9ns_64_1_1                  |        0|   4|     0|    45|    0|
    |mul_64s_9ns_64_1_1_U61                    |mul_64s_9ns_64_1_1                  |        0|   4|     0|    45|    0|
    |printdouble_U66                           |printdouble                         |        0|   0|     0|     0|    0|
    |printdouble_U67                           |printdouble                         |        0|   0|     0|     0|    0|
    |printdouble_U68                           |printdouble                         |        0|   0|     0|     0|    0|
    |printdouble_U69                           |printdouble                         |        0|   0|     0|     0|    0|
    |printdouble_U71                           |printdouble                         |        0|   0|     0|     0|    0|
    |printdouble_U72                           |printdouble                         |        0|   0|     0|     0|    0|
    |printnone_U70                             |printnone                           |        0|   0|     0|     0|    0|
    |sitodp_64ns_64_2_no_dsp_1_U57             |sitodp_64ns_64_2_no_dsp_1           |        0|   0|     0|     0|    0|
    |sitodp_64ns_64_2_no_dsp_1_U58             |sitodp_64ns_64_2_no_dsp_1           |        0|   0|     0|     0|    0|
    |sitodp_64ns_64_2_no_dsp_1_U59             |sitodp_64ns_64_2_no_dsp_1           |        0|   0|     0|     0|    0|
    |sitodp_64ns_64_2_no_dsp_1_U73             |sitodp_64ns_64_2_no_dsp_1           |        0|   0|     0|     0|    0|
    +------------------------------------------+------------------------------------+---------+----+------+------+-----+
    |Total                                     |                                    |        0|  79|  4618|  3703|    0|
    +------------------------------------------+------------------------------------+---------+----+------+------+-----+

    * DSP: 
    N/A

    * Memory: 
    N/A

    * FIFO: 
    N/A

    * Expression: 
    +---------------------------------+----------+----+---+----+------------+------------+
    |          Variable Name          | Operation| DSP| FF| LUT| Bitwidth P0| Bitwidth P1|
    +---------------------------------+----------+----+---+----+------------+------------+
    |add_ln127_fu_290_p2              |         +|   0|  0|  17|          10|           3|
    |a1_fu_245_p2                     |         -|   0|  0|  71|          64|          64|
    |grp_fu_173_p0                    |         -|   0|  0|  71|          64|          64|
    |grp_fu_176_p0                    |         -|   0|  0|  71|          64|          64|
    |ap_block_state2_on_subcall_done  |        or|   0|  0|   2|           1|           1|
    +---------------------------------+----------+----+---+----+------------+------------+
    |Total                            |          |   0|  0| 232|         203|         196|
    +---------------------------------+----------+----+---+----+------------+------------+

    * Multiplexer: 
    +-------------------+-----+-----------+-----+-----------+
    |        Name       | LUT | Input Size| Bits| Total Bits|
    +-------------------+-----+-----------+-----+-----------+
    |ap_NS_fsm          |  265|         62|    1|         62|
    |arrsigs_address0   |   20|          4|   10|         40|
    |arrsigs_ce0        |   20|          4|    1|          4|
    |arrx_address0      |   26|          5|   10|         50|
    |arrx_ce0           |   26|          5|    1|          5|
    |arry_address0      |   20|          4|   10|         40|
    |arry_ce0           |   20|          4|    1|          4|
    |grp_fu_142_ce      |   26|          5|    1|          5|
    |grp_fu_142_opcode  |   31|          6|    2|         12|
    |grp_fu_142_p0      |   31|          6|   64|        384|
    |grp_fu_142_p1      |   31|          6|   64|        384|
    |grp_fu_147_ce      |   26|          5|    1|          5|
    |grp_fu_147_p0      |   37|          7|   64|        448|
    |grp_fu_147_p1      |   37|          7|   64|        448|
    |grp_fu_151_ce      |    9|          2|    1|          2|
    |grp_fu_151_p0      |   14|          3|   64|        192|
    |grp_fu_151_p1      |   14|          3|   64|        192|
    |grp_fu_159_p0      |   26|          5|   64|        320|
    |grp_fu_159_p1      |   31|          6|   64|        384|
    |grp_fu_164_ce      |   20|          4|    1|          4|
    |grp_fu_164_p0      |   26|          5|   64|        320|
    |grp_fu_164_p1      |   26|          5|   64|        320|
    |grp_fu_170_p0      |   14|          3|   64|        192|
    |grp_fu_521_ce      |   14|          3|    1|          3|
    |grp_fu_521_p0      |   14|          3|   64|        192|
    +-------------------+-----+-----------+-----+-----------+
    |Total              |  824|        172|  809|       4012|
    +-------------------+-----+-----------+-----+-----------+

    * Register: 
    +-------------------------------------------------------+----+----+-----+-----------+
    |                          Name                         | FF | LUT| Bits| Const Bits|
    +-------------------------------------------------------+----+----+-----+-----------+
    |Sx2_reg_506                                            |  64|   0|   64|          0|
    |SxoS_reg_495                                           |  64|   0|   64|          0|
    |add23_i_reg_516                                        |  64|   0|   64|          0|
    |ap_CS_fsm                                              |  61|   0|   61|          0|
    |conv6_reg_466                                          |  64|   0|   64|          0|
    |conv_reg_472                                           |  64|   0|   64|          0|
    |grp_fit_Pipeline_VITIS_LOOP_100_1_fu_96_ap_start_reg   |   1|   0|    1|          0|
    |grp_fit_Pipeline_VITIS_LOOP_148_1_fu_126_ap_start_reg  |   1|   0|    1|          0|
    |grp_fit_Pipeline_VITIS_LOOP_204_1_fu_105_ap_start_reg  |   1|   0|    1|          0|
    |grp_fit_Pipeline_VITIS_LOOP_28_1_fu_82_ap_start_reg    |   1|   0|    1|          0|
    |grp_fit_Pipeline_VITIS_LOOP_53_1_fu_116_ap_start_reg   |   1|   0|    1|          0|
    |mul21_i_reg_511                                        |  64|   0|   64|          0|
    |mul_ln253_1_reg_431                                    |  64|   0|   64|          0|
    |mul_ln253_reg_426                                      |  64|   0|   64|          0|
    |mul_ln254_reg_436                                      |  64|   0|   64|          0|
    |mul_ln258_1_reg_446                                    |  64|   0|   64|          0|
    |mul_ln258_reg_441                                      |  64|   0|   64|          0|
    |reg_203                                                |  64|   0|   64|          0|
    |reg_209                                                |  64|   0|   64|          0|
    |sx2_reg_421                                            |  64|   0|   64|          0|
    |tmp_1_reg_477                                          |  64|   0|   64|          0|
    +-------------------------------------------------------+----+----+-----+-----------+
    |Total                                                  |1026|   0| 1026|          0|
    +-------------------------------------------------------+----+----+-----+-----------+



================================================================
== Interface
================================================================
* Summary: 
+------------------+-----+-----+------------+--------------+--------------+
|     RTL Ports    | Dir | Bits|  Protocol  | Source Object|    C Type    |
+------------------+-----+-----+------------+--------------+--------------+
|ap_clk            |   in|    1|  ap_ctrl_hs|           fit|  return value|
|ap_rst            |   in|    1|  ap_ctrl_hs|           fit|  return value|
|ap_start          |   in|    1|  ap_ctrl_hs|           fit|  return value|
|ap_done           |  out|    1|  ap_ctrl_hs|           fit|  return value|
|ap_idle           |  out|    1|  ap_ctrl_hs|           fit|  return value|
|ap_ready          |  out|    1|  ap_ctrl_hs|           fit|  return value|
|arrx_address0     |  out|   10|   ap_memory|          arrx|         array|
|arrx_ce0          |  out|    1|   ap_memory|          arrx|         array|
|arrx_q0           |   in|    7|   ap_memory|          arrx|         array|
|arry_address0     |  out|   10|   ap_memory|          arry|         array|
|arry_ce0          |  out|    1|   ap_memory|          arry|         array|
|arry_q0           |   in|   12|   ap_memory|          arry|         array|
|arrsigs_address0  |  out|   10|   ap_memory|       arrsigs|         array|
|arrsigs_ce0       |  out|    1|   ap_memory|       arrsigs|         array|
|arrsigs_q0        |   in|    6|   ap_memory|       arrsigs|         array|
|size              |   in|    9|     ap_none|          size|        scalar|
+------------------+-----+-----+------------+--------------+--------------+

