

================================================================
== Vitis HLS Report for 'fit_Pipeline_VITIS_LOOP_28_1'
================================================================
* Date:           Thu Feb 27 15:25:43 2025

* Version:        2023.1 (Build 3854077 on May  4 2023)
* Project:        hls_fit
* Solution:       solution1 (Vitis Kernel Flow Target)
* Product family: virtexuplus
* Target device:  xcvu11p-flga2577-1-e


================================================================
== Performance Estimates
================================================================
+ Timing: 
    * Summary: 
    +--------+----------+----------+------------+
    |  Clock |  Target  | Estimated| Uncertainty|
    +--------+----------+----------+------------+
    |ap_clk  |  10.00 ns|  5.515 ns|     2.70 ns|
    +--------+----------+----------+------------+

+ Latency: 
    * Summary: 
    +---------+---------+----------+----------+-----+-----+---------+
    |  Latency (cycles) |  Latency (absolute) |  Interval | Pipeline|
    |   min   |   max   |    min   |    max   | min | max |   Type  |
    +---------+---------+----------+----------+-----+-----+---------+
    |       96|      444|  0.960 us|  4.440 us|   96|  444|       no|
    +---------+---------+----------+----------+-----+-----+---------+

    + Detail: 
        * Instance: 
        N/A

        * Loop: 
        +-------------------+---------+---------+----------+-----------+-----------+----------+----------+
        |                   |  Latency (cycles) | Iteration|  Initiation Interval  |   Trip   |          |
        |     Loop Name     |   min   |   max   |  Latency |  achieved |   target  |   Count  | Pipelined|
        +-------------------+---------+---------+----------+-----------+-----------+----------+----------+
        |- VITIS_LOOP_28_1  |       94|      442|         2|          1|          1|  94 ~ 442|       yes|
        +-------------------+---------+---------+----------+-----------+-----------+----------+----------+



================================================================
== Utilization Estimates
================================================================
* Summary: 
+---------------------+---------+------+---------+---------+-----+
|         Name        | BRAM_18K|  DSP |    FF   |   LUT   | URAM|
+---------------------+---------+------+---------+---------+-----+
|DSP                  |        -|     -|        -|        -|    -|
|Expression           |        -|     -|        0|      318|    -|
|FIFO                 |        -|     -|        -|        -|    -|
|Instance             |        -|     1|        0|       37|    -|
|Memory               |        -|     -|        -|        -|    -|
|Multiplexer          |        -|     -|        -|       72|    -|
|Register             |        -|     -|      268|        -|    -|
+---------------------+---------+------+---------+---------+-----+
|Total                |        0|     1|      268|      427|    0|
+---------------------+---------+------+---------+---------+-----+
|Available SLR        |     1344|  3072|   864000|   432000|  320|
+---------------------+---------+------+---------+---------+-----+
|Utilization SLR (%)  |        0|    ~0|       ~0|       ~0|    0|
+---------------------+---------+------+---------+---------+-----+
|Available            |     4032|  9216|  2592000|  1296000|  960|
+---------------------+---------+------+---------+---------+-----+
|Utilization (%)      |        0|    ~0|       ~0|       ~0|    0|
+---------------------+---------+------+---------+---------+-----+

+ Detail: 
    * Instance: 
    +-----------------------+--------------------+---------+----+---+----+-----+
    |        Instance       |       Module       | BRAM_18K| DSP| FF| LUT| URAM|
    +-----------------------+--------------------+---------+----+---+----+-----+
    |mul_12s_7ns_19_1_1_U1  |mul_12s_7ns_19_1_1  |        0|   1|  0|   5|    0|
    |mul_7ns_7ns_14_1_1_U2  |mul_7ns_7ns_14_1_1  |        0|   0|  0|  32|    0|
    +-----------------------+--------------------+---------+----+---+----+-----+
    |Total                  |                    |        0|   1|  0|  37|    0|
    +-----------------------+--------------------+---------+----+---+----+-----+

    * DSP: 
    N/A

    * Memory: 
    N/A

    * FIFO: 
    N/A

    * Expression: 
    +---------------------+----------+----+---+----+------------+------------+
    |    Variable Name    | Operation| DSP| FF| LUT| Bitwidth P0| Bitwidth P1|
    +---------------------+----------+----+---+----+------------+------------+
    |add_ln28_fu_158_p2   |         +|   0|  0|  16|           9|           1|
    |add_ln29_fu_199_p2   |         +|   0|  0|  71|          64|          64|
    |add_ln30_fu_213_p2   |         +|   0|  0|  71|          64|          64|
    |add_ln31_fu_229_p2   |         +|   0|  0|  71|          64|          64|
    |add_ln32_fu_245_p2   |         +|   0|  0|  71|          64|          64|
    |icmp_ln28_fu_152_p2  |      icmp|   0|  0|  16|           9|           9|
    |ap_enable_pp0        |       xor|   0|  0|   2|           1|           2|
    +---------------------+----------+----+---+----+------------+------------+
    |Total                |          |   0|  0| 318|         275|         268|
    +---------------------+----------+----+---+----+------------+------------+

    * Multiplexer: 
    +-------------------------+----+-----------+-----+-----------+
    |           Name          | LUT| Input Size| Bits| Total Bits|
    +-------------------------+----+-----------+-----+-----------+
    |ap_done_int              |   9|          2|    1|          2|
    |ap_enable_reg_pp0_iter1  |   9|          2|    1|          2|
    |ap_sig_allocacmp_i_2     |   9|          2|    9|         18|
    |empty_13_fu_48           |   9|          2|   64|        128|
    |empty_14_fu_52           |   9|          2|   64|        128|
    |empty_15_fu_56           |   9|          2|   64|        128|
    |empty_fu_44              |   9|          2|   64|        128|
    |i_fu_60                  |   9|          2|    9|         18|
    +-------------------------+----+-----------+-----+-----------+
    |Total                    |  72|         16|  276|        552|
    +-------------------------+----+-----------+-----+-----------+

    * Register: 
    +-------------------------+----+----+-----+-----------+
    |           Name          | FF | LUT| Bits| Const Bits|
    +-------------------------+----+----+-----+-----------+
    |ap_CS_fsm                |   1|   0|    1|          0|
    |ap_done_reg              |   1|   0|    1|          0|
    |ap_enable_reg_pp0_iter1  |   1|   0|    1|          0|
    |empty_13_fu_48           |  64|   0|   64|          0|
    |empty_14_fu_52           |  64|   0|   64|          0|
    |empty_15_fu_56           |  64|   0|   64|          0|
    |empty_fu_44              |  64|   0|   64|          0|
    |i_fu_60                  |   9|   0|    9|          0|
    +-------------------------+----+----+-----+-----------+
    |Total                    | 268|   0|  268|          0|
    +-------------------------+----+----+-----+-----------+



================================================================
== Interface
================================================================
* Summary: 
+---------------+-----+-----+------------+------------------------------+--------------+
|   RTL Ports   | Dir | Bits|  Protocol  |         Source Object        |    C Type    |
+---------------+-----+-----+------------+------------------------------+--------------+
|ap_clk         |   in|    1|  ap_ctrl_hs|  fit_Pipeline_VITIS_LOOP_28_1|  return value|
|ap_rst         |   in|    1|  ap_ctrl_hs|  fit_Pipeline_VITIS_LOOP_28_1|  return value|
|ap_start       |   in|    1|  ap_ctrl_hs|  fit_Pipeline_VITIS_LOOP_28_1|  return value|
|ap_done        |  out|    1|  ap_ctrl_hs|  fit_Pipeline_VITIS_LOOP_28_1|  return value|
|ap_idle        |  out|    1|  ap_ctrl_hs|  fit_Pipeline_VITIS_LOOP_28_1|  return value|
|ap_ready       |  out|    1|  ap_ctrl_hs|  fit_Pipeline_VITIS_LOOP_28_1|  return value|
|size           |   in|    9|     ap_none|                          size|        scalar|
|arrx_address0  |  out|   10|   ap_memory|                          arrx|         array|
|arrx_ce0       |  out|    1|   ap_memory|                          arrx|         array|
|arrx_q0        |   in|    7|   ap_memory|                          arrx|         array|
|arry_address0  |  out|   10|   ap_memory|                          arry|         array|
|arry_ce0       |  out|    1|   ap_memory|                          arry|         array|
|arry_q0        |   in|   12|   ap_memory|                          arry|         array|
|p_out          |  out|   64|      ap_vld|                         p_out|       pointer|
|p_out_ap_vld   |  out|    1|      ap_vld|                         p_out|       pointer|
|p_out1         |  out|   64|      ap_vld|                        p_out1|       pointer|
|p_out1_ap_vld  |  out|    1|      ap_vld|                        p_out1|       pointer|
|p_out2         |  out|   64|      ap_vld|                        p_out2|       pointer|
|p_out2_ap_vld  |  out|    1|      ap_vld|                        p_out2|       pointer|
|p_out3         |  out|   64|      ap_vld|                        p_out3|       pointer|
|p_out3_ap_vld  |  out|    1|      ap_vld|                        p_out3|       pointer|
+---------------+-----+-----+------------+------------------------------+--------------+

