

================================================================
== Vitis HLS Report for 'fit_Pipeline_VITIS_LOOP_148_1'
================================================================
* Date:           Thu Feb 27 15:25:44 2025

* Version:        2023.1 (Build 3854077 on May  4 2023)
* Project:        hls_fit
* Solution:       solution1 (Vitis Kernel Flow Target)
* Product family: virtexuplus
* Target device:  xcvu11p-flga2577-1-e


================================================================
== Performance Estimates
================================================================
+ Timing: 
    * Summary: 
    +--------+----------+----------+------------+
    |  Clock |  Target  | Estimated| Uncertainty|
    +--------+----------+----------+------------+
    |ap_clk  |  10.00 ns|  7.158 ns|     2.70 ns|
    +--------+----------+----------+------------+

+ Latency: 
    * Summary: 
    +---------+---------+----------+-----------+-----+------+---------+
    |  Latency (cycles) |  Latency (absolute)  |  Interval  | Pipeline|
    |   min   |   max   |    min   |    max    | min |  max |   Type  |
    +---------+---------+----------+-----------+-----+------+---------+
    |      309|     1353|  3.090 us|  13.530 us|  309|  1353|       no|
    +---------+---------+----------+-----------+-----+------+---------+

    + Detail: 
        * Instance: 
        N/A

        * Loop: 
        +--------------------+---------+---------+----------+-----------+-----------+----------+----------+
        |                    |  Latency (cycles) | Iteration|  Initiation Interval  |   Trip   |          |
        |      Loop Name     |   min   |   max   |  Latency |  achieved |   target  |   Count  | Pipelined|
        +--------------------+---------+---------+----------+-----------+-----------+----------+----------+
        |- VITIS_LOOP_148_1  |      307|     1351|        29|          3|          1|  94 ~ 442|       yes|
        +--------------------+---------+---------+----------+-----------+-----------+----------+----------+



================================================================
== Utilization Estimates
================================================================
* Summary: 
+---------------------+---------+------+---------+---------+-----+
|         Name        | BRAM_18K|  DSP |    FF   |   LUT   | URAM|
+---------------------+---------+------+---------+---------+-----+
|DSP                  |        -|     -|        -|        -|    -|
|Expression           |        -|     -|        0|       34|    -|
|FIFO                 |        -|     -|        -|        -|    -|
|Instance             |        -|     3|      430|      710|    -|
|Memory               |        -|     -|        -|        -|    -|
|Multiplexer          |        -|     -|        -|      338|    -|
|Register             |        -|     -|     1139|       96|    -|
+---------------------+---------+------+---------+---------+-----+
|Total                |        0|     3|     1569|     1178|    0|
+---------------------+---------+------+---------+---------+-----+
|Available SLR        |     1344|  3072|   864000|   432000|  320|
+---------------------+---------+------+---------+---------+-----+
|Utilization SLR (%)  |        0|    ~0|       ~0|       ~0|    0|
+---------------------+---------+------+---------+---------+-----+
|Available            |     4032|  9216|  2592000|  1296000|  960|
+---------------------+---------+------+---------+---------+-----+
|Utilization (%)      |        0|    ~0|       ~0|       ~0|    0|
+---------------------+---------+------+---------+---------+-----+

+ Detail: 
    * Instance: 
    +------------------------------------+--------------------------------+---------+----+-----+-----+-----+
    |              Instance              |             Module             | BRAM_18K| DSP|  FF | LUT | URAM|
    +------------------------------------+--------------------------------+---------+----+-----+-----+-----+
    |dadd_64ns_64ns_64_4_full_dsp_1_U36  |dadd_64ns_64ns_64_4_full_dsp_1  |        0|   3|  430|  710|    0|
    +------------------------------------+--------------------------------+---------+----+-----+-----+-----+
    |Total                               |                                |        0|   3|  430|  710|    0|
    +------------------------------------+--------------------------------+---------+----+-----+-----+-----+

    * DSP: 
    N/A

    * Memory: 
    N/A

    * FIFO: 
    N/A

    * Expression: 
    +----------------------+----------+----+---+----+------------+------------+
    |     Variable Name    | Operation| DSP| FF| LUT| Bitwidth P0| Bitwidth P1|
    +----------------------+----------+----+---+----+------------+------------+
    |add_ln148_fu_191_p2   |         +|   0|  0|  16|           9|           1|
    |icmp_ln148_fu_185_p2  |      icmp|   0|  0|  16|           9|           9|
    |ap_enable_pp0         |       xor|   0|  0|   2|           1|           2|
    +----------------------+----------+----+---+----+------------+------------+
    |Total                 |          |   0|  0|  34|          19|          12|
    +----------------------+----------+----+---+----+------------+------------+

    * Multiplexer: 
    +----------------------------------+----+-----------+-----+-----------+
    |               Name               | LUT| Input Size| Bits| Total Bits|
    +----------------------------------+----+-----------+-----+-----------+
    |Stt_fu_58                         |   9|          2|   64|        128|
    |ap_NS_fsm                         |  20|          4|    1|          4|
    |ap_done_int                       |   9|          2|    1|          2|
    |ap_enable_reg_pp0_iter0           |   9|          2|    1|          2|
    |ap_enable_reg_pp0_iter1           |   9|          2|    1|          2|
    |ap_enable_reg_pp0_iter9           |   9|          2|    1|          2|
    |ap_loop_exit_ready_pp0_iter1_reg  |   9|          2|    1|          2|
    |ap_loop_exit_ready_pp0_iter2_reg  |   9|          2|    1|          2|
    |ap_loop_exit_ready_pp0_iter3_reg  |   9|          2|    1|          2|
    |ap_loop_exit_ready_pp0_iter4_reg  |   9|          2|    1|          2|
    |ap_loop_exit_ready_pp0_iter5_reg  |   9|          2|    1|          2|
    |ap_loop_exit_ready_pp0_iter6_reg  |   9|          2|    1|          2|
    |ap_loop_exit_ready_pp0_iter7_reg  |   9|          2|    1|          2|
    |ap_loop_exit_ready_pp0_iter8_reg  |   9|          2|    1|          2|
    |ap_sig_allocacmp_Stt_load         |   9|          2|   64|        128|
    |ap_sig_allocacmp_i_3              |   9|          2|    9|         18|
    |ap_sig_allocacmp_term2_load       |   9|          2|   64|        128|
    |grp_fu_143_p0                     |  20|          4|   64|        256|
    |grp_fu_143_p1                     |  20|          4|   64|        256|
    |grp_fu_147_p0                     |  14|          3|   64|        192|
    |grp_fu_147_p1                     |  14|          3|   64|        192|
    |grp_fu_151_p0                     |  20|          4|   64|        256|
    |grp_fu_151_p1                     |  20|          4|   64|        256|
    |grp_fu_155_p0                     |  14|          3|   64|        192|
    |grp_fu_155_p1                     |  14|          3|   64|        192|
    |grp_fu_164_p0                     |  20|          4|   64|        256|
    |i_fu_62                           |   9|          2|    9|         18|
    |term2_fu_54                       |   9|          2|   64|        128|
    +----------------------------------+----+-----------+-----+-----------+
    |Total                             | 338|         72|  863|       2624|
    +----------------------------------+----+-----------+-----+-----------+

    * Register: 
    +----------------------------------+----+----+-----+-----------+
    |               Name               | FF | LUT| Bits| Const Bits|
    +----------------------------------+----+----+-----+-----------+
    |Stt_fu_58                         |  64|   0|   64|          0|
    |ap_CS_fsm                         |   3|   0|    3|          0|
    |ap_done_reg                       |   1|   0|    1|          0|
    |ap_enable_reg_pp0_iter0_reg       |   1|   0|    1|          0|
    |ap_enable_reg_pp0_iter1           |   1|   0|    1|          0|
    |ap_enable_reg_pp0_iter2           |   1|   0|    1|          0|
    |ap_enable_reg_pp0_iter3           |   1|   0|    1|          0|
    |ap_enable_reg_pp0_iter4           |   1|   0|    1|          0|
    |ap_enable_reg_pp0_iter5           |   1|   0|    1|          0|
    |ap_enable_reg_pp0_iter6           |   1|   0|    1|          0|
    |ap_enable_reg_pp0_iter7           |   1|   0|    1|          0|
    |ap_enable_reg_pp0_iter8           |   1|   0|    1|          0|
    |ap_enable_reg_pp0_iter9           |   1|   0|    1|          0|
    |ap_loop_exit_ready_pp0_iter1_reg  |   1|   0|    1|          0|
    |ap_loop_exit_ready_pp0_iter2_reg  |   1|   0|    1|          0|
    |ap_loop_exit_ready_pp0_iter3_reg  |   1|   0|    1|          0|
    |ap_loop_exit_ready_pp0_iter4_reg  |   1|   0|    1|          0|
    |ap_loop_exit_ready_pp0_iter5_reg  |   1|   0|    1|          0|
    |ap_loop_exit_ready_pp0_iter6_reg  |   1|   0|    1|          0|
    |ap_loop_exit_ready_pp0_iter7_reg  |   1|   0|    1|          0|
    |ap_loop_exit_ready_pp0_iter8_reg  |   1|   0|    1|          0|
    |arrx_load_reg_305                 |   7|   0|    7|          0|
    |arry_load_reg_310                 |  12|   0|   12|          0|
    |i_fu_62                           |   9|   0|    9|          0|
    |icmp_ln148_reg_286                |   1|   0|    1|          0|
    |mul14_i_reg_384                   |  64|   0|   64|          0|
    |mul16_i_reg_351                   |  64|   0|   64|          0|
    |overSig_reg_366                   |  64|   0|   64|          0|
    |sig_reg_325                       |  64|   0|   64|          0|
    |sub12_i_reg_346                   |  64|   0|   64|          0|
    |sub15_i_reg_356                   |  64|   0|   64|          0|
    |t_reg_372                         |  64|   0|   64|          0|
    |tempOverSigSquared_reg_394        |  64|   0|   64|          0|
    |tempOverSig_reg_378               |  64|   0|   64|          0|
    |temp_reg_361                      |  64|   0|   64|          0|
    |term2_fu_54                       |  64|   0|   64|          0|
    |x_reg_330                         |  64|   0|   64|          0|
    |y_reg_341                         |  64|   0|   64|          0|
    |icmp_ln148_reg_286                |  64|  32|    1|          0|
    |sub12_i_reg_346                   |  64|  32|   64|          0|
    |temp_reg_361                      |  64|  32|   64|          0|
    +----------------------------------+----+----+-----+-----------+
    |Total                             |1139|  96| 1076|          0|
    +----------------------------------+----+----+-----+-----------+



================================================================
== Interface
================================================================
* Summary: 
+---------------------+-----+-----+------------+-------------------------------+--------------+
|      RTL Ports      | Dir | Bits|  Protocol  |         Source Object         |    C Type    |
+---------------------+-----+-----+------------+-------------------------------+--------------+
|ap_clk               |   in|    1|  ap_ctrl_hs|  fit_Pipeline_VITIS_LOOP_148_1|  return value|
|ap_rst               |   in|    1|  ap_ctrl_hs|  fit_Pipeline_VITIS_LOOP_148_1|  return value|
|ap_start             |   in|    1|  ap_ctrl_hs|  fit_Pipeline_VITIS_LOOP_148_1|  return value|
|ap_done              |  out|    1|  ap_ctrl_hs|  fit_Pipeline_VITIS_LOOP_148_1|  return value|
|ap_idle              |  out|    1|  ap_ctrl_hs|  fit_Pipeline_VITIS_LOOP_148_1|  return value|
|ap_ready             |  out|    1|  ap_ctrl_hs|  fit_Pipeline_VITIS_LOOP_148_1|  return value|
|grp_fu_142_p_din0    |  out|   64|  ap_ctrl_hs|  fit_Pipeline_VITIS_LOOP_148_1|  return value|
|grp_fu_142_p_din1    |  out|   64|  ap_ctrl_hs|  fit_Pipeline_VITIS_LOOP_148_1|  return value|
|grp_fu_142_p_opcode  |  out|    1|  ap_ctrl_hs|  fit_Pipeline_VITIS_LOOP_148_1|  return value|
|grp_fu_142_p_dout0   |   in|   64|  ap_ctrl_hs|  fit_Pipeline_VITIS_LOOP_148_1|  return value|
|grp_fu_142_p_ce      |  out|    1|  ap_ctrl_hs|  fit_Pipeline_VITIS_LOOP_148_1|  return value|
|grp_fu_147_p_din0    |  out|   64|  ap_ctrl_hs|  fit_Pipeline_VITIS_LOOP_148_1|  return value|
|grp_fu_147_p_din1    |  out|   64|  ap_ctrl_hs|  fit_Pipeline_VITIS_LOOP_148_1|  return value|
|grp_fu_147_p_dout0   |   in|   64|  ap_ctrl_hs|  fit_Pipeline_VITIS_LOOP_148_1|  return value|
|grp_fu_147_p_ce      |  out|    1|  ap_ctrl_hs|  fit_Pipeline_VITIS_LOOP_148_1|  return value|
|grp_fu_151_p_din0    |  out|   64|  ap_ctrl_hs|  fit_Pipeline_VITIS_LOOP_148_1|  return value|
|grp_fu_151_p_din1    |  out|   64|  ap_ctrl_hs|  fit_Pipeline_VITIS_LOOP_148_1|  return value|
|grp_fu_151_p_dout0   |   in|   64|  ap_ctrl_hs|  fit_Pipeline_VITIS_LOOP_148_1|  return value|
|grp_fu_151_p_ce      |  out|    1|  ap_ctrl_hs|  fit_Pipeline_VITIS_LOOP_148_1|  return value|
|grp_fu_164_p_din0    |  out|   64|  ap_ctrl_hs|  fit_Pipeline_VITIS_LOOP_148_1|  return value|
|grp_fu_164_p_din1    |  out|   64|  ap_ctrl_hs|  fit_Pipeline_VITIS_LOOP_148_1|  return value|
|grp_fu_164_p_dout0   |   in|   64|  ap_ctrl_hs|  fit_Pipeline_VITIS_LOOP_148_1|  return value|
|grp_fu_164_p_ce      |  out|    1|  ap_ctrl_hs|  fit_Pipeline_VITIS_LOOP_148_1|  return value|
|grp_fu_521_p_din0    |  out|   64|  ap_ctrl_hs|  fit_Pipeline_VITIS_LOOP_148_1|  return value|
|grp_fu_521_p_dout0   |   in|   64|  ap_ctrl_hs|  fit_Pipeline_VITIS_LOOP_148_1|  return value|
|grp_fu_521_p_ce      |  out|    1|  ap_ctrl_hs|  fit_Pipeline_VITIS_LOOP_148_1|  return value|
|size                 |   in|    9|     ap_none|                           size|        scalar|
|arrx_address0        |  out|   10|   ap_memory|                           arrx|         array|
|arrx_ce0             |  out|    1|   ap_memory|                           arrx|         array|
|arrx_q0              |   in|    7|   ap_memory|                           arrx|         array|
|arry_address0        |  out|   10|   ap_memory|                           arry|         array|
|arry_ce0             |  out|    1|   ap_memory|                           arry|         array|
|arry_q0              |   in|   12|   ap_memory|                           arry|         array|
|arrsigs_address0     |  out|   10|   ap_memory|                        arrsigs|         array|
|arrsigs_ce0          |  out|    1|   ap_memory|                        arrsigs|         array|
|arrsigs_q0           |   in|    6|   ap_memory|                        arrsigs|         array|
|SxoS                 |   in|   64|     ap_none|                           SxoS|        scalar|
|tmp                  |   in|   64|     ap_none|                            tmp|        scalar|
|tmp_1                |   in|   64|     ap_none|                          tmp_1|        scalar|
|Stt_out              |  out|   64|      ap_vld|                        Stt_out|       pointer|
|Stt_out_ap_vld       |  out|    1|      ap_vld|                        Stt_out|       pointer|
|term2_out            |  out|   64|      ap_vld|                      term2_out|       pointer|
|term2_out_ap_vld     |  out|    1|      ap_vld|                      term2_out|       pointer|
+---------------------+-----+-----+------------+-------------------------------+--------------+

