

================================================================
== Vitis HLS Report for 'main'
================================================================
* Date:           Thu Feb 27 15:25:49 2025

* Version:        2023.1 (Build 3854077 on May  4 2023)
* Project:        hls_fit
* Solution:       solution1 (Vitis Kernel Flow Target)
* Product family: virtexuplus
* Target device:  xcvu11p-flga2577-1-e


================================================================
== Performance Estimates
================================================================
+ Timing: 
    * Summary: 
    +--------+----------+----------+------------+
    |  Clock |  Target  | Estimated| Uncertainty|
    +--------+----------+----------+------------+
    |ap_clk  |  10.00 ns|  7.535 ns|     2.70 ns|
    +--------+----------+----------+------------+

+ Latency: 
    * Summary: 
    +---------+---------+----------+----------+-------+-------+---------+
    |  Latency (cycles) |  Latency (absolute) |    Interval   | Pipeline|
    |   min   |   max   |    min   |    max   |  min  |  max  |   Type  |
    +---------+---------+----------+----------+-------+-------+---------+
    |    31217|    50009|  0.312 ms|  0.500 ms|  31218|  50010|       no|
    +---------+---------+----------+----------+-------+-------+---------+

    + Detail: 
        * Instance: 
        +------------------+-------+---------+---------+-----------+-----------+------+------+---------+
        |                  |       |  Latency (cycles) |   Latency (absolute)  |   Interval  | Pipeline|
        |     Instance     | Module|   min   |   max   |    min    |    max    |  min |  max |   Type  |
        +------------------+-------+---------+---------+-----------+-----------+------+------+---------+
        |grp_fit_fu_14454  |fit    |     5087|     8219|  50.870 us|  82.190 us|  5087|  8219|       no|
        +------------------+-------+---------+---------+-----------+-----------+------+------+---------+

        * Loop: 
        N/A



================================================================
== Utilization Estimates
================================================================
* Summary: 
+---------------------+---------+------+---------+---------+-----+
|         Name        | BRAM_18K|  DSP |    FF   |   LUT   | URAM|
+---------------------+---------+------+---------+---------+-----+
|DSP                  |        -|     -|        -|        -|    -|
|Expression           |        -|     -|        0|        2|    -|
|FIFO                 |        -|     -|        -|        -|    -|
|Instance             |        0|    79|     5712|     4863|    0|
|Memory               |        3|     -|        0|        0|    0|
|Multiplexer          |        -|     -|        -|    19957|    -|
|Register             |        -|     -|      701|        -|    -|
+---------------------+---------+------+---------+---------+-----+
|Total                |        3|    79|     6413|    24822|    0|
+---------------------+---------+------+---------+---------+-----+
|Available SLR        |     1344|  3072|   864000|   432000|  320|
+---------------------+---------+------+---------+---------+-----+
|Utilization SLR (%)  |       ~0|     2|       ~0|        5|    0|
+---------------------+---------+------+---------+---------+-----+
|Available            |     4032|  9216|  2592000|  1296000|  960|
+---------------------+---------+------+---------+---------+-----+
|Utilization (%)      |       ~0|    ~0|       ~0|        1|    0|
+---------------------+---------+------+---------+---------+-----+

+ Detail: 
    * Instance: 
    +------------------+---------------+---------+----+------+------+-----+
    |     Instance     |     Module    | BRAM_18K| DSP|  FF  |  LUT | URAM|
    +------------------+---------------+---------+----+------+------+-----+
    |control_s_axi_U   |control_s_axi  |        0|   0|    68|   104|    0|
    |grp_fit_fu_14454  |fit            |        0|  79|  5644|  4759|    0|
    |printint_U86      |printint       |        0|   0|     0|     0|    0|
    |printint_U87      |printint       |        0|   0|     0|     0|    0|
    |printint_U88      |printint       |        0|   0|     0|     0|    0|
    |printint_U89      |printint       |        0|   0|     0|     0|    0|
    |printint_U90      |printint       |        0|   0|     0|     0|    0|
    |printint_U91      |printint       |        0|   0|     0|     0|    0|
    |printint_U92      |printint       |        0|   0|     0|     0|    0|
    |printint_U93      |printint       |        0|   0|     0|     0|    0|
    |printint_U94      |printint       |        0|   0|     0|     0|    0|
    |printint_U95      |printint       |        0|   0|     0|     0|    0|
    |printint_U96      |printint       |        0|   0|     0|     0|    0|
    |printint_U97      |printint       |        0|   0|     0|     0|    0|
    +------------------+---------------+---------+----+------+------+-----+
    |Total             |               |        0|  79|  5712|  4863|    0|
    +------------------+---------------+---------+----+------+------+-----+

    * DSP: 
    N/A

    * Memory: 
    +---------+---------------------+---------+---+----+-----+------+-----+------+-------------+
    |  Memory |        Module       | BRAM_18K| FF| LUT| URAM| Words| Bits| Banks| W*Bits*Banks|
    +---------+---------------------+---------+---+----+-----+------+-----+------+-------------+
    |vla14_U  |vla14_RAM_AUTO_1R1W  |        1|  0|   0|    0|  1024|   12|     1|        12288|
    |vla25_U  |vla25_RAM_AUTO_1R1W  |        1|  0|   0|    0|  1024|    6|     1|         6144|
    |vla3_U   |vla3_RAM_AUTO_1R1W   |        1|  0|   0|    0|  1024|    7|     1|         7168|
    +---------+---------------------+---------+---+----+-----+------+-----+------+-------------+
    |Total    |                     |        3|  0|   0|    0|  3072|   25|     3|        25600|
    +---------+---------------------+---------+---+----+-----+------+-----+------+-------------+

    * FIFO: 
    N/A

    * Expression: 
    +-----------------+----------+----+---+----+------------+------------+
    |  Variable Name  | Operation| DSP| FF| LUT| Bitwidth P0| Bitwidth P1|
    +-----------------+----------+----+---+----+------------+------------+
    |ap_block_state1  |        or|   0|  0|   2|           1|           1|
    +-----------------+----------+----+---+----+------------+------------+
    |Total            |          |   0|  0|   2|           1|           1|
    +-----------------+----------+----+---+----+------------+------------+

    * Multiplexer: 
    +-----------------------+------+-----------+-----+-----------+
    |          Name         |  LUT | Input Size| Bits| Total Bits|
    +-----------------------+------+-----------+-----+-----------+
    |ap_NS_fsm              |  2693|        697|    1|        697|
    |ap_done                |     9|          2|    1|          2|
    |grp_fit_fu_14454_size  |    26|          5|    9|         45|
    |vla14_address0         |  1835|        347|   10|       3470|
    |vla14_address1         |  1829|        346|   10|       3460|
    |vla14_ce0              |    14|          3|    1|          3|
    |vla14_d0               |  2365|        449|   12|       5388|
    |vla14_d1               |  2422|        460|   12|       5520|
    |vla25_address0         |  1835|        347|   10|       3470|
    |vla25_address1         |  1829|        346|   10|       3460|
    |vla25_ce0              |    14|          3|    1|          3|
    |vla25_d0               |   201|         46|    6|        276|
    |vla25_d1               |   201|         46|    6|        276|
    |vla3_address0          |  1835|        347|   10|       3470|
    |vla3_address1          |  1829|        346|   10|       3460|
    |vla3_ce0               |    14|          3|    1|          3|
    |vla3_d0                |   503|        101|    7|        707|
    |vla3_d1                |   503|        101|    7|        707|
    +-----------------------+------+-----------+-----+-----------+
    |Total                  | 19957|       3995|  124|      34417|
    +-----------------------+------+-----------+-----+-----------+

    * Register: 
    +-------------------------------+-----+----+-----+-----------+
    |              Name             |  FF | LUT| Bits| Const Bits|
    +-------------------------------+-----+----+-----+-----------+
    |ap_CS_fsm                      |  696|   0|  696|          0|
    |ap_done_reg                    |    1|   0|    1|          0|
    |ap_rst_n_inv                   |    1|   0|    1|          0|
    |ap_rst_reg_1                   |    1|   0|    1|          0|
    |ap_rst_reg_2                   |    1|   0|    1|          0|
    |grp_fit_fu_14454_ap_start_reg  |    1|   0|    1|          0|
    +-------------------------------+-----+----+-----+-----------+
    |Total                          |  701|   0|  701|          0|
    +-------------------------------+-----+----+-----+-----------+



================================================================
== Interface
================================================================
* Summary: 
+-----------------------+-----+-----+---------------+--------------+--------------+
|       RTL Ports       | Dir | Bits|    Protocol   | Source Object|    C Type    |
+-----------------------+-----+-----+---------------+--------------+--------------+
|s_axi_control_AWVALID  |   in|    1|          s_axi|       control|  return value|
|s_axi_control_AWREADY  |  out|    1|          s_axi|       control|  return value|
|s_axi_control_AWADDR   |   in|    5|          s_axi|       control|  return value|
|s_axi_control_WVALID   |   in|    1|          s_axi|       control|  return value|
|s_axi_control_WREADY   |  out|    1|          s_axi|       control|  return value|
|s_axi_control_WDATA    |   in|   32|          s_axi|       control|  return value|
|s_axi_control_WSTRB    |   in|    4|          s_axi|       control|  return value|
|s_axi_control_ARVALID  |   in|    1|          s_axi|       control|  return value|
|s_axi_control_ARREADY  |  out|    1|          s_axi|       control|  return value|
|s_axi_control_ARADDR   |   in|    5|          s_axi|       control|  return value|
|s_axi_control_RVALID   |  out|    1|          s_axi|       control|  return value|
|s_axi_control_RREADY   |   in|    1|          s_axi|       control|  return value|
|s_axi_control_RDATA    |  out|   32|          s_axi|       control|  return value|
|s_axi_control_RRESP    |  out|    2|          s_axi|       control|  return value|
|s_axi_control_BVALID   |  out|    1|          s_axi|       control|  return value|
|s_axi_control_BREADY   |   in|    1|          s_axi|       control|  return value|
|s_axi_control_BRESP    |  out|    2|          s_axi|       control|  return value|
|ap_clk                 |   in|    1|  ap_ctrl_chain|          main|  return value|
|ap_rst_n               |   in|    1|  ap_ctrl_chain|          main|  return value|
|interrupt              |  out|    1|  ap_ctrl_chain|          main|  return value|
+-----------------------+-----+-----+---------------+--------------+--------------+

