

================================================================
== Vitis HLS Report for 'calc_distance_1'
================================================================
* Date:           Thu Feb 27 22:08:32 2025

* Version:        2023.1 (Build 3854077 on May  4 2023)
* Project:        hls_fit
* Solution:       solution2 (Vitis Kernel Flow Target)
* Product family: virtexuplus
* Target device:  xcvu11p-flga2577-1-e


================================================================
== Performance Estimates
================================================================
+ Timing: 
    * Summary: 
    +--------+----------+----------+------------+
    |  Clock |  Target  | Estimated| Uncertainty|
    +--------+----------+----------+------------+
    |ap_clk  |  10.00 ns|  7.300 ns|     2.70 ns|
    +--------+----------+----------+------------+

+ Latency: 
    * Summary: 
    +---------+---------+----------+----------+-----+-----+---------+
    |  Latency (cycles) |  Latency (absolute) |  Interval | Pipeline|
    |   min   |   max   |    min   |    max   | min | max |   Type  |
    +---------+---------+----------+----------+-----+-----+---------+
    |        ?|        ?|         ?|         ?|    ?|    ?|       no|
    +---------+---------+----------+----------+-----+-----+---------+

    + Detail: 
        * Instance: 
        N/A

        * Loop: 
        +--------------------+---------+---------+----------+-----------+-----------+------+----------+
        |                    |  Latency (cycles) | Iteration|  Initiation Interval  | Trip |          |
        |      Loop Name     |   min   |   max   |  Latency |  achieved |   target  | Count| Pipelined|
        +--------------------+---------+---------+----------+-----------+-----------+------+----------+
        |- VITIS_LOOP_210_1  |        ?|        ?|        92|          -|          -|     ?|        no|
        +--------------------+---------+---------+----------+-----------+-----------+------+----------+



================================================================
== Utilization Estimates
================================================================
* Summary: 
+---------------------+---------+------+---------+---------+-----+
|         Name        | BRAM_18K|  DSP |    FF   |   LUT   | URAM|
+---------------------+---------+------+---------+---------+-----+
|DSP                  |        -|     -|        -|        -|    -|
|Expression           |        -|     -|        0|      215|    -|
|FIFO                 |        -|     -|        -|        -|    -|
|Instance             |        -|     -|        -|        -|    -|
|Memory               |        -|     -|        -|        -|    -|
|Multiplexer          |        -|     -|        -|      608|    -|
|Register             |        -|     -|      820|        -|    -|
+---------------------+---------+------+---------+---------+-----+
|Total                |        0|     0|      820|      823|    0|
+---------------------+---------+------+---------+---------+-----+
|Available SLR        |     1344|  3072|   864000|   432000|  320|
+---------------------+---------+------+---------+---------+-----+
|Utilization SLR (%)  |        0|     0|       ~0|       ~0|    0|
+---------------------+---------+------+---------+---------+-----+
|Available            |     4032|  9216|  2592000|  1296000|  960|
+---------------------+---------+------+---------+---------+-----+
|Utilization (%)      |        0|     0|       ~0|       ~0|    0|
+---------------------+---------+------+---------+---------+-----+

+ Detail: 
    * Instance: 
    N/A

    * DSP: 
    N/A

    * Memory: 
    N/A

    * FIFO: 
    N/A

    * Expression: 
    +----------------------+----------+----+---+----+------------+------------+
    |     Variable Name    | Operation| DSP| FF| LUT| Bitwidth P0| Bitwidth P1|
    +----------------------+----------+----+---+----+------------+------------+
    |add_ln210_fu_203_p2   |         +|   0|  0|  38|          31|           1|
    |add_ln212_fu_209_p2   |         +|   0|  0|  69|          62|          62|
    |add_ln213_fu_214_p2   |         +|   0|  0|  69|          62|          62|
    |icmp_ln210_fu_198_p2  |      icmp|   0|  0|  39|          32|          32|
    +----------------------+----------+----+---+----+------------+------------+
    |Total                 |          |   0|  0| 215|         187|         157|
    +----------------------+----------+----+---+----+------------+------------+

    * Multiplexer: 
    +-------------------+-----+-----------+-----+-----------+
    |        Name       | LUT | Input Size| Bits| Total Bits|
    +-------------------+-----+-----------+-----+-----------+
    |ap_NS_fsm          |  468|         94|    1|         94|
    |f_fu_60            |    9|          2|   64|        128|
    |gmem_blk_n_AR      |    9|          2|    1|          2|
    |gmem_blk_n_R       |    9|          2|    1|          2|
    |grp_fu_122_opcode  |   14|          3|    2|          6|
    |grp_fu_122_p0      |   20|          4|   64|        256|
    |grp_fu_122_p1      |   14|          3|   64|        192|
    |grp_fu_126_p0      |   14|          3|   64|        192|
    |grp_fu_126_p1      |   14|          3|   64|        192|
    |grp_fu_130_p0      |   14|          3|   64|        192|
    |i_fu_64            |    9|          2|   31|         62|
    |m_axi_gmem_ARADDR  |   14|          3|   64|        192|
    +-------------------+-----+-----------+-----+-----------+
    |Total              |  608|        124|  484|       1510|
    +-------------------+-----+-----------+-----+-----------+

    * Register: 
    +--------------------------+----+----+-----+-----------+
    |           Name           | FF | LUT| Bits| Const Bits|
    +--------------------------+----+----+-----+-----------+
    |add_ln212_reg_291         |  62|   0|   62|          0|
    |add_ln213_reg_296         |  62|   0|   62|          0|
    |ap_CS_fsm                 |  93|   0|   93|          0|
    |f_fu_60                   |  64|   0|   64|          0|
    |gmem_addr_2_read_reg_318  |  64|   0|   64|          0|
    |gmem_addr_read_reg_313    |  64|   0|   64|          0|
    |i_fu_64                   |  31|   0|   31|          0|
    |reg_137                   |  64|   0|   64|          0|
    |reg_142                   |  64|   0|   64|          0|
    |sext_ln210_1_reg_283      |  62|   0|   62|          0|
    |sext_ln210_reg_278        |  62|   0|   62|          0|
    |x_reg_323                 |  64|   0|   64|          0|
    |y_reg_328                 |  64|   0|   64|          0|
    +--------------------------+----+----+-----+-----------+
    |Total                     | 820|   0|  820|          0|
    +--------------------------+----+----+-----+-----------+



================================================================
== Interface
================================================================
* Summary: 
+---------------------+-----+-----+------------+-----------------+--------------+
|      RTL Ports      | Dir | Bits|  Protocol  |  Source Object  |    C Type    |
+---------------------+-----+-----+------------+-----------------+--------------+
|ap_clk               |   in|    1|  ap_ctrl_hs|  calc_distance.1|  return value|
|ap_rst               |   in|    1|  ap_ctrl_hs|  calc_distance.1|  return value|
|ap_start             |   in|    1|  ap_ctrl_hs|  calc_distance.1|  return value|
|ap_done              |  out|    1|  ap_ctrl_hs|  calc_distance.1|  return value|
|ap_idle              |  out|    1|  ap_ctrl_hs|  calc_distance.1|  return value|
|ap_ready             |  out|    1|  ap_ctrl_hs|  calc_distance.1|  return value|
|ap_return            |  out|   64|  ap_ctrl_hs|  calc_distance.1|  return value|
|grp_fu_356_p_din0    |  out|   64|  ap_ctrl_hs|  calc_distance.1|  return value|
|grp_fu_356_p_din1    |  out|   64|  ap_ctrl_hs|  calc_distance.1|  return value|
|grp_fu_356_p_opcode  |  out|    2|  ap_ctrl_hs|  calc_distance.1|  return value|
|grp_fu_356_p_dout0   |   in|   64|  ap_ctrl_hs|  calc_distance.1|  return value|
|grp_fu_356_p_ce      |  out|    1|  ap_ctrl_hs|  calc_distance.1|  return value|
|grp_fu_360_p_din0    |  out|   64|  ap_ctrl_hs|  calc_distance.1|  return value|
|grp_fu_360_p_din1    |  out|   64|  ap_ctrl_hs|  calc_distance.1|  return value|
|grp_fu_360_p_dout0   |   in|   64|  ap_ctrl_hs|  calc_distance.1|  return value|
|grp_fu_360_p_ce      |  out|    1|  ap_ctrl_hs|  calc_distance.1|  return value|
|grp_fu_137_p_din0    |  out|   64|  ap_ctrl_hs|  calc_distance.1|  return value|
|grp_fu_137_p_dout0   |   in|   64|  ap_ctrl_hs|  calc_distance.1|  return value|
|grp_fu_137_p_ce      |  out|    1|  ap_ctrl_hs|  calc_distance.1|  return value|
|a                    |   in|   64|     ap_none|                a|        scalar|
|b                    |   in|   64|     ap_none|                b|        scalar|
|m_axi_gmem_AWVALID   |  out|    1|       m_axi|             gmem|       pointer|
|m_axi_gmem_AWREADY   |   in|    1|       m_axi|             gmem|       pointer|
|m_axi_gmem_AWADDR    |  out|   64|       m_axi|             gmem|       pointer|
|m_axi_gmem_AWID      |  out|    1|       m_axi|             gmem|       pointer|
|m_axi_gmem_AWLEN     |  out|   32|       m_axi|             gmem|       pointer|
|m_axi_gmem_AWSIZE    |  out|    3|       m_axi|             gmem|       pointer|
|m_axi_gmem_AWBURST   |  out|    2|       m_axi|             gmem|       pointer|
|m_axi_gmem_AWLOCK    |  out|    2|       m_axi|             gmem|       pointer|
|m_axi_gmem_AWCACHE   |  out|    4|       m_axi|             gmem|       pointer|
|m_axi_gmem_AWPROT    |  out|    3|       m_axi|             gmem|       pointer|
|m_axi_gmem_AWQOS     |  out|    4|       m_axi|             gmem|       pointer|
|m_axi_gmem_AWREGION  |  out|    4|       m_axi|             gmem|       pointer|
|m_axi_gmem_AWUSER    |  out|    1|       m_axi|             gmem|       pointer|
|m_axi_gmem_WVALID    |  out|    1|       m_axi|             gmem|       pointer|
|m_axi_gmem_WREADY    |   in|    1|       m_axi|             gmem|       pointer|
|m_axi_gmem_WDATA     |  out|   64|       m_axi|             gmem|       pointer|
|m_axi_gmem_WSTRB     |  out|    8|       m_axi|             gmem|       pointer|
|m_axi_gmem_WLAST     |  out|    1|       m_axi|             gmem|       pointer|
|m_axi_gmem_WID       |  out|    1|       m_axi|             gmem|       pointer|
|m_axi_gmem_WUSER     |  out|    1|       m_axi|             gmem|       pointer|
|m_axi_gmem_ARVALID   |  out|    1|       m_axi|             gmem|       pointer|
|m_axi_gmem_ARREADY   |   in|    1|       m_axi|             gmem|       pointer|
|m_axi_gmem_ARADDR    |  out|   64|       m_axi|             gmem|       pointer|
|m_axi_gmem_ARID      |  out|    1|       m_axi|             gmem|       pointer|
|m_axi_gmem_ARLEN     |  out|   32|       m_axi|             gmem|       pointer|
|m_axi_gmem_ARSIZE    |  out|    3|       m_axi|             gmem|       pointer|
|m_axi_gmem_ARBURST   |  out|    2|       m_axi|             gmem|       pointer|
|m_axi_gmem_ARLOCK    |  out|    2|       m_axi|             gmem|       pointer|
|m_axi_gmem_ARCACHE   |  out|    4|       m_axi|             gmem|       pointer|
|m_axi_gmem_ARPROT    |  out|    3|       m_axi|             gmem|       pointer|
|m_axi_gmem_ARQOS     |  out|    4|       m_axi|             gmem|       pointer|
|m_axi_gmem_ARREGION  |  out|    4|       m_axi|             gmem|       pointer|
|m_axi_gmem_ARUSER    |  out|    1|       m_axi|             gmem|       pointer|
|m_axi_gmem_RVALID    |   in|    1|       m_axi|             gmem|       pointer|
|m_axi_gmem_RREADY    |  out|    1|       m_axi|             gmem|       pointer|
|m_axi_gmem_RDATA     |   in|   64|       m_axi|             gmem|       pointer|
|m_axi_gmem_RLAST     |   in|    1|       m_axi|             gmem|       pointer|
|m_axi_gmem_RID       |   in|    1|       m_axi|             gmem|       pointer|
|m_axi_gmem_RFIFONUM  |   in|    9|       m_axi|             gmem|       pointer|
|m_axi_gmem_RUSER     |   in|    1|       m_axi|             gmem|       pointer|
|m_axi_gmem_RRESP     |   in|    2|       m_axi|             gmem|       pointer|
|m_axi_gmem_BVALID    |   in|    1|       m_axi|             gmem|       pointer|
|m_axi_gmem_BREADY    |  out|    1|       m_axi|             gmem|       pointer|
|m_axi_gmem_BRESP     |   in|    2|       m_axi|             gmem|       pointer|
|m_axi_gmem_BID       |   in|    1|       m_axi|             gmem|       pointer|
|m_axi_gmem_BUSER     |   in|    1|       m_axi|             gmem|       pointer|
|arrx                 |   in|   64|     ap_none|             arrx|        scalar|
|arry                 |   in|   64|     ap_none|             arry|        scalar|
|size                 |   in|   32|     ap_none|             size|        scalar|
+---------------------+-----+-----+------------+-----------------+--------------+

