

================================================================
== Vitis HLS Report for 'fit'
================================================================
* Date:           Thu Feb 27 22:08:33 2025

* Version:        2023.1 (Build 3854077 on May  4 2023)
* Project:        hls_fit
* Solution:       solution2 (Vitis Kernel Flow Target)
* Product family: virtexuplus
* Target device:  xcvu11p-flga2577-1-e


================================================================
== Performance Estimates
================================================================
+ Timing: 
    * Summary: 
    +--------+----------+----------+------------+
    |  Clock |  Target  | Estimated| Uncertainty|
    +--------+----------+----------+------------+
    |ap_clk  |  10.00 ns|  7.300 ns|     2.70 ns|
    +--------+----------+----------+------------+

+ Latency: 
    * Summary: 
    +---------+---------+----------+----------+-----+-----+---------+
    |  Latency (cycles) |  Latency (absolute) |  Interval | Pipeline|
    |   min   |   max   |    min   |    max   | min | max |   Type  |
    +---------+---------+----------+----------+-----+-----+---------+
    |        ?|        ?|         ?|         ?|    ?|    ?|       no|
    +---------+---------+----------+----------+-----+-----+---------+

    + Detail: 
        * Instance: 
        +-------------------------------+--------------------+---------+---------+-----------+----------+-----+-----+---------+
        |                               |                    |  Latency (cycles) |  Latency (absolute)  |  Interval | Pipeline|
        |            Instance           |       Module       |   min   |   max   |    min    |    max   | min | max |   Type  |
        +-------------------------------+--------------------+---------+---------+-----------+----------+-----+-----+---------+
        |grp_add_nums_1_fu_92           |add_nums_1          |        1|        ?|  10.000 ns|         ?|    1|    ?|       no|
        |grp_calc_distance_1_fu_104     |calc_distance_1     |        ?|        ?|          ?|         ?|    ?|    ?|       no|
        |grp_calc_chi_squared_1_fu_115  |calc_chi_squared_1  |        ?|        ?|          ?|         ?|    ?|    ?|       no|
        +-------------------------------+--------------------+---------+---------+-----------+----------+-----+-----+---------+

        * Loop: 
        N/A



================================================================
== Utilization Estimates
================================================================
* Summary: 
+---------------------+---------+------+---------+---------+-----+
|         Name        | BRAM_18K|  DSP |    FF   |   LUT   | URAM|
+---------------------+---------+------+---------+---------+-----+
|DSP                  |        -|     -|        -|        -|    -|
|Expression           |        -|     -|        0|      215|    -|
|FIFO                 |        -|     -|        -|        -|    -|
|Instance             |        8|    86|     7941|     8406|    0|
|Memory               |        -|     -|        -|        -|    -|
|Multiplexer          |        -|     -|        -|      399|    -|
|Register             |        -|     -|      731|        -|    -|
+---------------------+---------+------+---------+---------+-----+
|Total                |        8|    86|     8672|     9020|    0|
+---------------------+---------+------+---------+---------+-----+
|Available SLR        |     1344|  3072|   864000|   432000|  320|
+---------------------+---------+------+---------+---------+-----+
|Utilization SLR (%)  |       ~0|     2|        1|        2|    0|
+---------------------+---------+------+---------+---------+-----+
|Available            |     4032|  9216|  2592000|  1296000|  960|
+---------------------+---------+------+---------+---------+-----+
|Utilization (%)      |       ~0|    ~0|       ~0|       ~0|    0|
+---------------------+---------+------+---------+---------+-----+

+ Detail: 
    * Instance: 
    +----------------------------------------+------------------------------------+---------+----+------+------+-----+
    |                Instance                |               Module               | BRAM_18K| DSP|  FF  |  LUT | URAM|
    +----------------------------------------+------------------------------------+---------+----+------+------+-----+
    |grp_add_nums_1_fu_92                    |add_nums_1                          |        0|  10|  1348|  1115|    0|
    |grp_calc_chi_squared_1_fu_115           |calc_chi_squared_1                  |        0|  11|  3900|  4013|    0|
    |grp_calc_distance_1_fu_104              |calc_distance_1                     |        0|   0|   820|   823|    0|
    |control_s_axi_U                         |control_s_axi                       |        0|   0|   284|   488|    0|
    |dadddsub_64ns_64ns_64_4_full_dsp_1_U66  |dadddsub_64ns_64ns_64_4_full_dsp_1  |        0|   3|   430|   710|    0|
    |ddiv_64ns_64ns_64_13_no_dsp_1_U51       |ddiv_64ns_64ns_64_13_no_dsp_1       |        0|   0|     0|     0|    0|
    |ddiv_64ns_64ns_64_13_no_dsp_1_U52       |ddiv_64ns_64ns_64_13_no_dsp_1       |        0|   0|     0|     0|    0|
    |dmul_64ns_64ns_64_4_max_dsp_1_U67       |dmul_64ns_64ns_64_4_max_dsp_1       |        0|   8|   275|   107|    0|
    |gmem_m_axi_U                            |gmem_m_axi                          |        8|   0|   884|   880|    0|
    |mul_64s_32s_64_1_1_U56                  |mul_64s_32s_64_1_1                  |        0|   7|     0|    45|    0|
    |mul_64s_32s_64_1_1_U57                  |mul_64s_32s_64_1_1                  |        0|   7|     0|    45|    0|
    |mul_64s_64s_64_1_1_U58                  |mul_64s_64s_64_1_1                  |        0|  10|     0|    45|    0|
    |mul_64s_64s_64_1_1_U59                  |mul_64s_64s_64_1_1                  |        0|  10|     0|    45|    0|
    |mul_64s_64s_64_1_1_U60                  |mul_64s_64s_64_1_1                  |        0|  10|     0|    45|    0|
    |mul_64s_64s_64_1_1_U61                  |mul_64s_64s_64_1_1                  |        0|  10|     0|    45|    0|
    |printdouble_U62                         |printdouble                         |        0|   0|     0|     0|    0|
    |printdouble_U63                         |printdouble                         |        0|   0|     0|     0|    0|
    |printdouble_U64                         |printdouble                         |        0|   0|     0|     0|    0|
    |printdouble_U65                         |printdouble                         |        0|   0|     0|     0|    0|
    |sitodp_64ns_64_2_no_dsp_1_U53           |sitodp_64ns_64_2_no_dsp_1           |        0|   0|     0|     0|    0|
    |sitodp_64ns_64_2_no_dsp_1_U54           |sitodp_64ns_64_2_no_dsp_1           |        0|   0|     0|     0|    0|
    |sitodp_64ns_64_2_no_dsp_1_U55           |sitodp_64ns_64_2_no_dsp_1           |        0|   0|     0|     0|    0|
    +----------------------------------------+------------------------------------+---------+----+------+------+-----+
    |Total                                   |                                    |        8|  86|  7941|  8406|    0|
    +----------------------------------------+------------------------------------+---------+----+------+------+-----+

    * DSP: 
    N/A

    * Memory: 
    N/A

    * FIFO: 
    N/A

    * Expression: 
    +-----------------+----------+----+---+----+------------+------------+
    |  Variable Name  | Operation| DSP| FF| LUT| Bitwidth P0| Bitwidth P1|
    +-----------------+----------+----+---+----+------------+------------+
    |a1_fu_201_p2     |         -|   0|  0|  71|          64|          64|
    |grp_fu_140_p0    |         -|   0|  0|  71|          64|          64|
    |grp_fu_143_p0    |         -|   0|  0|  71|          64|          64|
    |ap_block_state1  |        or|   0|  0|   2|           1|           1|
    +-----------------+----------+----+---+----+------------+------------+
    |Total            |          |   0|  0| 215|         193|         193|
    +-----------------+----------+----+---+----+------------+------------+

    * Multiplexer: 
    +-------------------+-----+-----------+-----+-----------+
    |        Name       | LUT | Input Size| Bits| Total Bits|
    +-------------------+-----+-----------+-----+-----------+
    |ap_NS_fsm          |  104|         21|    1|         21|
    |ap_done            |    9|          2|    1|          2|
    |gmem_ARADDR        |   20|          4|   64|        256|
    |gmem_ARLEN         |   20|          4|   32|        128|
    |gmem_ARVALID       |   20|          4|    1|          4|
    |gmem_RREADY        |   20|          4|    1|          4|
    |grp_fu_127_ce      |    9|          2|    1|          2|
    |grp_fu_127_p0      |   14|          3|   64|        192|
    |grp_fu_127_p1      |   14|          3|   64|        192|
    |grp_fu_132_ce      |    9|          2|    1|          2|
    |grp_fu_132_p0      |   14|          3|   64|        192|
    |grp_fu_132_p1      |   14|          3|   64|        192|
    |grp_fu_137_ce      |   14|          3|    1|          3|
    |grp_fu_137_p0      |   20|          4|   64|        256|
    |grp_fu_356_ce      |   14|          3|    1|          3|
    |grp_fu_356_opcode  |   14|          3|    2|          6|
    |grp_fu_356_p0      |   14|          3|   64|        192|
    |grp_fu_356_p1      |   14|          3|   64|        192|
    |grp_fu_360_ce      |   14|          3|    1|          3|
    |grp_fu_360_p0      |   14|          3|   64|        192|
    |grp_fu_360_p1      |   14|          3|   64|        192|
    +-------------------+-----+-----------+-----+-----------+
    |Total              |  399|         83|  683|       2226|
    +-------------------+-----+-----------+-----+-----------+

    * Register: 
    +--------------------------------------------+----+----+-----+-----------+
    |                    Name                    | FF | LUT| Bits| Const Bits|
    +--------------------------------------------+----+----+-----+-----------+
    |a_reg_337                                   |  64|   0|   64|          0|
    |ap_CS_fsm                                   |  20|   0|   20|          0|
    |ap_done_reg                                 |   1|   0|    1|          0|
    |ap_rst_n_inv                                |   1|   0|    1|          0|
    |ap_rst_reg_1                                |   1|   0|    1|          0|
    |ap_rst_reg_2                                |   1|   0|    1|          0|
    |b_reg_344                                   |  64|   0|   64|          0|
    |conv5_reg_321                               |  64|   0|   64|          0|
    |conv6_reg_326                               |  64|   0|   64|          0|
    |conv_reg_332                                |  64|   0|   64|          0|
    |grp_add_nums_1_fu_92_ap_start_reg           |   1|   0|    1|          0|
    |grp_calc_chi_squared_1_fu_115_ap_start_reg  |   1|   0|    1|          0|
    |grp_calc_distance_1_fu_104_ap_start_reg     |   1|   0|    1|          0|
    |mul_ln264_1_reg_286                         |  64|   0|   64|          0|
    |mul_ln264_reg_281                           |  64|   0|   64|          0|
    |mul_ln265_reg_291                           |  64|   0|   64|          0|
    |mul_ln269_1_reg_301                         |  64|   0|   64|          0|
    |mul_ln269_reg_296                           |  64|   0|   64|          0|
    |sx2_reg_276                                 |  64|   0|   64|          0|
    +--------------------------------------------+----+----+-----+-----------+
    |Total                                       | 731|   0|  731|          0|
    +--------------------------------------------+----+----+-----+-----------+



================================================================
== Interface
================================================================
* Summary: 
+-----------------------+-----+-----+---------------+--------------+--------------+
|       RTL Ports       | Dir | Bits|    Protocol   | Source Object|    C Type    |
+-----------------------+-----+-----+---------------+--------------+--------------+
|s_axi_control_AWVALID  |   in|    1|          s_axi|       control|        scalar|
|s_axi_control_AWREADY  |  out|    1|          s_axi|       control|        scalar|
|s_axi_control_AWADDR   |   in|    6|          s_axi|       control|        scalar|
|s_axi_control_WVALID   |   in|    1|          s_axi|       control|        scalar|
|s_axi_control_WREADY   |  out|    1|          s_axi|       control|        scalar|
|s_axi_control_WDATA    |   in|   32|          s_axi|       control|        scalar|
|s_axi_control_WSTRB    |   in|    4|          s_axi|       control|        scalar|
|s_axi_control_ARVALID  |   in|    1|          s_axi|       control|        scalar|
|s_axi_control_ARREADY  |  out|    1|          s_axi|       control|        scalar|
|s_axi_control_ARADDR   |   in|    6|          s_axi|       control|        scalar|
|s_axi_control_RVALID   |  out|    1|          s_axi|       control|        scalar|
|s_axi_control_RREADY   |   in|    1|          s_axi|       control|        scalar|
|s_axi_control_RDATA    |  out|   32|          s_axi|       control|        scalar|
|s_axi_control_RRESP    |  out|    2|          s_axi|       control|        scalar|
|s_axi_control_BVALID   |  out|    1|          s_axi|       control|        scalar|
|s_axi_control_BREADY   |   in|    1|          s_axi|       control|        scalar|
|s_axi_control_BRESP    |  out|    2|          s_axi|       control|        scalar|
|ap_clk                 |   in|    1|  ap_ctrl_chain|           fit|  return value|
|ap_rst_n               |   in|    1|  ap_ctrl_chain|           fit|  return value|
|interrupt              |  out|    1|  ap_ctrl_chain|           fit|  return value|
|m_axi_gmem_AWVALID     |  out|    1|          m_axi|          gmem|       pointer|
|m_axi_gmem_AWREADY     |   in|    1|          m_axi|          gmem|       pointer|
|m_axi_gmem_AWADDR      |  out|   64|          m_axi|          gmem|       pointer|
|m_axi_gmem_AWID        |  out|    1|          m_axi|          gmem|       pointer|
|m_axi_gmem_AWLEN       |  out|    8|          m_axi|          gmem|       pointer|
|m_axi_gmem_AWSIZE      |  out|    3|          m_axi|          gmem|       pointer|
|m_axi_gmem_AWBURST     |  out|    2|          m_axi|          gmem|       pointer|
|m_axi_gmem_AWLOCK      |  out|    2|          m_axi|          gmem|       pointer|
|m_axi_gmem_AWCACHE     |  out|    4|          m_axi|          gmem|       pointer|
|m_axi_gmem_AWPROT      |  out|    3|          m_axi|          gmem|       pointer|
|m_axi_gmem_AWQOS       |  out|    4|          m_axi|          gmem|       pointer|
|m_axi_gmem_AWREGION    |  out|    4|          m_axi|          gmem|       pointer|
|m_axi_gmem_AWUSER      |  out|    1|          m_axi|          gmem|       pointer|
|m_axi_gmem_WVALID      |  out|    1|          m_axi|          gmem|       pointer|
|m_axi_gmem_WREADY      |   in|    1|          m_axi|          gmem|       pointer|
|m_axi_gmem_WDATA       |  out|   64|          m_axi|          gmem|       pointer|
|m_axi_gmem_WSTRB       |  out|    8|          m_axi|          gmem|       pointer|
|m_axi_gmem_WLAST       |  out|    1|          m_axi|          gmem|       pointer|
|m_axi_gmem_WID         |  out|    1|          m_axi|          gmem|       pointer|
|m_axi_gmem_WUSER       |  out|    1|          m_axi|          gmem|       pointer|
|m_axi_gmem_ARVALID     |  out|    1|          m_axi|          gmem|       pointer|
|m_axi_gmem_ARREADY     |   in|    1|          m_axi|          gmem|       pointer|
|m_axi_gmem_ARADDR      |  out|   64|          m_axi|          gmem|       pointer|
|m_axi_gmem_ARID        |  out|    1|          m_axi|          gmem|       pointer|
|m_axi_gmem_ARLEN       |  out|    8|          m_axi|          gmem|       pointer|
|m_axi_gmem_ARSIZE      |  out|    3|          m_axi|          gmem|       pointer|
|m_axi_gmem_ARBURST     |  out|    2|          m_axi|          gmem|       pointer|
|m_axi_gmem_ARLOCK      |  out|    2|          m_axi|          gmem|       pointer|
|m_axi_gmem_ARCACHE     |  out|    4|          m_axi|          gmem|       pointer|
|m_axi_gmem_ARPROT      |  out|    3|          m_axi|          gmem|       pointer|
|m_axi_gmem_ARQOS       |  out|    4|          m_axi|          gmem|       pointer|
|m_axi_gmem_ARREGION    |  out|    4|          m_axi|          gmem|       pointer|
|m_axi_gmem_ARUSER      |  out|    1|          m_axi|          gmem|       pointer|
|m_axi_gmem_RVALID      |   in|    1|          m_axi|          gmem|       pointer|
|m_axi_gmem_RREADY      |  out|    1|          m_axi|          gmem|       pointer|
|m_axi_gmem_RDATA       |   in|   64|          m_axi|          gmem|       pointer|
|m_axi_gmem_RLAST       |   in|    1|          m_axi|          gmem|       pointer|
|m_axi_gmem_RID         |   in|    1|          m_axi|          gmem|       pointer|
|m_axi_gmem_RUSER       |   in|    1|          m_axi|          gmem|       pointer|
|m_axi_gmem_RRESP       |   in|    2|          m_axi|          gmem|       pointer|
|m_axi_gmem_BVALID      |   in|    1|          m_axi|          gmem|       pointer|
|m_axi_gmem_BREADY      |  out|    1|          m_axi|          gmem|       pointer|
|m_axi_gmem_BRESP       |   in|    2|          m_axi|          gmem|       pointer|
|m_axi_gmem_BID         |   in|    1|          m_axi|          gmem|       pointer|
|m_axi_gmem_BUSER       |   in|    1|          m_axi|          gmem|       pointer|
+-----------------------+-----+-----+---------------+--------------+--------------+

