

================================================================
== Vitis HLS Report for 'add_nums_1'
================================================================
* Date:           Thu Feb 27 22:08:23 2025

* Version:        2023.1 (Build 3854077 on May  4 2023)
* Project:        hls_fit
* Solution:       solution2 (Vitis Kernel Flow Target)
* Product family: virtexuplus
* Target device:  xcvu11p-flga2577-1-e


================================================================
== Performance Estimates
================================================================
+ Timing: 
    * Summary: 
    +--------+----------+----------+------------+
    |  Clock |  Target  | Estimated| Uncertainty|
    +--------+----------+----------+------------+
    |ap_clk  |  10.00 ns|  7.300 ns|     2.70 ns|
    +--------+----------+----------+------------+

+ Latency: 
    * Summary: 
    +---------+---------+-----------+----------+-----+-----+---------+
    |  Latency (cycles) |  Latency (absolute)  |  Interval | Pipeline|
    |   min   |   max   |    min    |    max   | min | max |   Type  |
    +---------+---------+-----------+----------+-----+-----+---------+
    |        1|        ?|  10.000 ns|         ?|    1|    ?|       no|
    +---------+---------+-----------+----------+-----+-----+---------+

    + Detail: 
        * Instance: 
        N/A

        * Loop: 
        +-------------------+---------+---------+----------+-----------+-----------+-------+----------+
        |                   |  Latency (cycles) | Iteration|  Initiation Interval  |  Trip |          |
        |     Loop Name     |   min   |   max   |  Latency |  achieved |   target  | Count | Pipelined|
        +-------------------+---------+---------+----------+-----------+-----------+-------+----------+
        |- VITIS_LOOP_28_1  |       76|        ?|        76|          -|          -|  1 ~ ?|        no|
        +-------------------+---------+---------+----------+-----------+-----------+-------+----------+

============================================================
+ Verbose Summary: Synthesis Manager
============================================================
InlineROM: 1
ExposeGlobal: 0
============================================================
+ Verbose Summary: CDFG Model
============================================================
IsTopModel: 0
ResetActiveHigh: 1
IsCombinational: 0
IsDatapathOnly: 0
HasWiredReturn: 1
HasMFsm: 0
HasVarLatency: 1
IsPipeline: 0
IsRtlPipelined: 0
IsInstanceOverlapped: 0
IsDontTouch: 0
HasImplIP: 0
IsGatedGlobalClock: 0


============================================================
+ Verbose Summary: Schedule
============================================================
* Number of FSM states : 78
* Pipeline : 0
* Dataflow Pipeline: 0

* FSM state transitions: 
1 --> 78 2 
2 --> 3 78 
3 --> 4 
4 --> 5 
5 --> 6 
6 --> 7 
7 --> 8 
8 --> 9 
9 --> 10 
10 --> 11 
11 --> 12 
12 --> 13 
13 --> 14 
14 --> 15 
15 --> 16 
16 --> 17 
17 --> 18 
18 --> 19 
19 --> 20 
20 --> 21 
21 --> 22 
22 --> 23 
23 --> 24 
24 --> 25 
25 --> 26 
26 --> 27 
27 --> 28 
28 --> 29 
29 --> 30 
30 --> 31 
31 --> 32 
32 --> 33 
33 --> 34 
34 --> 35 
35 --> 36 
36 --> 37 
37 --> 38 
38 --> 39 
39 --> 40 
40 --> 41 
41 --> 42 
42 --> 43 
43 --> 44 
44 --> 45 
45 --> 46 
46 --> 47 
47 --> 48 
48 --> 49 
49 --> 50 
50 --> 51 
51 --> 52 
52 --> 53 
53 --> 54 
54 --> 55 
55 --> 56 
56 --> 57 
57 --> 58 
58 --> 59 
59 --> 60 
60 --> 61 
61 --> 62 
62 --> 63 
63 --> 64 
64 --> 65 
65 --> 66 
66 --> 67 
67 --> 68 
68 --> 69 
69 --> 70 
70 --> 71 
71 --> 72 
72 --> 73 
73 --> 74 
74 --> 75 
75 --> 76 
76 --> 77 
77 --> 2 
78 --> 

* FSM state operations: 

State 1 <SV = 0> <Delay = 1.60>
ST_1 : Operation 79 [1/1] (0.00ns)   --->   "%specinterface_ln0 = specinterface void @_ssdm_op_SpecInterface, i64 %gmem, void @empty_3, i32 0, i32 0, void @empty_4, i32 64, i32 0, void @empty_5, void @empty_6, void @empty_4, i32 16, i32 16, i32 16, i32 16, void @empty_4, void @empty_4, i32 4294967295, i32 0"   --->   Operation 79 'specinterface' 'specinterface_ln0' <Predicate = true> <Delay = 0.00>
ST_1 : Operation 80 [1/1] (0.00ns)   --->   "%specpipeline_ln27 = specpipeline void @_ssdm_op_SpecPipeline, i32 1, i32 0, i32 0, i32 0, void @empty_4" [main.cpp:27]   --->   Operation 80 'specpipeline' 'specpipeline_ln27' <Predicate = true> <Delay = 0.00>
ST_1 : Operation 81 [1/1] (0.00ns)   --->   "%size_read = read i32 @_ssdm_op_Read.ap_auto.i32, i32 %size" [main.cpp:20]   --->   Operation 81 'read' 'size_read' <Predicate = true> <Delay = 0.00>
ST_1 : Operation 82 [1/1] (0.00ns)   --->   "%arry_read = read i64 @_ssdm_op_Read.ap_auto.i64, i64 %arry" [main.cpp:20]   --->   Operation 82 'read' 'arry_read' <Predicate = true> <Delay = 0.00>
ST_1 : Operation 83 [1/1] (0.00ns)   --->   "%arrx_read = read i64 @_ssdm_op_Read.ap_auto.i64, i64 %arrx" [main.cpp:20]   --->   Operation 83 'read' 'arrx_read' <Predicate = true> <Delay = 0.00>
ST_1 : Operation 84 [1/1] (1.14ns)   --->   "%icmp_ln28 = icmp_sgt  i32 %size_read, i32 0" [main.cpp:28]   --->   Operation 84 'icmp' 'icmp_ln28' <Predicate = true> <Delay = 1.14> <CoreInst = "Cmp">   --->   Core 9 'Cmp' <Latency = 0> <II = 1> <Delay = 1.14> <FuncUnit> <Opcode : 'icmp'> <InPorts = 2> <OutPorts = 1>
ST_1 : Operation 85 [1/1] (0.46ns)   --->   "%br_ln28 = br i1 %icmp_ln28, void %for.end, void %for.body.lr.ph" [main.cpp:28]   --->   Operation 85 'br' 'br_ln28' <Predicate = true> <Delay = 0.46>
ST_1 : Operation 86 [1/1] (0.00ns)   --->   "%i = alloca i32 1"   --->   Operation 86 'alloca' 'i' <Predicate = (icmp_ln28)> <Delay = 0.00>
ST_1 : Operation 87 [1/1] (0.00ns)   --->   "%empty = alloca i32 1"   --->   Operation 87 'alloca' 'empty' <Predicate = (icmp_ln28)> <Delay = 0.00>
ST_1 : Operation 88 [1/1] (0.00ns)   --->   "%empty_25 = alloca i32 1"   --->   Operation 88 'alloca' 'empty_25' <Predicate = (icmp_ln28)> <Delay = 0.00>
ST_1 : Operation 89 [1/1] (0.00ns)   --->   "%empty_26 = alloca i32 1"   --->   Operation 89 'alloca' 'empty_26' <Predicate = (icmp_ln28)> <Delay = 0.00>
ST_1 : Operation 90 [1/1] (0.00ns)   --->   "%empty_27 = alloca i32 1"   --->   Operation 90 'alloca' 'empty_27' <Predicate = (icmp_ln28)> <Delay = 0.00>
ST_1 : Operation 91 [1/1] (0.00ns)   --->   "%trunc_ln28 = trunc i32 %size_read" [main.cpp:28]   --->   Operation 91 'trunc' 'trunc_ln28' <Predicate = (icmp_ln28)> <Delay = 0.00>
ST_1 : Operation 92 [1/1] (0.00ns)   --->   "%trunc_ln = partselect i61 @_ssdm_op_PartSelect.i61.i64.i32.i32, i64 %arrx_read, i32 3, i32 63" [main.cpp:28]   --->   Operation 92 'partselect' 'trunc_ln' <Predicate = (icmp_ln28)> <Delay = 0.00>
ST_1 : Operation 93 [1/1] (0.00ns)   --->   "%sext_ln28 = sext i61 %trunc_ln" [main.cpp:28]   --->   Operation 93 'sext' 'sext_ln28' <Predicate = (icmp_ln28)> <Delay = 0.00>
ST_1 : Operation 94 [1/1] (0.00ns)   --->   "%trunc_ln28_1 = partselect i61 @_ssdm_op_PartSelect.i61.i64.i32.i32, i64 %arry_read, i32 3, i32 63" [main.cpp:28]   --->   Operation 94 'partselect' 'trunc_ln28_1' <Predicate = (icmp_ln28)> <Delay = 0.00>
ST_1 : Operation 95 [1/1] (0.00ns)   --->   "%sext_ln28_1 = sext i61 %trunc_ln28_1" [main.cpp:28]   --->   Operation 95 'sext' 'sext_ln28_1' <Predicate = (icmp_ln28)> <Delay = 0.00>
ST_1 : Operation 96 [1/1] (0.46ns)   --->   "%store_ln28 = store i64 0, i64 %empty_27" [main.cpp:28]   --->   Operation 96 'store' 'store_ln28' <Predicate = (icmp_ln28)> <Delay = 0.46>
ST_1 : Operation 97 [1/1] (0.46ns)   --->   "%store_ln28 = store i64 0, i64 %empty_26" [main.cpp:28]   --->   Operation 97 'store' 'store_ln28' <Predicate = (icmp_ln28)> <Delay = 0.46>
ST_1 : Operation 98 [1/1] (0.46ns)   --->   "%store_ln28 = store i64 0, i64 %empty_25" [main.cpp:28]   --->   Operation 98 'store' 'store_ln28' <Predicate = (icmp_ln28)> <Delay = 0.46>
ST_1 : Operation 99 [1/1] (0.46ns)   --->   "%store_ln28 = store i64 0, i64 %empty" [main.cpp:28]   --->   Operation 99 'store' 'store_ln28' <Predicate = (icmp_ln28)> <Delay = 0.46>
ST_1 : Operation 100 [1/1] (0.46ns)   --->   "%store_ln28 = store i31 0, i31 %i" [main.cpp:28]   --->   Operation 100 'store' 'store_ln28' <Predicate = (icmp_ln28)> <Delay = 0.46>
ST_1 : Operation 101 [1/1] (0.00ns)   --->   "%br_ln28 = br void %for.inc" [main.cpp:28]   --->   Operation 101 'br' 'br_ln28' <Predicate = (icmp_ln28)> <Delay = 0.00>

State 2 <SV = 1> <Delay = 1.60>
ST_2 : Operation 102 [1/1] (0.00ns)   --->   "%i_5 = load i31 %i" [main.cpp:28]   --->   Operation 102 'load' 'i_5' <Predicate = true> <Delay = 0.00>
ST_2 : Operation 103 [1/1] (0.00ns)   --->   "%p_load15 = load i64 %empty" [main.cpp:30]   --->   Operation 103 'load' 'p_load15' <Predicate = true> <Delay = 0.00>
ST_2 : Operation 104 [1/1] (0.00ns)   --->   "%p_load14 = load i64 %empty_25" [main.cpp:31]   --->   Operation 104 'load' 'p_load14' <Predicate = true> <Delay = 0.00>
ST_2 : Operation 105 [1/1] (0.00ns)   --->   "%p_load13 = load i64 %empty_26" [main.cpp:32]   --->   Operation 105 'load' 'p_load13' <Predicate = true> <Delay = 0.00>
ST_2 : Operation 106 [1/1] (0.00ns)   --->   "%p_load = load i64 %empty_27" [main.cpp:33]   --->   Operation 106 'load' 'p_load' <Predicate = true> <Delay = 0.00>
ST_2 : Operation 107 [1/1] (0.00ns)   --->   "%zext_ln28 = zext i31 %i_5" [main.cpp:28]   --->   Operation 107 'zext' 'zext_ln28' <Predicate = true> <Delay = 0.00>
ST_2 : Operation 108 [1/1] (1.14ns)   --->   "%icmp_ln28_1 = icmp_eq  i31 %i_5, i31 %trunc_ln28" [main.cpp:28]   --->   Operation 108 'icmp' 'icmp_ln28_1' <Predicate = true> <Delay = 1.14> <CoreInst = "Cmp">   --->   Core 9 'Cmp' <Latency = 0> <II = 1> <Delay = 1.14> <FuncUnit> <Opcode : 'icmp'> <InPorts = 2> <OutPorts = 1>
ST_2 : Operation 109 [1/1] (0.00ns)   --->   "%empty_28 = speclooptripcount i32 @_ssdm_op_SpecLoopTripCount, i64 1, i64 18446744073709551615, i64 0"   --->   Operation 109 'speclooptripcount' 'empty_28' <Predicate = true> <Delay = 0.00>
ST_2 : Operation 110 [1/1] (1.14ns)   --->   "%add_ln28 = add i31 %i_5, i31 1" [main.cpp:28]   --->   Operation 110 'add' 'add_ln28' <Predicate = true> <Delay = 1.14> <CoreInst = "Adder">   --->   Core 1 'Adder' <Latency = 0> <II = 1> <Delay = 1.14> <FuncUnit> <Opcode : 'add' 'sub'> <InPorts = 2> <OutPorts = 1>
ST_2 : Operation 111 [1/1] (0.00ns)   --->   "%br_ln28 = br i1 %icmp_ln28_1, void %for.inc.split, void %for.end.loopexit" [main.cpp:28]   --->   Operation 111 'br' 'br_ln28' <Predicate = true> <Delay = 0.00>
ST_2 : Operation 112 [1/1] (1.35ns)   --->   "%add_ln30 = add i62 %zext_ln28, i62 %sext_ln28" [main.cpp:30]   --->   Operation 112 'add' 'add_ln30' <Predicate = (!icmp_ln28_1)> <Delay = 1.35> <CoreInst = "Adder">   --->   Core 1 'Adder' <Latency = 0> <II = 1> <Delay = 1.35> <FuncUnit> <Opcode : 'add' 'sub'> <InPorts = 2> <OutPorts = 1>
ST_2 : Operation 113 [1/1] (1.35ns)   --->   "%add_ln31 = add i62 %zext_ln28, i62 %sext_ln28_1" [main.cpp:31]   --->   Operation 113 'add' 'add_ln31' <Predicate = (!icmp_ln28_1)> <Delay = 1.35> <CoreInst = "Adder">   --->   Core 1 'Adder' <Latency = 0> <II = 1> <Delay = 1.35> <FuncUnit> <Opcode : 'add' 'sub'> <InPorts = 2> <OutPorts = 1>
ST_2 : Operation 114 [1/1] (0.46ns)   --->   "%store_ln28 = store i31 %add_ln28, i31 %i" [main.cpp:28]   --->   Operation 114 'store' 'store_ln28' <Predicate = (!icmp_ln28_1)> <Delay = 0.46>
ST_2 : Operation 115 [1/1] (0.46ns)   --->   "%br_ln0 = br void %for.end"   --->   Operation 115 'br' 'br_ln0' <Predicate = (icmp_ln28_1)> <Delay = 0.46>

State 3 <SV = 2> <Delay = 7.30>
ST_3 : Operation 116 [1/1] (0.00ns)   --->   "%sext_ln30 = sext i62 %add_ln30" [main.cpp:30]   --->   Operation 116 'sext' 'sext_ln30' <Predicate = true> <Delay = 0.00>
ST_3 : Operation 117 [1/1] (0.00ns)   --->   "%gmem_addr = getelementptr i64 %gmem, i64 %sext_ln30" [main.cpp:30]   --->   Operation 117 'getelementptr' 'gmem_addr' <Predicate = true> <Delay = 0.00>
ST_3 : Operation 118 [71/71] (7.30ns)   --->   "%gmem_load_req = readreq i1 @_ssdm_op_ReadReq.m_axi.i64P1A, i64 %gmem_addr, i32 1" [main.cpp:30]   --->   Operation 118 'readreq' 'gmem_load_req' <Predicate = true> <Delay = 7.30> <CoreInst = "m_axi">   --->   Core 121 'm_axi' <Latency = 0> <II = 1> <Delay = 1.00> <Adapter> <Opcode : 'read' 'write' 'readreq' 'writereq' 'writeresp'>

State 4 <SV = 3> <Delay = 7.30>
ST_4 : Operation 119 [70/71] (7.30ns)   --->   "%gmem_load_req = readreq i1 @_ssdm_op_ReadReq.m_axi.i64P1A, i64 %gmem_addr, i32 1" [main.cpp:30]   --->   Operation 119 'readreq' 'gmem_load_req' <Predicate = true> <Delay = 7.30> <CoreInst = "m_axi">   --->   Core 121 'm_axi' <Latency = 0> <II = 1> <Delay = 1.00> <Adapter> <Opcode : 'read' 'write' 'readreq' 'writereq' 'writeresp'>
ST_4 : Operation 120 [1/1] (0.00ns)   --->   "%sext_ln31 = sext i62 %add_ln31" [main.cpp:31]   --->   Operation 120 'sext' 'sext_ln31' <Predicate = true> <Delay = 0.00>
ST_4 : Operation 121 [1/1] (0.00ns)   --->   "%gmem_addr_5 = getelementptr i64 %gmem, i64 %sext_ln31" [main.cpp:31]   --->   Operation 121 'getelementptr' 'gmem_addr_5' <Predicate = true> <Delay = 0.00>
ST_4 : Operation 122 [71/71] (7.30ns)   --->   "%gmem_load_5_req = readreq i1 @_ssdm_op_ReadReq.m_axi.i64P1A, i64 %gmem_addr_5, i32 1" [main.cpp:31]   --->   Operation 122 'readreq' 'gmem_load_5_req' <Predicate = true> <Delay = 7.30> <CoreInst = "m_axi">   --->   Core 121 'm_axi' <Latency = 0> <II = 1> <Delay = 1.00> <Adapter> <Opcode : 'read' 'write' 'readreq' 'writereq' 'writeresp'>

State 5 <SV = 4> <Delay = 7.30>
ST_5 : Operation 123 [69/71] (7.30ns)   --->   "%gmem_load_req = readreq i1 @_ssdm_op_ReadReq.m_axi.i64P1A, i64 %gmem_addr, i32 1" [main.cpp:30]   --->   Operation 123 'readreq' 'gmem_load_req' <Predicate = true> <Delay = 7.30> <CoreInst = "m_axi">   --->   Core 121 'm_axi' <Latency = 0> <II = 1> <Delay = 1.00> <Adapter> <Opcode : 'read' 'write' 'readreq' 'writereq' 'writeresp'>
ST_5 : Operation 124 [70/71] (7.30ns)   --->   "%gmem_load_5_req = readreq i1 @_ssdm_op_ReadReq.m_axi.i64P1A, i64 %gmem_addr_5, i32 1" [main.cpp:31]   --->   Operation 124 'readreq' 'gmem_load_5_req' <Predicate = true> <Delay = 7.30> <CoreInst = "m_axi">   --->   Core 121 'm_axi' <Latency = 0> <II = 1> <Delay = 1.00> <Adapter> <Opcode : 'read' 'write' 'readreq' 'writereq' 'writeresp'>

State 6 <SV = 5> <Delay = 7.30>
ST_6 : Operation 125 [68/71] (7.30ns)   --->   "%gmem_load_req = readreq i1 @_ssdm_op_ReadReq.m_axi.i64P1A, i64 %gmem_addr, i32 1" [main.cpp:30]   --->   Operation 125 'readreq' 'gmem_load_req' <Predicate = true> <Delay = 7.30> <CoreInst = "m_axi">   --->   Core 121 'm_axi' <Latency = 0> <II = 1> <Delay = 1.00> <Adapter> <Opcode : 'read' 'write' 'readreq' 'writereq' 'writeresp'>
ST_6 : Operation 126 [69/71] (7.30ns)   --->   "%gmem_load_5_req = readreq i1 @_ssdm_op_ReadReq.m_axi.i64P1A, i64 %gmem_addr_5, i32 1" [main.cpp:31]   --->   Operation 126 'readreq' 'gmem_load_5_req' <Predicate = true> <Delay = 7.30> <CoreInst = "m_axi">   --->   Core 121 'm_axi' <Latency = 0> <II = 1> <Delay = 1.00> <Adapter> <Opcode : 'read' 'write' 'readreq' 'writereq' 'writeresp'>

State 7 <SV = 6> <Delay = 7.30>
ST_7 : Operation 127 [67/71] (7.30ns)   --->   "%gmem_load_req = readreq i1 @_ssdm_op_ReadReq.m_axi.i64P1A, i64 %gmem_addr, i32 1" [main.cpp:30]   --->   Operation 127 'readreq' 'gmem_load_req' <Predicate = true> <Delay = 7.30> <CoreInst = "m_axi">   --->   Core 121 'm_axi' <Latency = 0> <II = 1> <Delay = 1.00> <Adapter> <Opcode : 'read' 'write' 'readreq' 'writereq' 'writeresp'>
ST_7 : Operation 128 [68/71] (7.30ns)   --->   "%gmem_load_5_req = readreq i1 @_ssdm_op_ReadReq.m_axi.i64P1A, i64 %gmem_addr_5, i32 1" [main.cpp:31]   --->   Operation 128 'readreq' 'gmem_load_5_req' <Predicate = true> <Delay = 7.30> <CoreInst = "m_axi">   --->   Core 121 'm_axi' <Latency = 0> <II = 1> <Delay = 1.00> <Adapter> <Opcode : 'read' 'write' 'readreq' 'writereq' 'writeresp'>

State 8 <SV = 7> <Delay = 7.30>
ST_8 : Operation 129 [66/71] (7.30ns)   --->   "%gmem_load_req = readreq i1 @_ssdm_op_ReadReq.m_axi.i64P1A, i64 %gmem_addr, i32 1" [main.cpp:30]   --->   Operation 129 'readreq' 'gmem_load_req' <Predicate = true> <Delay = 7.30> <CoreInst = "m_axi">   --->   Core 121 'm_axi' <Latency = 0> <II = 1> <Delay = 1.00> <Adapter> <Opcode : 'read' 'write' 'readreq' 'writereq' 'writeresp'>
ST_8 : Operation 130 [67/71] (7.30ns)   --->   "%gmem_load_5_req = readreq i1 @_ssdm_op_ReadReq.m_axi.i64P1A, i64 %gmem_addr_5, i32 1" [main.cpp:31]   --->   Operation 130 'readreq' 'gmem_load_5_req' <Predicate = true> <Delay = 7.30> <CoreInst = "m_axi">   --->   Core 121 'm_axi' <Latency = 0> <II = 1> <Delay = 1.00> <Adapter> <Opcode : 'read' 'write' 'readreq' 'writereq' 'writeresp'>

State 9 <SV = 8> <Delay = 7.30>
ST_9 : Operation 131 [65/71] (7.30ns)   --->   "%gmem_load_req = readreq i1 @_ssdm_op_ReadReq.m_axi.i64P1A, i64 %gmem_addr, i32 1" [main.cpp:30]   --->   Operation 131 'readreq' 'gmem_load_req' <Predicate = true> <Delay = 7.30> <CoreInst = "m_axi">   --->   Core 121 'm_axi' <Latency = 0> <II = 1> <Delay = 1.00> <Adapter> <Opcode : 'read' 'write' 'readreq' 'writereq' 'writeresp'>
ST_9 : Operation 132 [66/71] (7.30ns)   --->   "%gmem_load_5_req = readreq i1 @_ssdm_op_ReadReq.m_axi.i64P1A, i64 %gmem_addr_5, i32 1" [main.cpp:31]   --->   Operation 132 'readreq' 'gmem_load_5_req' <Predicate = true> <Delay = 7.30> <CoreInst = "m_axi">   --->   Core 121 'm_axi' <Latency = 0> <II = 1> <Delay = 1.00> <Adapter> <Opcode : 'read' 'write' 'readreq' 'writereq' 'writeresp'>

State 10 <SV = 9> <Delay = 7.30>
ST_10 : Operation 133 [64/71] (7.30ns)   --->   "%gmem_load_req = readreq i1 @_ssdm_op_ReadReq.m_axi.i64P1A, i64 %gmem_addr, i32 1" [main.cpp:30]   --->   Operation 133 'readreq' 'gmem_load_req' <Predicate = true> <Delay = 7.30> <CoreInst = "m_axi">   --->   Core 121 'm_axi' <Latency = 0> <II = 1> <Delay = 1.00> <Adapter> <Opcode : 'read' 'write' 'readreq' 'writereq' 'writeresp'>
ST_10 : Operation 134 [65/71] (7.30ns)   --->   "%gmem_load_5_req = readreq i1 @_ssdm_op_ReadReq.m_axi.i64P1A, i64 %gmem_addr_5, i32 1" [main.cpp:31]   --->   Operation 134 'readreq' 'gmem_load_5_req' <Predicate = true> <Delay = 7.30> <CoreInst = "m_axi">   --->   Core 121 'm_axi' <Latency = 0> <II = 1> <Delay = 1.00> <Adapter> <Opcode : 'read' 'write' 'readreq' 'writereq' 'writeresp'>

State 11 <SV = 10> <Delay = 7.30>
ST_11 : Operation 135 [63/71] (7.30ns)   --->   "%gmem_load_req = readreq i1 @_ssdm_op_ReadReq.m_axi.i64P1A, i64 %gmem_addr, i32 1" [main.cpp:30]   --->   Operation 135 'readreq' 'gmem_load_req' <Predicate = true> <Delay = 7.30> <CoreInst = "m_axi">   --->   Core 121 'm_axi' <Latency = 0> <II = 1> <Delay = 1.00> <Adapter> <Opcode : 'read' 'write' 'readreq' 'writereq' 'writeresp'>
ST_11 : Operation 136 [64/71] (7.30ns)   --->   "%gmem_load_5_req = readreq i1 @_ssdm_op_ReadReq.m_axi.i64P1A, i64 %gmem_addr_5, i32 1" [main.cpp:31]   --->   Operation 136 'readreq' 'gmem_load_5_req' <Predicate = true> <Delay = 7.30> <CoreInst = "m_axi">   --->   Core 121 'm_axi' <Latency = 0> <II = 1> <Delay = 1.00> <Adapter> <Opcode : 'read' 'write' 'readreq' 'writereq' 'writeresp'>

State 12 <SV = 11> <Delay = 7.30>
ST_12 : Operation 137 [62/71] (7.30ns)   --->   "%gmem_load_req = readreq i1 @_ssdm_op_ReadReq.m_axi.i64P1A, i64 %gmem_addr, i32 1" [main.cpp:30]   --->   Operation 137 'readreq' 'gmem_load_req' <Predicate = true> <Delay = 7.30> <CoreInst = "m_axi">   --->   Core 121 'm_axi' <Latency = 0> <II = 1> <Delay = 1.00> <Adapter> <Opcode : 'read' 'write' 'readreq' 'writereq' 'writeresp'>
ST_12 : Operation 138 [63/71] (7.30ns)   --->   "%gmem_load_5_req = readreq i1 @_ssdm_op_ReadReq.m_axi.i64P1A, i64 %gmem_addr_5, i32 1" [main.cpp:31]   --->   Operation 138 'readreq' 'gmem_load_5_req' <Predicate = true> <Delay = 7.30> <CoreInst = "m_axi">   --->   Core 121 'm_axi' <Latency = 0> <II = 1> <Delay = 1.00> <Adapter> <Opcode : 'read' 'write' 'readreq' 'writereq' 'writeresp'>

State 13 <SV = 12> <Delay = 7.30>
ST_13 : Operation 139 [61/71] (7.30ns)   --->   "%gmem_load_req = readreq i1 @_ssdm_op_ReadReq.m_axi.i64P1A, i64 %gmem_addr, i32 1" [main.cpp:30]   --->   Operation 139 'readreq' 'gmem_load_req' <Predicate = true> <Delay = 7.30> <CoreInst = "m_axi">   --->   Core 121 'm_axi' <Latency = 0> <II = 1> <Delay = 1.00> <Adapter> <Opcode : 'read' 'write' 'readreq' 'writereq' 'writeresp'>
ST_13 : Operation 140 [62/71] (7.30ns)   --->   "%gmem_load_5_req = readreq i1 @_ssdm_op_ReadReq.m_axi.i64P1A, i64 %gmem_addr_5, i32 1" [main.cpp:31]   --->   Operation 140 'readreq' 'gmem_load_5_req' <Predicate = true> <Delay = 7.30> <CoreInst = "m_axi">   --->   Core 121 'm_axi' <Latency = 0> <II = 1> <Delay = 1.00> <Adapter> <Opcode : 'read' 'write' 'readreq' 'writereq' 'writeresp'>

State 14 <SV = 13> <Delay = 7.30>
ST_14 : Operation 141 [60/71] (7.30ns)   --->   "%gmem_load_req = readreq i1 @_ssdm_op_ReadReq.m_axi.i64P1A, i64 %gmem_addr, i32 1" [main.cpp:30]   --->   Operation 141 'readreq' 'gmem_load_req' <Predicate = true> <Delay = 7.30> <CoreInst = "m_axi">   --->   Core 121 'm_axi' <Latency = 0> <II = 1> <Delay = 1.00> <Adapter> <Opcode : 'read' 'write' 'readreq' 'writereq' 'writeresp'>
ST_14 : Operation 142 [61/71] (7.30ns)   --->   "%gmem_load_5_req = readreq i1 @_ssdm_op_ReadReq.m_axi.i64P1A, i64 %gmem_addr_5, i32 1" [main.cpp:31]   --->   Operation 142 'readreq' 'gmem_load_5_req' <Predicate = true> <Delay = 7.30> <CoreInst = "m_axi">   --->   Core 121 'm_axi' <Latency = 0> <II = 1> <Delay = 1.00> <Adapter> <Opcode : 'read' 'write' 'readreq' 'writereq' 'writeresp'>

State 15 <SV = 14> <Delay = 7.30>
ST_15 : Operation 143 [59/71] (7.30ns)   --->   "%gmem_load_req = readreq i1 @_ssdm_op_ReadReq.m_axi.i64P1A, i64 %gmem_addr, i32 1" [main.cpp:30]   --->   Operation 143 'readreq' 'gmem_load_req' <Predicate = true> <Delay = 7.30> <CoreInst = "m_axi">   --->   Core 121 'm_axi' <Latency = 0> <II = 1> <Delay = 1.00> <Adapter> <Opcode : 'read' 'write' 'readreq' 'writereq' 'writeresp'>
ST_15 : Operation 144 [60/71] (7.30ns)   --->   "%gmem_load_5_req = readreq i1 @_ssdm_op_ReadReq.m_axi.i64P1A, i64 %gmem_addr_5, i32 1" [main.cpp:31]   --->   Operation 144 'readreq' 'gmem_load_5_req' <Predicate = true> <Delay = 7.30> <CoreInst = "m_axi">   --->   Core 121 'm_axi' <Latency = 0> <II = 1> <Delay = 1.00> <Adapter> <Opcode : 'read' 'write' 'readreq' 'writereq' 'writeresp'>

State 16 <SV = 15> <Delay = 7.30>
ST_16 : Operation 145 [58/71] (7.30ns)   --->   "%gmem_load_req = readreq i1 @_ssdm_op_ReadReq.m_axi.i64P1A, i64 %gmem_addr, i32 1" [main.cpp:30]   --->   Operation 145 'readreq' 'gmem_load_req' <Predicate = true> <Delay = 7.30> <CoreInst = "m_axi">   --->   Core 121 'm_axi' <Latency = 0> <II = 1> <Delay = 1.00> <Adapter> <Opcode : 'read' 'write' 'readreq' 'writereq' 'writeresp'>
ST_16 : Operation 146 [59/71] (7.30ns)   --->   "%gmem_load_5_req = readreq i1 @_ssdm_op_ReadReq.m_axi.i64P1A, i64 %gmem_addr_5, i32 1" [main.cpp:31]   --->   Operation 146 'readreq' 'gmem_load_5_req' <Predicate = true> <Delay = 7.30> <CoreInst = "m_axi">   --->   Core 121 'm_axi' <Latency = 0> <II = 1> <Delay = 1.00> <Adapter> <Opcode : 'read' 'write' 'readreq' 'writereq' 'writeresp'>

State 17 <SV = 16> <Delay = 7.30>
ST_17 : Operation 147 [57/71] (7.30ns)   --->   "%gmem_load_req = readreq i1 @_ssdm_op_ReadReq.m_axi.i64P1A, i64 %gmem_addr, i32 1" [main.cpp:30]   --->   Operation 147 'readreq' 'gmem_load_req' <Predicate = true> <Delay = 7.30> <CoreInst = "m_axi">   --->   Core 121 'm_axi' <Latency = 0> <II = 1> <Delay = 1.00> <Adapter> <Opcode : 'read' 'write' 'readreq' 'writereq' 'writeresp'>
ST_17 : Operation 148 [58/71] (7.30ns)   --->   "%gmem_load_5_req = readreq i1 @_ssdm_op_ReadReq.m_axi.i64P1A, i64 %gmem_addr_5, i32 1" [main.cpp:31]   --->   Operation 148 'readreq' 'gmem_load_5_req' <Predicate = true> <Delay = 7.30> <CoreInst = "m_axi">   --->   Core 121 'm_axi' <Latency = 0> <II = 1> <Delay = 1.00> <Adapter> <Opcode : 'read' 'write' 'readreq' 'writereq' 'writeresp'>

State 18 <SV = 17> <Delay = 7.30>
ST_18 : Operation 149 [56/71] (7.30ns)   --->   "%gmem_load_req = readreq i1 @_ssdm_op_ReadReq.m_axi.i64P1A, i64 %gmem_addr, i32 1" [main.cpp:30]   --->   Operation 149 'readreq' 'gmem_load_req' <Predicate = true> <Delay = 7.30> <CoreInst = "m_axi">   --->   Core 121 'm_axi' <Latency = 0> <II = 1> <Delay = 1.00> <Adapter> <Opcode : 'read' 'write' 'readreq' 'writereq' 'writeresp'>
ST_18 : Operation 150 [57/71] (7.30ns)   --->   "%gmem_load_5_req = readreq i1 @_ssdm_op_ReadReq.m_axi.i64P1A, i64 %gmem_addr_5, i32 1" [main.cpp:31]   --->   Operation 150 'readreq' 'gmem_load_5_req' <Predicate = true> <Delay = 7.30> <CoreInst = "m_axi">   --->   Core 121 'm_axi' <Latency = 0> <II = 1> <Delay = 1.00> <Adapter> <Opcode : 'read' 'write' 'readreq' 'writereq' 'writeresp'>

State 19 <SV = 18> <Delay = 7.30>
ST_19 : Operation 151 [55/71] (7.30ns)   --->   "%gmem_load_req = readreq i1 @_ssdm_op_ReadReq.m_axi.i64P1A, i64 %gmem_addr, i32 1" [main.cpp:30]   --->   Operation 151 'readreq' 'gmem_load_req' <Predicate = true> <Delay = 7.30> <CoreInst = "m_axi">   --->   Core 121 'm_axi' <Latency = 0> <II = 1> <Delay = 1.00> <Adapter> <Opcode : 'read' 'write' 'readreq' 'writereq' 'writeresp'>
ST_19 : Operation 152 [56/71] (7.30ns)   --->   "%gmem_load_5_req = readreq i1 @_ssdm_op_ReadReq.m_axi.i64P1A, i64 %gmem_addr_5, i32 1" [main.cpp:31]   --->   Operation 152 'readreq' 'gmem_load_5_req' <Predicate = true> <Delay = 7.30> <CoreInst = "m_axi">   --->   Core 121 'm_axi' <Latency = 0> <II = 1> <Delay = 1.00> <Adapter> <Opcode : 'read' 'write' 'readreq' 'writereq' 'writeresp'>

State 20 <SV = 19> <Delay = 7.30>
ST_20 : Operation 153 [54/71] (7.30ns)   --->   "%gmem_load_req = readreq i1 @_ssdm_op_ReadReq.m_axi.i64P1A, i64 %gmem_addr, i32 1" [main.cpp:30]   --->   Operation 153 'readreq' 'gmem_load_req' <Predicate = true> <Delay = 7.30> <CoreInst = "m_axi">   --->   Core 121 'm_axi' <Latency = 0> <II = 1> <Delay = 1.00> <Adapter> <Opcode : 'read' 'write' 'readreq' 'writereq' 'writeresp'>
ST_20 : Operation 154 [55/71] (7.30ns)   --->   "%gmem_load_5_req = readreq i1 @_ssdm_op_ReadReq.m_axi.i64P1A, i64 %gmem_addr_5, i32 1" [main.cpp:31]   --->   Operation 154 'readreq' 'gmem_load_5_req' <Predicate = true> <Delay = 7.30> <CoreInst = "m_axi">   --->   Core 121 'm_axi' <Latency = 0> <II = 1> <Delay = 1.00> <Adapter> <Opcode : 'read' 'write' 'readreq' 'writereq' 'writeresp'>

State 21 <SV = 20> <Delay = 7.30>
ST_21 : Operation 155 [53/71] (7.30ns)   --->   "%gmem_load_req = readreq i1 @_ssdm_op_ReadReq.m_axi.i64P1A, i64 %gmem_addr, i32 1" [main.cpp:30]   --->   Operation 155 'readreq' 'gmem_load_req' <Predicate = true> <Delay = 7.30> <CoreInst = "m_axi">   --->   Core 121 'm_axi' <Latency = 0> <II = 1> <Delay = 1.00> <Adapter> <Opcode : 'read' 'write' 'readreq' 'writereq' 'writeresp'>
ST_21 : Operation 156 [54/71] (7.30ns)   --->   "%gmem_load_5_req = readreq i1 @_ssdm_op_ReadReq.m_axi.i64P1A, i64 %gmem_addr_5, i32 1" [main.cpp:31]   --->   Operation 156 'readreq' 'gmem_load_5_req' <Predicate = true> <Delay = 7.30> <CoreInst = "m_axi">   --->   Core 121 'm_axi' <Latency = 0> <II = 1> <Delay = 1.00> <Adapter> <Opcode : 'read' 'write' 'readreq' 'writereq' 'writeresp'>

State 22 <SV = 21> <Delay = 7.30>
ST_22 : Operation 157 [52/71] (7.30ns)   --->   "%gmem_load_req = readreq i1 @_ssdm_op_ReadReq.m_axi.i64P1A, i64 %gmem_addr, i32 1" [main.cpp:30]   --->   Operation 157 'readreq' 'gmem_load_req' <Predicate = true> <Delay = 7.30> <CoreInst = "m_axi">   --->   Core 121 'm_axi' <Latency = 0> <II = 1> <Delay = 1.00> <Adapter> <Opcode : 'read' 'write' 'readreq' 'writereq' 'writeresp'>
ST_22 : Operation 158 [53/71] (7.30ns)   --->   "%gmem_load_5_req = readreq i1 @_ssdm_op_ReadReq.m_axi.i64P1A, i64 %gmem_addr_5, i32 1" [main.cpp:31]   --->   Operation 158 'readreq' 'gmem_load_5_req' <Predicate = true> <Delay = 7.30> <CoreInst = "m_axi">   --->   Core 121 'm_axi' <Latency = 0> <II = 1> <Delay = 1.00> <Adapter> <Opcode : 'read' 'write' 'readreq' 'writereq' 'writeresp'>

State 23 <SV = 22> <Delay = 7.30>
ST_23 : Operation 159 [51/71] (7.30ns)   --->   "%gmem_load_req = readreq i1 @_ssdm_op_ReadReq.m_axi.i64P1A, i64 %gmem_addr, i32 1" [main.cpp:30]   --->   Operation 159 'readreq' 'gmem_load_req' <Predicate = true> <Delay = 7.30> <CoreInst = "m_axi">   --->   Core 121 'm_axi' <Latency = 0> <II = 1> <Delay = 1.00> <Adapter> <Opcode : 'read' 'write' 'readreq' 'writereq' 'writeresp'>
ST_23 : Operation 160 [52/71] (7.30ns)   --->   "%gmem_load_5_req = readreq i1 @_ssdm_op_ReadReq.m_axi.i64P1A, i64 %gmem_addr_5, i32 1" [main.cpp:31]   --->   Operation 160 'readreq' 'gmem_load_5_req' <Predicate = true> <Delay = 7.30> <CoreInst = "m_axi">   --->   Core 121 'm_axi' <Latency = 0> <II = 1> <Delay = 1.00> <Adapter> <Opcode : 'read' 'write' 'readreq' 'writereq' 'writeresp'>

State 24 <SV = 23> <Delay = 7.30>
ST_24 : Operation 161 [50/71] (7.30ns)   --->   "%gmem_load_req = readreq i1 @_ssdm_op_ReadReq.m_axi.i64P1A, i64 %gmem_addr, i32 1" [main.cpp:30]   --->   Operation 161 'readreq' 'gmem_load_req' <Predicate = true> <Delay = 7.30> <CoreInst = "m_axi">   --->   Core 121 'm_axi' <Latency = 0> <II = 1> <Delay = 1.00> <Adapter> <Opcode : 'read' 'write' 'readreq' 'writereq' 'writeresp'>
ST_24 : Operation 162 [51/71] (7.30ns)   --->   "%gmem_load_5_req = readreq i1 @_ssdm_op_ReadReq.m_axi.i64P1A, i64 %gmem_addr_5, i32 1" [main.cpp:31]   --->   Operation 162 'readreq' 'gmem_load_5_req' <Predicate = true> <Delay = 7.30> <CoreInst = "m_axi">   --->   Core 121 'm_axi' <Latency = 0> <II = 1> <Delay = 1.00> <Adapter> <Opcode : 'read' 'write' 'readreq' 'writereq' 'writeresp'>

State 25 <SV = 24> <Delay = 7.30>
ST_25 : Operation 163 [49/71] (7.30ns)   --->   "%gmem_load_req = readreq i1 @_ssdm_op_ReadReq.m_axi.i64P1A, i64 %gmem_addr, i32 1" [main.cpp:30]   --->   Operation 163 'readreq' 'gmem_load_req' <Predicate = true> <Delay = 7.30> <CoreInst = "m_axi">   --->   Core 121 'm_axi' <Latency = 0> <II = 1> <Delay = 1.00> <Adapter> <Opcode : 'read' 'write' 'readreq' 'writereq' 'writeresp'>
ST_25 : Operation 164 [50/71] (7.30ns)   --->   "%gmem_load_5_req = readreq i1 @_ssdm_op_ReadReq.m_axi.i64P1A, i64 %gmem_addr_5, i32 1" [main.cpp:31]   --->   Operation 164 'readreq' 'gmem_load_5_req' <Predicate = true> <Delay = 7.30> <CoreInst = "m_axi">   --->   Core 121 'm_axi' <Latency = 0> <II = 1> <Delay = 1.00> <Adapter> <Opcode : 'read' 'write' 'readreq' 'writereq' 'writeresp'>

State 26 <SV = 25> <Delay = 7.30>
ST_26 : Operation 165 [48/71] (7.30ns)   --->   "%gmem_load_req = readreq i1 @_ssdm_op_ReadReq.m_axi.i64P1A, i64 %gmem_addr, i32 1" [main.cpp:30]   --->   Operation 165 'readreq' 'gmem_load_req' <Predicate = true> <Delay = 7.30> <CoreInst = "m_axi">   --->   Core 121 'm_axi' <Latency = 0> <II = 1> <Delay = 1.00> <Adapter> <Opcode : 'read' 'write' 'readreq' 'writereq' 'writeresp'>
ST_26 : Operation 166 [49/71] (7.30ns)   --->   "%gmem_load_5_req = readreq i1 @_ssdm_op_ReadReq.m_axi.i64P1A, i64 %gmem_addr_5, i32 1" [main.cpp:31]   --->   Operation 166 'readreq' 'gmem_load_5_req' <Predicate = true> <Delay = 7.30> <CoreInst = "m_axi">   --->   Core 121 'm_axi' <Latency = 0> <II = 1> <Delay = 1.00> <Adapter> <Opcode : 'read' 'write' 'readreq' 'writereq' 'writeresp'>

State 27 <SV = 26> <Delay = 7.30>
ST_27 : Operation 167 [47/71] (7.30ns)   --->   "%gmem_load_req = readreq i1 @_ssdm_op_ReadReq.m_axi.i64P1A, i64 %gmem_addr, i32 1" [main.cpp:30]   --->   Operation 167 'readreq' 'gmem_load_req' <Predicate = true> <Delay = 7.30> <CoreInst = "m_axi">   --->   Core 121 'm_axi' <Latency = 0> <II = 1> <Delay = 1.00> <Adapter> <Opcode : 'read' 'write' 'readreq' 'writereq' 'writeresp'>
ST_27 : Operation 168 [48/71] (7.30ns)   --->   "%gmem_load_5_req = readreq i1 @_ssdm_op_ReadReq.m_axi.i64P1A, i64 %gmem_addr_5, i32 1" [main.cpp:31]   --->   Operation 168 'readreq' 'gmem_load_5_req' <Predicate = true> <Delay = 7.30> <CoreInst = "m_axi">   --->   Core 121 'm_axi' <Latency = 0> <II = 1> <Delay = 1.00> <Adapter> <Opcode : 'read' 'write' 'readreq' 'writereq' 'writeresp'>

State 28 <SV = 27> <Delay = 7.30>
ST_28 : Operation 169 [46/71] (7.30ns)   --->   "%gmem_load_req = readreq i1 @_ssdm_op_ReadReq.m_axi.i64P1A, i64 %gmem_addr, i32 1" [main.cpp:30]   --->   Operation 169 'readreq' 'gmem_load_req' <Predicate = true> <Delay = 7.30> <CoreInst = "m_axi">   --->   Core 121 'm_axi' <Latency = 0> <II = 1> <Delay = 1.00> <Adapter> <Opcode : 'read' 'write' 'readreq' 'writereq' 'writeresp'>
ST_28 : Operation 170 [47/71] (7.30ns)   --->   "%gmem_load_5_req = readreq i1 @_ssdm_op_ReadReq.m_axi.i64P1A, i64 %gmem_addr_5, i32 1" [main.cpp:31]   --->   Operation 170 'readreq' 'gmem_load_5_req' <Predicate = true> <Delay = 7.30> <CoreInst = "m_axi">   --->   Core 121 'm_axi' <Latency = 0> <II = 1> <Delay = 1.00> <Adapter> <Opcode : 'read' 'write' 'readreq' 'writereq' 'writeresp'>

State 29 <SV = 28> <Delay = 7.30>
ST_29 : Operation 171 [45/71] (7.30ns)   --->   "%gmem_load_req = readreq i1 @_ssdm_op_ReadReq.m_axi.i64P1A, i64 %gmem_addr, i32 1" [main.cpp:30]   --->   Operation 171 'readreq' 'gmem_load_req' <Predicate = true> <Delay = 7.30> <CoreInst = "m_axi">   --->   Core 121 'm_axi' <Latency = 0> <II = 1> <Delay = 1.00> <Adapter> <Opcode : 'read' 'write' 'readreq' 'writereq' 'writeresp'>
ST_29 : Operation 172 [46/71] (7.30ns)   --->   "%gmem_load_5_req = readreq i1 @_ssdm_op_ReadReq.m_axi.i64P1A, i64 %gmem_addr_5, i32 1" [main.cpp:31]   --->   Operation 172 'readreq' 'gmem_load_5_req' <Predicate = true> <Delay = 7.30> <CoreInst = "m_axi">   --->   Core 121 'm_axi' <Latency = 0> <II = 1> <Delay = 1.00> <Adapter> <Opcode : 'read' 'write' 'readreq' 'writereq' 'writeresp'>

State 30 <SV = 29> <Delay = 7.30>
ST_30 : Operation 173 [44/71] (7.30ns)   --->   "%gmem_load_req = readreq i1 @_ssdm_op_ReadReq.m_axi.i64P1A, i64 %gmem_addr, i32 1" [main.cpp:30]   --->   Operation 173 'readreq' 'gmem_load_req' <Predicate = true> <Delay = 7.30> <CoreInst = "m_axi">   --->   Core 121 'm_axi' <Latency = 0> <II = 1> <Delay = 1.00> <Adapter> <Opcode : 'read' 'write' 'readreq' 'writereq' 'writeresp'>
ST_30 : Operation 174 [45/71] (7.30ns)   --->   "%gmem_load_5_req = readreq i1 @_ssdm_op_ReadReq.m_axi.i64P1A, i64 %gmem_addr_5, i32 1" [main.cpp:31]   --->   Operation 174 'readreq' 'gmem_load_5_req' <Predicate = true> <Delay = 7.30> <CoreInst = "m_axi">   --->   Core 121 'm_axi' <Latency = 0> <II = 1> <Delay = 1.00> <Adapter> <Opcode : 'read' 'write' 'readreq' 'writereq' 'writeresp'>

State 31 <SV = 30> <Delay = 7.30>
ST_31 : Operation 175 [43/71] (7.30ns)   --->   "%gmem_load_req = readreq i1 @_ssdm_op_ReadReq.m_axi.i64P1A, i64 %gmem_addr, i32 1" [main.cpp:30]   --->   Operation 175 'readreq' 'gmem_load_req' <Predicate = true> <Delay = 7.30> <CoreInst = "m_axi">   --->   Core 121 'm_axi' <Latency = 0> <II = 1> <Delay = 1.00> <Adapter> <Opcode : 'read' 'write' 'readreq' 'writereq' 'writeresp'>
ST_31 : Operation 176 [44/71] (7.30ns)   --->   "%gmem_load_5_req = readreq i1 @_ssdm_op_ReadReq.m_axi.i64P1A, i64 %gmem_addr_5, i32 1" [main.cpp:31]   --->   Operation 176 'readreq' 'gmem_load_5_req' <Predicate = true> <Delay = 7.30> <CoreInst = "m_axi">   --->   Core 121 'm_axi' <Latency = 0> <II = 1> <Delay = 1.00> <Adapter> <Opcode : 'read' 'write' 'readreq' 'writereq' 'writeresp'>

State 32 <SV = 31> <Delay = 7.30>
ST_32 : Operation 177 [42/71] (7.30ns)   --->   "%gmem_load_req = readreq i1 @_ssdm_op_ReadReq.m_axi.i64P1A, i64 %gmem_addr, i32 1" [main.cpp:30]   --->   Operation 177 'readreq' 'gmem_load_req' <Predicate = true> <Delay = 7.30> <CoreInst = "m_axi">   --->   Core 121 'm_axi' <Latency = 0> <II = 1> <Delay = 1.00> <Adapter> <Opcode : 'read' 'write' 'readreq' 'writereq' 'writeresp'>
ST_32 : Operation 178 [43/71] (7.30ns)   --->   "%gmem_load_5_req = readreq i1 @_ssdm_op_ReadReq.m_axi.i64P1A, i64 %gmem_addr_5, i32 1" [main.cpp:31]   --->   Operation 178 'readreq' 'gmem_load_5_req' <Predicate = true> <Delay = 7.30> <CoreInst = "m_axi">   --->   Core 121 'm_axi' <Latency = 0> <II = 1> <Delay = 1.00> <Adapter> <Opcode : 'read' 'write' 'readreq' 'writereq' 'writeresp'>

State 33 <SV = 32> <Delay = 7.30>
ST_33 : Operation 179 [41/71] (7.30ns)   --->   "%gmem_load_req = readreq i1 @_ssdm_op_ReadReq.m_axi.i64P1A, i64 %gmem_addr, i32 1" [main.cpp:30]   --->   Operation 179 'readreq' 'gmem_load_req' <Predicate = true> <Delay = 7.30> <CoreInst = "m_axi">   --->   Core 121 'm_axi' <Latency = 0> <II = 1> <Delay = 1.00> <Adapter> <Opcode : 'read' 'write' 'readreq' 'writereq' 'writeresp'>
ST_33 : Operation 180 [42/71] (7.30ns)   --->   "%gmem_load_5_req = readreq i1 @_ssdm_op_ReadReq.m_axi.i64P1A, i64 %gmem_addr_5, i32 1" [main.cpp:31]   --->   Operation 180 'readreq' 'gmem_load_5_req' <Predicate = true> <Delay = 7.30> <CoreInst = "m_axi">   --->   Core 121 'm_axi' <Latency = 0> <II = 1> <Delay = 1.00> <Adapter> <Opcode : 'read' 'write' 'readreq' 'writereq' 'writeresp'>

State 34 <SV = 33> <Delay = 7.30>
ST_34 : Operation 181 [40/71] (7.30ns)   --->   "%gmem_load_req = readreq i1 @_ssdm_op_ReadReq.m_axi.i64P1A, i64 %gmem_addr, i32 1" [main.cpp:30]   --->   Operation 181 'readreq' 'gmem_load_req' <Predicate = true> <Delay = 7.30> <CoreInst = "m_axi">   --->   Core 121 'm_axi' <Latency = 0> <II = 1> <Delay = 1.00> <Adapter> <Opcode : 'read' 'write' 'readreq' 'writereq' 'writeresp'>
ST_34 : Operation 182 [41/71] (7.30ns)   --->   "%gmem_load_5_req = readreq i1 @_ssdm_op_ReadReq.m_axi.i64P1A, i64 %gmem_addr_5, i32 1" [main.cpp:31]   --->   Operation 182 'readreq' 'gmem_load_5_req' <Predicate = true> <Delay = 7.30> <CoreInst = "m_axi">   --->   Core 121 'm_axi' <Latency = 0> <II = 1> <Delay = 1.00> <Adapter> <Opcode : 'read' 'write' 'readreq' 'writereq' 'writeresp'>

State 35 <SV = 34> <Delay = 7.30>
ST_35 : Operation 183 [39/71] (7.30ns)   --->   "%gmem_load_req = readreq i1 @_ssdm_op_ReadReq.m_axi.i64P1A, i64 %gmem_addr, i32 1" [main.cpp:30]   --->   Operation 183 'readreq' 'gmem_load_req' <Predicate = true> <Delay = 7.30> <CoreInst = "m_axi">   --->   Core 121 'm_axi' <Latency = 0> <II = 1> <Delay = 1.00> <Adapter> <Opcode : 'read' 'write' 'readreq' 'writereq' 'writeresp'>
ST_35 : Operation 184 [40/71] (7.30ns)   --->   "%gmem_load_5_req = readreq i1 @_ssdm_op_ReadReq.m_axi.i64P1A, i64 %gmem_addr_5, i32 1" [main.cpp:31]   --->   Operation 184 'readreq' 'gmem_load_5_req' <Predicate = true> <Delay = 7.30> <CoreInst = "m_axi">   --->   Core 121 'm_axi' <Latency = 0> <II = 1> <Delay = 1.00> <Adapter> <Opcode : 'read' 'write' 'readreq' 'writereq' 'writeresp'>

State 36 <SV = 35> <Delay = 7.30>
ST_36 : Operation 185 [38/71] (7.30ns)   --->   "%gmem_load_req = readreq i1 @_ssdm_op_ReadReq.m_axi.i64P1A, i64 %gmem_addr, i32 1" [main.cpp:30]   --->   Operation 185 'readreq' 'gmem_load_req' <Predicate = true> <Delay = 7.30> <CoreInst = "m_axi">   --->   Core 121 'm_axi' <Latency = 0> <II = 1> <Delay = 1.00> <Adapter> <Opcode : 'read' 'write' 'readreq' 'writereq' 'writeresp'>
ST_36 : Operation 186 [39/71] (7.30ns)   --->   "%gmem_load_5_req = readreq i1 @_ssdm_op_ReadReq.m_axi.i64P1A, i64 %gmem_addr_5, i32 1" [main.cpp:31]   --->   Operation 186 'readreq' 'gmem_load_5_req' <Predicate = true> <Delay = 7.30> <CoreInst = "m_axi">   --->   Core 121 'm_axi' <Latency = 0> <II = 1> <Delay = 1.00> <Adapter> <Opcode : 'read' 'write' 'readreq' 'writereq' 'writeresp'>

State 37 <SV = 36> <Delay = 7.30>
ST_37 : Operation 187 [37/71] (7.30ns)   --->   "%gmem_load_req = readreq i1 @_ssdm_op_ReadReq.m_axi.i64P1A, i64 %gmem_addr, i32 1" [main.cpp:30]   --->   Operation 187 'readreq' 'gmem_load_req' <Predicate = true> <Delay = 7.30> <CoreInst = "m_axi">   --->   Core 121 'm_axi' <Latency = 0> <II = 1> <Delay = 1.00> <Adapter> <Opcode : 'read' 'write' 'readreq' 'writereq' 'writeresp'>
ST_37 : Operation 188 [38/71] (7.30ns)   --->   "%gmem_load_5_req = readreq i1 @_ssdm_op_ReadReq.m_axi.i64P1A, i64 %gmem_addr_5, i32 1" [main.cpp:31]   --->   Operation 188 'readreq' 'gmem_load_5_req' <Predicate = true> <Delay = 7.30> <CoreInst = "m_axi">   --->   Core 121 'm_axi' <Latency = 0> <II = 1> <Delay = 1.00> <Adapter> <Opcode : 'read' 'write' 'readreq' 'writereq' 'writeresp'>

State 38 <SV = 37> <Delay = 7.30>
ST_38 : Operation 189 [36/71] (7.30ns)   --->   "%gmem_load_req = readreq i1 @_ssdm_op_ReadReq.m_axi.i64P1A, i64 %gmem_addr, i32 1" [main.cpp:30]   --->   Operation 189 'readreq' 'gmem_load_req' <Predicate = true> <Delay = 7.30> <CoreInst = "m_axi">   --->   Core 121 'm_axi' <Latency = 0> <II = 1> <Delay = 1.00> <Adapter> <Opcode : 'read' 'write' 'readreq' 'writereq' 'writeresp'>
ST_38 : Operation 190 [37/71] (7.30ns)   --->   "%gmem_load_5_req = readreq i1 @_ssdm_op_ReadReq.m_axi.i64P1A, i64 %gmem_addr_5, i32 1" [main.cpp:31]   --->   Operation 190 'readreq' 'gmem_load_5_req' <Predicate = true> <Delay = 7.30> <CoreInst = "m_axi">   --->   Core 121 'm_axi' <Latency = 0> <II = 1> <Delay = 1.00> <Adapter> <Opcode : 'read' 'write' 'readreq' 'writereq' 'writeresp'>

State 39 <SV = 38> <Delay = 7.30>
ST_39 : Operation 191 [35/71] (7.30ns)   --->   "%gmem_load_req = readreq i1 @_ssdm_op_ReadReq.m_axi.i64P1A, i64 %gmem_addr, i32 1" [main.cpp:30]   --->   Operation 191 'readreq' 'gmem_load_req' <Predicate = true> <Delay = 7.30> <CoreInst = "m_axi">   --->   Core 121 'm_axi' <Latency = 0> <II = 1> <Delay = 1.00> <Adapter> <Opcode : 'read' 'write' 'readreq' 'writereq' 'writeresp'>
ST_39 : Operation 192 [36/71] (7.30ns)   --->   "%gmem_load_5_req = readreq i1 @_ssdm_op_ReadReq.m_axi.i64P1A, i64 %gmem_addr_5, i32 1" [main.cpp:31]   --->   Operation 192 'readreq' 'gmem_load_5_req' <Predicate = true> <Delay = 7.30> <CoreInst = "m_axi">   --->   Core 121 'm_axi' <Latency = 0> <II = 1> <Delay = 1.00> <Adapter> <Opcode : 'read' 'write' 'readreq' 'writereq' 'writeresp'>

State 40 <SV = 39> <Delay = 7.30>
ST_40 : Operation 193 [34/71] (7.30ns)   --->   "%gmem_load_req = readreq i1 @_ssdm_op_ReadReq.m_axi.i64P1A, i64 %gmem_addr, i32 1" [main.cpp:30]   --->   Operation 193 'readreq' 'gmem_load_req' <Predicate = true> <Delay = 7.30> <CoreInst = "m_axi">   --->   Core 121 'm_axi' <Latency = 0> <II = 1> <Delay = 1.00> <Adapter> <Opcode : 'read' 'write' 'readreq' 'writereq' 'writeresp'>
ST_40 : Operation 194 [35/71] (7.30ns)   --->   "%gmem_load_5_req = readreq i1 @_ssdm_op_ReadReq.m_axi.i64P1A, i64 %gmem_addr_5, i32 1" [main.cpp:31]   --->   Operation 194 'readreq' 'gmem_load_5_req' <Predicate = true> <Delay = 7.30> <CoreInst = "m_axi">   --->   Core 121 'm_axi' <Latency = 0> <II = 1> <Delay = 1.00> <Adapter> <Opcode : 'read' 'write' 'readreq' 'writereq' 'writeresp'>

State 41 <SV = 40> <Delay = 7.30>
ST_41 : Operation 195 [33/71] (7.30ns)   --->   "%gmem_load_req = readreq i1 @_ssdm_op_ReadReq.m_axi.i64P1A, i64 %gmem_addr, i32 1" [main.cpp:30]   --->   Operation 195 'readreq' 'gmem_load_req' <Predicate = true> <Delay = 7.30> <CoreInst = "m_axi">   --->   Core 121 'm_axi' <Latency = 0> <II = 1> <Delay = 1.00> <Adapter> <Opcode : 'read' 'write' 'readreq' 'writereq' 'writeresp'>
ST_41 : Operation 196 [34/71] (7.30ns)   --->   "%gmem_load_5_req = readreq i1 @_ssdm_op_ReadReq.m_axi.i64P1A, i64 %gmem_addr_5, i32 1" [main.cpp:31]   --->   Operation 196 'readreq' 'gmem_load_5_req' <Predicate = true> <Delay = 7.30> <CoreInst = "m_axi">   --->   Core 121 'm_axi' <Latency = 0> <II = 1> <Delay = 1.00> <Adapter> <Opcode : 'read' 'write' 'readreq' 'writereq' 'writeresp'>

State 42 <SV = 41> <Delay = 7.30>
ST_42 : Operation 197 [32/71] (7.30ns)   --->   "%gmem_load_req = readreq i1 @_ssdm_op_ReadReq.m_axi.i64P1A, i64 %gmem_addr, i32 1" [main.cpp:30]   --->   Operation 197 'readreq' 'gmem_load_req' <Predicate = true> <Delay = 7.30> <CoreInst = "m_axi">   --->   Core 121 'm_axi' <Latency = 0> <II = 1> <Delay = 1.00> <Adapter> <Opcode : 'read' 'write' 'readreq' 'writereq' 'writeresp'>
ST_42 : Operation 198 [33/71] (7.30ns)   --->   "%gmem_load_5_req = readreq i1 @_ssdm_op_ReadReq.m_axi.i64P1A, i64 %gmem_addr_5, i32 1" [main.cpp:31]   --->   Operation 198 'readreq' 'gmem_load_5_req' <Predicate = true> <Delay = 7.30> <CoreInst = "m_axi">   --->   Core 121 'm_axi' <Latency = 0> <II = 1> <Delay = 1.00> <Adapter> <Opcode : 'read' 'write' 'readreq' 'writereq' 'writeresp'>

State 43 <SV = 42> <Delay = 7.30>
ST_43 : Operation 199 [31/71] (7.30ns)   --->   "%gmem_load_req = readreq i1 @_ssdm_op_ReadReq.m_axi.i64P1A, i64 %gmem_addr, i32 1" [main.cpp:30]   --->   Operation 199 'readreq' 'gmem_load_req' <Predicate = true> <Delay = 7.30> <CoreInst = "m_axi">   --->   Core 121 'm_axi' <Latency = 0> <II = 1> <Delay = 1.00> <Adapter> <Opcode : 'read' 'write' 'readreq' 'writereq' 'writeresp'>
ST_43 : Operation 200 [32/71] (7.30ns)   --->   "%gmem_load_5_req = readreq i1 @_ssdm_op_ReadReq.m_axi.i64P1A, i64 %gmem_addr_5, i32 1" [main.cpp:31]   --->   Operation 200 'readreq' 'gmem_load_5_req' <Predicate = true> <Delay = 7.30> <CoreInst = "m_axi">   --->   Core 121 'm_axi' <Latency = 0> <II = 1> <Delay = 1.00> <Adapter> <Opcode : 'read' 'write' 'readreq' 'writereq' 'writeresp'>

State 44 <SV = 43> <Delay = 7.30>
ST_44 : Operation 201 [30/71] (7.30ns)   --->   "%gmem_load_req = readreq i1 @_ssdm_op_ReadReq.m_axi.i64P1A, i64 %gmem_addr, i32 1" [main.cpp:30]   --->   Operation 201 'readreq' 'gmem_load_req' <Predicate = true> <Delay = 7.30> <CoreInst = "m_axi">   --->   Core 121 'm_axi' <Latency = 0> <II = 1> <Delay = 1.00> <Adapter> <Opcode : 'read' 'write' 'readreq' 'writereq' 'writeresp'>
ST_44 : Operation 202 [31/71] (7.30ns)   --->   "%gmem_load_5_req = readreq i1 @_ssdm_op_ReadReq.m_axi.i64P1A, i64 %gmem_addr_5, i32 1" [main.cpp:31]   --->   Operation 202 'readreq' 'gmem_load_5_req' <Predicate = true> <Delay = 7.30> <CoreInst = "m_axi">   --->   Core 121 'm_axi' <Latency = 0> <II = 1> <Delay = 1.00> <Adapter> <Opcode : 'read' 'write' 'readreq' 'writereq' 'writeresp'>

State 45 <SV = 44> <Delay = 7.30>
ST_45 : Operation 203 [29/71] (7.30ns)   --->   "%gmem_load_req = readreq i1 @_ssdm_op_ReadReq.m_axi.i64P1A, i64 %gmem_addr, i32 1" [main.cpp:30]   --->   Operation 203 'readreq' 'gmem_load_req' <Predicate = true> <Delay = 7.30> <CoreInst = "m_axi">   --->   Core 121 'm_axi' <Latency = 0> <II = 1> <Delay = 1.00> <Adapter> <Opcode : 'read' 'write' 'readreq' 'writereq' 'writeresp'>
ST_45 : Operation 204 [30/71] (7.30ns)   --->   "%gmem_load_5_req = readreq i1 @_ssdm_op_ReadReq.m_axi.i64P1A, i64 %gmem_addr_5, i32 1" [main.cpp:31]   --->   Operation 204 'readreq' 'gmem_load_5_req' <Predicate = true> <Delay = 7.30> <CoreInst = "m_axi">   --->   Core 121 'm_axi' <Latency = 0> <II = 1> <Delay = 1.00> <Adapter> <Opcode : 'read' 'write' 'readreq' 'writereq' 'writeresp'>

State 46 <SV = 45> <Delay = 7.30>
ST_46 : Operation 205 [28/71] (7.30ns)   --->   "%gmem_load_req = readreq i1 @_ssdm_op_ReadReq.m_axi.i64P1A, i64 %gmem_addr, i32 1" [main.cpp:30]   --->   Operation 205 'readreq' 'gmem_load_req' <Predicate = true> <Delay = 7.30> <CoreInst = "m_axi">   --->   Core 121 'm_axi' <Latency = 0> <II = 1> <Delay = 1.00> <Adapter> <Opcode : 'read' 'write' 'readreq' 'writereq' 'writeresp'>
ST_46 : Operation 206 [29/71] (7.30ns)   --->   "%gmem_load_5_req = readreq i1 @_ssdm_op_ReadReq.m_axi.i64P1A, i64 %gmem_addr_5, i32 1" [main.cpp:31]   --->   Operation 206 'readreq' 'gmem_load_5_req' <Predicate = true> <Delay = 7.30> <CoreInst = "m_axi">   --->   Core 121 'm_axi' <Latency = 0> <II = 1> <Delay = 1.00> <Adapter> <Opcode : 'read' 'write' 'readreq' 'writereq' 'writeresp'>

State 47 <SV = 46> <Delay = 7.30>
ST_47 : Operation 207 [27/71] (7.30ns)   --->   "%gmem_load_req = readreq i1 @_ssdm_op_ReadReq.m_axi.i64P1A, i64 %gmem_addr, i32 1" [main.cpp:30]   --->   Operation 207 'readreq' 'gmem_load_req' <Predicate = true> <Delay = 7.30> <CoreInst = "m_axi">   --->   Core 121 'm_axi' <Latency = 0> <II = 1> <Delay = 1.00> <Adapter> <Opcode : 'read' 'write' 'readreq' 'writereq' 'writeresp'>
ST_47 : Operation 208 [28/71] (7.30ns)   --->   "%gmem_load_5_req = readreq i1 @_ssdm_op_ReadReq.m_axi.i64P1A, i64 %gmem_addr_5, i32 1" [main.cpp:31]   --->   Operation 208 'readreq' 'gmem_load_5_req' <Predicate = true> <Delay = 7.30> <CoreInst = "m_axi">   --->   Core 121 'm_axi' <Latency = 0> <II = 1> <Delay = 1.00> <Adapter> <Opcode : 'read' 'write' 'readreq' 'writereq' 'writeresp'>

State 48 <SV = 47> <Delay = 7.30>
ST_48 : Operation 209 [26/71] (7.30ns)   --->   "%gmem_load_req = readreq i1 @_ssdm_op_ReadReq.m_axi.i64P1A, i64 %gmem_addr, i32 1" [main.cpp:30]   --->   Operation 209 'readreq' 'gmem_load_req' <Predicate = true> <Delay = 7.30> <CoreInst = "m_axi">   --->   Core 121 'm_axi' <Latency = 0> <II = 1> <Delay = 1.00> <Adapter> <Opcode : 'read' 'write' 'readreq' 'writereq' 'writeresp'>
ST_48 : Operation 210 [27/71] (7.30ns)   --->   "%gmem_load_5_req = readreq i1 @_ssdm_op_ReadReq.m_axi.i64P1A, i64 %gmem_addr_5, i32 1" [main.cpp:31]   --->   Operation 210 'readreq' 'gmem_load_5_req' <Predicate = true> <Delay = 7.30> <CoreInst = "m_axi">   --->   Core 121 'm_axi' <Latency = 0> <II = 1> <Delay = 1.00> <Adapter> <Opcode : 'read' 'write' 'readreq' 'writereq' 'writeresp'>

State 49 <SV = 48> <Delay = 7.30>
ST_49 : Operation 211 [25/71] (7.30ns)   --->   "%gmem_load_req = readreq i1 @_ssdm_op_ReadReq.m_axi.i64P1A, i64 %gmem_addr, i32 1" [main.cpp:30]   --->   Operation 211 'readreq' 'gmem_load_req' <Predicate = true> <Delay = 7.30> <CoreInst = "m_axi">   --->   Core 121 'm_axi' <Latency = 0> <II = 1> <Delay = 1.00> <Adapter> <Opcode : 'read' 'write' 'readreq' 'writereq' 'writeresp'>
ST_49 : Operation 212 [26/71] (7.30ns)   --->   "%gmem_load_5_req = readreq i1 @_ssdm_op_ReadReq.m_axi.i64P1A, i64 %gmem_addr_5, i32 1" [main.cpp:31]   --->   Operation 212 'readreq' 'gmem_load_5_req' <Predicate = true> <Delay = 7.30> <CoreInst = "m_axi">   --->   Core 121 'm_axi' <Latency = 0> <II = 1> <Delay = 1.00> <Adapter> <Opcode : 'read' 'write' 'readreq' 'writereq' 'writeresp'>

State 50 <SV = 49> <Delay = 7.30>
ST_50 : Operation 213 [24/71] (7.30ns)   --->   "%gmem_load_req = readreq i1 @_ssdm_op_ReadReq.m_axi.i64P1A, i64 %gmem_addr, i32 1" [main.cpp:30]   --->   Operation 213 'readreq' 'gmem_load_req' <Predicate = true> <Delay = 7.30> <CoreInst = "m_axi">   --->   Core 121 'm_axi' <Latency = 0> <II = 1> <Delay = 1.00> <Adapter> <Opcode : 'read' 'write' 'readreq' 'writereq' 'writeresp'>
ST_50 : Operation 214 [25/71] (7.30ns)   --->   "%gmem_load_5_req = readreq i1 @_ssdm_op_ReadReq.m_axi.i64P1A, i64 %gmem_addr_5, i32 1" [main.cpp:31]   --->   Operation 214 'readreq' 'gmem_load_5_req' <Predicate = true> <Delay = 7.30> <CoreInst = "m_axi">   --->   Core 121 'm_axi' <Latency = 0> <II = 1> <Delay = 1.00> <Adapter> <Opcode : 'read' 'write' 'readreq' 'writereq' 'writeresp'>

State 51 <SV = 50> <Delay = 7.30>
ST_51 : Operation 215 [23/71] (7.30ns)   --->   "%gmem_load_req = readreq i1 @_ssdm_op_ReadReq.m_axi.i64P1A, i64 %gmem_addr, i32 1" [main.cpp:30]   --->   Operation 215 'readreq' 'gmem_load_req' <Predicate = true> <Delay = 7.30> <CoreInst = "m_axi">   --->   Core 121 'm_axi' <Latency = 0> <II = 1> <Delay = 1.00> <Adapter> <Opcode : 'read' 'write' 'readreq' 'writereq' 'writeresp'>
ST_51 : Operation 216 [24/71] (7.30ns)   --->   "%gmem_load_5_req = readreq i1 @_ssdm_op_ReadReq.m_axi.i64P1A, i64 %gmem_addr_5, i32 1" [main.cpp:31]   --->   Operation 216 'readreq' 'gmem_load_5_req' <Predicate = true> <Delay = 7.30> <CoreInst = "m_axi">   --->   Core 121 'm_axi' <Latency = 0> <II = 1> <Delay = 1.00> <Adapter> <Opcode : 'read' 'write' 'readreq' 'writereq' 'writeresp'>

State 52 <SV = 51> <Delay = 7.30>
ST_52 : Operation 217 [22/71] (7.30ns)   --->   "%gmem_load_req = readreq i1 @_ssdm_op_ReadReq.m_axi.i64P1A, i64 %gmem_addr, i32 1" [main.cpp:30]   --->   Operation 217 'readreq' 'gmem_load_req' <Predicate = true> <Delay = 7.30> <CoreInst = "m_axi">   --->   Core 121 'm_axi' <Latency = 0> <II = 1> <Delay = 1.00> <Adapter> <Opcode : 'read' 'write' 'readreq' 'writereq' 'writeresp'>
ST_52 : Operation 218 [23/71] (7.30ns)   --->   "%gmem_load_5_req = readreq i1 @_ssdm_op_ReadReq.m_axi.i64P1A, i64 %gmem_addr_5, i32 1" [main.cpp:31]   --->   Operation 218 'readreq' 'gmem_load_5_req' <Predicate = true> <Delay = 7.30> <CoreInst = "m_axi">   --->   Core 121 'm_axi' <Latency = 0> <II = 1> <Delay = 1.00> <Adapter> <Opcode : 'read' 'write' 'readreq' 'writereq' 'writeresp'>

State 53 <SV = 52> <Delay = 7.30>
ST_53 : Operation 219 [21/71] (7.30ns)   --->   "%gmem_load_req = readreq i1 @_ssdm_op_ReadReq.m_axi.i64P1A, i64 %gmem_addr, i32 1" [main.cpp:30]   --->   Operation 219 'readreq' 'gmem_load_req' <Predicate = true> <Delay = 7.30> <CoreInst = "m_axi">   --->   Core 121 'm_axi' <Latency = 0> <II = 1> <Delay = 1.00> <Adapter> <Opcode : 'read' 'write' 'readreq' 'writereq' 'writeresp'>
ST_53 : Operation 220 [22/71] (7.30ns)   --->   "%gmem_load_5_req = readreq i1 @_ssdm_op_ReadReq.m_axi.i64P1A, i64 %gmem_addr_5, i32 1" [main.cpp:31]   --->   Operation 220 'readreq' 'gmem_load_5_req' <Predicate = true> <Delay = 7.30> <CoreInst = "m_axi">   --->   Core 121 'm_axi' <Latency = 0> <II = 1> <Delay = 1.00> <Adapter> <Opcode : 'read' 'write' 'readreq' 'writereq' 'writeresp'>

State 54 <SV = 53> <Delay = 7.30>
ST_54 : Operation 221 [20/71] (7.30ns)   --->   "%gmem_load_req = readreq i1 @_ssdm_op_ReadReq.m_axi.i64P1A, i64 %gmem_addr, i32 1" [main.cpp:30]   --->   Operation 221 'readreq' 'gmem_load_req' <Predicate = true> <Delay = 7.30> <CoreInst = "m_axi">   --->   Core 121 'm_axi' <Latency = 0> <II = 1> <Delay = 1.00> <Adapter> <Opcode : 'read' 'write' 'readreq' 'writereq' 'writeresp'>
ST_54 : Operation 222 [21/71] (7.30ns)   --->   "%gmem_load_5_req = readreq i1 @_ssdm_op_ReadReq.m_axi.i64P1A, i64 %gmem_addr_5, i32 1" [main.cpp:31]   --->   Operation 222 'readreq' 'gmem_load_5_req' <Predicate = true> <Delay = 7.30> <CoreInst = "m_axi">   --->   Core 121 'm_axi' <Latency = 0> <II = 1> <Delay = 1.00> <Adapter> <Opcode : 'read' 'write' 'readreq' 'writereq' 'writeresp'>

State 55 <SV = 54> <Delay = 7.30>
ST_55 : Operation 223 [19/71] (7.30ns)   --->   "%gmem_load_req = readreq i1 @_ssdm_op_ReadReq.m_axi.i64P1A, i64 %gmem_addr, i32 1" [main.cpp:30]   --->   Operation 223 'readreq' 'gmem_load_req' <Predicate = true> <Delay = 7.30> <CoreInst = "m_axi">   --->   Core 121 'm_axi' <Latency = 0> <II = 1> <Delay = 1.00> <Adapter> <Opcode : 'read' 'write' 'readreq' 'writereq' 'writeresp'>
ST_55 : Operation 224 [20/71] (7.30ns)   --->   "%gmem_load_5_req = readreq i1 @_ssdm_op_ReadReq.m_axi.i64P1A, i64 %gmem_addr_5, i32 1" [main.cpp:31]   --->   Operation 224 'readreq' 'gmem_load_5_req' <Predicate = true> <Delay = 7.30> <CoreInst = "m_axi">   --->   Core 121 'm_axi' <Latency = 0> <II = 1> <Delay = 1.00> <Adapter> <Opcode : 'read' 'write' 'readreq' 'writereq' 'writeresp'>

State 56 <SV = 55> <Delay = 7.30>
ST_56 : Operation 225 [18/71] (7.30ns)   --->   "%gmem_load_req = readreq i1 @_ssdm_op_ReadReq.m_axi.i64P1A, i64 %gmem_addr, i32 1" [main.cpp:30]   --->   Operation 225 'readreq' 'gmem_load_req' <Predicate = true> <Delay = 7.30> <CoreInst = "m_axi">   --->   Core 121 'm_axi' <Latency = 0> <II = 1> <Delay = 1.00> <Adapter> <Opcode : 'read' 'write' 'readreq' 'writereq' 'writeresp'>
ST_56 : Operation 226 [19/71] (7.30ns)   --->   "%gmem_load_5_req = readreq i1 @_ssdm_op_ReadReq.m_axi.i64P1A, i64 %gmem_addr_5, i32 1" [main.cpp:31]   --->   Operation 226 'readreq' 'gmem_load_5_req' <Predicate = true> <Delay = 7.30> <CoreInst = "m_axi">   --->   Core 121 'm_axi' <Latency = 0> <II = 1> <Delay = 1.00> <Adapter> <Opcode : 'read' 'write' 'readreq' 'writereq' 'writeresp'>

State 57 <SV = 56> <Delay = 7.30>
ST_57 : Operation 227 [17/71] (7.30ns)   --->   "%gmem_load_req = readreq i1 @_ssdm_op_ReadReq.m_axi.i64P1A, i64 %gmem_addr, i32 1" [main.cpp:30]   --->   Operation 227 'readreq' 'gmem_load_req' <Predicate = true> <Delay = 7.30> <CoreInst = "m_axi">   --->   Core 121 'm_axi' <Latency = 0> <II = 1> <Delay = 1.00> <Adapter> <Opcode : 'read' 'write' 'readreq' 'writereq' 'writeresp'>
ST_57 : Operation 228 [18/71] (7.30ns)   --->   "%gmem_load_5_req = readreq i1 @_ssdm_op_ReadReq.m_axi.i64P1A, i64 %gmem_addr_5, i32 1" [main.cpp:31]   --->   Operation 228 'readreq' 'gmem_load_5_req' <Predicate = true> <Delay = 7.30> <CoreInst = "m_axi">   --->   Core 121 'm_axi' <Latency = 0> <II = 1> <Delay = 1.00> <Adapter> <Opcode : 'read' 'write' 'readreq' 'writereq' 'writeresp'>

State 58 <SV = 57> <Delay = 7.30>
ST_58 : Operation 229 [16/71] (7.30ns)   --->   "%gmem_load_req = readreq i1 @_ssdm_op_ReadReq.m_axi.i64P1A, i64 %gmem_addr, i32 1" [main.cpp:30]   --->   Operation 229 'readreq' 'gmem_load_req' <Predicate = true> <Delay = 7.30> <CoreInst = "m_axi">   --->   Core 121 'm_axi' <Latency = 0> <II = 1> <Delay = 1.00> <Adapter> <Opcode : 'read' 'write' 'readreq' 'writereq' 'writeresp'>
ST_58 : Operation 230 [17/71] (7.30ns)   --->   "%gmem_load_5_req = readreq i1 @_ssdm_op_ReadReq.m_axi.i64P1A, i64 %gmem_addr_5, i32 1" [main.cpp:31]   --->   Operation 230 'readreq' 'gmem_load_5_req' <Predicate = true> <Delay = 7.30> <CoreInst = "m_axi">   --->   Core 121 'm_axi' <Latency = 0> <II = 1> <Delay = 1.00> <Adapter> <Opcode : 'read' 'write' 'readreq' 'writereq' 'writeresp'>

State 59 <SV = 58> <Delay = 7.30>
ST_59 : Operation 231 [15/71] (7.30ns)   --->   "%gmem_load_req = readreq i1 @_ssdm_op_ReadReq.m_axi.i64P1A, i64 %gmem_addr, i32 1" [main.cpp:30]   --->   Operation 231 'readreq' 'gmem_load_req' <Predicate = true> <Delay = 7.30> <CoreInst = "m_axi">   --->   Core 121 'm_axi' <Latency = 0> <II = 1> <Delay = 1.00> <Adapter> <Opcode : 'read' 'write' 'readreq' 'writereq' 'writeresp'>
ST_59 : Operation 232 [16/71] (7.30ns)   --->   "%gmem_load_5_req = readreq i1 @_ssdm_op_ReadReq.m_axi.i64P1A, i64 %gmem_addr_5, i32 1" [main.cpp:31]   --->   Operation 232 'readreq' 'gmem_load_5_req' <Predicate = true> <Delay = 7.30> <CoreInst = "m_axi">   --->   Core 121 'm_axi' <Latency = 0> <II = 1> <Delay = 1.00> <Adapter> <Opcode : 'read' 'write' 'readreq' 'writereq' 'writeresp'>

State 60 <SV = 59> <Delay = 7.30>
ST_60 : Operation 233 [14/71] (7.30ns)   --->   "%gmem_load_req = readreq i1 @_ssdm_op_ReadReq.m_axi.i64P1A, i64 %gmem_addr, i32 1" [main.cpp:30]   --->   Operation 233 'readreq' 'gmem_load_req' <Predicate = true> <Delay = 7.30> <CoreInst = "m_axi">   --->   Core 121 'm_axi' <Latency = 0> <II = 1> <Delay = 1.00> <Adapter> <Opcode : 'read' 'write' 'readreq' 'writereq' 'writeresp'>
ST_60 : Operation 234 [15/71] (7.30ns)   --->   "%gmem_load_5_req = readreq i1 @_ssdm_op_ReadReq.m_axi.i64P1A, i64 %gmem_addr_5, i32 1" [main.cpp:31]   --->   Operation 234 'readreq' 'gmem_load_5_req' <Predicate = true> <Delay = 7.30> <CoreInst = "m_axi">   --->   Core 121 'm_axi' <Latency = 0> <II = 1> <Delay = 1.00> <Adapter> <Opcode : 'read' 'write' 'readreq' 'writereq' 'writeresp'>

State 61 <SV = 60> <Delay = 7.30>
ST_61 : Operation 235 [13/71] (7.30ns)   --->   "%gmem_load_req = readreq i1 @_ssdm_op_ReadReq.m_axi.i64P1A, i64 %gmem_addr, i32 1" [main.cpp:30]   --->   Operation 235 'readreq' 'gmem_load_req' <Predicate = true> <Delay = 7.30> <CoreInst = "m_axi">   --->   Core 121 'm_axi' <Latency = 0> <II = 1> <Delay = 1.00> <Adapter> <Opcode : 'read' 'write' 'readreq' 'writereq' 'writeresp'>
ST_61 : Operation 236 [14/71] (7.30ns)   --->   "%gmem_load_5_req = readreq i1 @_ssdm_op_ReadReq.m_axi.i64P1A, i64 %gmem_addr_5, i32 1" [main.cpp:31]   --->   Operation 236 'readreq' 'gmem_load_5_req' <Predicate = true> <Delay = 7.30> <CoreInst = "m_axi">   --->   Core 121 'm_axi' <Latency = 0> <II = 1> <Delay = 1.00> <Adapter> <Opcode : 'read' 'write' 'readreq' 'writereq' 'writeresp'>

State 62 <SV = 61> <Delay = 7.30>
ST_62 : Operation 237 [12/71] (7.30ns)   --->   "%gmem_load_req = readreq i1 @_ssdm_op_ReadReq.m_axi.i64P1A, i64 %gmem_addr, i32 1" [main.cpp:30]   --->   Operation 237 'readreq' 'gmem_load_req' <Predicate = true> <Delay = 7.30> <CoreInst = "m_axi">   --->   Core 121 'm_axi' <Latency = 0> <II = 1> <Delay = 1.00> <Adapter> <Opcode : 'read' 'write' 'readreq' 'writereq' 'writeresp'>
ST_62 : Operation 238 [13/71] (7.30ns)   --->   "%gmem_load_5_req = readreq i1 @_ssdm_op_ReadReq.m_axi.i64P1A, i64 %gmem_addr_5, i32 1" [main.cpp:31]   --->   Operation 238 'readreq' 'gmem_load_5_req' <Predicate = true> <Delay = 7.30> <CoreInst = "m_axi">   --->   Core 121 'm_axi' <Latency = 0> <II = 1> <Delay = 1.00> <Adapter> <Opcode : 'read' 'write' 'readreq' 'writereq' 'writeresp'>

State 63 <SV = 62> <Delay = 7.30>
ST_63 : Operation 239 [11/71] (7.30ns)   --->   "%gmem_load_req = readreq i1 @_ssdm_op_ReadReq.m_axi.i64P1A, i64 %gmem_addr, i32 1" [main.cpp:30]   --->   Operation 239 'readreq' 'gmem_load_req' <Predicate = true> <Delay = 7.30> <CoreInst = "m_axi">   --->   Core 121 'm_axi' <Latency = 0> <II = 1> <Delay = 1.00> <Adapter> <Opcode : 'read' 'write' 'readreq' 'writereq' 'writeresp'>
ST_63 : Operation 240 [12/71] (7.30ns)   --->   "%gmem_load_5_req = readreq i1 @_ssdm_op_ReadReq.m_axi.i64P1A, i64 %gmem_addr_5, i32 1" [main.cpp:31]   --->   Operation 240 'readreq' 'gmem_load_5_req' <Predicate = true> <Delay = 7.30> <CoreInst = "m_axi">   --->   Core 121 'm_axi' <Latency = 0> <II = 1> <Delay = 1.00> <Adapter> <Opcode : 'read' 'write' 'readreq' 'writereq' 'writeresp'>

State 64 <SV = 63> <Delay = 7.30>
ST_64 : Operation 241 [10/71] (7.30ns)   --->   "%gmem_load_req = readreq i1 @_ssdm_op_ReadReq.m_axi.i64P1A, i64 %gmem_addr, i32 1" [main.cpp:30]   --->   Operation 241 'readreq' 'gmem_load_req' <Predicate = true> <Delay = 7.30> <CoreInst = "m_axi">   --->   Core 121 'm_axi' <Latency = 0> <II = 1> <Delay = 1.00> <Adapter> <Opcode : 'read' 'write' 'readreq' 'writereq' 'writeresp'>
ST_64 : Operation 242 [11/71] (7.30ns)   --->   "%gmem_load_5_req = readreq i1 @_ssdm_op_ReadReq.m_axi.i64P1A, i64 %gmem_addr_5, i32 1" [main.cpp:31]   --->   Operation 242 'readreq' 'gmem_load_5_req' <Predicate = true> <Delay = 7.30> <CoreInst = "m_axi">   --->   Core 121 'm_axi' <Latency = 0> <II = 1> <Delay = 1.00> <Adapter> <Opcode : 'read' 'write' 'readreq' 'writereq' 'writeresp'>

State 65 <SV = 64> <Delay = 7.30>
ST_65 : Operation 243 [9/71] (7.30ns)   --->   "%gmem_load_req = readreq i1 @_ssdm_op_ReadReq.m_axi.i64P1A, i64 %gmem_addr, i32 1" [main.cpp:30]   --->   Operation 243 'readreq' 'gmem_load_req' <Predicate = true> <Delay = 7.30> <CoreInst = "m_axi">   --->   Core 121 'm_axi' <Latency = 0> <II = 1> <Delay = 1.00> <Adapter> <Opcode : 'read' 'write' 'readreq' 'writereq' 'writeresp'>
ST_65 : Operation 244 [10/71] (7.30ns)   --->   "%gmem_load_5_req = readreq i1 @_ssdm_op_ReadReq.m_axi.i64P1A, i64 %gmem_addr_5, i32 1" [main.cpp:31]   --->   Operation 244 'readreq' 'gmem_load_5_req' <Predicate = true> <Delay = 7.30> <CoreInst = "m_axi">   --->   Core 121 'm_axi' <Latency = 0> <II = 1> <Delay = 1.00> <Adapter> <Opcode : 'read' 'write' 'readreq' 'writereq' 'writeresp'>

State 66 <SV = 65> <Delay = 7.30>
ST_66 : Operation 245 [8/71] (7.30ns)   --->   "%gmem_load_req = readreq i1 @_ssdm_op_ReadReq.m_axi.i64P1A, i64 %gmem_addr, i32 1" [main.cpp:30]   --->   Operation 245 'readreq' 'gmem_load_req' <Predicate = true> <Delay = 7.30> <CoreInst = "m_axi">   --->   Core 121 'm_axi' <Latency = 0> <II = 1> <Delay = 1.00> <Adapter> <Opcode : 'read' 'write' 'readreq' 'writereq' 'writeresp'>
ST_66 : Operation 246 [9/71] (7.30ns)   --->   "%gmem_load_5_req = readreq i1 @_ssdm_op_ReadReq.m_axi.i64P1A, i64 %gmem_addr_5, i32 1" [main.cpp:31]   --->   Operation 246 'readreq' 'gmem_load_5_req' <Predicate = true> <Delay = 7.30> <CoreInst = "m_axi">   --->   Core 121 'm_axi' <Latency = 0> <II = 1> <Delay = 1.00> <Adapter> <Opcode : 'read' 'write' 'readreq' 'writereq' 'writeresp'>

State 67 <SV = 66> <Delay = 7.30>
ST_67 : Operation 247 [7/71] (7.30ns)   --->   "%gmem_load_req = readreq i1 @_ssdm_op_ReadReq.m_axi.i64P1A, i64 %gmem_addr, i32 1" [main.cpp:30]   --->   Operation 247 'readreq' 'gmem_load_req' <Predicate = true> <Delay = 7.30> <CoreInst = "m_axi">   --->   Core 121 'm_axi' <Latency = 0> <II = 1> <Delay = 1.00> <Adapter> <Opcode : 'read' 'write' 'readreq' 'writereq' 'writeresp'>
ST_67 : Operation 248 [8/71] (7.30ns)   --->   "%gmem_load_5_req = readreq i1 @_ssdm_op_ReadReq.m_axi.i64P1A, i64 %gmem_addr_5, i32 1" [main.cpp:31]   --->   Operation 248 'readreq' 'gmem_load_5_req' <Predicate = true> <Delay = 7.30> <CoreInst = "m_axi">   --->   Core 121 'm_axi' <Latency = 0> <II = 1> <Delay = 1.00> <Adapter> <Opcode : 'read' 'write' 'readreq' 'writereq' 'writeresp'>

State 68 <SV = 67> <Delay = 7.30>
ST_68 : Operation 249 [6/71] (7.30ns)   --->   "%gmem_load_req = readreq i1 @_ssdm_op_ReadReq.m_axi.i64P1A, i64 %gmem_addr, i32 1" [main.cpp:30]   --->   Operation 249 'readreq' 'gmem_load_req' <Predicate = true> <Delay = 7.30> <CoreInst = "m_axi">   --->   Core 121 'm_axi' <Latency = 0> <II = 1> <Delay = 1.00> <Adapter> <Opcode : 'read' 'write' 'readreq' 'writereq' 'writeresp'>
ST_68 : Operation 250 [7/71] (7.30ns)   --->   "%gmem_load_5_req = readreq i1 @_ssdm_op_ReadReq.m_axi.i64P1A, i64 %gmem_addr_5, i32 1" [main.cpp:31]   --->   Operation 250 'readreq' 'gmem_load_5_req' <Predicate = true> <Delay = 7.30> <CoreInst = "m_axi">   --->   Core 121 'm_axi' <Latency = 0> <II = 1> <Delay = 1.00> <Adapter> <Opcode : 'read' 'write' 'readreq' 'writereq' 'writeresp'>

State 69 <SV = 68> <Delay = 7.30>
ST_69 : Operation 251 [5/71] (7.30ns)   --->   "%gmem_load_req = readreq i1 @_ssdm_op_ReadReq.m_axi.i64P1A, i64 %gmem_addr, i32 1" [main.cpp:30]   --->   Operation 251 'readreq' 'gmem_load_req' <Predicate = true> <Delay = 7.30> <CoreInst = "m_axi">   --->   Core 121 'm_axi' <Latency = 0> <II = 1> <Delay = 1.00> <Adapter> <Opcode : 'read' 'write' 'readreq' 'writereq' 'writeresp'>
ST_69 : Operation 252 [6/71] (7.30ns)   --->   "%gmem_load_5_req = readreq i1 @_ssdm_op_ReadReq.m_axi.i64P1A, i64 %gmem_addr_5, i32 1" [main.cpp:31]   --->   Operation 252 'readreq' 'gmem_load_5_req' <Predicate = true> <Delay = 7.30> <CoreInst = "m_axi">   --->   Core 121 'm_axi' <Latency = 0> <II = 1> <Delay = 1.00> <Adapter> <Opcode : 'read' 'write' 'readreq' 'writereq' 'writeresp'>

State 70 <SV = 69> <Delay = 7.30>
ST_70 : Operation 253 [4/71] (7.30ns)   --->   "%gmem_load_req = readreq i1 @_ssdm_op_ReadReq.m_axi.i64P1A, i64 %gmem_addr, i32 1" [main.cpp:30]   --->   Operation 253 'readreq' 'gmem_load_req' <Predicate = true> <Delay = 7.30> <CoreInst = "m_axi">   --->   Core 121 'm_axi' <Latency = 0> <II = 1> <Delay = 1.00> <Adapter> <Opcode : 'read' 'write' 'readreq' 'writereq' 'writeresp'>
ST_70 : Operation 254 [5/71] (7.30ns)   --->   "%gmem_load_5_req = readreq i1 @_ssdm_op_ReadReq.m_axi.i64P1A, i64 %gmem_addr_5, i32 1" [main.cpp:31]   --->   Operation 254 'readreq' 'gmem_load_5_req' <Predicate = true> <Delay = 7.30> <CoreInst = "m_axi">   --->   Core 121 'm_axi' <Latency = 0> <II = 1> <Delay = 1.00> <Adapter> <Opcode : 'read' 'write' 'readreq' 'writereq' 'writeresp'>

State 71 <SV = 70> <Delay = 7.30>
ST_71 : Operation 255 [3/71] (7.30ns)   --->   "%gmem_load_req = readreq i1 @_ssdm_op_ReadReq.m_axi.i64P1A, i64 %gmem_addr, i32 1" [main.cpp:30]   --->   Operation 255 'readreq' 'gmem_load_req' <Predicate = true> <Delay = 7.30> <CoreInst = "m_axi">   --->   Core 121 'm_axi' <Latency = 0> <II = 1> <Delay = 1.00> <Adapter> <Opcode : 'read' 'write' 'readreq' 'writereq' 'writeresp'>
ST_71 : Operation 256 [4/71] (7.30ns)   --->   "%gmem_load_5_req = readreq i1 @_ssdm_op_ReadReq.m_axi.i64P1A, i64 %gmem_addr_5, i32 1" [main.cpp:31]   --->   Operation 256 'readreq' 'gmem_load_5_req' <Predicate = true> <Delay = 7.30> <CoreInst = "m_axi">   --->   Core 121 'm_axi' <Latency = 0> <II = 1> <Delay = 1.00> <Adapter> <Opcode : 'read' 'write' 'readreq' 'writereq' 'writeresp'>

State 72 <SV = 71> <Delay = 7.30>
ST_72 : Operation 257 [2/71] (7.30ns)   --->   "%gmem_load_req = readreq i1 @_ssdm_op_ReadReq.m_axi.i64P1A, i64 %gmem_addr, i32 1" [main.cpp:30]   --->   Operation 257 'readreq' 'gmem_load_req' <Predicate = true> <Delay = 7.30> <CoreInst = "m_axi">   --->   Core 121 'm_axi' <Latency = 0> <II = 1> <Delay = 1.00> <Adapter> <Opcode : 'read' 'write' 'readreq' 'writereq' 'writeresp'>
ST_72 : Operation 258 [3/71] (7.30ns)   --->   "%gmem_load_5_req = readreq i1 @_ssdm_op_ReadReq.m_axi.i64P1A, i64 %gmem_addr_5, i32 1" [main.cpp:31]   --->   Operation 258 'readreq' 'gmem_load_5_req' <Predicate = true> <Delay = 7.30> <CoreInst = "m_axi">   --->   Core 121 'm_axi' <Latency = 0> <II = 1> <Delay = 1.00> <Adapter> <Opcode : 'read' 'write' 'readreq' 'writereq' 'writeresp'>

State 73 <SV = 72> <Delay = 7.30>
ST_73 : Operation 259 [1/71] (7.30ns)   --->   "%gmem_load_req = readreq i1 @_ssdm_op_ReadReq.m_axi.i64P1A, i64 %gmem_addr, i32 1" [main.cpp:30]   --->   Operation 259 'readreq' 'gmem_load_req' <Predicate = true> <Delay = 7.30> <CoreInst = "m_axi">   --->   Core 121 'm_axi' <Latency = 0> <II = 1> <Delay = 1.00> <Adapter> <Opcode : 'read' 'write' 'readreq' 'writereq' 'writeresp'>
ST_73 : Operation 260 [2/71] (7.30ns)   --->   "%gmem_load_5_req = readreq i1 @_ssdm_op_ReadReq.m_axi.i64P1A, i64 %gmem_addr_5, i32 1" [main.cpp:31]   --->   Operation 260 'readreq' 'gmem_load_5_req' <Predicate = true> <Delay = 7.30> <CoreInst = "m_axi">   --->   Core 121 'm_axi' <Latency = 0> <II = 1> <Delay = 1.00> <Adapter> <Opcode : 'read' 'write' 'readreq' 'writereq' 'writeresp'>

State 74 <SV = 73> <Delay = 7.30>
ST_74 : Operation 261 [1/1] (7.30ns)   --->   "%gmem_addr_read = read i64 @_ssdm_op_Read.m_axi.i64P1A, i64 %gmem_addr" [main.cpp:30]   --->   Operation 261 'read' 'gmem_addr_read' <Predicate = true> <Delay = 7.30> <CoreInst = "m_axi">   --->   Core 121 'm_axi' <Latency = 0> <II = 1> <Delay = 1.00> <Adapter> <Opcode : 'read' 'write' 'readreq' 'writereq' 'writeresp'>
ST_74 : Operation 262 [1/71] (7.30ns)   --->   "%gmem_load_5_req = readreq i1 @_ssdm_op_ReadReq.m_axi.i64P1A, i64 %gmem_addr_5, i32 1" [main.cpp:31]   --->   Operation 262 'readreq' 'gmem_load_5_req' <Predicate = true> <Delay = 7.30> <CoreInst = "m_axi">   --->   Core 121 'm_axi' <Latency = 0> <II = 1> <Delay = 1.00> <Adapter> <Opcode : 'read' 'write' 'readreq' 'writereq' 'writeresp'>

State 75 <SV = 74> <Delay = 7.30>
ST_75 : Operation 263 [1/1] (1.36ns)   --->   "%add_ln30_1 = add i64 %gmem_addr_read, i64 %p_load15" [main.cpp:30]   --->   Operation 263 'add' 'add_ln30_1' <Predicate = true> <Delay = 1.36> <CoreInst = "Adder">   --->   Core 1 'Adder' <Latency = 0> <II = 1> <Delay = 1.36> <FuncUnit> <Opcode : 'add' 'sub'> <InPorts = 2> <OutPorts = 1>
ST_75 : Operation 264 [1/1] (7.30ns)   --->   "%gmem_addr_5_read = read i64 @_ssdm_op_Read.m_axi.i64P1A, i64 %gmem_addr_5" [main.cpp:31]   --->   Operation 264 'read' 'gmem_addr_5_read' <Predicate = true> <Delay = 7.30> <CoreInst = "m_axi">   --->   Core 121 'm_axi' <Latency = 0> <II = 1> <Delay = 1.00> <Adapter> <Opcode : 'read' 'write' 'readreq' 'writereq' 'writeresp'>
ST_75 : [1/1] (0.62ns)   --->   Input mux for Operation 265 '%mul_ln33 = mul i64 %gmem_addr_read, i64 %gmem_addr_read'
ST_75 : Operation 265 [1/1] (4.84ns)   --->   "%mul_ln33 = mul i64 %gmem_addr_read, i64 %gmem_addr_read" [main.cpp:33]   --->   Operation 265 'mul' 'mul_ln33' <Predicate = true> <Delay = 4.84> <CoreInst = "Multiplier">   --->   Core 3 'Multiplier' <Latency = 0> <II = 1> <Delay = 5.47> <FuncUnit> <Opcode : 'mul'> <InPorts = 2> <OutPorts = 1>
ST_75 : Operation 266 [1/1] (0.46ns)   --->   "%store_ln28 = store i64 %add_ln30_1, i64 %empty" [main.cpp:28]   --->   Operation 266 'store' 'store_ln28' <Predicate = true> <Delay = 0.46>

State 76 <SV = 75> <Delay = 5.47>
ST_76 : Operation 267 [1/1] (1.36ns)   --->   "%add_ln31_1 = add i64 %gmem_addr_5_read, i64 %p_load14" [main.cpp:31]   --->   Operation 267 'add' 'add_ln31_1' <Predicate = true> <Delay = 1.36> <CoreInst = "Adder">   --->   Core 1 'Adder' <Latency = 0> <II = 1> <Delay = 1.36> <FuncUnit> <Opcode : 'add' 'sub'> <InPorts = 2> <OutPorts = 1>
ST_76 : [1/1] (0.62ns)   --->   Input mux for Operation 268 '%mul_ln32 = mul i64 %gmem_addr_5_read, i64 %gmem_addr_read'
ST_76 : Operation 268 [1/1] (4.84ns)   --->   "%mul_ln32 = mul i64 %gmem_addr_5_read, i64 %gmem_addr_read" [main.cpp:32]   --->   Operation 268 'mul' 'mul_ln32' <Predicate = true> <Delay = 4.84> <CoreInst = "Multiplier">   --->   Core 3 'Multiplier' <Latency = 0> <II = 1> <Delay = 5.47> <FuncUnit> <Opcode : 'mul'> <InPorts = 2> <OutPorts = 1>
ST_76 : Operation 269 [1/1] (1.36ns)   --->   "%add_ln33 = add i64 %mul_ln33, i64 %p_load" [main.cpp:33]   --->   Operation 269 'add' 'add_ln33' <Predicate = true> <Delay = 1.36> <CoreInst = "Adder">   --->   Core 1 'Adder' <Latency = 0> <II = 1> <Delay = 1.36> <FuncUnit> <Opcode : 'add' 'sub'> <InPorts = 2> <OutPorts = 1>
ST_76 : Operation 270 [1/1] (0.46ns)   --->   "%store_ln28 = store i64 %add_ln33, i64 %empty_27" [main.cpp:28]   --->   Operation 270 'store' 'store_ln28' <Predicate = true> <Delay = 0.46>
ST_76 : Operation 271 [1/1] (0.46ns)   --->   "%store_ln28 = store i64 %add_ln31_1, i64 %empty_25" [main.cpp:28]   --->   Operation 271 'store' 'store_ln28' <Predicate = true> <Delay = 0.46>

State 77 <SV = 76> <Delay = 1.82>
ST_77 : Operation 272 [1/1] (0.00ns)   --->   "%specloopname_ln28 = specloopname void @_ssdm_op_SpecLoopName, void @empty_0" [main.cpp:28]   --->   Operation 272 'specloopname' 'specloopname_ln28' <Predicate = true> <Delay = 0.00>
ST_77 : Operation 273 [1/1] (1.36ns)   --->   "%add_ln32 = add i64 %mul_ln32, i64 %p_load13" [main.cpp:32]   --->   Operation 273 'add' 'add_ln32' <Predicate = true> <Delay = 1.36> <CoreInst = "Adder">   --->   Core 1 'Adder' <Latency = 0> <II = 1> <Delay = 1.36> <FuncUnit> <Opcode : 'add' 'sub'> <InPorts = 2> <OutPorts = 1>
ST_77 : Operation 274 [1/1] (0.46ns)   --->   "%store_ln28 = store i64 %add_ln32, i64 %empty_26" [main.cpp:28]   --->   Operation 274 'store' 'store_ln28' <Predicate = true> <Delay = 0.46>
ST_77 : Operation 275 [1/1] (0.00ns)   --->   "%br_ln28 = br void %for.inc" [main.cpp:28]   --->   Operation 275 'br' 'br_ln28' <Predicate = true> <Delay = 0.00>

State 78 <SV = 2> <Delay = 0.00>
ST_78 : Operation 276 [1/1] (0.00ns)   --->   "%sy_write_assign = phi i64 0, void %entry, i64 %p_load14, void %for.end.loopexit" [main.cpp:31]   --->   Operation 276 'phi' 'sy_write_assign' <Predicate = true> <Delay = 0.00>
ST_78 : Operation 277 [1/1] (0.00ns)   --->   "%sx_write_assign = phi i64 0, void %entry, i64 %p_load15, void %for.end.loopexit" [main.cpp:30]   --->   Operation 277 'phi' 'sx_write_assign' <Predicate = true> <Delay = 0.00>
ST_78 : Operation 278 [1/1] (0.00ns)   --->   "%sxy_write_assign = phi i64 0, void %entry, i64 %p_load13, void %for.end.loopexit" [main.cpp:32]   --->   Operation 278 'phi' 'sxy_write_assign' <Predicate = true> <Delay = 0.00>
ST_78 : Operation 279 [1/1] (0.00ns)   --->   "%sxx_write_assign = phi i64 0, void %entry, i64 %p_load, void %for.end.loopexit" [main.cpp:33]   --->   Operation 279 'phi' 'sxx_write_assign' <Predicate = true> <Delay = 0.00>
ST_78 : Operation 280 [1/1] (0.00ns)   --->   "%mrv = insertvalue i256 <undef>, i64 %sx_write_assign" [main.cpp:35]   --->   Operation 280 'insertvalue' 'mrv' <Predicate = true> <Delay = 0.00>
ST_78 : Operation 281 [1/1] (0.00ns)   --->   "%mrv_1 = insertvalue i256 %mrv, i64 %sy_write_assign" [main.cpp:35]   --->   Operation 281 'insertvalue' 'mrv_1' <Predicate = true> <Delay = 0.00>
ST_78 : Operation 282 [1/1] (0.00ns)   --->   "%mrv_2 = insertvalue i256 %mrv_1, i64 %sxy_write_assign" [main.cpp:35]   --->   Operation 282 'insertvalue' 'mrv_2' <Predicate = true> <Delay = 0.00>
ST_78 : Operation 283 [1/1] (0.00ns)   --->   "%mrv_3 = insertvalue i256 %mrv_2, i64 %sxx_write_assign" [main.cpp:35]   --->   Operation 283 'insertvalue' 'mrv_3' <Predicate = true> <Delay = 0.00>
ST_78 : Operation 284 [1/1] (0.00ns)   --->   "%ret_ln35 = ret i256 %mrv_3" [main.cpp:35]   --->   Operation 284 'ret' 'ret_ln35' <Predicate = true> <Delay = 0.00>


============================================================
+ Verbose Summary: Timing violations
============================================================
Target clock period: 10.000ns, clock uncertainty: 2.700ns.

 <State 1>: 1.602ns
The critical path consists of the following:
	wire read operation ('size', main.cpp:20) on port 'size' (main.cpp:20) [7]  (0.000 ns)
	'icmp' operation ('icmp_ln28', main.cpp:28) [10]  (1.142 ns)
	multiplexor before 'phi' operation ('sy', main.cpp:31) with incoming values : ('p_load14', main.cpp:31) [67]  (0.460 ns)

 <State 2>: 1.601ns
The critical path consists of the following:
	'load' operation ('i', main.cpp:28) on local variable 'i' [30]  (0.000 ns)
	'add' operation ('add_ln28', main.cpp:28) [38]  (1.141 ns)
	'store' operation ('store_ln28', main.cpp:28) of variable 'add_ln28', main.cpp:28 on local variable 'i' [62]  (0.460 ns)

 <State 3>: 7.300ns
The critical path consists of the following:
	'getelementptr' operation ('gmem_addr', main.cpp:30) [44]  (0.000 ns)
	bus request operation ('gmem_load_req', main.cpp:30) on port 'gmem' (main.cpp:30) [45]  (7.300 ns)

 <State 4>: 7.300ns
The critical path consists of the following:
	bus request operation ('gmem_load_req', main.cpp:30) on port 'gmem' (main.cpp:30) [45]  (7.300 ns)

 <State 5>: 7.300ns
The critical path consists of the following:
	bus request operation ('gmem_load_req', main.cpp:30) on port 'gmem' (main.cpp:30) [45]  (7.300 ns)

 <State 6>: 7.300ns
The critical path consists of the following:
	bus request operation ('gmem_load_req', main.cpp:30) on port 'gmem' (main.cpp:30) [45]  (7.300 ns)

 <State 7>: 7.300ns
The critical path consists of the following:
	bus request operation ('gmem_load_req', main.cpp:30) on port 'gmem' (main.cpp:30) [45]  (7.300 ns)

 <State 8>: 7.300ns
The critical path consists of the following:
	bus request operation ('gmem_load_req', main.cpp:30) on port 'gmem' (main.cpp:30) [45]  (7.300 ns)

 <State 9>: 7.300ns
The critical path consists of the following:
	bus request operation ('gmem_load_req', main.cpp:30) on port 'gmem' (main.cpp:30) [45]  (7.300 ns)

 <State 10>: 7.300ns
The critical path consists of the following:
	bus request operation ('gmem_load_req', main.cpp:30) on port 'gmem' (main.cpp:30) [45]  (7.300 ns)

 <State 11>: 7.300ns
The critical path consists of the following:
	bus request operation ('gmem_load_req', main.cpp:30) on port 'gmem' (main.cpp:30) [45]  (7.300 ns)

 <State 12>: 7.300ns
The critical path consists of the following:
	bus request operation ('gmem_load_req', main.cpp:30) on port 'gmem' (main.cpp:30) [45]  (7.300 ns)

 <State 13>: 7.300ns
The critical path consists of the following:
	bus request operation ('gmem_load_req', main.cpp:30) on port 'gmem' (main.cpp:30) [45]  (7.300 ns)

 <State 14>: 7.300ns
The critical path consists of the following:
	bus request operation ('gmem_load_req', main.cpp:30) on port 'gmem' (main.cpp:30) [45]  (7.300 ns)

 <State 15>: 7.300ns
The critical path consists of the following:
	bus request operation ('gmem_load_req', main.cpp:30) on port 'gmem' (main.cpp:30) [45]  (7.300 ns)

 <State 16>: 7.300ns
The critical path consists of the following:
	bus request operation ('gmem_load_req', main.cpp:30) on port 'gmem' (main.cpp:30) [45]  (7.300 ns)

 <State 17>: 7.300ns
The critical path consists of the following:
	bus request operation ('gmem_load_req', main.cpp:30) on port 'gmem' (main.cpp:30) [45]  (7.300 ns)

 <State 18>: 7.300ns
The critical path consists of the following:
	bus request operation ('gmem_load_req', main.cpp:30) on port 'gmem' (main.cpp:30) [45]  (7.300 ns)

 <State 19>: 7.300ns
The critical path consists of the following:
	bus request operation ('gmem_load_req', main.cpp:30) on port 'gmem' (main.cpp:30) [45]  (7.300 ns)

 <State 20>: 7.300ns
The critical path consists of the following:
	bus request operation ('gmem_load_req', main.cpp:30) on port 'gmem' (main.cpp:30) [45]  (7.300 ns)

 <State 21>: 7.300ns
The critical path consists of the following:
	bus request operation ('gmem_load_req', main.cpp:30) on port 'gmem' (main.cpp:30) [45]  (7.300 ns)

 <State 22>: 7.300ns
The critical path consists of the following:
	bus request operation ('gmem_load_req', main.cpp:30) on port 'gmem' (main.cpp:30) [45]  (7.300 ns)

 <State 23>: 7.300ns
The critical path consists of the following:
	bus request operation ('gmem_load_req', main.cpp:30) on port 'gmem' (main.cpp:30) [45]  (7.300 ns)

 <State 24>: 7.300ns
The critical path consists of the following:
	bus request operation ('gmem_load_req', main.cpp:30) on port 'gmem' (main.cpp:30) [45]  (7.300 ns)

 <State 25>: 7.300ns
The critical path consists of the following:
	bus request operation ('gmem_load_req', main.cpp:30) on port 'gmem' (main.cpp:30) [45]  (7.300 ns)

 <State 26>: 7.300ns
The critical path consists of the following:
	bus request operation ('gmem_load_req', main.cpp:30) on port 'gmem' (main.cpp:30) [45]  (7.300 ns)

 <State 27>: 7.300ns
The critical path consists of the following:
	bus request operation ('gmem_load_req', main.cpp:30) on port 'gmem' (main.cpp:30) [45]  (7.300 ns)

 <State 28>: 7.300ns
The critical path consists of the following:
	bus request operation ('gmem_load_req', main.cpp:30) on port 'gmem' (main.cpp:30) [45]  (7.300 ns)

 <State 29>: 7.300ns
The critical path consists of the following:
	bus request operation ('gmem_load_req', main.cpp:30) on port 'gmem' (main.cpp:30) [45]  (7.300 ns)

 <State 30>: 7.300ns
The critical path consists of the following:
	bus request operation ('gmem_load_req', main.cpp:30) on port 'gmem' (main.cpp:30) [45]  (7.300 ns)

 <State 31>: 7.300ns
The critical path consists of the following:
	bus request operation ('gmem_load_req', main.cpp:30) on port 'gmem' (main.cpp:30) [45]  (7.300 ns)

 <State 32>: 7.300ns
The critical path consists of the following:
	bus request operation ('gmem_load_req', main.cpp:30) on port 'gmem' (main.cpp:30) [45]  (7.300 ns)

 <State 33>: 7.300ns
The critical path consists of the following:
	bus request operation ('gmem_load_req', main.cpp:30) on port 'gmem' (main.cpp:30) [45]  (7.300 ns)

 <State 34>: 7.300ns
The critical path consists of the following:
	bus request operation ('gmem_load_req', main.cpp:30) on port 'gmem' (main.cpp:30) [45]  (7.300 ns)

 <State 35>: 7.300ns
The critical path consists of the following:
	bus request operation ('gmem_load_req', main.cpp:30) on port 'gmem' (main.cpp:30) [45]  (7.300 ns)

 <State 36>: 7.300ns
The critical path consists of the following:
	bus request operation ('gmem_load_req', main.cpp:30) on port 'gmem' (main.cpp:30) [45]  (7.300 ns)

 <State 37>: 7.300ns
The critical path consists of the following:
	bus request operation ('gmem_load_req', main.cpp:30) on port 'gmem' (main.cpp:30) [45]  (7.300 ns)

 <State 38>: 7.300ns
The critical path consists of the following:
	bus request operation ('gmem_load_req', main.cpp:30) on port 'gmem' (main.cpp:30) [45]  (7.300 ns)

 <State 39>: 7.300ns
The critical path consists of the following:
	bus request operation ('gmem_load_req', main.cpp:30) on port 'gmem' (main.cpp:30) [45]  (7.300 ns)

 <State 40>: 7.300ns
The critical path consists of the following:
	bus request operation ('gmem_load_req', main.cpp:30) on port 'gmem' (main.cpp:30) [45]  (7.300 ns)

 <State 41>: 7.300ns
The critical path consists of the following:
	bus request operation ('gmem_load_req', main.cpp:30) on port 'gmem' (main.cpp:30) [45]  (7.300 ns)

 <State 42>: 7.300ns
The critical path consists of the following:
	bus request operation ('gmem_load_req', main.cpp:30) on port 'gmem' (main.cpp:30) [45]  (7.300 ns)

 <State 43>: 7.300ns
The critical path consists of the following:
	bus request operation ('gmem_load_req', main.cpp:30) on port 'gmem' (main.cpp:30) [45]  (7.300 ns)

 <State 44>: 7.300ns
The critical path consists of the following:
	bus request operation ('gmem_load_req', main.cpp:30) on port 'gmem' (main.cpp:30) [45]  (7.300 ns)

 <State 45>: 7.300ns
The critical path consists of the following:
	bus request operation ('gmem_load_req', main.cpp:30) on port 'gmem' (main.cpp:30) [45]  (7.300 ns)

 <State 46>: 7.300ns
The critical path consists of the following:
	bus request operation ('gmem_load_req', main.cpp:30) on port 'gmem' (main.cpp:30) [45]  (7.300 ns)

 <State 47>: 7.300ns
The critical path consists of the following:
	bus request operation ('gmem_load_req', main.cpp:30) on port 'gmem' (main.cpp:30) [45]  (7.300 ns)

 <State 48>: 7.300ns
The critical path consists of the following:
	bus request operation ('gmem_load_req', main.cpp:30) on port 'gmem' (main.cpp:30) [45]  (7.300 ns)

 <State 49>: 7.300ns
The critical path consists of the following:
	bus request operation ('gmem_load_req', main.cpp:30) on port 'gmem' (main.cpp:30) [45]  (7.300 ns)

 <State 50>: 7.300ns
The critical path consists of the following:
	bus request operation ('gmem_load_req', main.cpp:30) on port 'gmem' (main.cpp:30) [45]  (7.300 ns)

 <State 51>: 7.300ns
The critical path consists of the following:
	bus request operation ('gmem_load_req', main.cpp:30) on port 'gmem' (main.cpp:30) [45]  (7.300 ns)

 <State 52>: 7.300ns
The critical path consists of the following:
	bus request operation ('gmem_load_req', main.cpp:30) on port 'gmem' (main.cpp:30) [45]  (7.300 ns)

 <State 53>: 7.300ns
The critical path consists of the following:
	bus request operation ('gmem_load_req', main.cpp:30) on port 'gmem' (main.cpp:30) [45]  (7.300 ns)

 <State 54>: 7.300ns
The critical path consists of the following:
	bus request operation ('gmem_load_req', main.cpp:30) on port 'gmem' (main.cpp:30) [45]  (7.300 ns)

 <State 55>: 7.300ns
The critical path consists of the following:
	bus request operation ('gmem_load_req', main.cpp:30) on port 'gmem' (main.cpp:30) [45]  (7.300 ns)

 <State 56>: 7.300ns
The critical path consists of the following:
	bus request operation ('gmem_load_req', main.cpp:30) on port 'gmem' (main.cpp:30) [45]  (7.300 ns)

 <State 57>: 7.300ns
The critical path consists of the following:
	bus request operation ('gmem_load_req', main.cpp:30) on port 'gmem' (main.cpp:30) [45]  (7.300 ns)

 <State 58>: 7.300ns
The critical path consists of the following:
	bus request operation ('gmem_load_req', main.cpp:30) on port 'gmem' (main.cpp:30) [45]  (7.300 ns)

 <State 59>: 7.300ns
The critical path consists of the following:
	bus request operation ('gmem_load_req', main.cpp:30) on port 'gmem' (main.cpp:30) [45]  (7.300 ns)

 <State 60>: 7.300ns
The critical path consists of the following:
	bus request operation ('gmem_load_req', main.cpp:30) on port 'gmem' (main.cpp:30) [45]  (7.300 ns)

 <State 61>: 7.300ns
The critical path consists of the following:
	bus request operation ('gmem_load_req', main.cpp:30) on port 'gmem' (main.cpp:30) [45]  (7.300 ns)

 <State 62>: 7.300ns
The critical path consists of the following:
	bus request operation ('gmem_load_req', main.cpp:30) on port 'gmem' (main.cpp:30) [45]  (7.300 ns)

 <State 63>: 7.300ns
The critical path consists of the following:
	bus request operation ('gmem_load_req', main.cpp:30) on port 'gmem' (main.cpp:30) [45]  (7.300 ns)

 <State 64>: 7.300ns
The critical path consists of the following:
	bus request operation ('gmem_load_req', main.cpp:30) on port 'gmem' (main.cpp:30) [45]  (7.300 ns)

 <State 65>: 7.300ns
The critical path consists of the following:
	bus request operation ('gmem_load_req', main.cpp:30) on port 'gmem' (main.cpp:30) [45]  (7.300 ns)

 <State 66>: 7.300ns
The critical path consists of the following:
	bus request operation ('gmem_load_req', main.cpp:30) on port 'gmem' (main.cpp:30) [45]  (7.300 ns)

 <State 67>: 7.300ns
The critical path consists of the following:
	bus request operation ('gmem_load_req', main.cpp:30) on port 'gmem' (main.cpp:30) [45]  (7.300 ns)

 <State 68>: 7.300ns
The critical path consists of the following:
	bus request operation ('gmem_load_req', main.cpp:30) on port 'gmem' (main.cpp:30) [45]  (7.300 ns)

 <State 69>: 7.300ns
The critical path consists of the following:
	bus request operation ('gmem_load_req', main.cpp:30) on port 'gmem' (main.cpp:30) [45]  (7.300 ns)

 <State 70>: 7.300ns
The critical path consists of the following:
	bus request operation ('gmem_load_req', main.cpp:30) on port 'gmem' (main.cpp:30) [45]  (7.300 ns)

 <State 71>: 7.300ns
The critical path consists of the following:
	bus request operation ('gmem_load_req', main.cpp:30) on port 'gmem' (main.cpp:30) [45]  (7.300 ns)

 <State 72>: 7.300ns
The critical path consists of the following:
	bus request operation ('gmem_load_req', main.cpp:30) on port 'gmem' (main.cpp:30) [45]  (7.300 ns)

 <State 73>: 7.300ns
The critical path consists of the following:
	bus request operation ('gmem_load_req', main.cpp:30) on port 'gmem' (main.cpp:30) [45]  (7.300 ns)

 <State 74>: 7.300ns
The critical path consists of the following:
	bus read operation ('gmem_addr_read', main.cpp:30) on port 'gmem' (main.cpp:30) [46]  (7.300 ns)

 <State 75>: 7.300ns
The critical path consists of the following:
	bus read operation ('gmem_addr_5_read', main.cpp:31) on port 'gmem' (main.cpp:31) [52]  (7.300 ns)

 <State 76>: 5.470ns
The critical path consists of the following:
	multiplexor before operation 'mul' with delay (0.629 ns)
'mul' operation ('mul_ln32', main.cpp:32) [54]  (4.841 ns)

 <State 77>: 1.822ns
The critical path consists of the following:
	'add' operation ('add_ln32', main.cpp:32) [55]  (1.362 ns)
	'store' operation ('store_ln28', main.cpp:28) of variable 'add_ln32', main.cpp:32 on local variable 'empty_26' [59]  (0.460 ns)

 <State 78>: 0.000ns
The critical path consists of the following:


============================================================
+ Verbose Summary: Binding
============================================================
N/A
* FSMD analyzer results:
  - Output states:
 - Input state : 
  - Chain level:
	State 1
	State 2
	State 3
	State 4
	State 5
	State 6
	State 7
	State 8
	State 9
	State 10
	State 11
	State 12
	State 13
	State 14
	State 15
	State 16
	State 17
	State 18
	State 19
	State 20
	State 21
	State 22
	State 23
	State 24
	State 25
	State 26
	State 27
	State 28
	State 29
	State 30
	State 31
	State 32
	State 33
	State 34
	State 35
	State 36
	State 37
	State 38
	State 39
	State 40
	State 41
	State 42
	State 43
	State 44
	State 45
	State 46
	State 47
	State 48
	State 49
	State 50
	State 51
	State 52
	State 53
	State 54
	State 55
	State 56
	State 57
	State 58
	State 59
	State 60
	State 61
	State 62
	State 63
	State 64
	State 65
	State 66
	State 67
	State 68
	State 69
	State 70
	State 71
	State 72
	State 73
	State 74
	State 75
	State 76
	State 77
	State 78


============================================================
+ Verbose Summary: Datapath Resource usage 
============================================================
N/A
