

================================================================
== Vitis HLS Report for 'fit_Pipeline_VITIS_LOOP_100_1'
================================================================
* Date:           Thu Feb 27 15:44:18 2025

* Version:        2023.1 (Build 3854077 on May  4 2023)
* Project:        hls_fit
* Solution:       solution2 (Vitis Kernel Flow Target)
* Product family: virtexuplus
* Target device:  xcvu11p-flga2577-1-e


================================================================
== Performance Estimates
================================================================
+ Timing: 
    * Summary: 
    +--------+----------+----------+------------+
    |  Clock |  Target  | Estimated| Uncertainty|
    +--------+----------+----------+------------+
    |ap_clk  |  10.00 ns|  7.300 ns|     2.70 ns|
    +--------+----------+----------+------------+

+ Latency: 
    * Summary: 
    +---------+---------+----------+----------+-----+-----+---------+
    |  Latency (cycles) |  Latency (absolute) |  Interval | Pipeline|
    |   min   |   max   |    min   |    max   | min | max |   Type  |
    +---------+---------+----------+----------+-----+-----+---------+
    |        ?|        ?|         ?|         ?|    ?|    ?|       no|
    +---------+---------+----------+----------+-----+-----+---------+

    + Detail: 
        * Instance: 
        N/A

        * Loop: 
        +--------------------+---------+---------+----------+-----------+-----------+------+----------+
        |                    |  Latency (cycles) | Iteration|  Initiation Interval  | Trip |          |
        |      Loop Name     |   min   |   max   |  Latency |  achieved |   target  | Count| Pipelined|
        +--------------------+---------+---------+----------+-----------+-----------+------+----------+
        |- VITIS_LOOP_100_1  |        ?|        ?|        96|          3|          1|     ?|       yes|
        +--------------------+---------+---------+----------+-----------+-----------+------+----------+

============================================================
+ Verbose Summary: Synthesis Manager
============================================================
InlineROM: 1
ExposeGlobal: 0
============================================================
+ Verbose Summary: CDFG Model
============================================================
IsTopModel: 0
ResetActiveHigh: 1
IsCombinational: 0
IsDatapathOnly: 0
HasWiredReturn: 1
HasMFsm: 2
HasVarLatency: 1
IsPipeline: 0
IsRtlPipelined: 0
IsInstanceOverlapped: 0
IsDontTouch: 0
HasImplIP: 0
IsGatedGlobalClock: 0

+ Individual pipeline summary: 
  * Pipeline-0: initiation interval (II) = 3, depth = 96


============================================================
+ Verbose Summary: Schedule
============================================================
* Number of FSM states : 96
* Pipeline : 1
  Pipeline-0 : II = 3, D = 96, States = { 1 2 3 4 5 6 7 8 9 10 11 12 13 14 15 16 17 18 19 20 21 22 23 24 25 26 27 28 29 30 31 32 33 34 35 36 37 38 39 40 41 42 43 44 45 46 47 48 49 50 51 52 53 54 55 56 57 58 59 60 61 62 63 64 65 66 67 68 69 70 71 72 73 74 75 76 77 78 79 80 81 82 83 84 85 86 87 88 89 90 91 92 93 94 95 96 }
* Dataflow Pipeline: 0

* FSM state transitions: 
1 --> 2 
2 --> 3 
3 --> 4 
4 --> 5 
5 --> 6 
6 --> 7 
7 --> 8 
8 --> 9 
9 --> 10 
10 --> 11 
11 --> 12 
12 --> 13 
13 --> 14 
14 --> 15 
15 --> 16 
16 --> 17 
17 --> 18 
18 --> 19 
19 --> 20 
20 --> 21 
21 --> 22 
22 --> 23 
23 --> 24 
24 --> 25 
25 --> 26 
26 --> 27 
27 --> 28 
28 --> 29 
29 --> 30 
30 --> 31 
31 --> 32 
32 --> 33 
33 --> 34 
34 --> 35 
35 --> 36 
36 --> 37 
37 --> 38 
38 --> 39 
39 --> 40 
40 --> 41 
41 --> 42 
42 --> 43 
43 --> 44 
44 --> 45 
45 --> 46 
46 --> 47 
47 --> 48 
48 --> 49 
49 --> 50 
50 --> 51 
51 --> 52 
52 --> 53 
53 --> 54 
54 --> 55 
55 --> 56 
56 --> 57 
57 --> 58 
58 --> 59 
59 --> 60 
60 --> 61 
61 --> 62 
62 --> 63 
63 --> 64 
64 --> 65 
65 --> 66 
66 --> 67 
67 --> 68 
68 --> 69 
69 --> 70 
70 --> 71 
71 --> 72 
72 --> 73 
73 --> 74 
74 --> 75 
75 --> 76 
76 --> 77 
77 --> 78 
78 --> 79 
79 --> 80 
80 --> 81 
81 --> 82 
82 --> 83 
83 --> 84 
84 --> 85 
85 --> 86 
86 --> 87 
87 --> 88 
88 --> 89 
89 --> 90 
90 --> 91 
91 --> 92 
92 --> 93 
93 --> 94 
94 --> 95 
95 --> 96 
96 --> 

* FSM state operations: 

State 1 <SV = 0> <Delay = 1.36>
ST_1 : Operation 99 [1/1] (0.00ns)   --->   "%S = alloca i32 1"   --->   Operation 99 'alloca' 'S' <Predicate = true> <Delay = 0.00>
ST_1 : Operation 100 [1/1] (0.00ns)   --->   "%i_2 = alloca i32 1"   --->   Operation 100 'alloca' 'i_2' <Predicate = true> <Delay = 0.00>
ST_1 : Operation 101 [1/1] (0.00ns)   --->   "%specinterface_ln0 = specinterface void @_ssdm_op_SpecInterface, i128 %gmem, void @empty_14, i32 0, i32 0, void @empty_10, i32 64, i32 0, void @empty, void @empty_1, void @empty_10, i32 16, i32 16, i32 16, i32 16, void @empty_10, void @empty_10, i32 4294967295, i32 0"   --->   Operation 101 'specinterface' 'specinterface_ln0' <Predicate = true> <Delay = 0.00>
ST_1 : Operation 102 [1/1] (0.00ns)   --->   "%trunc_ln3_read = read i4 @_ssdm_op_Read.ap_auto.i4, i4 %trunc_ln3"   --->   Operation 102 'read' 'trunc_ln3_read' <Predicate = true> <Delay = 0.00>
ST_1 : Operation 103 [1/1] (0.00ns)   --->   "%arrsigs_read = read i64 @_ssdm_op_Read.ap_auto.i64, i64 %arrsigs"   --->   Operation 103 'read' 'arrsigs_read' <Predicate = true> <Delay = 0.00>
ST_1 : Operation 104 [1/1] (0.00ns)   --->   "%size_read = read i32 @_ssdm_op_Read.ap_auto.i32, i32 %size"   --->   Operation 104 'read' 'size_read' <Predicate = true> <Delay = 0.00>
ST_1 : Operation 105 [1/1] (0.46ns)   --->   "%store_ln0 = store i31 0, i31 %i_2"   --->   Operation 105 'store' 'store_ln0' <Predicate = true> <Delay = 0.46>
ST_1 : Operation 106 [1/1] (0.46ns)   --->   "%store_ln0 = store i64 0, i64 %S"   --->   Operation 106 'store' 'store_ln0' <Predicate = true> <Delay = 0.46>
ST_1 : Operation 107 [1/1] (0.00ns)   --->   "%br_ln0 = br void %for.inc.i.i"   --->   Operation 107 'br' 'br_ln0' <Predicate = true> <Delay = 0.00>
ST_1 : Operation 108 [1/1] (0.00ns)   --->   "%i = load i31 %i_2" [main.cpp:101->main.cpp:133->main.cpp:272]   --->   Operation 108 'load' 'i' <Predicate = true> <Delay = 0.00>
ST_1 : Operation 109 [1/1] (0.00ns)   --->   "%i_2_cast = zext i31 %i" [main.cpp:101->main.cpp:133->main.cpp:272]   --->   Operation 109 'zext' 'i_2_cast' <Predicate = true> <Delay = 0.00>
ST_1 : Operation 110 [1/1] (1.14ns)   --->   "%icmp_ln100 = icmp_slt  i32 %i_2_cast, i32 %size_read" [main.cpp:100->main.cpp:133->main.cpp:272]   --->   Operation 110 'icmp' 'icmp_ln100' <Predicate = true> <Delay = 1.14> <CoreInst = "Cmp">   --->   Core 9 'Cmp' <Latency = 0> <II = 1> <Delay = 1.14> <FuncUnit> <Opcode : 'icmp'> <InPorts = 2> <OutPorts = 1>
ST_1 : Operation 111 [1/1] (0.00ns)   --->   "%br_ln100 = br i1 %icmp_ln100, void %calc_ovr_sig_sqrd.exit.i.loopexit.exitStub, void %for.inc.i.i.split" [main.cpp:100->main.cpp:133->main.cpp:272]   --->   Operation 111 'br' 'br_ln100' <Predicate = true> <Delay = 0.00>
ST_1 : Operation 112 [1/1] (0.00ns)   --->   "%shl_ln2 = bitconcatenate i34 @_ssdm_op_BitConcatenate.i34.i31.i3, i31 %i, i3 0" [main.cpp:101->main.cpp:133->main.cpp:272]   --->   Operation 112 'bitconcatenate' 'shl_ln2' <Predicate = (icmp_ln100)> <Delay = 0.00>
ST_1 : Operation 113 [1/1] (0.00ns)   --->   "%zext_ln101 = zext i34 %shl_ln2" [main.cpp:101->main.cpp:133->main.cpp:272]   --->   Operation 113 'zext' 'zext_ln101' <Predicate = (icmp_ln100)> <Delay = 0.00>
ST_1 : Operation 114 [1/1] (1.36ns)   --->   "%add_ln101 = add i64 %zext_ln101, i64 %arrsigs_read" [main.cpp:101->main.cpp:133->main.cpp:272]   --->   Operation 114 'add' 'add_ln101' <Predicate = (icmp_ln100)> <Delay = 1.36> <CoreInst = "Adder">   --->   Core 1 'Adder' <Latency = 0> <II = 1> <Delay = 1.36> <FuncUnit> <Opcode : 'add' 'sub'> <InPorts = 2> <OutPorts = 1>
ST_1 : Operation 115 [1/1] (0.00ns)   --->   "%trunc_ln101_3 = partselect i60 @_ssdm_op_PartSelect.i60.i64.i32.i32, i64 %add_ln101, i32 4, i32 63" [main.cpp:101->main.cpp:133->main.cpp:272]   --->   Operation 115 'partselect' 'trunc_ln101_3' <Predicate = (icmp_ln100)> <Delay = 0.00>

State 2 <SV = 1> <Delay = 7.30>
ST_2 : Operation 116 [1/1] (0.00ns)   --->   "%sext_ln101 = sext i60 %trunc_ln101_3" [main.cpp:101->main.cpp:133->main.cpp:272]   --->   Operation 116 'sext' 'sext_ln101' <Predicate = (icmp_ln100)> <Delay = 0.00>
ST_2 : Operation 117 [1/1] (0.00ns)   --->   "%gmem_addr_4 = getelementptr i128 %gmem, i64 %sext_ln101" [main.cpp:101->main.cpp:133->main.cpp:272]   --->   Operation 117 'getelementptr' 'gmem_addr_4' <Predicate = (icmp_ln100)> <Delay = 0.00>
ST_2 : Operation 118 [71/71] (7.30ns)   --->   "%gmem_load_4_req = readreq i1 @_ssdm_op_ReadReq.m_axi.i128P1A, i128 %gmem_addr_4, i32 1" [main.cpp:101->main.cpp:133->main.cpp:272]   --->   Operation 118 'readreq' 'gmem_load_4_req' <Predicate = (icmp_ln100)> <Delay = 7.30> <CoreInst = "m_axi">   --->   Core 121 'm_axi' <Latency = 0> <II = 1> <Delay = 1.00> <Adapter> <Opcode : 'read' 'write' 'readreq' 'writereq' 'writeresp'>

State 3 <SV = 2> <Delay = 7.30>
ST_3 : Operation 119 [1/1] (0.00ns)   --->   "%specbitsmap_ln0 = specbitsmap void @_ssdm_op_SpecBitsMap, i128 %gmem"   --->   Operation 119 'specbitsmap' 'specbitsmap_ln0' <Predicate = true> <Delay = 0.00>
ST_3 : Operation 120 [1/1] (0.00ns)   --->   "%specpipeline_ln0 = specpipeline void @_ssdm_op_SpecPipeline, i32 4294967295, i32 0, i32 1, i32 0, void @p_str3"   --->   Operation 120 'specpipeline' 'specpipeline_ln0' <Predicate = true> <Delay = 0.00>
ST_3 : Operation 121 [1/1] (1.14ns)   --->   "%add_ln100 = add i31 %i, i31 1" [main.cpp:100->main.cpp:133->main.cpp:272]   --->   Operation 121 'add' 'add_ln100' <Predicate = true> <Delay = 1.14> <CoreInst = "Adder">   --->   Core 1 'Adder' <Latency = 0> <II = 1> <Delay = 1.14> <FuncUnit> <Opcode : 'add' 'sub'> <InPorts = 2> <OutPorts = 1>
ST_3 : Operation 122 [1/1] (0.00ns)   --->   "%trunc_ln101 = trunc i31 %i" [main.cpp:101->main.cpp:133->main.cpp:272]   --->   Operation 122 'trunc' 'trunc_ln101' <Predicate = (icmp_ln100)> <Delay = 0.00>
ST_3 : Operation 123 [70/71] (7.30ns)   --->   "%gmem_load_4_req = readreq i1 @_ssdm_op_ReadReq.m_axi.i128P1A, i128 %gmem_addr_4, i32 1" [main.cpp:101->main.cpp:133->main.cpp:272]   --->   Operation 123 'readreq' 'gmem_load_4_req' <Predicate = (icmp_ln100)> <Delay = 7.30> <CoreInst = "m_axi">   --->   Core 121 'm_axi' <Latency = 0> <II = 1> <Delay = 1.00> <Adapter> <Opcode : 'read' 'write' 'readreq' 'writereq' 'writeresp'>
ST_3 : Operation 124 [1/1] (0.46ns)   --->   "%store_ln100 = store i31 %add_ln100, i31 %i_2" [main.cpp:100->main.cpp:133->main.cpp:272]   --->   Operation 124 'store' 'store_ln100' <Predicate = (icmp_ln100)> <Delay = 0.46>

State 4 <SV = 3> <Delay = 7.30>
ST_4 : Operation 125 [69/71] (7.30ns)   --->   "%gmem_load_4_req = readreq i1 @_ssdm_op_ReadReq.m_axi.i128P1A, i128 %gmem_addr_4, i32 1" [main.cpp:101->main.cpp:133->main.cpp:272]   --->   Operation 125 'readreq' 'gmem_load_4_req' <Predicate = true> <Delay = 7.30> <CoreInst = "m_axi">   --->   Core 121 'm_axi' <Latency = 0> <II = 1> <Delay = 1.00> <Adapter> <Opcode : 'read' 'write' 'readreq' 'writereq' 'writeresp'>

State 5 <SV = 4> <Delay = 7.30>
ST_5 : Operation 126 [68/71] (7.30ns)   --->   "%gmem_load_4_req = readreq i1 @_ssdm_op_ReadReq.m_axi.i128P1A, i128 %gmem_addr_4, i32 1" [main.cpp:101->main.cpp:133->main.cpp:272]   --->   Operation 126 'readreq' 'gmem_load_4_req' <Predicate = true> <Delay = 7.30> <CoreInst = "m_axi">   --->   Core 121 'm_axi' <Latency = 0> <II = 1> <Delay = 1.00> <Adapter> <Opcode : 'read' 'write' 'readreq' 'writereq' 'writeresp'>

State 6 <SV = 5> <Delay = 7.30>
ST_6 : Operation 127 [67/71] (7.30ns)   --->   "%gmem_load_4_req = readreq i1 @_ssdm_op_ReadReq.m_axi.i128P1A, i128 %gmem_addr_4, i32 1" [main.cpp:101->main.cpp:133->main.cpp:272]   --->   Operation 127 'readreq' 'gmem_load_4_req' <Predicate = true> <Delay = 7.30> <CoreInst = "m_axi">   --->   Core 121 'm_axi' <Latency = 0> <II = 1> <Delay = 1.00> <Adapter> <Opcode : 'read' 'write' 'readreq' 'writereq' 'writeresp'>

State 7 <SV = 6> <Delay = 7.30>
ST_7 : Operation 128 [66/71] (7.30ns)   --->   "%gmem_load_4_req = readreq i1 @_ssdm_op_ReadReq.m_axi.i128P1A, i128 %gmem_addr_4, i32 1" [main.cpp:101->main.cpp:133->main.cpp:272]   --->   Operation 128 'readreq' 'gmem_load_4_req' <Predicate = true> <Delay = 7.30> <CoreInst = "m_axi">   --->   Core 121 'm_axi' <Latency = 0> <II = 1> <Delay = 1.00> <Adapter> <Opcode : 'read' 'write' 'readreq' 'writereq' 'writeresp'>

State 8 <SV = 7> <Delay = 7.30>
ST_8 : Operation 129 [65/71] (7.30ns)   --->   "%gmem_load_4_req = readreq i1 @_ssdm_op_ReadReq.m_axi.i128P1A, i128 %gmem_addr_4, i32 1" [main.cpp:101->main.cpp:133->main.cpp:272]   --->   Operation 129 'readreq' 'gmem_load_4_req' <Predicate = true> <Delay = 7.30> <CoreInst = "m_axi">   --->   Core 121 'm_axi' <Latency = 0> <II = 1> <Delay = 1.00> <Adapter> <Opcode : 'read' 'write' 'readreq' 'writereq' 'writeresp'>

State 9 <SV = 8> <Delay = 7.30>
ST_9 : Operation 130 [64/71] (7.30ns)   --->   "%gmem_load_4_req = readreq i1 @_ssdm_op_ReadReq.m_axi.i128P1A, i128 %gmem_addr_4, i32 1" [main.cpp:101->main.cpp:133->main.cpp:272]   --->   Operation 130 'readreq' 'gmem_load_4_req' <Predicate = true> <Delay = 7.30> <CoreInst = "m_axi">   --->   Core 121 'm_axi' <Latency = 0> <II = 1> <Delay = 1.00> <Adapter> <Opcode : 'read' 'write' 'readreq' 'writereq' 'writeresp'>

State 10 <SV = 9> <Delay = 7.30>
ST_10 : Operation 131 [63/71] (7.30ns)   --->   "%gmem_load_4_req = readreq i1 @_ssdm_op_ReadReq.m_axi.i128P1A, i128 %gmem_addr_4, i32 1" [main.cpp:101->main.cpp:133->main.cpp:272]   --->   Operation 131 'readreq' 'gmem_load_4_req' <Predicate = true> <Delay = 7.30> <CoreInst = "m_axi">   --->   Core 121 'm_axi' <Latency = 0> <II = 1> <Delay = 1.00> <Adapter> <Opcode : 'read' 'write' 'readreq' 'writereq' 'writeresp'>

State 11 <SV = 10> <Delay = 7.30>
ST_11 : Operation 132 [62/71] (7.30ns)   --->   "%gmem_load_4_req = readreq i1 @_ssdm_op_ReadReq.m_axi.i128P1A, i128 %gmem_addr_4, i32 1" [main.cpp:101->main.cpp:133->main.cpp:272]   --->   Operation 132 'readreq' 'gmem_load_4_req' <Predicate = true> <Delay = 7.30> <CoreInst = "m_axi">   --->   Core 121 'm_axi' <Latency = 0> <II = 1> <Delay = 1.00> <Adapter> <Opcode : 'read' 'write' 'readreq' 'writereq' 'writeresp'>

State 12 <SV = 11> <Delay = 7.30>
ST_12 : Operation 133 [61/71] (7.30ns)   --->   "%gmem_load_4_req = readreq i1 @_ssdm_op_ReadReq.m_axi.i128P1A, i128 %gmem_addr_4, i32 1" [main.cpp:101->main.cpp:133->main.cpp:272]   --->   Operation 133 'readreq' 'gmem_load_4_req' <Predicate = true> <Delay = 7.30> <CoreInst = "m_axi">   --->   Core 121 'm_axi' <Latency = 0> <II = 1> <Delay = 1.00> <Adapter> <Opcode : 'read' 'write' 'readreq' 'writereq' 'writeresp'>

State 13 <SV = 12> <Delay = 7.30>
ST_13 : Operation 134 [60/71] (7.30ns)   --->   "%gmem_load_4_req = readreq i1 @_ssdm_op_ReadReq.m_axi.i128P1A, i128 %gmem_addr_4, i32 1" [main.cpp:101->main.cpp:133->main.cpp:272]   --->   Operation 134 'readreq' 'gmem_load_4_req' <Predicate = true> <Delay = 7.30> <CoreInst = "m_axi">   --->   Core 121 'm_axi' <Latency = 0> <II = 1> <Delay = 1.00> <Adapter> <Opcode : 'read' 'write' 'readreq' 'writereq' 'writeresp'>

State 14 <SV = 13> <Delay = 7.30>
ST_14 : Operation 135 [59/71] (7.30ns)   --->   "%gmem_load_4_req = readreq i1 @_ssdm_op_ReadReq.m_axi.i128P1A, i128 %gmem_addr_4, i32 1" [main.cpp:101->main.cpp:133->main.cpp:272]   --->   Operation 135 'readreq' 'gmem_load_4_req' <Predicate = true> <Delay = 7.30> <CoreInst = "m_axi">   --->   Core 121 'm_axi' <Latency = 0> <II = 1> <Delay = 1.00> <Adapter> <Opcode : 'read' 'write' 'readreq' 'writereq' 'writeresp'>

State 15 <SV = 14> <Delay = 7.30>
ST_15 : Operation 136 [58/71] (7.30ns)   --->   "%gmem_load_4_req = readreq i1 @_ssdm_op_ReadReq.m_axi.i128P1A, i128 %gmem_addr_4, i32 1" [main.cpp:101->main.cpp:133->main.cpp:272]   --->   Operation 136 'readreq' 'gmem_load_4_req' <Predicate = true> <Delay = 7.30> <CoreInst = "m_axi">   --->   Core 121 'm_axi' <Latency = 0> <II = 1> <Delay = 1.00> <Adapter> <Opcode : 'read' 'write' 'readreq' 'writereq' 'writeresp'>

State 16 <SV = 15> <Delay = 7.30>
ST_16 : Operation 137 [57/71] (7.30ns)   --->   "%gmem_load_4_req = readreq i1 @_ssdm_op_ReadReq.m_axi.i128P1A, i128 %gmem_addr_4, i32 1" [main.cpp:101->main.cpp:133->main.cpp:272]   --->   Operation 137 'readreq' 'gmem_load_4_req' <Predicate = true> <Delay = 7.30> <CoreInst = "m_axi">   --->   Core 121 'm_axi' <Latency = 0> <II = 1> <Delay = 1.00> <Adapter> <Opcode : 'read' 'write' 'readreq' 'writereq' 'writeresp'>

State 17 <SV = 16> <Delay = 7.30>
ST_17 : Operation 138 [56/71] (7.30ns)   --->   "%gmem_load_4_req = readreq i1 @_ssdm_op_ReadReq.m_axi.i128P1A, i128 %gmem_addr_4, i32 1" [main.cpp:101->main.cpp:133->main.cpp:272]   --->   Operation 138 'readreq' 'gmem_load_4_req' <Predicate = true> <Delay = 7.30> <CoreInst = "m_axi">   --->   Core 121 'm_axi' <Latency = 0> <II = 1> <Delay = 1.00> <Adapter> <Opcode : 'read' 'write' 'readreq' 'writereq' 'writeresp'>

State 18 <SV = 17> <Delay = 7.30>
ST_18 : Operation 139 [55/71] (7.30ns)   --->   "%gmem_load_4_req = readreq i1 @_ssdm_op_ReadReq.m_axi.i128P1A, i128 %gmem_addr_4, i32 1" [main.cpp:101->main.cpp:133->main.cpp:272]   --->   Operation 139 'readreq' 'gmem_load_4_req' <Predicate = true> <Delay = 7.30> <CoreInst = "m_axi">   --->   Core 121 'm_axi' <Latency = 0> <II = 1> <Delay = 1.00> <Adapter> <Opcode : 'read' 'write' 'readreq' 'writereq' 'writeresp'>

State 19 <SV = 18> <Delay = 7.30>
ST_19 : Operation 140 [54/71] (7.30ns)   --->   "%gmem_load_4_req = readreq i1 @_ssdm_op_ReadReq.m_axi.i128P1A, i128 %gmem_addr_4, i32 1" [main.cpp:101->main.cpp:133->main.cpp:272]   --->   Operation 140 'readreq' 'gmem_load_4_req' <Predicate = true> <Delay = 7.30> <CoreInst = "m_axi">   --->   Core 121 'm_axi' <Latency = 0> <II = 1> <Delay = 1.00> <Adapter> <Opcode : 'read' 'write' 'readreq' 'writereq' 'writeresp'>

State 20 <SV = 19> <Delay = 7.30>
ST_20 : Operation 141 [53/71] (7.30ns)   --->   "%gmem_load_4_req = readreq i1 @_ssdm_op_ReadReq.m_axi.i128P1A, i128 %gmem_addr_4, i32 1" [main.cpp:101->main.cpp:133->main.cpp:272]   --->   Operation 141 'readreq' 'gmem_load_4_req' <Predicate = true> <Delay = 7.30> <CoreInst = "m_axi">   --->   Core 121 'm_axi' <Latency = 0> <II = 1> <Delay = 1.00> <Adapter> <Opcode : 'read' 'write' 'readreq' 'writereq' 'writeresp'>

State 21 <SV = 20> <Delay = 7.30>
ST_21 : Operation 142 [52/71] (7.30ns)   --->   "%gmem_load_4_req = readreq i1 @_ssdm_op_ReadReq.m_axi.i128P1A, i128 %gmem_addr_4, i32 1" [main.cpp:101->main.cpp:133->main.cpp:272]   --->   Operation 142 'readreq' 'gmem_load_4_req' <Predicate = true> <Delay = 7.30> <CoreInst = "m_axi">   --->   Core 121 'm_axi' <Latency = 0> <II = 1> <Delay = 1.00> <Adapter> <Opcode : 'read' 'write' 'readreq' 'writereq' 'writeresp'>

State 22 <SV = 21> <Delay = 7.30>
ST_22 : Operation 143 [51/71] (7.30ns)   --->   "%gmem_load_4_req = readreq i1 @_ssdm_op_ReadReq.m_axi.i128P1A, i128 %gmem_addr_4, i32 1" [main.cpp:101->main.cpp:133->main.cpp:272]   --->   Operation 143 'readreq' 'gmem_load_4_req' <Predicate = true> <Delay = 7.30> <CoreInst = "m_axi">   --->   Core 121 'm_axi' <Latency = 0> <II = 1> <Delay = 1.00> <Adapter> <Opcode : 'read' 'write' 'readreq' 'writereq' 'writeresp'>

State 23 <SV = 22> <Delay = 7.30>
ST_23 : Operation 144 [50/71] (7.30ns)   --->   "%gmem_load_4_req = readreq i1 @_ssdm_op_ReadReq.m_axi.i128P1A, i128 %gmem_addr_4, i32 1" [main.cpp:101->main.cpp:133->main.cpp:272]   --->   Operation 144 'readreq' 'gmem_load_4_req' <Predicate = true> <Delay = 7.30> <CoreInst = "m_axi">   --->   Core 121 'm_axi' <Latency = 0> <II = 1> <Delay = 1.00> <Adapter> <Opcode : 'read' 'write' 'readreq' 'writereq' 'writeresp'>

State 24 <SV = 23> <Delay = 7.30>
ST_24 : Operation 145 [49/71] (7.30ns)   --->   "%gmem_load_4_req = readreq i1 @_ssdm_op_ReadReq.m_axi.i128P1A, i128 %gmem_addr_4, i32 1" [main.cpp:101->main.cpp:133->main.cpp:272]   --->   Operation 145 'readreq' 'gmem_load_4_req' <Predicate = true> <Delay = 7.30> <CoreInst = "m_axi">   --->   Core 121 'm_axi' <Latency = 0> <II = 1> <Delay = 1.00> <Adapter> <Opcode : 'read' 'write' 'readreq' 'writereq' 'writeresp'>

State 25 <SV = 24> <Delay = 7.30>
ST_25 : Operation 146 [48/71] (7.30ns)   --->   "%gmem_load_4_req = readreq i1 @_ssdm_op_ReadReq.m_axi.i128P1A, i128 %gmem_addr_4, i32 1" [main.cpp:101->main.cpp:133->main.cpp:272]   --->   Operation 146 'readreq' 'gmem_load_4_req' <Predicate = true> <Delay = 7.30> <CoreInst = "m_axi">   --->   Core 121 'm_axi' <Latency = 0> <II = 1> <Delay = 1.00> <Adapter> <Opcode : 'read' 'write' 'readreq' 'writereq' 'writeresp'>

State 26 <SV = 25> <Delay = 7.30>
ST_26 : Operation 147 [47/71] (7.30ns)   --->   "%gmem_load_4_req = readreq i1 @_ssdm_op_ReadReq.m_axi.i128P1A, i128 %gmem_addr_4, i32 1" [main.cpp:101->main.cpp:133->main.cpp:272]   --->   Operation 147 'readreq' 'gmem_load_4_req' <Predicate = true> <Delay = 7.30> <CoreInst = "m_axi">   --->   Core 121 'm_axi' <Latency = 0> <II = 1> <Delay = 1.00> <Adapter> <Opcode : 'read' 'write' 'readreq' 'writereq' 'writeresp'>

State 27 <SV = 26> <Delay = 7.30>
ST_27 : Operation 148 [46/71] (7.30ns)   --->   "%gmem_load_4_req = readreq i1 @_ssdm_op_ReadReq.m_axi.i128P1A, i128 %gmem_addr_4, i32 1" [main.cpp:101->main.cpp:133->main.cpp:272]   --->   Operation 148 'readreq' 'gmem_load_4_req' <Predicate = true> <Delay = 7.30> <CoreInst = "m_axi">   --->   Core 121 'm_axi' <Latency = 0> <II = 1> <Delay = 1.00> <Adapter> <Opcode : 'read' 'write' 'readreq' 'writereq' 'writeresp'>

State 28 <SV = 27> <Delay = 7.30>
ST_28 : Operation 149 [45/71] (7.30ns)   --->   "%gmem_load_4_req = readreq i1 @_ssdm_op_ReadReq.m_axi.i128P1A, i128 %gmem_addr_4, i32 1" [main.cpp:101->main.cpp:133->main.cpp:272]   --->   Operation 149 'readreq' 'gmem_load_4_req' <Predicate = true> <Delay = 7.30> <CoreInst = "m_axi">   --->   Core 121 'm_axi' <Latency = 0> <II = 1> <Delay = 1.00> <Adapter> <Opcode : 'read' 'write' 'readreq' 'writereq' 'writeresp'>

State 29 <SV = 28> <Delay = 7.30>
ST_29 : Operation 150 [44/71] (7.30ns)   --->   "%gmem_load_4_req = readreq i1 @_ssdm_op_ReadReq.m_axi.i128P1A, i128 %gmem_addr_4, i32 1" [main.cpp:101->main.cpp:133->main.cpp:272]   --->   Operation 150 'readreq' 'gmem_load_4_req' <Predicate = true> <Delay = 7.30> <CoreInst = "m_axi">   --->   Core 121 'm_axi' <Latency = 0> <II = 1> <Delay = 1.00> <Adapter> <Opcode : 'read' 'write' 'readreq' 'writereq' 'writeresp'>

State 30 <SV = 29> <Delay = 7.30>
ST_30 : Operation 151 [43/71] (7.30ns)   --->   "%gmem_load_4_req = readreq i1 @_ssdm_op_ReadReq.m_axi.i128P1A, i128 %gmem_addr_4, i32 1" [main.cpp:101->main.cpp:133->main.cpp:272]   --->   Operation 151 'readreq' 'gmem_load_4_req' <Predicate = true> <Delay = 7.30> <CoreInst = "m_axi">   --->   Core 121 'm_axi' <Latency = 0> <II = 1> <Delay = 1.00> <Adapter> <Opcode : 'read' 'write' 'readreq' 'writereq' 'writeresp'>

State 31 <SV = 30> <Delay = 7.30>
ST_31 : Operation 152 [42/71] (7.30ns)   --->   "%gmem_load_4_req = readreq i1 @_ssdm_op_ReadReq.m_axi.i128P1A, i128 %gmem_addr_4, i32 1" [main.cpp:101->main.cpp:133->main.cpp:272]   --->   Operation 152 'readreq' 'gmem_load_4_req' <Predicate = true> <Delay = 7.30> <CoreInst = "m_axi">   --->   Core 121 'm_axi' <Latency = 0> <II = 1> <Delay = 1.00> <Adapter> <Opcode : 'read' 'write' 'readreq' 'writereq' 'writeresp'>

State 32 <SV = 31> <Delay = 7.30>
ST_32 : Operation 153 [41/71] (7.30ns)   --->   "%gmem_load_4_req = readreq i1 @_ssdm_op_ReadReq.m_axi.i128P1A, i128 %gmem_addr_4, i32 1" [main.cpp:101->main.cpp:133->main.cpp:272]   --->   Operation 153 'readreq' 'gmem_load_4_req' <Predicate = true> <Delay = 7.30> <CoreInst = "m_axi">   --->   Core 121 'm_axi' <Latency = 0> <II = 1> <Delay = 1.00> <Adapter> <Opcode : 'read' 'write' 'readreq' 'writereq' 'writeresp'>

State 33 <SV = 32> <Delay = 7.30>
ST_33 : Operation 154 [40/71] (7.30ns)   --->   "%gmem_load_4_req = readreq i1 @_ssdm_op_ReadReq.m_axi.i128P1A, i128 %gmem_addr_4, i32 1" [main.cpp:101->main.cpp:133->main.cpp:272]   --->   Operation 154 'readreq' 'gmem_load_4_req' <Predicate = true> <Delay = 7.30> <CoreInst = "m_axi">   --->   Core 121 'm_axi' <Latency = 0> <II = 1> <Delay = 1.00> <Adapter> <Opcode : 'read' 'write' 'readreq' 'writereq' 'writeresp'>

State 34 <SV = 33> <Delay = 7.30>
ST_34 : Operation 155 [39/71] (7.30ns)   --->   "%gmem_load_4_req = readreq i1 @_ssdm_op_ReadReq.m_axi.i128P1A, i128 %gmem_addr_4, i32 1" [main.cpp:101->main.cpp:133->main.cpp:272]   --->   Operation 155 'readreq' 'gmem_load_4_req' <Predicate = true> <Delay = 7.30> <CoreInst = "m_axi">   --->   Core 121 'm_axi' <Latency = 0> <II = 1> <Delay = 1.00> <Adapter> <Opcode : 'read' 'write' 'readreq' 'writereq' 'writeresp'>

State 35 <SV = 34> <Delay = 7.30>
ST_35 : Operation 156 [38/71] (7.30ns)   --->   "%gmem_load_4_req = readreq i1 @_ssdm_op_ReadReq.m_axi.i128P1A, i128 %gmem_addr_4, i32 1" [main.cpp:101->main.cpp:133->main.cpp:272]   --->   Operation 156 'readreq' 'gmem_load_4_req' <Predicate = true> <Delay = 7.30> <CoreInst = "m_axi">   --->   Core 121 'm_axi' <Latency = 0> <II = 1> <Delay = 1.00> <Adapter> <Opcode : 'read' 'write' 'readreq' 'writereq' 'writeresp'>

State 36 <SV = 35> <Delay = 7.30>
ST_36 : Operation 157 [37/71] (7.30ns)   --->   "%gmem_load_4_req = readreq i1 @_ssdm_op_ReadReq.m_axi.i128P1A, i128 %gmem_addr_4, i32 1" [main.cpp:101->main.cpp:133->main.cpp:272]   --->   Operation 157 'readreq' 'gmem_load_4_req' <Predicate = true> <Delay = 7.30> <CoreInst = "m_axi">   --->   Core 121 'm_axi' <Latency = 0> <II = 1> <Delay = 1.00> <Adapter> <Opcode : 'read' 'write' 'readreq' 'writereq' 'writeresp'>

State 37 <SV = 36> <Delay = 7.30>
ST_37 : Operation 158 [36/71] (7.30ns)   --->   "%gmem_load_4_req = readreq i1 @_ssdm_op_ReadReq.m_axi.i128P1A, i128 %gmem_addr_4, i32 1" [main.cpp:101->main.cpp:133->main.cpp:272]   --->   Operation 158 'readreq' 'gmem_load_4_req' <Predicate = true> <Delay = 7.30> <CoreInst = "m_axi">   --->   Core 121 'm_axi' <Latency = 0> <II = 1> <Delay = 1.00> <Adapter> <Opcode : 'read' 'write' 'readreq' 'writereq' 'writeresp'>

State 38 <SV = 37> <Delay = 7.30>
ST_38 : Operation 159 [35/71] (7.30ns)   --->   "%gmem_load_4_req = readreq i1 @_ssdm_op_ReadReq.m_axi.i128P1A, i128 %gmem_addr_4, i32 1" [main.cpp:101->main.cpp:133->main.cpp:272]   --->   Operation 159 'readreq' 'gmem_load_4_req' <Predicate = true> <Delay = 7.30> <CoreInst = "m_axi">   --->   Core 121 'm_axi' <Latency = 0> <II = 1> <Delay = 1.00> <Adapter> <Opcode : 'read' 'write' 'readreq' 'writereq' 'writeresp'>

State 39 <SV = 38> <Delay = 7.30>
ST_39 : Operation 160 [34/71] (7.30ns)   --->   "%gmem_load_4_req = readreq i1 @_ssdm_op_ReadReq.m_axi.i128P1A, i128 %gmem_addr_4, i32 1" [main.cpp:101->main.cpp:133->main.cpp:272]   --->   Operation 160 'readreq' 'gmem_load_4_req' <Predicate = true> <Delay = 7.30> <CoreInst = "m_axi">   --->   Core 121 'm_axi' <Latency = 0> <II = 1> <Delay = 1.00> <Adapter> <Opcode : 'read' 'write' 'readreq' 'writereq' 'writeresp'>

State 40 <SV = 39> <Delay = 7.30>
ST_40 : Operation 161 [33/71] (7.30ns)   --->   "%gmem_load_4_req = readreq i1 @_ssdm_op_ReadReq.m_axi.i128P1A, i128 %gmem_addr_4, i32 1" [main.cpp:101->main.cpp:133->main.cpp:272]   --->   Operation 161 'readreq' 'gmem_load_4_req' <Predicate = true> <Delay = 7.30> <CoreInst = "m_axi">   --->   Core 121 'm_axi' <Latency = 0> <II = 1> <Delay = 1.00> <Adapter> <Opcode : 'read' 'write' 'readreq' 'writereq' 'writeresp'>

State 41 <SV = 40> <Delay = 7.30>
ST_41 : Operation 162 [32/71] (7.30ns)   --->   "%gmem_load_4_req = readreq i1 @_ssdm_op_ReadReq.m_axi.i128P1A, i128 %gmem_addr_4, i32 1" [main.cpp:101->main.cpp:133->main.cpp:272]   --->   Operation 162 'readreq' 'gmem_load_4_req' <Predicate = true> <Delay = 7.30> <CoreInst = "m_axi">   --->   Core 121 'm_axi' <Latency = 0> <II = 1> <Delay = 1.00> <Adapter> <Opcode : 'read' 'write' 'readreq' 'writereq' 'writeresp'>

State 42 <SV = 41> <Delay = 7.30>
ST_42 : Operation 163 [31/71] (7.30ns)   --->   "%gmem_load_4_req = readreq i1 @_ssdm_op_ReadReq.m_axi.i128P1A, i128 %gmem_addr_4, i32 1" [main.cpp:101->main.cpp:133->main.cpp:272]   --->   Operation 163 'readreq' 'gmem_load_4_req' <Predicate = true> <Delay = 7.30> <CoreInst = "m_axi">   --->   Core 121 'm_axi' <Latency = 0> <II = 1> <Delay = 1.00> <Adapter> <Opcode : 'read' 'write' 'readreq' 'writereq' 'writeresp'>

State 43 <SV = 42> <Delay = 7.30>
ST_43 : Operation 164 [30/71] (7.30ns)   --->   "%gmem_load_4_req = readreq i1 @_ssdm_op_ReadReq.m_axi.i128P1A, i128 %gmem_addr_4, i32 1" [main.cpp:101->main.cpp:133->main.cpp:272]   --->   Operation 164 'readreq' 'gmem_load_4_req' <Predicate = true> <Delay = 7.30> <CoreInst = "m_axi">   --->   Core 121 'm_axi' <Latency = 0> <II = 1> <Delay = 1.00> <Adapter> <Opcode : 'read' 'write' 'readreq' 'writereq' 'writeresp'>

State 44 <SV = 43> <Delay = 7.30>
ST_44 : Operation 165 [29/71] (7.30ns)   --->   "%gmem_load_4_req = readreq i1 @_ssdm_op_ReadReq.m_axi.i128P1A, i128 %gmem_addr_4, i32 1" [main.cpp:101->main.cpp:133->main.cpp:272]   --->   Operation 165 'readreq' 'gmem_load_4_req' <Predicate = true> <Delay = 7.30> <CoreInst = "m_axi">   --->   Core 121 'm_axi' <Latency = 0> <II = 1> <Delay = 1.00> <Adapter> <Opcode : 'read' 'write' 'readreq' 'writereq' 'writeresp'>

State 45 <SV = 44> <Delay = 7.30>
ST_45 : Operation 166 [28/71] (7.30ns)   --->   "%gmem_load_4_req = readreq i1 @_ssdm_op_ReadReq.m_axi.i128P1A, i128 %gmem_addr_4, i32 1" [main.cpp:101->main.cpp:133->main.cpp:272]   --->   Operation 166 'readreq' 'gmem_load_4_req' <Predicate = true> <Delay = 7.30> <CoreInst = "m_axi">   --->   Core 121 'm_axi' <Latency = 0> <II = 1> <Delay = 1.00> <Adapter> <Opcode : 'read' 'write' 'readreq' 'writereq' 'writeresp'>

State 46 <SV = 45> <Delay = 7.30>
ST_46 : Operation 167 [27/71] (7.30ns)   --->   "%gmem_load_4_req = readreq i1 @_ssdm_op_ReadReq.m_axi.i128P1A, i128 %gmem_addr_4, i32 1" [main.cpp:101->main.cpp:133->main.cpp:272]   --->   Operation 167 'readreq' 'gmem_load_4_req' <Predicate = true> <Delay = 7.30> <CoreInst = "m_axi">   --->   Core 121 'm_axi' <Latency = 0> <II = 1> <Delay = 1.00> <Adapter> <Opcode : 'read' 'write' 'readreq' 'writereq' 'writeresp'>

State 47 <SV = 46> <Delay = 7.30>
ST_47 : Operation 168 [26/71] (7.30ns)   --->   "%gmem_load_4_req = readreq i1 @_ssdm_op_ReadReq.m_axi.i128P1A, i128 %gmem_addr_4, i32 1" [main.cpp:101->main.cpp:133->main.cpp:272]   --->   Operation 168 'readreq' 'gmem_load_4_req' <Predicate = true> <Delay = 7.30> <CoreInst = "m_axi">   --->   Core 121 'm_axi' <Latency = 0> <II = 1> <Delay = 1.00> <Adapter> <Opcode : 'read' 'write' 'readreq' 'writereq' 'writeresp'>

State 48 <SV = 47> <Delay = 7.30>
ST_48 : Operation 169 [25/71] (7.30ns)   --->   "%gmem_load_4_req = readreq i1 @_ssdm_op_ReadReq.m_axi.i128P1A, i128 %gmem_addr_4, i32 1" [main.cpp:101->main.cpp:133->main.cpp:272]   --->   Operation 169 'readreq' 'gmem_load_4_req' <Predicate = true> <Delay = 7.30> <CoreInst = "m_axi">   --->   Core 121 'm_axi' <Latency = 0> <II = 1> <Delay = 1.00> <Adapter> <Opcode : 'read' 'write' 'readreq' 'writereq' 'writeresp'>

State 49 <SV = 48> <Delay = 7.30>
ST_49 : Operation 170 [24/71] (7.30ns)   --->   "%gmem_load_4_req = readreq i1 @_ssdm_op_ReadReq.m_axi.i128P1A, i128 %gmem_addr_4, i32 1" [main.cpp:101->main.cpp:133->main.cpp:272]   --->   Operation 170 'readreq' 'gmem_load_4_req' <Predicate = true> <Delay = 7.30> <CoreInst = "m_axi">   --->   Core 121 'm_axi' <Latency = 0> <II = 1> <Delay = 1.00> <Adapter> <Opcode : 'read' 'write' 'readreq' 'writereq' 'writeresp'>

State 50 <SV = 49> <Delay = 7.30>
ST_50 : Operation 171 [23/71] (7.30ns)   --->   "%gmem_load_4_req = readreq i1 @_ssdm_op_ReadReq.m_axi.i128P1A, i128 %gmem_addr_4, i32 1" [main.cpp:101->main.cpp:133->main.cpp:272]   --->   Operation 171 'readreq' 'gmem_load_4_req' <Predicate = true> <Delay = 7.30> <CoreInst = "m_axi">   --->   Core 121 'm_axi' <Latency = 0> <II = 1> <Delay = 1.00> <Adapter> <Opcode : 'read' 'write' 'readreq' 'writereq' 'writeresp'>

State 51 <SV = 50> <Delay = 7.30>
ST_51 : Operation 172 [22/71] (7.30ns)   --->   "%gmem_load_4_req = readreq i1 @_ssdm_op_ReadReq.m_axi.i128P1A, i128 %gmem_addr_4, i32 1" [main.cpp:101->main.cpp:133->main.cpp:272]   --->   Operation 172 'readreq' 'gmem_load_4_req' <Predicate = true> <Delay = 7.30> <CoreInst = "m_axi">   --->   Core 121 'm_axi' <Latency = 0> <II = 1> <Delay = 1.00> <Adapter> <Opcode : 'read' 'write' 'readreq' 'writereq' 'writeresp'>

State 52 <SV = 51> <Delay = 7.30>
ST_52 : Operation 173 [21/71] (7.30ns)   --->   "%gmem_load_4_req = readreq i1 @_ssdm_op_ReadReq.m_axi.i128P1A, i128 %gmem_addr_4, i32 1" [main.cpp:101->main.cpp:133->main.cpp:272]   --->   Operation 173 'readreq' 'gmem_load_4_req' <Predicate = true> <Delay = 7.30> <CoreInst = "m_axi">   --->   Core 121 'm_axi' <Latency = 0> <II = 1> <Delay = 1.00> <Adapter> <Opcode : 'read' 'write' 'readreq' 'writereq' 'writeresp'>

State 53 <SV = 52> <Delay = 7.30>
ST_53 : Operation 174 [20/71] (7.30ns)   --->   "%gmem_load_4_req = readreq i1 @_ssdm_op_ReadReq.m_axi.i128P1A, i128 %gmem_addr_4, i32 1" [main.cpp:101->main.cpp:133->main.cpp:272]   --->   Operation 174 'readreq' 'gmem_load_4_req' <Predicate = true> <Delay = 7.30> <CoreInst = "m_axi">   --->   Core 121 'm_axi' <Latency = 0> <II = 1> <Delay = 1.00> <Adapter> <Opcode : 'read' 'write' 'readreq' 'writereq' 'writeresp'>

State 54 <SV = 53> <Delay = 7.30>
ST_54 : Operation 175 [19/71] (7.30ns)   --->   "%gmem_load_4_req = readreq i1 @_ssdm_op_ReadReq.m_axi.i128P1A, i128 %gmem_addr_4, i32 1" [main.cpp:101->main.cpp:133->main.cpp:272]   --->   Operation 175 'readreq' 'gmem_load_4_req' <Predicate = true> <Delay = 7.30> <CoreInst = "m_axi">   --->   Core 121 'm_axi' <Latency = 0> <II = 1> <Delay = 1.00> <Adapter> <Opcode : 'read' 'write' 'readreq' 'writereq' 'writeresp'>

State 55 <SV = 54> <Delay = 7.30>
ST_55 : Operation 176 [18/71] (7.30ns)   --->   "%gmem_load_4_req = readreq i1 @_ssdm_op_ReadReq.m_axi.i128P1A, i128 %gmem_addr_4, i32 1" [main.cpp:101->main.cpp:133->main.cpp:272]   --->   Operation 176 'readreq' 'gmem_load_4_req' <Predicate = true> <Delay = 7.30> <CoreInst = "m_axi">   --->   Core 121 'm_axi' <Latency = 0> <II = 1> <Delay = 1.00> <Adapter> <Opcode : 'read' 'write' 'readreq' 'writereq' 'writeresp'>

State 56 <SV = 55> <Delay = 7.30>
ST_56 : Operation 177 [17/71] (7.30ns)   --->   "%gmem_load_4_req = readreq i1 @_ssdm_op_ReadReq.m_axi.i128P1A, i128 %gmem_addr_4, i32 1" [main.cpp:101->main.cpp:133->main.cpp:272]   --->   Operation 177 'readreq' 'gmem_load_4_req' <Predicate = true> <Delay = 7.30> <CoreInst = "m_axi">   --->   Core 121 'm_axi' <Latency = 0> <II = 1> <Delay = 1.00> <Adapter> <Opcode : 'read' 'write' 'readreq' 'writereq' 'writeresp'>

State 57 <SV = 56> <Delay = 7.30>
ST_57 : Operation 178 [16/71] (7.30ns)   --->   "%gmem_load_4_req = readreq i1 @_ssdm_op_ReadReq.m_axi.i128P1A, i128 %gmem_addr_4, i32 1" [main.cpp:101->main.cpp:133->main.cpp:272]   --->   Operation 178 'readreq' 'gmem_load_4_req' <Predicate = true> <Delay = 7.30> <CoreInst = "m_axi">   --->   Core 121 'm_axi' <Latency = 0> <II = 1> <Delay = 1.00> <Adapter> <Opcode : 'read' 'write' 'readreq' 'writereq' 'writeresp'>

State 58 <SV = 57> <Delay = 7.30>
ST_58 : Operation 179 [15/71] (7.30ns)   --->   "%gmem_load_4_req = readreq i1 @_ssdm_op_ReadReq.m_axi.i128P1A, i128 %gmem_addr_4, i32 1" [main.cpp:101->main.cpp:133->main.cpp:272]   --->   Operation 179 'readreq' 'gmem_load_4_req' <Predicate = true> <Delay = 7.30> <CoreInst = "m_axi">   --->   Core 121 'm_axi' <Latency = 0> <II = 1> <Delay = 1.00> <Adapter> <Opcode : 'read' 'write' 'readreq' 'writereq' 'writeresp'>

State 59 <SV = 58> <Delay = 7.30>
ST_59 : Operation 180 [14/71] (7.30ns)   --->   "%gmem_load_4_req = readreq i1 @_ssdm_op_ReadReq.m_axi.i128P1A, i128 %gmem_addr_4, i32 1" [main.cpp:101->main.cpp:133->main.cpp:272]   --->   Operation 180 'readreq' 'gmem_load_4_req' <Predicate = true> <Delay = 7.30> <CoreInst = "m_axi">   --->   Core 121 'm_axi' <Latency = 0> <II = 1> <Delay = 1.00> <Adapter> <Opcode : 'read' 'write' 'readreq' 'writereq' 'writeresp'>

State 60 <SV = 59> <Delay = 7.30>
ST_60 : Operation 181 [13/71] (7.30ns)   --->   "%gmem_load_4_req = readreq i1 @_ssdm_op_ReadReq.m_axi.i128P1A, i128 %gmem_addr_4, i32 1" [main.cpp:101->main.cpp:133->main.cpp:272]   --->   Operation 181 'readreq' 'gmem_load_4_req' <Predicate = true> <Delay = 7.30> <CoreInst = "m_axi">   --->   Core 121 'm_axi' <Latency = 0> <II = 1> <Delay = 1.00> <Adapter> <Opcode : 'read' 'write' 'readreq' 'writereq' 'writeresp'>

State 61 <SV = 60> <Delay = 7.30>
ST_61 : Operation 182 [12/71] (7.30ns)   --->   "%gmem_load_4_req = readreq i1 @_ssdm_op_ReadReq.m_axi.i128P1A, i128 %gmem_addr_4, i32 1" [main.cpp:101->main.cpp:133->main.cpp:272]   --->   Operation 182 'readreq' 'gmem_load_4_req' <Predicate = true> <Delay = 7.30> <CoreInst = "m_axi">   --->   Core 121 'm_axi' <Latency = 0> <II = 1> <Delay = 1.00> <Adapter> <Opcode : 'read' 'write' 'readreq' 'writereq' 'writeresp'>

State 62 <SV = 61> <Delay = 7.30>
ST_62 : Operation 183 [11/71] (7.30ns)   --->   "%gmem_load_4_req = readreq i1 @_ssdm_op_ReadReq.m_axi.i128P1A, i128 %gmem_addr_4, i32 1" [main.cpp:101->main.cpp:133->main.cpp:272]   --->   Operation 183 'readreq' 'gmem_load_4_req' <Predicate = true> <Delay = 7.30> <CoreInst = "m_axi">   --->   Core 121 'm_axi' <Latency = 0> <II = 1> <Delay = 1.00> <Adapter> <Opcode : 'read' 'write' 'readreq' 'writereq' 'writeresp'>

State 63 <SV = 62> <Delay = 7.30>
ST_63 : Operation 184 [10/71] (7.30ns)   --->   "%gmem_load_4_req = readreq i1 @_ssdm_op_ReadReq.m_axi.i128P1A, i128 %gmem_addr_4, i32 1" [main.cpp:101->main.cpp:133->main.cpp:272]   --->   Operation 184 'readreq' 'gmem_load_4_req' <Predicate = true> <Delay = 7.30> <CoreInst = "m_axi">   --->   Core 121 'm_axi' <Latency = 0> <II = 1> <Delay = 1.00> <Adapter> <Opcode : 'read' 'write' 'readreq' 'writereq' 'writeresp'>

State 64 <SV = 63> <Delay = 7.30>
ST_64 : Operation 185 [9/71] (7.30ns)   --->   "%gmem_load_4_req = readreq i1 @_ssdm_op_ReadReq.m_axi.i128P1A, i128 %gmem_addr_4, i32 1" [main.cpp:101->main.cpp:133->main.cpp:272]   --->   Operation 185 'readreq' 'gmem_load_4_req' <Predicate = true> <Delay = 7.30> <CoreInst = "m_axi">   --->   Core 121 'm_axi' <Latency = 0> <II = 1> <Delay = 1.00> <Adapter> <Opcode : 'read' 'write' 'readreq' 'writereq' 'writeresp'>

State 65 <SV = 64> <Delay = 7.30>
ST_65 : Operation 186 [8/71] (7.30ns)   --->   "%gmem_load_4_req = readreq i1 @_ssdm_op_ReadReq.m_axi.i128P1A, i128 %gmem_addr_4, i32 1" [main.cpp:101->main.cpp:133->main.cpp:272]   --->   Operation 186 'readreq' 'gmem_load_4_req' <Predicate = true> <Delay = 7.30> <CoreInst = "m_axi">   --->   Core 121 'm_axi' <Latency = 0> <II = 1> <Delay = 1.00> <Adapter> <Opcode : 'read' 'write' 'readreq' 'writereq' 'writeresp'>

State 66 <SV = 65> <Delay = 7.30>
ST_66 : Operation 187 [7/71] (7.30ns)   --->   "%gmem_load_4_req = readreq i1 @_ssdm_op_ReadReq.m_axi.i128P1A, i128 %gmem_addr_4, i32 1" [main.cpp:101->main.cpp:133->main.cpp:272]   --->   Operation 187 'readreq' 'gmem_load_4_req' <Predicate = true> <Delay = 7.30> <CoreInst = "m_axi">   --->   Core 121 'm_axi' <Latency = 0> <II = 1> <Delay = 1.00> <Adapter> <Opcode : 'read' 'write' 'readreq' 'writereq' 'writeresp'>

State 67 <SV = 66> <Delay = 7.30>
ST_67 : Operation 188 [6/71] (7.30ns)   --->   "%gmem_load_4_req = readreq i1 @_ssdm_op_ReadReq.m_axi.i128P1A, i128 %gmem_addr_4, i32 1" [main.cpp:101->main.cpp:133->main.cpp:272]   --->   Operation 188 'readreq' 'gmem_load_4_req' <Predicate = true> <Delay = 7.30> <CoreInst = "m_axi">   --->   Core 121 'm_axi' <Latency = 0> <II = 1> <Delay = 1.00> <Adapter> <Opcode : 'read' 'write' 'readreq' 'writereq' 'writeresp'>

State 68 <SV = 67> <Delay = 7.30>
ST_68 : Operation 189 [5/71] (7.30ns)   --->   "%gmem_load_4_req = readreq i1 @_ssdm_op_ReadReq.m_axi.i128P1A, i128 %gmem_addr_4, i32 1" [main.cpp:101->main.cpp:133->main.cpp:272]   --->   Operation 189 'readreq' 'gmem_load_4_req' <Predicate = true> <Delay = 7.30> <CoreInst = "m_axi">   --->   Core 121 'm_axi' <Latency = 0> <II = 1> <Delay = 1.00> <Adapter> <Opcode : 'read' 'write' 'readreq' 'writereq' 'writeresp'>

State 69 <SV = 68> <Delay = 7.30>
ST_69 : Operation 190 [4/71] (7.30ns)   --->   "%gmem_load_4_req = readreq i1 @_ssdm_op_ReadReq.m_axi.i128P1A, i128 %gmem_addr_4, i32 1" [main.cpp:101->main.cpp:133->main.cpp:272]   --->   Operation 190 'readreq' 'gmem_load_4_req' <Predicate = true> <Delay = 7.30> <CoreInst = "m_axi">   --->   Core 121 'm_axi' <Latency = 0> <II = 1> <Delay = 1.00> <Adapter> <Opcode : 'read' 'write' 'readreq' 'writereq' 'writeresp'>

State 70 <SV = 69> <Delay = 7.30>
ST_70 : Operation 191 [3/71] (7.30ns)   --->   "%gmem_load_4_req = readreq i1 @_ssdm_op_ReadReq.m_axi.i128P1A, i128 %gmem_addr_4, i32 1" [main.cpp:101->main.cpp:133->main.cpp:272]   --->   Operation 191 'readreq' 'gmem_load_4_req' <Predicate = true> <Delay = 7.30> <CoreInst = "m_axi">   --->   Core 121 'm_axi' <Latency = 0> <II = 1> <Delay = 1.00> <Adapter> <Opcode : 'read' 'write' 'readreq' 'writereq' 'writeresp'>

State 71 <SV = 70> <Delay = 7.30>
ST_71 : Operation 192 [2/71] (7.30ns)   --->   "%gmem_load_4_req = readreq i1 @_ssdm_op_ReadReq.m_axi.i128P1A, i128 %gmem_addr_4, i32 1" [main.cpp:101->main.cpp:133->main.cpp:272]   --->   Operation 192 'readreq' 'gmem_load_4_req' <Predicate = true> <Delay = 7.30> <CoreInst = "m_axi">   --->   Core 121 'm_axi' <Latency = 0> <II = 1> <Delay = 1.00> <Adapter> <Opcode : 'read' 'write' 'readreq' 'writereq' 'writeresp'>

State 72 <SV = 71> <Delay = 7.30>
ST_72 : Operation 193 [1/71] (7.30ns)   --->   "%gmem_load_4_req = readreq i1 @_ssdm_op_ReadReq.m_axi.i128P1A, i128 %gmem_addr_4, i32 1" [main.cpp:101->main.cpp:133->main.cpp:272]   --->   Operation 193 'readreq' 'gmem_load_4_req' <Predicate = true> <Delay = 7.30> <CoreInst = "m_axi">   --->   Core 121 'm_axi' <Latency = 0> <II = 1> <Delay = 1.00> <Adapter> <Opcode : 'read' 'write' 'readreq' 'writereq' 'writeresp'>

State 73 <SV = 72> <Delay = 7.30>
ST_73 : Operation 194 [1/1] (0.00ns)   --->   "%trunc_ln101_2 = bitconcatenate i4 @_ssdm_op_BitConcatenate.i4.i1.i3, i1 %trunc_ln101, i3 0" [main.cpp:101->main.cpp:133->main.cpp:272]   --->   Operation 194 'bitconcatenate' 'trunc_ln101_2' <Predicate = true> <Delay = 0.00>
ST_73 : Operation 195 [1/1] (7.30ns)   --->   "%gmem_addr_4_read = read i128 @_ssdm_op_Read.m_axi.i128P1A, i128 %gmem_addr_4" [main.cpp:101->main.cpp:133->main.cpp:272]   --->   Operation 195 'read' 'gmem_addr_4_read' <Predicate = true> <Delay = 7.30> <CoreInst = "m_axi">   --->   Core 121 'm_axi' <Latency = 0> <II = 1> <Delay = 1.00> <Adapter> <Opcode : 'read' 'write' 'readreq' 'writereq' 'writeresp'>
ST_73 : Operation 196 [1/1] (0.80ns)   --->   "%add_ln101_1 = add i4 %trunc_ln101_2, i4 %trunc_ln3_read" [main.cpp:101->main.cpp:133->main.cpp:272]   --->   Operation 196 'add' 'add_ln101_1' <Predicate = true> <Delay = 0.80> <CoreInst = "Adder">   --->   Core 1 'Adder' <Latency = 0> <II = 1> <Delay = 0.80> <FuncUnit> <Opcode : 'add' 'sub'> <InPorts = 2> <OutPorts = 1>

State 74 <SV = 73> <Delay = 7.06>
ST_74 : Operation 197 [1/1] (0.00ns)   --->   "%shl_ln101_1 = bitconcatenate i7 @_ssdm_op_BitConcatenate.i7.i4.i3, i4 %add_ln101_1, i3 0" [main.cpp:101->main.cpp:133->main.cpp:272]   --->   Operation 197 'bitconcatenate' 'shl_ln101_1' <Predicate = true> <Delay = 0.00>
ST_74 : Operation 198 [1/1] (0.00ns)   --->   "%zext_ln101_1 = zext i7 %shl_ln101_1" [main.cpp:101->main.cpp:133->main.cpp:272]   --->   Operation 198 'zext' 'zext_ln101_1' <Predicate = true> <Delay = 0.00>
ST_74 : Operation 199 [1/1] (1.40ns)   --->   "%lshr_ln101 = lshr i128 %gmem_addr_4_read, i128 %zext_ln101_1" [main.cpp:101->main.cpp:133->main.cpp:272]   --->   Operation 199 'lshr' 'lshr_ln101' <Predicate = true> <Delay = 1.40> <CoreInst = "Shifter">   --->   Core 75 'Shifter' <Latency = 0> <II = 1> <Delay = 1.40> <FuncUnit> <Opcode : 'shl' 'lshr' 'ashr'> <InPorts = 2> <OutPorts = 1>
ST_74 : Operation 200 [1/1] (0.00ns)   --->   "%trunc_ln101_1 = trunc i128 %lshr_ln101" [main.cpp:101->main.cpp:133->main.cpp:272]   --->   Operation 200 'trunc' 'trunc_ln101_1' <Predicate = true> <Delay = 0.00>
ST_74 : [1/1] (0.75ns)   --->   Input mux for Operation 201 '%sig = sitodp i64 %trunc_ln101_1'
ST_74 : Operation 201 [2/2] (4.89ns)   --->   "%sig = sitodp i64 %trunc_ln101_1" [main.cpp:101->main.cpp:133->main.cpp:272]   --->   Operation 201 'sitodp' 'sig' <Predicate = true> <Delay = 4.89> <CoreInst = "Int2Double">   --->   Core 66 'Int2Double' <Latency = 1> <II = 1> <Delay = 5.65> <FuncUnit> <Opcode : 'sitodp' 'uitodp'> <InPorts = 1> <OutPorts = 1>

State 75 <SV = 74> <Delay = 5.65>
ST_75 : Operation 202 [1/2] (5.65ns)   --->   "%sig = sitodp i64 %trunc_ln101_1" [main.cpp:101->main.cpp:133->main.cpp:272]   --->   Operation 202 'sitodp' 'sig' <Predicate = true> <Delay = 5.65> <CoreInst = "Int2Double">   --->   Core 66 'Int2Double' <Latency = 1> <II = 1> <Delay = 5.65> <FuncUnit> <Opcode : 'sitodp' 'uitodp'> <InPorts = 1> <OutPorts = 1>

State 76 <SV = 75> <Delay = 7.15>
ST_76 : [1/1] (0.75ns)   --->   Input mux for Operation 203 '%overSig = ddiv i64 1, i64 %sig'
ST_76 : Operation 203 [13/13] (6.40ns)   --->   "%overSig = ddiv i64 1, i64 %sig" [main.cpp:102->main.cpp:133->main.cpp:272]   --->   Operation 203 'ddiv' 'overSig' <Predicate = true> <Delay = 6.40> <CoreInst = "DDiv">   --->   Core 39 'DDiv' <Latency = 12> <II = 1> <Delay = 7.15> <FuncUnit> <Opcode : 'ddiv' 'drem'> <InPorts = 2> <OutPorts = 1>

State 77 <SV = 76> <Delay = 7.15>
ST_77 : Operation 204 [12/13] (7.15ns)   --->   "%overSig = ddiv i64 1, i64 %sig" [main.cpp:102->main.cpp:133->main.cpp:272]   --->   Operation 204 'ddiv' 'overSig' <Predicate = true> <Delay = 7.15> <CoreInst = "DDiv">   --->   Core 39 'DDiv' <Latency = 12> <II = 1> <Delay = 7.15> <FuncUnit> <Opcode : 'ddiv' 'drem'> <InPorts = 2> <OutPorts = 1>

State 78 <SV = 77> <Delay = 7.15>
ST_78 : Operation 205 [11/13] (7.15ns)   --->   "%overSig = ddiv i64 1, i64 %sig" [main.cpp:102->main.cpp:133->main.cpp:272]   --->   Operation 205 'ddiv' 'overSig' <Predicate = true> <Delay = 7.15> <CoreInst = "DDiv">   --->   Core 39 'DDiv' <Latency = 12> <II = 1> <Delay = 7.15> <FuncUnit> <Opcode : 'ddiv' 'drem'> <InPorts = 2> <OutPorts = 1>

State 79 <SV = 78> <Delay = 7.15>
ST_79 : Operation 206 [10/13] (7.15ns)   --->   "%overSig = ddiv i64 1, i64 %sig" [main.cpp:102->main.cpp:133->main.cpp:272]   --->   Operation 206 'ddiv' 'overSig' <Predicate = true> <Delay = 7.15> <CoreInst = "DDiv">   --->   Core 39 'DDiv' <Latency = 12> <II = 1> <Delay = 7.15> <FuncUnit> <Opcode : 'ddiv' 'drem'> <InPorts = 2> <OutPorts = 1>

State 80 <SV = 79> <Delay = 7.15>
ST_80 : Operation 207 [9/13] (7.15ns)   --->   "%overSig = ddiv i64 1, i64 %sig" [main.cpp:102->main.cpp:133->main.cpp:272]   --->   Operation 207 'ddiv' 'overSig' <Predicate = true> <Delay = 7.15> <CoreInst = "DDiv">   --->   Core 39 'DDiv' <Latency = 12> <II = 1> <Delay = 7.15> <FuncUnit> <Opcode : 'ddiv' 'drem'> <InPorts = 2> <OutPorts = 1>

State 81 <SV = 80> <Delay = 7.15>
ST_81 : Operation 208 [8/13] (7.15ns)   --->   "%overSig = ddiv i64 1, i64 %sig" [main.cpp:102->main.cpp:133->main.cpp:272]   --->   Operation 208 'ddiv' 'overSig' <Predicate = true> <Delay = 7.15> <CoreInst = "DDiv">   --->   Core 39 'DDiv' <Latency = 12> <II = 1> <Delay = 7.15> <FuncUnit> <Opcode : 'ddiv' 'drem'> <InPorts = 2> <OutPorts = 1>

State 82 <SV = 81> <Delay = 7.15>
ST_82 : Operation 209 [7/13] (7.15ns)   --->   "%overSig = ddiv i64 1, i64 %sig" [main.cpp:102->main.cpp:133->main.cpp:272]   --->   Operation 209 'ddiv' 'overSig' <Predicate = true> <Delay = 7.15> <CoreInst = "DDiv">   --->   Core 39 'DDiv' <Latency = 12> <II = 1> <Delay = 7.15> <FuncUnit> <Opcode : 'ddiv' 'drem'> <InPorts = 2> <OutPorts = 1>

State 83 <SV = 82> <Delay = 7.15>
ST_83 : Operation 210 [6/13] (7.15ns)   --->   "%overSig = ddiv i64 1, i64 %sig" [main.cpp:102->main.cpp:133->main.cpp:272]   --->   Operation 210 'ddiv' 'overSig' <Predicate = true> <Delay = 7.15> <CoreInst = "DDiv">   --->   Core 39 'DDiv' <Latency = 12> <II = 1> <Delay = 7.15> <FuncUnit> <Opcode : 'ddiv' 'drem'> <InPorts = 2> <OutPorts = 1>

State 84 <SV = 83> <Delay = 7.15>
ST_84 : Operation 211 [5/13] (7.15ns)   --->   "%overSig = ddiv i64 1, i64 %sig" [main.cpp:102->main.cpp:133->main.cpp:272]   --->   Operation 211 'ddiv' 'overSig' <Predicate = true> <Delay = 7.15> <CoreInst = "DDiv">   --->   Core 39 'DDiv' <Latency = 12> <II = 1> <Delay = 7.15> <FuncUnit> <Opcode : 'ddiv' 'drem'> <InPorts = 2> <OutPorts = 1>

State 85 <SV = 84> <Delay = 7.15>
ST_85 : Operation 212 [4/13] (7.15ns)   --->   "%overSig = ddiv i64 1, i64 %sig" [main.cpp:102->main.cpp:133->main.cpp:272]   --->   Operation 212 'ddiv' 'overSig' <Predicate = true> <Delay = 7.15> <CoreInst = "DDiv">   --->   Core 39 'DDiv' <Latency = 12> <II = 1> <Delay = 7.15> <FuncUnit> <Opcode : 'ddiv' 'drem'> <InPorts = 2> <OutPorts = 1>

State 86 <SV = 85> <Delay = 7.15>
ST_86 : Operation 213 [3/13] (7.15ns)   --->   "%overSig = ddiv i64 1, i64 %sig" [main.cpp:102->main.cpp:133->main.cpp:272]   --->   Operation 213 'ddiv' 'overSig' <Predicate = true> <Delay = 7.15> <CoreInst = "DDiv">   --->   Core 39 'DDiv' <Latency = 12> <II = 1> <Delay = 7.15> <FuncUnit> <Opcode : 'ddiv' 'drem'> <InPorts = 2> <OutPorts = 1>

State 87 <SV = 86> <Delay = 7.15>
ST_87 : Operation 214 [2/13] (7.15ns)   --->   "%overSig = ddiv i64 1, i64 %sig" [main.cpp:102->main.cpp:133->main.cpp:272]   --->   Operation 214 'ddiv' 'overSig' <Predicate = true> <Delay = 7.15> <CoreInst = "DDiv">   --->   Core 39 'DDiv' <Latency = 12> <II = 1> <Delay = 7.15> <FuncUnit> <Opcode : 'ddiv' 'drem'> <InPorts = 2> <OutPorts = 1>

State 88 <SV = 87> <Delay = 7.15>
ST_88 : Operation 215 [1/13] (7.15ns)   --->   "%overSig = ddiv i64 1, i64 %sig" [main.cpp:102->main.cpp:133->main.cpp:272]   --->   Operation 215 'ddiv' 'overSig' <Predicate = true> <Delay = 7.15> <CoreInst = "DDiv">   --->   Core 39 'DDiv' <Latency = 12> <II = 1> <Delay = 7.15> <FuncUnit> <Opcode : 'ddiv' 'drem'> <InPorts = 2> <OutPorts = 1>

State 89 <SV = 88> <Delay = 5.58>
ST_89 : [1/1] (0.65ns)   --->   Input mux for Operation 216 '%mul_i_i = dmul i64 %overSig, i64 %overSig'
ST_89 : Operation 216 [4/4] (4.92ns)   --->   "%mul_i_i = dmul i64 %overSig, i64 %overSig" [main.cpp:105->main.cpp:133->main.cpp:272]   --->   Operation 216 'dmul' 'mul_i_i' <Predicate = true> <Delay = 4.92> <CoreInst = "DMul_maxdsp">   --->   Core 49 'DMul_maxdsp' <Latency = 3> <II = 1> <Delay = 5.58> <FuncUnit> <Opcode : 'dmul'> <InPorts = 2> <OutPorts = 1>

State 90 <SV = 89> <Delay = 5.58>
ST_90 : Operation 217 [3/4] (5.58ns)   --->   "%mul_i_i = dmul i64 %overSig, i64 %overSig" [main.cpp:105->main.cpp:133->main.cpp:272]   --->   Operation 217 'dmul' 'mul_i_i' <Predicate = true> <Delay = 5.58> <CoreInst = "DMul_maxdsp">   --->   Core 49 'DMul_maxdsp' <Latency = 3> <II = 1> <Delay = 5.58> <FuncUnit> <Opcode : 'dmul'> <InPorts = 2> <OutPorts = 1>

State 91 <SV = 90> <Delay = 5.58>
ST_91 : Operation 218 [2/4] (5.58ns)   --->   "%mul_i_i = dmul i64 %overSig, i64 %overSig" [main.cpp:105->main.cpp:133->main.cpp:272]   --->   Operation 218 'dmul' 'mul_i_i' <Predicate = true> <Delay = 5.58> <CoreInst = "DMul_maxdsp">   --->   Core 49 'DMul_maxdsp' <Latency = 3> <II = 1> <Delay = 5.58> <FuncUnit> <Opcode : 'dmul'> <InPorts = 2> <OutPorts = 1>

State 92 <SV = 91> <Delay = 5.58>
ST_92 : Operation 219 [1/4] (5.58ns)   --->   "%mul_i_i = dmul i64 %overSig, i64 %overSig" [main.cpp:105->main.cpp:133->main.cpp:272]   --->   Operation 219 'dmul' 'mul_i_i' <Predicate = true> <Delay = 5.58> <CoreInst = "DMul_maxdsp">   --->   Core 49 'DMul_maxdsp' <Latency = 3> <II = 1> <Delay = 5.58> <FuncUnit> <Opcode : 'dmul'> <InPorts = 2> <OutPorts = 1>

State 93 <SV = 92> <Delay = 5.15>
ST_93 : Operation 220 [1/1] (0.00ns)   --->   "%S_load = load i64 %S" [main.cpp:105->main.cpp:133->main.cpp:272]   --->   Operation 220 'load' 'S_load' <Predicate = true> <Delay = 0.00>
ST_93 : [1/1] (0.67ns)   --->   Input mux for Operation 221 '%S_1 = dadd i64 %S_load, i64 %mul_i_i'
ST_93 : Operation 221 [4/4] (4.48ns)   --->   "%S_1 = dadd i64 %S_load, i64 %mul_i_i" [main.cpp:105->main.cpp:133->main.cpp:272]   --->   Operation 221 'dadd' 'S_1' <Predicate = true> <Delay = 4.48> <CoreInst = "DAddSub_fulldsp">   --->   Core 37 'DAddSub_fulldsp' <Latency = 3> <II = 1> <Delay = 5.15> <FuncUnit> <Opcode : 'dadd' 'dsub'> <InPorts = 2> <OutPorts = 1>
ST_93 : Operation 228 [1/1] (0.00ns)   --->   "%S_load_1 = load i64 %S"   --->   Operation 228 'load' 'S_load_1' <Predicate = (!icmp_ln100)> <Delay = 0.00>
ST_93 : Operation 229 [1/1] (0.00ns)   --->   "%write_ln0 = write void @_ssdm_op_Write.ap_auto.doubleP0A, i64 %S_out, i64 %S_load_1"   --->   Operation 229 'write' 'write_ln0' <Predicate = (!icmp_ln100)> <Delay = 0.00>
ST_93 : Operation 230 [1/1] (0.00ns)   --->   "%ret_ln0 = ret"   --->   Operation 230 'ret' 'ret_ln0' <Predicate = (!icmp_ln100)> <Delay = 0.00>

State 94 <SV = 93> <Delay = 5.15>
ST_94 : Operation 222 [3/4] (5.15ns)   --->   "%S_1 = dadd i64 %S_load, i64 %mul_i_i" [main.cpp:105->main.cpp:133->main.cpp:272]   --->   Operation 222 'dadd' 'S_1' <Predicate = true> <Delay = 5.15> <CoreInst = "DAddSub_fulldsp">   --->   Core 37 'DAddSub_fulldsp' <Latency = 3> <II = 1> <Delay = 5.15> <FuncUnit> <Opcode : 'dadd' 'dsub'> <InPorts = 2> <OutPorts = 1>

State 95 <SV = 94> <Delay = 5.15>
ST_95 : Operation 223 [2/4] (5.15ns)   --->   "%S_1 = dadd i64 %S_load, i64 %mul_i_i" [main.cpp:105->main.cpp:133->main.cpp:272]   --->   Operation 223 'dadd' 'S_1' <Predicate = true> <Delay = 5.15> <CoreInst = "DAddSub_fulldsp">   --->   Core 37 'DAddSub_fulldsp' <Latency = 3> <II = 1> <Delay = 5.15> <FuncUnit> <Opcode : 'dadd' 'dsub'> <InPorts = 2> <OutPorts = 1>

State 96 <SV = 95> <Delay = 5.61>
ST_96 : Operation 224 [1/1] (0.00ns)   --->   "%specloopname_ln100 = specloopname void @_ssdm_op_SpecLoopName, void @empty_11" [main.cpp:100->main.cpp:133->main.cpp:272]   --->   Operation 224 'specloopname' 'specloopname_ln100' <Predicate = true> <Delay = 0.00>
ST_96 : Operation 225 [1/4] (5.15ns)   --->   "%S_1 = dadd i64 %S_load, i64 %mul_i_i" [main.cpp:105->main.cpp:133->main.cpp:272]   --->   Operation 225 'dadd' 'S_1' <Predicate = true> <Delay = 5.15> <CoreInst = "DAddSub_fulldsp">   --->   Core 37 'DAddSub_fulldsp' <Latency = 3> <II = 1> <Delay = 5.15> <FuncUnit> <Opcode : 'dadd' 'dsub'> <InPorts = 2> <OutPorts = 1>
ST_96 : Operation 226 [1/1] (0.46ns)   --->   "%store_ln100 = store i64 %S_1, i64 %S" [main.cpp:100->main.cpp:133->main.cpp:272]   --->   Operation 226 'store' 'store_ln100' <Predicate = true> <Delay = 0.46>
ST_96 : Operation 227 [1/1] (0.00ns)   --->   "%br_ln100 = br void %for.inc.i.i" [main.cpp:100->main.cpp:133->main.cpp:272]   --->   Operation 227 'br' 'br_ln100' <Predicate = true> <Delay = 0.00>


============================================================
+ Verbose Summary: Timing violations
============================================================
Target clock period: 10.000ns, clock uncertainty: 2.700ns.

 <State 1>: 1.362ns
The critical path consists of the following:
	'alloca' operation ('i') [7]  (0.000 ns)
	'load' operation ('i', main.cpp:101->main.cpp:133->main.cpp:272) on local variable 'i' [16]  (0.000 ns)
	'add' operation ('add_ln101', main.cpp:101->main.cpp:133->main.cpp:272) [30]  (1.362 ns)

 <State 2>: 7.300ns
The critical path consists of the following:
	'getelementptr' operation ('gmem_addr_4', main.cpp:101->main.cpp:133->main.cpp:272) [33]  (0.000 ns)
	bus request operation ('gmem_load_4_req', main.cpp:101->main.cpp:133->main.cpp:272) on port 'gmem' (main.cpp:101->main.cpp:133->main.cpp:272) [34]  (7.300 ns)

 <State 3>: 7.300ns
The critical path consists of the following:
	bus request operation ('gmem_load_4_req', main.cpp:101->main.cpp:133->main.cpp:272) on port 'gmem' (main.cpp:101->main.cpp:133->main.cpp:272) [34]  (7.300 ns)

 <State 4>: 7.300ns
The critical path consists of the following:
	bus request operation ('gmem_load_4_req', main.cpp:101->main.cpp:133->main.cpp:272) on port 'gmem' (main.cpp:101->main.cpp:133->main.cpp:272) [34]  (7.300 ns)

 <State 5>: 7.300ns
The critical path consists of the following:
	bus request operation ('gmem_load_4_req', main.cpp:101->main.cpp:133->main.cpp:272) on port 'gmem' (main.cpp:101->main.cpp:133->main.cpp:272) [34]  (7.300 ns)

 <State 6>: 7.300ns
The critical path consists of the following:
	bus request operation ('gmem_load_4_req', main.cpp:101->main.cpp:133->main.cpp:272) on port 'gmem' (main.cpp:101->main.cpp:133->main.cpp:272) [34]  (7.300 ns)

 <State 7>: 7.300ns
The critical path consists of the following:
	bus request operation ('gmem_load_4_req', main.cpp:101->main.cpp:133->main.cpp:272) on port 'gmem' (main.cpp:101->main.cpp:133->main.cpp:272) [34]  (7.300 ns)

 <State 8>: 7.300ns
The critical path consists of the following:
	bus request operation ('gmem_load_4_req', main.cpp:101->main.cpp:133->main.cpp:272) on port 'gmem' (main.cpp:101->main.cpp:133->main.cpp:272) [34]  (7.300 ns)

 <State 9>: 7.300ns
The critical path consists of the following:
	bus request operation ('gmem_load_4_req', main.cpp:101->main.cpp:133->main.cpp:272) on port 'gmem' (main.cpp:101->main.cpp:133->main.cpp:272) [34]  (7.300 ns)

 <State 10>: 7.300ns
The critical path consists of the following:
	bus request operation ('gmem_load_4_req', main.cpp:101->main.cpp:133->main.cpp:272) on port 'gmem' (main.cpp:101->main.cpp:133->main.cpp:272) [34]  (7.300 ns)

 <State 11>: 7.300ns
The critical path consists of the following:
	bus request operation ('gmem_load_4_req', main.cpp:101->main.cpp:133->main.cpp:272) on port 'gmem' (main.cpp:101->main.cpp:133->main.cpp:272) [34]  (7.300 ns)

 <State 12>: 7.300ns
The critical path consists of the following:
	bus request operation ('gmem_load_4_req', main.cpp:101->main.cpp:133->main.cpp:272) on port 'gmem' (main.cpp:101->main.cpp:133->main.cpp:272) [34]  (7.300 ns)

 <State 13>: 7.300ns
The critical path consists of the following:
	bus request operation ('gmem_load_4_req', main.cpp:101->main.cpp:133->main.cpp:272) on port 'gmem' (main.cpp:101->main.cpp:133->main.cpp:272) [34]  (7.300 ns)

 <State 14>: 7.300ns
The critical path consists of the following:
	bus request operation ('gmem_load_4_req', main.cpp:101->main.cpp:133->main.cpp:272) on port 'gmem' (main.cpp:101->main.cpp:133->main.cpp:272) [34]  (7.300 ns)

 <State 15>: 7.300ns
The critical path consists of the following:
	bus request operation ('gmem_load_4_req', main.cpp:101->main.cpp:133->main.cpp:272) on port 'gmem' (main.cpp:101->main.cpp:133->main.cpp:272) [34]  (7.300 ns)

 <State 16>: 7.300ns
The critical path consists of the following:
	bus request operation ('gmem_load_4_req', main.cpp:101->main.cpp:133->main.cpp:272) on port 'gmem' (main.cpp:101->main.cpp:133->main.cpp:272) [34]  (7.300 ns)

 <State 17>: 7.300ns
The critical path consists of the following:
	bus request operation ('gmem_load_4_req', main.cpp:101->main.cpp:133->main.cpp:272) on port 'gmem' (main.cpp:101->main.cpp:133->main.cpp:272) [34]  (7.300 ns)

 <State 18>: 7.300ns
The critical path consists of the following:
	bus request operation ('gmem_load_4_req', main.cpp:101->main.cpp:133->main.cpp:272) on port 'gmem' (main.cpp:101->main.cpp:133->main.cpp:272) [34]  (7.300 ns)

 <State 19>: 7.300ns
The critical path consists of the following:
	bus request operation ('gmem_load_4_req', main.cpp:101->main.cpp:133->main.cpp:272) on port 'gmem' (main.cpp:101->main.cpp:133->main.cpp:272) [34]  (7.300 ns)

 <State 20>: 7.300ns
The critical path consists of the following:
	bus request operation ('gmem_load_4_req', main.cpp:101->main.cpp:133->main.cpp:272) on port 'gmem' (main.cpp:101->main.cpp:133->main.cpp:272) [34]  (7.300 ns)

 <State 21>: 7.300ns
The critical path consists of the following:
	bus request operation ('gmem_load_4_req', main.cpp:101->main.cpp:133->main.cpp:272) on port 'gmem' (main.cpp:101->main.cpp:133->main.cpp:272) [34]  (7.300 ns)

 <State 22>: 7.300ns
The critical path consists of the following:
	bus request operation ('gmem_load_4_req', main.cpp:101->main.cpp:133->main.cpp:272) on port 'gmem' (main.cpp:101->main.cpp:133->main.cpp:272) [34]  (7.300 ns)

 <State 23>: 7.300ns
The critical path consists of the following:
	bus request operation ('gmem_load_4_req', main.cpp:101->main.cpp:133->main.cpp:272) on port 'gmem' (main.cpp:101->main.cpp:133->main.cpp:272) [34]  (7.300 ns)

 <State 24>: 7.300ns
The critical path consists of the following:
	bus request operation ('gmem_load_4_req', main.cpp:101->main.cpp:133->main.cpp:272) on port 'gmem' (main.cpp:101->main.cpp:133->main.cpp:272) [34]  (7.300 ns)

 <State 25>: 7.300ns
The critical path consists of the following:
	bus request operation ('gmem_load_4_req', main.cpp:101->main.cpp:133->main.cpp:272) on port 'gmem' (main.cpp:101->main.cpp:133->main.cpp:272) [34]  (7.300 ns)

 <State 26>: 7.300ns
The critical path consists of the following:
	bus request operation ('gmem_load_4_req', main.cpp:101->main.cpp:133->main.cpp:272) on port 'gmem' (main.cpp:101->main.cpp:133->main.cpp:272) [34]  (7.300 ns)

 <State 27>: 7.300ns
The critical path consists of the following:
	bus request operation ('gmem_load_4_req', main.cpp:101->main.cpp:133->main.cpp:272) on port 'gmem' (main.cpp:101->main.cpp:133->main.cpp:272) [34]  (7.300 ns)

 <State 28>: 7.300ns
The critical path consists of the following:
	bus request operation ('gmem_load_4_req', main.cpp:101->main.cpp:133->main.cpp:272) on port 'gmem' (main.cpp:101->main.cpp:133->main.cpp:272) [34]  (7.300 ns)

 <State 29>: 7.300ns
The critical path consists of the following:
	bus request operation ('gmem_load_4_req', main.cpp:101->main.cpp:133->main.cpp:272) on port 'gmem' (main.cpp:101->main.cpp:133->main.cpp:272) [34]  (7.300 ns)

 <State 30>: 7.300ns
The critical path consists of the following:
	bus request operation ('gmem_load_4_req', main.cpp:101->main.cpp:133->main.cpp:272) on port 'gmem' (main.cpp:101->main.cpp:133->main.cpp:272) [34]  (7.300 ns)

 <State 31>: 7.300ns
The critical path consists of the following:
	bus request operation ('gmem_load_4_req', main.cpp:101->main.cpp:133->main.cpp:272) on port 'gmem' (main.cpp:101->main.cpp:133->main.cpp:272) [34]  (7.300 ns)

 <State 32>: 7.300ns
The critical path consists of the following:
	bus request operation ('gmem_load_4_req', main.cpp:101->main.cpp:133->main.cpp:272) on port 'gmem' (main.cpp:101->main.cpp:133->main.cpp:272) [34]  (7.300 ns)

 <State 33>: 7.300ns
The critical path consists of the following:
	bus request operation ('gmem_load_4_req', main.cpp:101->main.cpp:133->main.cpp:272) on port 'gmem' (main.cpp:101->main.cpp:133->main.cpp:272) [34]  (7.300 ns)

 <State 34>: 7.300ns
The critical path consists of the following:
	bus request operation ('gmem_load_4_req', main.cpp:101->main.cpp:133->main.cpp:272) on port 'gmem' (main.cpp:101->main.cpp:133->main.cpp:272) [34]  (7.300 ns)

 <State 35>: 7.300ns
The critical path consists of the following:
	bus request operation ('gmem_load_4_req', main.cpp:101->main.cpp:133->main.cpp:272) on port 'gmem' (main.cpp:101->main.cpp:133->main.cpp:272) [34]  (7.300 ns)

 <State 36>: 7.300ns
The critical path consists of the following:
	bus request operation ('gmem_load_4_req', main.cpp:101->main.cpp:133->main.cpp:272) on port 'gmem' (main.cpp:101->main.cpp:133->main.cpp:272) [34]  (7.300 ns)

 <State 37>: 7.300ns
The critical path consists of the following:
	bus request operation ('gmem_load_4_req', main.cpp:101->main.cpp:133->main.cpp:272) on port 'gmem' (main.cpp:101->main.cpp:133->main.cpp:272) [34]  (7.300 ns)

 <State 38>: 7.300ns
The critical path consists of the following:
	bus request operation ('gmem_load_4_req', main.cpp:101->main.cpp:133->main.cpp:272) on port 'gmem' (main.cpp:101->main.cpp:133->main.cpp:272) [34]  (7.300 ns)

 <State 39>: 7.300ns
The critical path consists of the following:
	bus request operation ('gmem_load_4_req', main.cpp:101->main.cpp:133->main.cpp:272) on port 'gmem' (main.cpp:101->main.cpp:133->main.cpp:272) [34]  (7.300 ns)

 <State 40>: 7.300ns
The critical path consists of the following:
	bus request operation ('gmem_load_4_req', main.cpp:101->main.cpp:133->main.cpp:272) on port 'gmem' (main.cpp:101->main.cpp:133->main.cpp:272) [34]  (7.300 ns)

 <State 41>: 7.300ns
The critical path consists of the following:
	bus request operation ('gmem_load_4_req', main.cpp:101->main.cpp:133->main.cpp:272) on port 'gmem' (main.cpp:101->main.cpp:133->main.cpp:272) [34]  (7.300 ns)

 <State 42>: 7.300ns
The critical path consists of the following:
	bus request operation ('gmem_load_4_req', main.cpp:101->main.cpp:133->main.cpp:272) on port 'gmem' (main.cpp:101->main.cpp:133->main.cpp:272) [34]  (7.300 ns)

 <State 43>: 7.300ns
The critical path consists of the following:
	bus request operation ('gmem_load_4_req', main.cpp:101->main.cpp:133->main.cpp:272) on port 'gmem' (main.cpp:101->main.cpp:133->main.cpp:272) [34]  (7.300 ns)

 <State 44>: 7.300ns
The critical path consists of the following:
	bus request operation ('gmem_load_4_req', main.cpp:101->main.cpp:133->main.cpp:272) on port 'gmem' (main.cpp:101->main.cpp:133->main.cpp:272) [34]  (7.300 ns)

 <State 45>: 7.300ns
The critical path consists of the following:
	bus request operation ('gmem_load_4_req', main.cpp:101->main.cpp:133->main.cpp:272) on port 'gmem' (main.cpp:101->main.cpp:133->main.cpp:272) [34]  (7.300 ns)

 <State 46>: 7.300ns
The critical path consists of the following:
	bus request operation ('gmem_load_4_req', main.cpp:101->main.cpp:133->main.cpp:272) on port 'gmem' (main.cpp:101->main.cpp:133->main.cpp:272) [34]  (7.300 ns)

 <State 47>: 7.300ns
The critical path consists of the following:
	bus request operation ('gmem_load_4_req', main.cpp:101->main.cpp:133->main.cpp:272) on port 'gmem' (main.cpp:101->main.cpp:133->main.cpp:272) [34]  (7.300 ns)

 <State 48>: 7.300ns
The critical path consists of the following:
	bus request operation ('gmem_load_4_req', main.cpp:101->main.cpp:133->main.cpp:272) on port 'gmem' (main.cpp:101->main.cpp:133->main.cpp:272) [34]  (7.300 ns)

 <State 49>: 7.300ns
The critical path consists of the following:
	bus request operation ('gmem_load_4_req', main.cpp:101->main.cpp:133->main.cpp:272) on port 'gmem' (main.cpp:101->main.cpp:133->main.cpp:272) [34]  (7.300 ns)

 <State 50>: 7.300ns
The critical path consists of the following:
	bus request operation ('gmem_load_4_req', main.cpp:101->main.cpp:133->main.cpp:272) on port 'gmem' (main.cpp:101->main.cpp:133->main.cpp:272) [34]  (7.300 ns)

 <State 51>: 7.300ns
The critical path consists of the following:
	bus request operation ('gmem_load_4_req', main.cpp:101->main.cpp:133->main.cpp:272) on port 'gmem' (main.cpp:101->main.cpp:133->main.cpp:272) [34]  (7.300 ns)

 <State 52>: 7.300ns
The critical path consists of the following:
	bus request operation ('gmem_load_4_req', main.cpp:101->main.cpp:133->main.cpp:272) on port 'gmem' (main.cpp:101->main.cpp:133->main.cpp:272) [34]  (7.300 ns)

 <State 53>: 7.300ns
The critical path consists of the following:
	bus request operation ('gmem_load_4_req', main.cpp:101->main.cpp:133->main.cpp:272) on port 'gmem' (main.cpp:101->main.cpp:133->main.cpp:272) [34]  (7.300 ns)

 <State 54>: 7.300ns
The critical path consists of the following:
	bus request operation ('gmem_load_4_req', main.cpp:101->main.cpp:133->main.cpp:272) on port 'gmem' (main.cpp:101->main.cpp:133->main.cpp:272) [34]  (7.300 ns)

 <State 55>: 7.300ns
The critical path consists of the following:
	bus request operation ('gmem_load_4_req', main.cpp:101->main.cpp:133->main.cpp:272) on port 'gmem' (main.cpp:101->main.cpp:133->main.cpp:272) [34]  (7.300 ns)

 <State 56>: 7.300ns
The critical path consists of the following:
	bus request operation ('gmem_load_4_req', main.cpp:101->main.cpp:133->main.cpp:272) on port 'gmem' (main.cpp:101->main.cpp:133->main.cpp:272) [34]  (7.300 ns)

 <State 57>: 7.300ns
The critical path consists of the following:
	bus request operation ('gmem_load_4_req', main.cpp:101->main.cpp:133->main.cpp:272) on port 'gmem' (main.cpp:101->main.cpp:133->main.cpp:272) [34]  (7.300 ns)

 <State 58>: 7.300ns
The critical path consists of the following:
	bus request operation ('gmem_load_4_req', main.cpp:101->main.cpp:133->main.cpp:272) on port 'gmem' (main.cpp:101->main.cpp:133->main.cpp:272) [34]  (7.300 ns)

 <State 59>: 7.300ns
The critical path consists of the following:
	bus request operation ('gmem_load_4_req', main.cpp:101->main.cpp:133->main.cpp:272) on port 'gmem' (main.cpp:101->main.cpp:133->main.cpp:272) [34]  (7.300 ns)

 <State 60>: 7.300ns
The critical path consists of the following:
	bus request operation ('gmem_load_4_req', main.cpp:101->main.cpp:133->main.cpp:272) on port 'gmem' (main.cpp:101->main.cpp:133->main.cpp:272) [34]  (7.300 ns)

 <State 61>: 7.300ns
The critical path consists of the following:
	bus request operation ('gmem_load_4_req', main.cpp:101->main.cpp:133->main.cpp:272) on port 'gmem' (main.cpp:101->main.cpp:133->main.cpp:272) [34]  (7.300 ns)

 <State 62>: 7.300ns
The critical path consists of the following:
	bus request operation ('gmem_load_4_req', main.cpp:101->main.cpp:133->main.cpp:272) on port 'gmem' (main.cpp:101->main.cpp:133->main.cpp:272) [34]  (7.300 ns)

 <State 63>: 7.300ns
The critical path consists of the following:
	bus request operation ('gmem_load_4_req', main.cpp:101->main.cpp:133->main.cpp:272) on port 'gmem' (main.cpp:101->main.cpp:133->main.cpp:272) [34]  (7.300 ns)

 <State 64>: 7.300ns
The critical path consists of the following:
	bus request operation ('gmem_load_4_req', main.cpp:101->main.cpp:133->main.cpp:272) on port 'gmem' (main.cpp:101->main.cpp:133->main.cpp:272) [34]  (7.300 ns)

 <State 65>: 7.300ns
The critical path consists of the following:
	bus request operation ('gmem_load_4_req', main.cpp:101->main.cpp:133->main.cpp:272) on port 'gmem' (main.cpp:101->main.cpp:133->main.cpp:272) [34]  (7.300 ns)

 <State 66>: 7.300ns
The critical path consists of the following:
	bus request operation ('gmem_load_4_req', main.cpp:101->main.cpp:133->main.cpp:272) on port 'gmem' (main.cpp:101->main.cpp:133->main.cpp:272) [34]  (7.300 ns)

 <State 67>: 7.300ns
The critical path consists of the following:
	bus request operation ('gmem_load_4_req', main.cpp:101->main.cpp:133->main.cpp:272) on port 'gmem' (main.cpp:101->main.cpp:133->main.cpp:272) [34]  (7.300 ns)

 <State 68>: 7.300ns
The critical path consists of the following:
	bus request operation ('gmem_load_4_req', main.cpp:101->main.cpp:133->main.cpp:272) on port 'gmem' (main.cpp:101->main.cpp:133->main.cpp:272) [34]  (7.300 ns)

 <State 69>: 7.300ns
The critical path consists of the following:
	bus request operation ('gmem_load_4_req', main.cpp:101->main.cpp:133->main.cpp:272) on port 'gmem' (main.cpp:101->main.cpp:133->main.cpp:272) [34]  (7.300 ns)

 <State 70>: 7.300ns
The critical path consists of the following:
	bus request operation ('gmem_load_4_req', main.cpp:101->main.cpp:133->main.cpp:272) on port 'gmem' (main.cpp:101->main.cpp:133->main.cpp:272) [34]  (7.300 ns)

 <State 71>: 7.300ns
The critical path consists of the following:
	bus request operation ('gmem_load_4_req', main.cpp:101->main.cpp:133->main.cpp:272) on port 'gmem' (main.cpp:101->main.cpp:133->main.cpp:272) [34]  (7.300 ns)

 <State 72>: 7.300ns
The critical path consists of the following:
	bus request operation ('gmem_load_4_req', main.cpp:101->main.cpp:133->main.cpp:272) on port 'gmem' (main.cpp:101->main.cpp:133->main.cpp:272) [34]  (7.300 ns)

 <State 73>: 7.300ns
The critical path consists of the following:
	bus read operation ('gmem_addr_4_read', main.cpp:101->main.cpp:133->main.cpp:272) on port 'gmem' (main.cpp:101->main.cpp:133->main.cpp:272) [35]  (7.300 ns)

 <State 74>: 7.061ns
The critical path consists of the following:
	'lshr' operation ('lshr_ln101', main.cpp:101->main.cpp:133->main.cpp:272) [39]  (1.409 ns)
	multiplexor before operation 'sitodp' with delay (0.755 ns)
'sitodp' operation ('sig', main.cpp:101->main.cpp:133->main.cpp:272) [41]  (4.897 ns)

 <State 75>: 5.652ns
The critical path consists of the following:
	'sitodp' operation ('sig', main.cpp:101->main.cpp:133->main.cpp:272) [41]  (5.652 ns)

 <State 76>: 7.158ns
The critical path consists of the following:
	multiplexor before operation 'ddiv' with delay (0.755 ns)
'ddiv' operation ('overSig', main.cpp:102->main.cpp:133->main.cpp:272) [42]  (6.403 ns)

 <State 77>: 7.158ns
The critical path consists of the following:
	'ddiv' operation ('overSig', main.cpp:102->main.cpp:133->main.cpp:272) [42]  (7.158 ns)

 <State 78>: 7.158ns
The critical path consists of the following:
	'ddiv' operation ('overSig', main.cpp:102->main.cpp:133->main.cpp:272) [42]  (7.158 ns)

 <State 79>: 7.158ns
The critical path consists of the following:
	'ddiv' operation ('overSig', main.cpp:102->main.cpp:133->main.cpp:272) [42]  (7.158 ns)

 <State 80>: 7.158ns
The critical path consists of the following:
	'ddiv' operation ('overSig', main.cpp:102->main.cpp:133->main.cpp:272) [42]  (7.158 ns)

 <State 81>: 7.158ns
The critical path consists of the following:
	'ddiv' operation ('overSig', main.cpp:102->main.cpp:133->main.cpp:272) [42]  (7.158 ns)

 <State 82>: 7.158ns
The critical path consists of the following:
	'ddiv' operation ('overSig', main.cpp:102->main.cpp:133->main.cpp:272) [42]  (7.158 ns)

 <State 83>: 7.158ns
The critical path consists of the following:
	'ddiv' operation ('overSig', main.cpp:102->main.cpp:133->main.cpp:272) [42]  (7.158 ns)

 <State 84>: 7.158ns
The critical path consists of the following:
	'ddiv' operation ('overSig', main.cpp:102->main.cpp:133->main.cpp:272) [42]  (7.158 ns)

 <State 85>: 7.158ns
The critical path consists of the following:
	'ddiv' operation ('overSig', main.cpp:102->main.cpp:133->main.cpp:272) [42]  (7.158 ns)

 <State 86>: 7.158ns
The critical path consists of the following:
	'ddiv' operation ('overSig', main.cpp:102->main.cpp:133->main.cpp:272) [42]  (7.158 ns)

 <State 87>: 7.158ns
The critical path consists of the following:
	'ddiv' operation ('overSig', main.cpp:102->main.cpp:133->main.cpp:272) [42]  (7.158 ns)

 <State 88>: 7.158ns
The critical path consists of the following:
	'ddiv' operation ('overSig', main.cpp:102->main.cpp:133->main.cpp:272) [42]  (7.158 ns)

 <State 89>: 5.580ns
The critical path consists of the following:
	multiplexor before operation 'dmul' with delay (0.657 ns)
'dmul' operation ('mul_i_i', main.cpp:105->main.cpp:133->main.cpp:272) [43]  (4.923 ns)

 <State 90>: 5.580ns
The critical path consists of the following:
	'dmul' operation ('mul_i_i', main.cpp:105->main.cpp:133->main.cpp:272) [43]  (5.580 ns)

 <State 91>: 5.580ns
The critical path consists of the following:
	'dmul' operation ('mul_i_i', main.cpp:105->main.cpp:133->main.cpp:272) [43]  (5.580 ns)

 <State 92>: 5.580ns
The critical path consists of the following:
	'dmul' operation ('mul_i_i', main.cpp:105->main.cpp:133->main.cpp:272) [43]  (5.580 ns)

 <State 93>: 5.158ns
The critical path consists of the following:
	'load' operation ('S_load', main.cpp:105->main.cpp:133->main.cpp:272) on local variable 'S' [24]  (0.000 ns)
	multiplexor before operation 'dadd' with delay (0.671 ns)
'dadd' operation ('S', main.cpp:105->main.cpp:133->main.cpp:272) [44]  (4.487 ns)

 <State 94>: 5.158ns
The critical path consists of the following:
	'dadd' operation ('S', main.cpp:105->main.cpp:133->main.cpp:272) [44]  (5.158 ns)

 <State 95>: 5.158ns
The critical path consists of the following:
	'dadd' operation ('S', main.cpp:105->main.cpp:133->main.cpp:272) [44]  (5.158 ns)

 <State 96>: 5.618ns
The critical path consists of the following:
	'dadd' operation ('S', main.cpp:105->main.cpp:133->main.cpp:272) [44]  (5.158 ns)
	'store' operation ('store_ln100', main.cpp:100->main.cpp:133->main.cpp:272) of variable 'S', main.cpp:105->main.cpp:133->main.cpp:272 on local variable 'S' [46]  (0.460 ns)


============================================================
+ Verbose Summary: Binding
============================================================
N/A
* FSMD analyzer results:
  - Output states:
 - Input state : 
  - Chain level:
	State 1
	State 2
	State 3
	State 4
	State 5
	State 6
	State 7
	State 8
	State 9
	State 10
	State 11
	State 12
	State 13
	State 14
	State 15
	State 16
	State 17
	State 18
	State 19
	State 20
	State 21
	State 22
	State 23
	State 24
	State 25
	State 26
	State 27
	State 28
	State 29
	State 30
	State 31
	State 32
	State 33
	State 34
	State 35
	State 36
	State 37
	State 38
	State 39
	State 40
	State 41
	State 42
	State 43
	State 44
	State 45
	State 46
	State 47
	State 48
	State 49
	State 50
	State 51
	State 52
	State 53
	State 54
	State 55
	State 56
	State 57
	State 58
	State 59
	State 60
	State 61
	State 62
	State 63
	State 64
	State 65
	State 66
	State 67
	State 68
	State 69
	State 70
	State 71
	State 72
	State 73
	State 74
	State 75
	State 76
	State 77
	State 78
	State 79
	State 80
	State 81
	State 82
	State 83
	State 84
	State 85
	State 86
	State 87
	State 88
	State 89
	State 90
	State 91
	State 92
	State 93
	State 94
	State 95
	State 96


============================================================
+ Verbose Summary: Datapath Resource usage 
============================================================
N/A
