

================================================================
== Vitis HLS Report for 'add_nums_1'
================================================================
* Date:           Thu Feb 27 22:08:31 2025

* Version:        2023.1 (Build 3854077 on May  4 2023)
* Project:        hls_fit
* Solution:       solution2 (Vitis Kernel Flow Target)
* Product family: virtexuplus
* Target device:  xcvu11p-flga2577-1-e


================================================================
== Performance Estimates
================================================================
+ Timing: 
    * Summary: 
    +--------+----------+----------+------------+
    |  Clock |  Target  | Estimated| Uncertainty|
    +--------+----------+----------+------------+
    |ap_clk  |  10.00 ns|  7.300 ns|     2.70 ns|
    +--------+----------+----------+------------+

+ Latency: 
    * Summary: 
    +---------+---------+-----------+----------+-----+-----+---------+
    |  Latency (cycles) |  Latency (absolute)  |  Interval | Pipeline|
    |   min   |   max   |    min    |    max   | min | max |   Type  |
    +---------+---------+-----------+----------+-----+-----+---------+
    |        1|        ?|  10.000 ns|         ?|    1|    ?|       no|
    +---------+---------+-----------+----------+-----+-----+---------+

    + Detail: 
        * Instance: 
        N/A

        * Loop: 
        +-------------------+---------+---------+----------+-----------+-----------+-------+----------+
        |                   |  Latency (cycles) | Iteration|  Initiation Interval  |  Trip |          |
        |     Loop Name     |   min   |   max   |  Latency |  achieved |   target  | Count | Pipelined|
        +-------------------+---------+---------+----------+-----------+-----------+-------+----------+
        |- VITIS_LOOP_28_1  |       76|        ?|        76|          -|          -|  1 ~ ?|        no|
        +-------------------+---------+---------+----------+-----------+-----------+-------+----------+



================================================================
== Utilization Estimates
================================================================
* Summary: 
+---------------------+---------+------+---------+---------+-----+
|         Name        | BRAM_18K|  DSP |    FF   |   LUT   | URAM|
+---------------------+---------+------+---------+---------+-----+
|DSP                  |        -|     -|        -|        -|    -|
|Expression           |        -|     -|        0|      537|    -|
|FIFO                 |        -|     -|        -|        -|    -|
|Instance             |        -|    10|        0|       45|    -|
|Memory               |        -|     -|        -|        -|    -|
|Multiplexer          |        -|     -|        -|      533|    -|
|Register             |        -|     -|     1348|        -|    -|
+---------------------+---------+------+---------+---------+-----+
|Total                |        0|    10|     1348|     1115|    0|
+---------------------+---------+------+---------+---------+-----+
|Available SLR        |     1344|  3072|   864000|   432000|  320|
+---------------------+---------+------+---------+---------+-----+
|Utilization SLR (%)  |        0|    ~0|       ~0|       ~0|    0|
+---------------------+---------+------+---------+---------+-----+
|Available            |     4032|  9216|  2592000|  1296000|  960|
+---------------------+---------+------+---------+---------+-----+
|Utilization (%)      |        0|    ~0|       ~0|       ~0|    0|
+---------------------+---------+------+---------+---------+-----+

+ Detail: 
    * Instance: 
    +-----------------------+--------------------+---------+----+---+----+-----+
    |        Instance       |       Module       | BRAM_18K| DSP| FF| LUT| URAM|
    +-----------------------+--------------------+---------+----+---+----+-----+
    |mul_64s_64s_64_1_1_U1  |mul_64s_64s_64_1_1  |        0|  10|  0|  45|    0|
    +-----------------------+--------------------+---------+----+---+----+-----+
    |Total                  |                    |        0|  10|  0|  45|    0|
    +-----------------------+--------------------+---------+----+---+----+-----+

    * DSP: 
    N/A

    * Memory: 
    N/A

    * FIFO: 
    N/A

    * Expression: 
    +-----------------------+----------+----+---+----+------------+------------+
    |     Variable Name     | Operation| DSP| FF| LUT| Bitwidth P0| Bitwidth P1|
    +-----------------------+----------+----+---+----+------------+------------+
    |add_ln28_fu_263_p2     |         +|   0|  0|  38|          31|           1|
    |add_ln30_1_fu_304_p2   |         +|   0|  0|  71|          64|          64|
    |add_ln30_fu_269_p2     |         +|   0|  0|  69|          62|          62|
    |add_ln31_1_fu_313_p2   |         +|   0|  0|  71|          64|          64|
    |add_ln31_fu_274_p2     |         +|   0|  0|  69|          62|          62|
    |add_ln32_fu_332_p2     |         +|   0|  0|  71|          64|          64|
    |add_ln33_fu_317_p2     |         +|   0|  0|  71|          64|          64|
    |icmp_ln28_1_fu_258_p2  |      icmp|   0|  0|  38|          31|          31|
    |icmp_ln28_fu_176_p2    |      icmp|   0|  0|  39|          32|           1|
    +-----------------------+----------+----+---+----+------------+------------+
    |Total                  |          |   0|  0| 537|         474|         413|
    +-----------------------+----------+----+---+----+------------+------------+

    * Multiplexer: 
    +--------------------------+-----+-----------+-----+-----------+
    |           Name           | LUT | Input Size| Bits| Total Bits|
    +--------------------------+-----+-----------+-----+-----------+
    |ap_NS_fsm                 |  370|         79|    1|         79|
    |ap_return_0               |    9|          2|   64|        128|
    |ap_return_1               |    9|          2|   64|        128|
    |ap_return_2               |    9|          2|   64|        128|
    |ap_return_3               |    9|          2|   64|        128|
    |empty_25_fu_70            |    9|          2|   64|        128|
    |empty_26_fu_74            |    9|          2|   64|        128|
    |empty_27_fu_78            |    9|          2|   64|        128|
    |empty_fu_66               |    9|          2|   64|        128|
    |gmem_blk_n_AR             |    9|          2|    1|          2|
    |gmem_blk_n_R              |    9|          2|    1|          2|
    |grp_fu_168_p0             |   14|          3|   64|        192|
    |i_fu_62                   |    9|          2|   31|         62|
    |m_axi_gmem_ARADDR         |   14|          3|   64|        192|
    |sx_write_assign_reg_135   |    9|          2|   64|        128|
    |sxx_write_assign_reg_157  |    9|          2|   64|        128|
    |sxy_write_assign_reg_146  |    9|          2|   64|        128|
    |sy_write_assign_reg_124   |    9|          2|   64|        128|
    +--------------------------+-----+-----------+-----+-----------+
    |Total                     |  533|        115|  930|       2065|
    +--------------------------+-----+-----------+-----+-----------+

    * Register: 
    +--------------------------+----+----+-----+-----------+
    |           Name           | FF | LUT| Bits| Const Bits|
    +--------------------------+----+----+-----+-----------+
    |add_ln30_reg_442          |  62|   0|   62|          0|
    |add_ln31_reg_447          |  62|   0|   62|          0|
    |ap_CS_fsm                 |  78|   0|   78|          0|
    |ap_return_0_preg          |  64|   0|   64|          0|
    |ap_return_1_preg          |  64|   0|   64|          0|
    |ap_return_2_preg          |  64|   0|   64|          0|
    |ap_return_3_preg          |  64|   0|   64|          0|
    |empty_25_fu_70            |  64|   0|   64|          0|
    |empty_26_fu_74            |  64|   0|   64|          0|
    |empty_27_fu_78            |  64|   0|   64|          0|
    |empty_fu_66               |  64|   0|   64|          0|
    |gmem_addr_5_read_reg_471  |  64|   0|   64|          0|
    |gmem_addr_read_reg_464    |  64|   0|   64|          0|
    |i_fu_62                   |  31|   0|   31|          0|
    |reg_172                   |  64|   0|   64|          0|
    |sext_ln28_1_reg_414       |  62|   0|   62|          0|
    |sext_ln28_reg_409         |  62|   0|   62|          0|
    |sx_write_assign_reg_135   |  64|   0|   64|          0|
    |sxx_write_assign_reg_157  |  64|   0|   64|          0|
    |sxy_write_assign_reg_146  |  64|   0|   64|          0|
    |sy_write_assign_reg_124   |  64|   0|   64|          0|
    |trunc_ln28_reg_404        |  31|   0|   31|          0|
    +--------------------------+----+----+-----+-----------+
    |Total                     |1348|   0| 1348|          0|
    +--------------------------+----+----+-----+-----------+



================================================================
== Interface
================================================================
* Summary: 
+---------------------+-----+-----+------------+--------------+--------------+
|      RTL Ports      | Dir | Bits|  Protocol  | Source Object|    C Type    |
+---------------------+-----+-----+------------+--------------+--------------+
|ap_clk               |   in|    1|  ap_ctrl_hs|    add_nums.1|  return value|
|ap_rst               |   in|    1|  ap_ctrl_hs|    add_nums.1|  return value|
|ap_start             |   in|    1|  ap_ctrl_hs|    add_nums.1|  return value|
|ap_done              |  out|    1|  ap_ctrl_hs|    add_nums.1|  return value|
|ap_idle              |  out|    1|  ap_ctrl_hs|    add_nums.1|  return value|
|ap_ready             |  out|    1|  ap_ctrl_hs|    add_nums.1|  return value|
|ap_return_0          |  out|   64|  ap_ctrl_hs|    add_nums.1|  return value|
|ap_return_1          |  out|   64|  ap_ctrl_hs|    add_nums.1|  return value|
|ap_return_2          |  out|   64|  ap_ctrl_hs|    add_nums.1|  return value|
|ap_return_3          |  out|   64|  ap_ctrl_hs|    add_nums.1|  return value|
|m_axi_gmem_AWVALID   |  out|    1|       m_axi|          gmem|       pointer|
|m_axi_gmem_AWREADY   |   in|    1|       m_axi|          gmem|       pointer|
|m_axi_gmem_AWADDR    |  out|   64|       m_axi|          gmem|       pointer|
|m_axi_gmem_AWID      |  out|    1|       m_axi|          gmem|       pointer|
|m_axi_gmem_AWLEN     |  out|   32|       m_axi|          gmem|       pointer|
|m_axi_gmem_AWSIZE    |  out|    3|       m_axi|          gmem|       pointer|
|m_axi_gmem_AWBURST   |  out|    2|       m_axi|          gmem|       pointer|
|m_axi_gmem_AWLOCK    |  out|    2|       m_axi|          gmem|       pointer|
|m_axi_gmem_AWCACHE   |  out|    4|       m_axi|          gmem|       pointer|
|m_axi_gmem_AWPROT    |  out|    3|       m_axi|          gmem|       pointer|
|m_axi_gmem_AWQOS     |  out|    4|       m_axi|          gmem|       pointer|
|m_axi_gmem_AWREGION  |  out|    4|       m_axi|          gmem|       pointer|
|m_axi_gmem_AWUSER    |  out|    1|       m_axi|          gmem|       pointer|
|m_axi_gmem_WVALID    |  out|    1|       m_axi|          gmem|       pointer|
|m_axi_gmem_WREADY    |   in|    1|       m_axi|          gmem|       pointer|
|m_axi_gmem_WDATA     |  out|   64|       m_axi|          gmem|       pointer|
|m_axi_gmem_WSTRB     |  out|    8|       m_axi|          gmem|       pointer|
|m_axi_gmem_WLAST     |  out|    1|       m_axi|          gmem|       pointer|
|m_axi_gmem_WID       |  out|    1|       m_axi|          gmem|       pointer|
|m_axi_gmem_WUSER     |  out|    1|       m_axi|          gmem|       pointer|
|m_axi_gmem_ARVALID   |  out|    1|       m_axi|          gmem|       pointer|
|m_axi_gmem_ARREADY   |   in|    1|       m_axi|          gmem|       pointer|
|m_axi_gmem_ARADDR    |  out|   64|       m_axi|          gmem|       pointer|
|m_axi_gmem_ARID      |  out|    1|       m_axi|          gmem|       pointer|
|m_axi_gmem_ARLEN     |  out|   32|       m_axi|          gmem|       pointer|
|m_axi_gmem_ARSIZE    |  out|    3|       m_axi|          gmem|       pointer|
|m_axi_gmem_ARBURST   |  out|    2|       m_axi|          gmem|       pointer|
|m_axi_gmem_ARLOCK    |  out|    2|       m_axi|          gmem|       pointer|
|m_axi_gmem_ARCACHE   |  out|    4|       m_axi|          gmem|       pointer|
|m_axi_gmem_ARPROT    |  out|    3|       m_axi|          gmem|       pointer|
|m_axi_gmem_ARQOS     |  out|    4|       m_axi|          gmem|       pointer|
|m_axi_gmem_ARREGION  |  out|    4|       m_axi|          gmem|       pointer|
|m_axi_gmem_ARUSER    |  out|    1|       m_axi|          gmem|       pointer|
|m_axi_gmem_RVALID    |   in|    1|       m_axi|          gmem|       pointer|
|m_axi_gmem_RREADY    |  out|    1|       m_axi|          gmem|       pointer|
|m_axi_gmem_RDATA     |   in|   64|       m_axi|          gmem|       pointer|
|m_axi_gmem_RLAST     |   in|    1|       m_axi|          gmem|       pointer|
|m_axi_gmem_RID       |   in|    1|       m_axi|          gmem|       pointer|
|m_axi_gmem_RFIFONUM  |   in|    9|       m_axi|          gmem|       pointer|
|m_axi_gmem_RUSER     |   in|    1|       m_axi|          gmem|       pointer|
|m_axi_gmem_RRESP     |   in|    2|       m_axi|          gmem|       pointer|
|m_axi_gmem_BVALID    |   in|    1|       m_axi|          gmem|       pointer|
|m_axi_gmem_BREADY    |  out|    1|       m_axi|          gmem|       pointer|
|m_axi_gmem_BRESP     |   in|    2|       m_axi|          gmem|       pointer|
|m_axi_gmem_BID       |   in|    1|       m_axi|          gmem|       pointer|
|m_axi_gmem_BUSER     |   in|    1|       m_axi|          gmem|       pointer|
|arrx                 |   in|   64|     ap_none|          arrx|        scalar|
|arry                 |   in|   64|     ap_none|          arry|        scalar|
|size                 |   in|   32|     ap_none|          size|        scalar|
+---------------------+-----+-----+------------+--------------+--------------+

