

================================================================
== Vitis HLS Report for 'calc_chi_squared_1'
================================================================
* Date:           Thu Feb 27 22:08:32 2025

* Version:        2023.1 (Build 3854077 on May  4 2023)
* Project:        hls_fit
* Solution:       solution2 (Vitis Kernel Flow Target)
* Product family: virtexuplus
* Target device:  xcvu11p-flga2577-1-e


================================================================
== Performance Estimates
================================================================
+ Timing: 
    * Summary: 
    +--------+----------+----------+------------+
    |  Clock |  Target  | Estimated| Uncertainty|
    +--------+----------+----------+------------+
    |ap_clk  |  10.00 ns|  7.300 ns|     2.70 ns|
    +--------+----------+----------+------------+

+ Latency: 
    * Summary: 
    +---------+---------+----------+----------+-----+-----+---------+
    |  Latency (cycles) |  Latency (absolute) |  Interval | Pipeline|
    |   min   |   max   |    min   |    max   | min | max |   Type  |
    +---------+---------+----------+----------+-----+-----+---------+
    |        ?|        ?|         ?|         ?|    ?|    ?|       no|
    +---------+---------+----------+----------+-----+-----+---------+

    + Detail: 
        * Instance: 
        +----------------------------------+-----------------------+---------+---------+----------+----------+-----+-----+---------+
        |                                  |                       |  Latency (cycles) |  Latency (absolute) |  Interval | Pipeline|
        |             Instance             |         Module        |   min   |   max   |    min   |    max   | min | max |   Type  |
        +----------------------------------+-----------------------+---------+---------+----------+----------+-----+-----+---------+
        |grp_calc_ovr_sig_sqrd_1_fu_158    |calc_ovr_sig_sqrd_1    |        ?|        ?|         ?|         ?|    ?|    ?|       no|
        |grp_calc_ovr_sig_sqrd_x_1_fu_167  |calc_ovr_sig_sqrd_x_1  |        ?|        ?|         ?|         ?|    ?|    ?|       no|
        +----------------------------------+-----------------------+---------+---------+----------+----------+-----+-----+---------+

        * Loop: 
        +--------------------+---------+---------+----------+-----------+-----------+------+----------+
        |                    |  Latency (cycles) | Iteration|  Initiation Interval  | Trip |          |
        |      Loop Name     |   min   |   max   |  Latency |  achieved |   target  | Count| Pipelined|
        +--------------------+---------+---------+----------+-----------+-----------+------+----------+
        |- VITIS_LOOP_152_1  |        ?|        ?|       102|          -|          -|     ?|        no|
        +--------------------+---------+---------+----------+-----------+-----------+------+----------+



================================================================
== Utilization Estimates
================================================================
* Summary: 
+---------------------+---------+------+---------+---------+-----+
|         Name        | BRAM_18K|  DSP |    FF   |   LUT   | URAM|
+---------------------+---------+------+---------+---------+-----+
|DSP                  |        -|     -|        -|        -|    -|
|Expression           |        -|     -|        0|      284|    -|
|FIFO                 |        -|     -|        -|        -|    -|
|Instance             |        -|    11|     1948|     2291|    -|
|Memory               |        -|     -|        -|        -|    -|
|Multiplexer          |        -|     -|        -|     1438|    -|
|Register             |        -|     -|     1952|        -|    -|
+---------------------+---------+------+---------+---------+-----+
|Total                |        0|    11|     3900|     4013|    0|
+---------------------+---------+------+---------+---------+-----+
|Available SLR        |     1344|  3072|   864000|   432000|  320|
+---------------------+---------+------+---------+---------+-----+
|Utilization SLR (%)  |        0|    ~0|       ~0|       ~0|    0|
+---------------------+---------+------+---------+---------+-----+
|Available            |     4032|  9216|  2592000|  1296000|  960|
+---------------------+---------+------+---------+---------+-----+
|Utilization (%)      |        0|    ~0|       ~0|       ~0|    0|
+---------------------+---------+------+---------+---------+-----+

+ Detail: 
    * Instance: 
    +------------------------------------+--------------------------------+---------+----+-----+-----+-----+
    |              Instance              |             Module             | BRAM_18K| DSP|  FF | LUT | URAM|
    +------------------------------------+--------------------------------+---------+----+-----+-----+-----+
    |grp_calc_ovr_sig_sqrd_1_fu_158      |calc_ovr_sig_sqrd_1             |        0|   0|  479|  673|    0|
    |grp_calc_ovr_sig_sqrd_x_1_fu_167    |calc_ovr_sig_sqrd_x_1           |        0|   0|  764|  801|    0|
    |dadd_64ns_64ns_64_4_full_dsp_1_U32  |dadd_64ns_64ns_64_4_full_dsp_1  |        0|   3|  430|  710|    0|
    |ddiv_64ns_64ns_64_13_no_dsp_1_U37   |ddiv_64ns_64ns_64_13_no_dsp_1   |        0|   0|    0|    0|    0|
    |dmul_64ns_64ns_64_4_max_dsp_1_U34   |dmul_64ns_64ns_64_4_max_dsp_1   |        0|   8|  275|  107|    0|
    |printdouble_U39                     |printdouble                     |        0|   0|    0|    0|    0|
    |printdouble_U40                     |printdouble                     |        0|   0|    0|    0|    0|
    +------------------------------------+--------------------------------+---------+----+-----+-----+-----+
    |Total                               |                                |        0|  11| 1948| 2291|    0|
    +------------------------------------+--------------------------------+---------+----+-----+-----+-----+

    * DSP: 
    N/A

    * Memory: 
    N/A

    * FIFO: 
    N/A

    * Expression: 
    +----------------------+----------+----+---+----+------------+------------+
    |     Variable Name    | Operation| DSP| FF| LUT| Bitwidth P0| Bitwidth P1|
    +----------------------+----------+----+---+----+------------+------------+
    |add_ln152_fu_349_p2   |         +|   0|  0|  38|          31|           1|
    |add_ln154_fu_355_p2   |         +|   0|  0|  69|          62|          62|
    |add_ln155_fu_360_p2   |         +|   0|  0|  69|          62|          62|
    |add_ln156_fu_365_p2   |         +|   0|  0|  69|          62|          62|
    |icmp_ln152_fu_344_p2  |      icmp|   0|  0|  39|          32|          32|
    +----------------------+----------+----+---+----+------------+------------+
    |Total                 |          |   0|  0| 284|         249|         219|
    +----------------------+----------+----+---+----+------------+------------+

    * Multiplexer: 
    +---------------------+-----+-----------+-----+-----------+
    |         Name        | LUT | Input Size| Bits| Total Bits|
    +---------------------+-----+-----------+-----+-----------+
    |Stt_fu_78            |    9|          2|   64|        128|
    |ap_NS_fsm            |  769|        146|    1|        146|
    |ap_return            |    9|          2|   64|        128|
    |gmem_blk_n_AR        |    9|          2|    1|          2|
    |gmem_blk_n_R         |    9|          2|    1|          2|
    |grp_fu_177_opcode    |   14|          3|    2|          6|
    |grp_fu_177_p0        |   31|          6|   64|        384|
    |grp_fu_177_p1        |   31|          6|   64|        384|
    |grp_fu_182_ce        |   14|          3|    1|          3|
    |grp_fu_182_p0        |   20|          4|   64|        256|
    |grp_fu_182_p1        |   20|          4|   64|        256|
    |grp_fu_187_ce        |   14|          3|    1|          3|
    |grp_fu_187_p0        |   49|          9|   64|        576|
    |grp_fu_187_p1        |   43|          8|   64|        512|
    |grp_fu_191_p0        |   20|          4|   64|        256|
    |grp_fu_191_p1        |   20|          4|   64|        256|
    |grp_fu_195_ce        |   14|          3|    1|          3|
    |grp_fu_195_p0        |   20|          4|   64|        256|
    |grp_fu_195_p1        |   31|          6|   64|        384|
    |grp_fu_210_ce        |   20|          4|    1|          4|
    |grp_fu_210_p0        |   37|          7|   64|        448|
    |i_fu_82              |    9|          2|   31|         62|
    |m_axi_gmem_ARADDR    |   31|          6|   64|        384|
    |m_axi_gmem_ARBURST   |   14|          3|    2|          6|
    |m_axi_gmem_ARCACHE   |   14|          3|    4|         12|
    |m_axi_gmem_ARID      |   14|          3|    1|          3|
    |m_axi_gmem_ARLEN     |   20|          4|   32|        128|
    |m_axi_gmem_ARLOCK    |   14|          3|    2|          6|
    |m_axi_gmem_ARPROT    |   14|          3|    3|          9|
    |m_axi_gmem_ARQOS     |   14|          3|    4|         12|
    |m_axi_gmem_ARREGION  |   14|          3|    4|         12|
    |m_axi_gmem_ARSIZE    |   14|          3|    3|          9|
    |m_axi_gmem_ARUSER    |   14|          3|    1|          3|
    |m_axi_gmem_ARVALID   |   20|          4|    1|          4|
    |m_axi_gmem_RREADY    |   20|          4|    1|          4|
    |term2_fu_74          |    9|          2|   64|        128|
    +---------------------+-----+-----------+-----+-----------+
    |Total                | 1438|        281| 1058|       5175|
    +---------------------+-----+-----------+-----+-----------+

    * Register: 
    +-----------------------------------------------+-----+----+-----+-----------+
    |                      Name                     |  FF | LUT| Bits| Const Bits|
    +-----------------------------------------------+-----+----+-----+-----------+
    |S_reg_475                                      |   64|   0|   64|          0|
    |Stt_fu_78                                      |   64|   0|   64|          0|
    |Sx2_reg_524                                    |   64|   0|   64|          0|
    |Sx_reg_492                                     |   64|   0|   64|          0|
    |SxoS_reg_519                                   |   64|   0|   64|          0|
    |add_ln154_reg_547                              |   62|   0|   62|          0|
    |add_ln155_reg_552                              |   62|   0|   62|          0|
    |add_ln156_reg_557                              |   62|   0|   62|          0|
    |ap_CS_fsm                                      |  145|   0|  145|          0|
    |ap_return_preg                                 |   64|   0|   64|          0|
    |gmem_addr_3_read_reg_585                       |   64|   0|   64|          0|
    |gmem_addr_4_read_reg_590                       |   64|   0|   64|          0|
    |gmem_addr_read_reg_580                         |   64|   0|   64|          0|
    |grp_calc_ovr_sig_sqrd_1_fu_158_ap_start_reg    |    1|   0|    1|          0|
    |grp_calc_ovr_sig_sqrd_x_1_fu_167_ap_start_reg  |    1|   0|    1|          0|
    |i_fu_82                                        |   31|   0|   31|          0|
    |oneOverS_reg_514                               |   64|   0|   64|          0|
    |reg_225                                        |   64|   0|   64|          0|
    |reg_231                                        |   64|   0|   64|          0|
    |reg_244                                        |   64|   0|   64|          0|
    |reg_252                                        |   64|   0|   64|          0|
    |reg_258                                        |   64|   0|   64|          0|
    |reg_265                                        |   64|   0|   64|          0|
    |sext_ln152_1_reg_534                           |   62|   0|   62|          0|
    |sext_ln152_2_reg_539                           |   62|   0|   62|          0|
    |sext_ln152_reg_529                             |   62|   0|   62|          0|
    |sig_reg_600                                    |   64|   0|   64|          0|
    |term1_reg_509                                  |   64|   0|   64|          0|
    |term2_fu_74                                    |   64|   0|   64|          0|
    |trunc_ln152_2_reg_470                          |   61|   0|   61|          0|
    |trunc_ln_reg_487                               |   61|   0|   61|          0|
    |y_reg_595                                      |   64|   0|   64|          0|
    +-----------------------------------------------+-----+----+-----+-----------+
    |Total                                          | 1952|   0| 1952|          0|
    +-----------------------------------------------+-----+----+-----+-----------+



================================================================
== Interface
================================================================
* Summary: 
+---------------------+-----+-----+------------+--------------------+--------------+
|      RTL Ports      | Dir | Bits|  Protocol  |    Source Object   |    C Type    |
+---------------------+-----+-----+------------+--------------------+--------------+
|ap_clk               |   in|    1|  ap_ctrl_hs|  calc_chi_squared.1|  return value|
|ap_rst               |   in|    1|  ap_ctrl_hs|  calc_chi_squared.1|  return value|
|ap_start             |   in|    1|  ap_ctrl_hs|  calc_chi_squared.1|  return value|
|ap_done              |  out|    1|  ap_ctrl_hs|  calc_chi_squared.1|  return value|
|ap_idle              |  out|    1|  ap_ctrl_hs|  calc_chi_squared.1|  return value|
|ap_ready             |  out|    1|  ap_ctrl_hs|  calc_chi_squared.1|  return value|
|ap_return            |  out|   64|  ap_ctrl_hs|  calc_chi_squared.1|  return value|
|grp_fu_356_p_din0    |  out|   64|  ap_ctrl_hs|  calc_chi_squared.1|  return value|
|grp_fu_356_p_din1    |  out|   64|  ap_ctrl_hs|  calc_chi_squared.1|  return value|
|grp_fu_356_p_opcode  |  out|    2|  ap_ctrl_hs|  calc_chi_squared.1|  return value|
|grp_fu_356_p_dout0   |   in|   64|  ap_ctrl_hs|  calc_chi_squared.1|  return value|
|grp_fu_356_p_ce      |  out|    1|  ap_ctrl_hs|  calc_chi_squared.1|  return value|
|grp_fu_360_p_din0    |  out|   64|  ap_ctrl_hs|  calc_chi_squared.1|  return value|
|grp_fu_360_p_din1    |  out|   64|  ap_ctrl_hs|  calc_chi_squared.1|  return value|
|grp_fu_360_p_dout0   |   in|   64|  ap_ctrl_hs|  calc_chi_squared.1|  return value|
|grp_fu_360_p_ce      |  out|    1|  ap_ctrl_hs|  calc_chi_squared.1|  return value|
|grp_fu_127_p_din0    |  out|   64|  ap_ctrl_hs|  calc_chi_squared.1|  return value|
|grp_fu_127_p_din1    |  out|   64|  ap_ctrl_hs|  calc_chi_squared.1|  return value|
|grp_fu_127_p_dout0   |   in|   64|  ap_ctrl_hs|  calc_chi_squared.1|  return value|
|grp_fu_127_p_ce      |  out|    1|  ap_ctrl_hs|  calc_chi_squared.1|  return value|
|grp_fu_132_p_din0    |  out|   64|  ap_ctrl_hs|  calc_chi_squared.1|  return value|
|grp_fu_132_p_din1    |  out|   64|  ap_ctrl_hs|  calc_chi_squared.1|  return value|
|grp_fu_132_p_dout0   |   in|   64|  ap_ctrl_hs|  calc_chi_squared.1|  return value|
|grp_fu_132_p_ce      |  out|    1|  ap_ctrl_hs|  calc_chi_squared.1|  return value|
|grp_fu_137_p_din0    |  out|   64|  ap_ctrl_hs|  calc_chi_squared.1|  return value|
|grp_fu_137_p_dout0   |   in|   64|  ap_ctrl_hs|  calc_chi_squared.1|  return value|
|grp_fu_137_p_ce      |  out|    1|  ap_ctrl_hs|  calc_chi_squared.1|  return value|
|a                    |   in|   64|     ap_none|                   a|        scalar|
|b                    |   in|   64|     ap_none|                   b|        scalar|
|m_axi_gmem_AWVALID   |  out|    1|       m_axi|                gmem|       pointer|
|m_axi_gmem_AWREADY   |   in|    1|       m_axi|                gmem|       pointer|
|m_axi_gmem_AWADDR    |  out|   64|       m_axi|                gmem|       pointer|
|m_axi_gmem_AWID      |  out|    1|       m_axi|                gmem|       pointer|
|m_axi_gmem_AWLEN     |  out|   32|       m_axi|                gmem|       pointer|
|m_axi_gmem_AWSIZE    |  out|    3|       m_axi|                gmem|       pointer|
|m_axi_gmem_AWBURST   |  out|    2|       m_axi|                gmem|       pointer|
|m_axi_gmem_AWLOCK    |  out|    2|       m_axi|                gmem|       pointer|
|m_axi_gmem_AWCACHE   |  out|    4|       m_axi|                gmem|       pointer|
|m_axi_gmem_AWPROT    |  out|    3|       m_axi|                gmem|       pointer|
|m_axi_gmem_AWQOS     |  out|    4|       m_axi|                gmem|       pointer|
|m_axi_gmem_AWREGION  |  out|    4|       m_axi|                gmem|       pointer|
|m_axi_gmem_AWUSER    |  out|    1|       m_axi|                gmem|       pointer|
|m_axi_gmem_WVALID    |  out|    1|       m_axi|                gmem|       pointer|
|m_axi_gmem_WREADY    |   in|    1|       m_axi|                gmem|       pointer|
|m_axi_gmem_WDATA     |  out|   64|       m_axi|                gmem|       pointer|
|m_axi_gmem_WSTRB     |  out|    8|       m_axi|                gmem|       pointer|
|m_axi_gmem_WLAST     |  out|    1|       m_axi|                gmem|       pointer|
|m_axi_gmem_WID       |  out|    1|       m_axi|                gmem|       pointer|
|m_axi_gmem_WUSER     |  out|    1|       m_axi|                gmem|       pointer|
|m_axi_gmem_ARVALID   |  out|    1|       m_axi|                gmem|       pointer|
|m_axi_gmem_ARREADY   |   in|    1|       m_axi|                gmem|       pointer|
|m_axi_gmem_ARADDR    |  out|   64|       m_axi|                gmem|       pointer|
|m_axi_gmem_ARID      |  out|    1|       m_axi|                gmem|       pointer|
|m_axi_gmem_ARLEN     |  out|   32|       m_axi|                gmem|       pointer|
|m_axi_gmem_ARSIZE    |  out|    3|       m_axi|                gmem|       pointer|
|m_axi_gmem_ARBURST   |  out|    2|       m_axi|                gmem|       pointer|
|m_axi_gmem_ARLOCK    |  out|    2|       m_axi|                gmem|       pointer|
|m_axi_gmem_ARCACHE   |  out|    4|       m_axi|                gmem|       pointer|
|m_axi_gmem_ARPROT    |  out|    3|       m_axi|                gmem|       pointer|
|m_axi_gmem_ARQOS     |  out|    4|       m_axi|                gmem|       pointer|
|m_axi_gmem_ARREGION  |  out|    4|       m_axi|                gmem|       pointer|
|m_axi_gmem_ARUSER    |  out|    1|       m_axi|                gmem|       pointer|
|m_axi_gmem_RVALID    |   in|    1|       m_axi|                gmem|       pointer|
|m_axi_gmem_RREADY    |  out|    1|       m_axi|                gmem|       pointer|
|m_axi_gmem_RDATA     |   in|   64|       m_axi|                gmem|       pointer|
|m_axi_gmem_RLAST     |   in|    1|       m_axi|                gmem|       pointer|
|m_axi_gmem_RID       |   in|    1|       m_axi|                gmem|       pointer|
|m_axi_gmem_RFIFONUM  |   in|    9|       m_axi|                gmem|       pointer|
|m_axi_gmem_RUSER     |   in|    1|       m_axi|                gmem|       pointer|
|m_axi_gmem_RRESP     |   in|    2|       m_axi|                gmem|       pointer|
|m_axi_gmem_BVALID    |   in|    1|       m_axi|                gmem|       pointer|
|m_axi_gmem_BREADY    |  out|    1|       m_axi|                gmem|       pointer|
|m_axi_gmem_BRESP     |   in|    2|       m_axi|                gmem|       pointer|
|m_axi_gmem_BID       |   in|    1|       m_axi|                gmem|       pointer|
|m_axi_gmem_BUSER     |   in|    1|       m_axi|                gmem|       pointer|
|arrx                 |   in|   64|     ap_none|                arrx|        scalar|
|arry                 |   in|   64|     ap_none|                arry|        scalar|
|arrsig               |   in|   64|     ap_none|              arrsig|        scalar|
|size                 |   in|   32|     ap_none|                size|        scalar|
+---------------------+-----+-----+------------+--------------------+--------------+

