

================================================================
== Synthesis Summary Report of 'fit'
================================================================
+ General Information: 
    * Date:           Thu Feb 27 22:08:33 2025
    * Version:        2023.1 (Build 3854077 on May  4 2023)
    * Project:        hls_fit
    * Solution:       solution2 (Vitis Kernel Flow Target)
    * Product family: virtexuplus
    * Target device:  xcvu11p-flga2577-1-e
    

+ Performance & Resource Estimates: 
    
    PS: '+' for module; 'o' for loop; '*' for dataflow
    +---------------------------+------+------+---------+--------+----------+---------+------+----------+---------+----------+------------+------------+-----+
    |          Modules          | Issue|      | Latency | Latency| Iteration|         | Trip |          |         |          |            |            |     |
    |          & Loops          | Type | Slack| (cycles)|  (ns)  |  Latency | Interval| Count| Pipelined|  BRAM   |    DSP   |     FF     |     LUT    | URAM|
    +---------------------------+------+------+---------+--------+----------+---------+------+----------+---------+----------+------------+------------+-----+
    |+ fit                      |     -|  0.00|        -|       -|         -|        -|     -|        no|  8 (~0%)|  86 (~0%)|  8672 (~0%)|  9020 (~0%)|    -|
    | + add_nums_1              |     -|  0.00|        -|       -|         -|        -|     -|        no|        -|  10 (~0%)|  1348 (~0%)|  1115 (~0%)|    -|
    |  o VITIS_LOOP_28_1        |     -|  7.30|        -|       -|        76|        -|     -|        no|        -|         -|           -|           -|    -|
    | + calc_distance_1         |     -|  0.00|        -|       -|         -|        -|     -|        no|        -|         -|   820 (~0%)|   823 (~0%)|    -|
    |  o VITIS_LOOP_210_1       |     -|  7.30|        -|       -|        92|        -|     -|        no|        -|         -|           -|           -|    -|
    | + calc_chi_squared_1      |     -|  0.00|        -|       -|         -|        -|     -|        no|        -|  11 (~0%)|  3900 (~0%)|  4013 (~0%)|    -|
    |  + calc_ovr_sig_sqrd_1    |     -|  0.00|        -|       -|         -|        -|     -|        no|        -|         -|   479 (~0%)|   673 (~0%)|    -|
    |   o VITIS_LOOP_103_1      |     -|  7.30|        -|       -|        25|        -|     -|        no|        -|         -|           -|           -|    -|
    |  + calc_ovr_sig_sqrd_x_1  |     -|  0.00|        -|       -|         -|        -|     -|        no|        -|         -|   764 (~0%)|   801 (~0%)|    -|
    |   o VITIS_LOOP_55_1       |     -|  7.30|        -|       -|       100|        -|     -|        no|        -|         -|           -|           -|    -|
    |  o VITIS_LOOP_152_1       |     -|  7.30|        -|       -|       102|        -|     -|        no|        -|         -|           -|           -|    -|
    +---------------------------+------+------+---------+--------+----------+---------+------+----------+---------+----------+------------+------------+-----+


================================================================
== HW Interfaces
================================================================
* M_AXI
+------------+------------+---------------+---------+--------+----------+-----------+--------------+--------------+-------------+-------------+-------------------+
| Interface  | Data Width | Address Width | Latency | Offset | Register | Max Widen | Max Read     | Max Write    | Num Read    | Num Write   | Resource Estimate |
|            | (SW->HW)   |               |         |        |          | Bitwidth  | Burst Length | Burst Length | Outstanding | Outstanding |                   |
+------------+------------+---------------+---------+--------+----------+-----------+--------------+--------------+-------------+-------------+-------------------+
| m_axi_gmem | 64 -> 64   | 64            | 64      | slave  | 0        | 512       | 16           | 16           | 16          | 16          | BRAM=8            |
+------------+------------+---------------+---------+--------+----------+-----------+--------------+--------------+-------------+-------------+-------------------+

* S_AXILITE Interfaces
+---------------+------------+---------------+--------+----------+
| Interface     | Data Width | Address Width | Offset | Register |
+---------------+------------+---------------+--------+----------+
| s_axi_control | 32         | 6             | 16     | 0        |
+---------------+------------+---------------+--------+----------+

* S_AXILITE Registers
+---------------+-----------+--------+-------+--------+----------------------------------+------------------------------------------------------------------------------------+
| Interface     | Register  | Offset | Width | Access | Description                      | Bit Fields                                                                         |
+---------------+-----------+--------+-------+--------+----------------------------------+------------------------------------------------------------------------------------+
| s_axi_control | CTRL      | 0x00   | 32    | RW     | Control signals                  | 0=AP_START 1=AP_DONE 2=AP_IDLE 3=AP_READY 4=AP_CONTINUE 7=AUTO_RESTART 9=INTERRUPT |
| s_axi_control | GIER      | 0x04   | 32    | RW     | Global Interrupt Enable Register | 0=Enable                                                                           |
| s_axi_control | IP_IER    | 0x08   | 32    | RW     | IP Interrupt Enable Register     | 0=CHAN0_INT_EN 1=CHAN1_INT_EN                                                      |
| s_axi_control | IP_ISR    | 0x0c   | 32    | RW     | IP Interrupt Status Register     | 0=CHAN0_INT_ST 1=CHAN1_INT_ST                                                      |
| s_axi_control | arrx_1    | 0x10   | 32    | W      | Data signal of arrx              |                                                                                    |
| s_axi_control | arrx_2    | 0x14   | 32    | W      | Data signal of arrx              |                                                                                    |
| s_axi_control | arry_1    | 0x1c   | 32    | W      | Data signal of arry              |                                                                                    |
| s_axi_control | arry_2    | 0x20   | 32    | W      | Data signal of arry              |                                                                                    |
| s_axi_control | arrsigs_1 | 0x28   | 32    | W      | Data signal of arrsigs           |                                                                                    |
| s_axi_control | arrsigs_2 | 0x2c   | 32    | W      | Data signal of arrsigs           |                                                                                    |
| s_axi_control | size      | 0x34   | 32    | W      | Data signal of size              |                                                                                    |
+---------------+-----------+--------+-------+--------+----------------------------------+------------------------------------------------------------------------------------+

* TOP LEVEL CONTROL
+-----------+---------------+-----------+
| Interface | Type          | Ports     |
+-----------+---------------+-----------+
| ap_clk    | clock         | ap_clk    |
| ap_rst_n  | reset         | ap_rst_n  |
| interrupt | interrupt     | interrupt |
| ap_ctrl   | ap_ctrl_chain |           |
+-----------+---------------+-----------+


================================================================
== SW I/O Information
================================================================
* Top Function Arguments
+----------+-----------+-----------+
| Argument | Direction | Datatype  |
+----------+-----------+-----------+
| arrx     | in        | long int* |
| arry     | in        | long int* |
| arrsigs  | in        | long int* |
| size     | in        | int       |
+----------+-----------+-----------+

* SW-to-HW Mapping
+----------+---------------+-----------+----------+-------------------------------------+
| Argument | HW Interface  | HW Type   | HW Usage | HW Info                             |
+----------+---------------+-----------+----------+-------------------------------------+
| arrx     | m_axi_gmem    | interface |          |                                     |
| arrx     | s_axi_control | register  | offset   | name=arrx_1 offset=0x10 range=32    |
| arrx     | s_axi_control | register  | offset   | name=arrx_2 offset=0x14 range=32    |
| arry     | m_axi_gmem    | interface |          |                                     |
| arry     | s_axi_control | register  | offset   | name=arry_1 offset=0x1c range=32    |
| arry     | s_axi_control | register  | offset   | name=arry_2 offset=0x20 range=32    |
| arrsigs  | m_axi_gmem    | interface |          |                                     |
| arrsigs  | s_axi_control | register  | offset   | name=arrsigs_1 offset=0x28 range=32 |
| arrsigs  | s_axi_control | register  | offset   | name=arrsigs_2 offset=0x2c range=32 |
| size     | s_axi_control | register  |          | name=size offset=0x34 range=32      |
+----------+---------------+-----------+----------+-------------------------------------+


================================================================
== M_AXI Burst Information
================================================================
 Note: All burst requests might be further partitioned into multiple requests during RTL generation based on max_read_burst_length or max_write_burst_length settings.

* Inferred Burst Summary
+--------------+-----------+----------+-------+------------------+-----------------+
| HW Interface | Direction | Length   | Width | Loop             | Loop Location   |
+--------------+-----------+----------+-------+------------------+-----------------+
| m_axi_gmem   | read      | variable | 64    | VITIS_LOOP_103_1 | main.cpp:103:20 |
+--------------+-----------+----------+-------+------------------+-----------------+

* All M_AXI Variable Accesses
+--------------+----------+-----------------+-----------+--------------+----------+------------------+-----------------+------------+----------------------------------------------------------------------------------------+
| HW Interface | Variable | Access Location | Direction | Burst Status | Length   | Loop             | Loop Location   | Resolution | Problem                                                                                |
+--------------+----------+-----------------+-----------+--------------+----------+------------------+-----------------+------------+----------------------------------------------------------------------------------------+
| m_axi_gmem   |          | main.cpp:28:19  | read      | Fail         |          |                  |                 | 214-224    | Could not burst due to multiple potential reads to the same bundle in the same region. |
| m_axi_gmem   | arrx     | main.cpp:30:9   | read      | Widen Fail   |          | VITIS_LOOP_210_1 | main.cpp:210:20 | 214-234    | Sequential access length is not divisible by 2                                         |
| m_axi_gmem   | arrx     | main.cpp:30:9   | read      | Widen Fail   |          | VITIS_LOOP_152_1 | main.cpp:152:20 | 214-234    | Sequential access length is not divisible by 2                                         |
| m_axi_gmem   | arrx     | main.cpp:30:9   | read      | Widen Fail   |          | VITIS_LOOP_55_1  | main.cpp:55:19  | 214-234    | Sequential access length is not divisible by 2                                         |
| m_axi_gmem   | arrx     | main.cpp:30:9   | read      | Widen Fail   |          | VITIS_LOOP_28_1  | main.cpp:28:19  | 214-234    | Sequential access length is not divisible by 2                                         |
| m_axi_gmem   | arrx     | main.cpp:30:9   | read      | Inferred     | variable | VITIS_LOOP_152_1 | main.cpp:152:20 |            |                                                                                        |
| m_axi_gmem   | arrx     | main.cpp:30:9   | read      | Inferred     | variable | VITIS_LOOP_28_1  | main.cpp:28:19  |            |                                                                                        |
| m_axi_gmem   | arry     | main.cpp:31:10  | read      | Widen Fail   |          | VITIS_LOOP_210_1 | main.cpp:210:20 | 214-234    | Sequential access length is not divisible by 2                                         |
| m_axi_gmem   | arry     | main.cpp:31:10  | read      | Widen Fail   |          | VITIS_LOOP_152_1 | main.cpp:152:20 | 214-234    | Sequential access length is not divisible by 2                                         |
| m_axi_gmem   | arry     | main.cpp:31:10  | read      | Widen Fail   |          | VITIS_LOOP_28_1  | main.cpp:28:19  | 214-234    | Sequential access length is not divisible by 2                                         |
| m_axi_gmem   | arry     | main.cpp:31:10  | read      | Inferred     | variable | VITIS_LOOP_28_1  | main.cpp:28:19  |            |                                                                                        |
| m_axi_gmem   | arrsig   | main.cpp:57:16  | read      | Widen Fail   |          | VITIS_LOOP_152_1 | main.cpp:152:20 | 214-234    | Sequential access length is not divisible by 2                                         |
| m_axi_gmem   | arrsig   | main.cpp:57:16  | read      | Widen Fail   |          | VITIS_LOOP_103_1 | main.cpp:103:20 | 214-234    | Sequential access length is not divisible by 2                                         |
| m_axi_gmem   | arrsig   | main.cpp:57:16  | read      | Widen Fail   |          | VITIS_LOOP_55_1  | main.cpp:55:19  | 214-234    | Sequential access length is not divisible by 2                                         |
| m_axi_gmem   | arrx     | main.cpp:57:16  | read      | Inferred     | variable | VITIS_LOOP_210_1 | main.cpp:210:20 |            |                                                                                        |
| m_axi_gmem   | arrsig   | main.cpp:57:16  | read      | Inferred     | variable | VITIS_LOOP_103_1 | main.cpp:103:20 |            |                                                                                        |
| m_axi_gmem   | arrsig   | main.cpp:57:16  | read      | Inferred     | variable | VITIS_LOOP_55_1  | main.cpp:55:19  |            |                                                                                        |
| m_axi_gmem   | arry     | main.cpp:59:17  | read      | Inferred     | variable | VITIS_LOOP_152_1 | main.cpp:152:20 |            |                                                                                        |
| m_axi_gmem   | arrx     | main.cpp:59:17  | read      | Inferred     | variable | VITIS_LOOP_55_1  | main.cpp:55:19  |            |                                                                                        |
| m_axi_gmem   |          | main.cpp:152:20 | read      | Fail         |          |                  |                 | 214-224    | Could not burst due to multiple potential reads to the same bundle in the same region. |
| m_axi_gmem   | arrsig   | main.cpp:156:17 | read      | Inferred     | variable | VITIS_LOOP_152_1 | main.cpp:152:20 |            |                                                                                        |
| m_axi_gmem   | arry     | main.cpp:213:16 | read      | Inferred     | variable | VITIS_LOOP_210_1 | main.cpp:210:20 |            |                                                                                        |
+--------------+----------+-----------------+-----------+--------------+----------+------------------+-----------------+------------+----------------------------------------------------------------------------------------+

    * Resolution URL: www.xilinx.com/cgi-bin/docs/rdoc?v=2023.1;t=hls+guidance;d=XXX-YYY.html (replace XXX-YYY with column value)

================================================================
== Bind Op Report
================================================================
+---------------------------------------+-----+--------+--------------------+------+---------+---------+
| Name                                  | DSP | Pragma | Variable           | Op   | Impl    | Latency |
+---------------------------------------+-----+--------+--------------------+------+---------+---------+
| + fit                                 | 86  |        |                    |      |         |         |
|   mul_64s_64s_64_1_1_U58              | 10  |        | sx2                | mul  | auto    | 0       |
|   mul_64s_64s_64_1_1_U59              | 10  |        | mul_ln264          | mul  | auto    | 0       |
|   mul_64s_64s_64_1_1_U60              | 10  |        | mul_ln264_1        | mul  | auto    | 0       |
|   ddiv_64ns_64ns_64_13_no_dsp_1_U51   | -   |        | a1                 | sub  | fabric  | 0       |
|   mul_64s_32s_64_1_1_U56              | 7   |        | mul_ln265          | mul  | auto    | 0       |
|   grp_fu_140_p0                       | -   |        | a2                 | sub  | fabric  | 0       |
|   sitodp_64ns_64_2_no_dsp_1_U53       | -   |        | a                  | ddiv | fabric  | 12      |
|   mul_64s_32s_64_1_1_U57              | 7   |        | mul_ln269          | mul  | auto    | 0       |
|   mul_64s_64s_64_1_1_U61              | 10  |        | mul_ln269_1        | mul  | auto    | 0       |
|   sitodp_64ns_64_2_no_dsp_1_U53       | -   |        | b1                 | sub  | fabric  | 0       |
|   dmul_64ns_64ns_64_4_max_dsp_1_U67   | -   |        | b                  | ddiv | fabric  | 12      |
|  + add_nums_1                         | 10  |        |                    |      |         |         |
|    add_ln28_fu_263_p2                 | -   |        | add_ln28           | add  | fabric  | 0       |
|    add_ln30_fu_269_p2                 | -   |        | add_ln30           | add  | fabric  | 0       |
|    add_ln30_1_fu_304_p2               | -   |        | add_ln30_1         | add  | fabric  | 0       |
|    add_ln31_fu_274_p2                 | -   |        | add_ln31           | add  | fabric  | 0       |
|    add_ln31_1_fu_313_p2               | -   |        | add_ln31_1         | add  | fabric  | 0       |
|    mul_64s_64s_64_1_1_U1              | 10  |        | mul_ln32           | mul  | auto    | 0       |
|    add_ln32_fu_332_p2                 | -   |        | add_ln32           | add  | fabric  | 0       |
|    mul_64s_64s_64_1_1_U1              | 10  |        | mul_ln33           | mul  | auto    | 0       |
|    add_ln33_fu_317_p2                 | -   |        | add_ln33           | add  | fabric  | 0       |
|  + calc_distance_1                    | 0   |        |                    |      |         |         |
|    add_ln210_fu_203_p2                | -   |        | add_ln210          | add  | fabric  | 0       |
|    add_ln212_fu_209_p2                | -   |        | add_ln212          | add  | fabric  | 0       |
|    add_ln213_fu_214_p2                | -   |        | add_ln213          | add  | fabric  | 0       |
|  + calc_chi_squared_1                 | 11  |        |                    |      |         |         |
|    ddiv_64ns_64ns_64_13_no_dsp_1_U37  | -   |        | SxoS               | ddiv | fabric  | 12      |
|    add_ln152_fu_349_p2                | -   |        | add_ln152          | add  | fabric  | 0       |
|    add_ln154_fu_355_p2                | -   |        | add_ln154          | add  | fabric  | 0       |
|    add_ln155_fu_360_p2                | -   |        | add_ln155          | add  | fabric  | 0       |
|    add_ln156_fu_365_p2                | -   |        | add_ln156          | add  | fabric  | 0       |
|    dmul_64ns_64ns_64_4_max_dsp_1_U34  | 8   |        | tempOverSig        | dmul | maxdsp  | 3       |
|    dmul_64ns_64ns_64_4_max_dsp_1_U34  | 8   |        | tempOverSigSquared | dmul | maxdsp  | 3       |
|    dadd_64ns_64ns_64_4_full_dsp_1_U32 | 3   |        | term2_1            | dadd | fulldsp | 3       |
|    dmul_64ns_64ns_64_4_max_dsp_1_U34  | 8   |        | gof                | dmul | maxdsp  | 3       |
|   + calc_ovr_sig_sqrd_1               | 0   |        |                    |      |         |         |
|     add_ln103_fu_170_p2               | -   |        | add_ln103          | add  | fabric  | 0       |
|   + calc_ovr_sig_sqrd_x_1             | 0   |        |                    |      |         |         |
|     add_ln55_fu_192_p2                | -   |        | add_ln55           | add  | fabric  | 0       |
|     add_ln57_fu_198_p2                | -   |        | add_ln57           | add  | fabric  | 0       |
|     ddiv_64ns_64ns_64_13_no_dsp_1_U25 | -   |        | overSig            | ddiv | fabric  | 12      |
|     add_ln59_fu_203_p2                | -   |        | add_ln59           | add  | fabric  | 0       |
+---------------------------------------+-----+--------+--------------------+------+---------+---------+


================================================================
== Bind Storage Report
================================================================
  No bind storage info in design

================================================================
== Pragma Report
================================================================
* Valid Pragma Syntax
+----------+----------+------------------------------------+
| Type     | Options  | Location                           |
+----------+----------+------------------------------------+
| pipeline | II=1     | main.cpp:27 in add_nums            |
| unroll   | factor=4 | main.cpp:29 in add_nums            |
| pipeline |          | main.cpp:54 in calc_ovr_sig_sqrd_x |
| unroll   | factor=2 | main.cpp:56 in calc_ovr_sig_sqrd_x |
| pipeline | II=1     | main.cpp:78 in calc_ovr_sig_sqrd_y |
| pipeline | II=1     | main.cpp:102 in calc_ovr_sig_sqrd  |
| pipeline |          | main.cpp:151 in calc_chi_squared   |
| unroll   |          | main.cpp:153 in calc_chi_squared   |
| pipeline | II=1     | main.cpp:209 in calc_distance      |
| unroll   |          | main.cpp:211 in calc_distance      |
| unroll   |          | main.cpp:327 in main               |
+----------+----------+------------------------------------+


