

================================================================
== Vitis HLS Report for 'fit_Pipeline_VITIS_LOOP_53_1'
================================================================
* Date:           Thu Feb 27 15:44:24 2025

* Version:        2023.1 (Build 3854077 on May  4 2023)
* Project:        hls_fit
* Solution:       solution2 (Vitis Kernel Flow Target)
* Product family: virtexuplus
* Target device:  xcvu11p-flga2577-1-e


================================================================
== Performance Estimates
================================================================
+ Timing: 
    * Summary: 
    +--------+----------+----------+------------+
    |  Clock |  Target  | Estimated| Uncertainty|
    +--------+----------+----------+------------+
    |ap_clk  |  10.00 ns|  7.300 ns|     2.70 ns|
    +--------+----------+----------+------------+

+ Latency: 
    * Summary: 
    +---------+---------+----------+----------+-----+-----+---------+
    |  Latency (cycles) |  Latency (absolute) |  Interval | Pipeline|
    |   min   |   max   |    min   |    max   | min | max |   Type  |
    +---------+---------+----------+----------+-----+-----+---------+
    |        ?|        ?|         ?|         ?|    ?|    ?|       no|
    +---------+---------+----------+----------+-----+-----+---------+

    + Detail: 
        * Instance: 
        N/A

        * Loop: 
        +-------------------+---------+---------+----------+-----------+-----------+------+----------+
        |                   |  Latency (cycles) | Iteration|  Initiation Interval  | Trip |          |
        |     Loop Name     |   min   |   max   |  Latency |  achieved |   target  | Count| Pipelined|
        +-------------------+---------+---------+----------+-----------+-----------+------+----------+
        |- VITIS_LOOP_53_1  |        ?|        ?|       100|          3|          1|     ?|       yes|
        +-------------------+---------+---------+----------+-----------+-----------+------+----------+



================================================================
== Utilization Estimates
================================================================
* Summary: 
+---------------------+---------+------+---------+---------+-----+
|         Name        | BRAM_18K|  DSP |    FF   |   LUT   | URAM|
+---------------------+---------+------+---------+---------+-----+
|DSP                  |        -|     -|        -|        -|    -|
|Expression           |        -|     -|        0|     1099|    -|
|FIFO                 |        -|     -|        -|        -|    -|
|Instance             |        -|     -|        -|        -|    -|
|Memory               |        -|     -|        -|        -|    -|
|Multiplexer          |        -|     -|        -|      454|    -|
|Register             |        -|     -|     1158|      128|    -|
+---------------------+---------+------+---------+---------+-----+
|Total                |        0|     0|     1158|     1681|    0|
+---------------------+---------+------+---------+---------+-----+
|Available SLR        |     1344|  3072|   864000|   432000|  320|
+---------------------+---------+------+---------+---------+-----+
|Utilization SLR (%)  |        0|     0|       ~0|       ~0|    0|
+---------------------+---------+------+---------+---------+-----+
|Available            |     4032|  9216|  2592000|  1296000|  960|
+---------------------+---------+------+---------+---------+-----+
|Utilization (%)      |        0|     0|       ~0|       ~0|    0|
+---------------------+---------+------+---------+---------+-----+

+ Detail: 
    * Instance: 
    N/A

    * DSP: 
    N/A

    * Memory: 
    N/A

    * FIFO: 
    N/A

    * Expression: 
    +---------------------------+----------+----+---+-----+------------+------------+
    |       Variable Name       | Operation| DSP| FF| LUT | Bitwidth P0| Bitwidth P1|
    +---------------------------+----------+----+---+-----+------------+------------+
    |add_ln53_fu_240_p2         |         +|   0|  0|   38|          31|           1|
    |add_ln54_1_fu_270_p2       |         +|   0|  0|   12|           4|           4|
    |add_ln54_fu_198_p2         |         +|   0|  0|   71|          64|          64|
    |add_ln56_1_fu_275_p2       |         +|   0|  0|   12|           4|           4|
    |add_ln56_fu_214_p2         |         +|   0|  0|   71|          64|          64|
    |ap_block_pp0_stage0_00001  |       and|   0|  0|    2|           1|           1|
    |ap_block_pp0_stage2_11001  |       and|   0|  0|    2|           1|           1|
    |ap_block_state2_io         |       and|   0|  0|    2|           1|           1|
    |icmp_ln53_fu_180_p2        |      icmp|   0|  0|   39|          32|          32|
    |lshr_ln54_fu_291_p2        |      lshr|   0|  0|  423|         128|         128|
    |lshr_ln56_fu_312_p2        |      lshr|   0|  0|  423|         128|         128|
    |ap_block_pp0_stage1_11001  |        or|   0|  0|    2|           1|           1|
    |ap_enable_pp0              |       xor|   0|  0|    2|           1|           2|
    +---------------------------+----------+----+---+-----+------------+------------+
    |Total                      |          |   0|  0| 1099|         460|         431|
    +---------------------------+----------+----+---+-----+------------+------------+

    * Multiplexer: 
    +-----------------------------------+----+-----------+-----+-----------+
    |                Name               | LUT| Input Size| Bits| Total Bits|
    +-----------------------------------+----+-----------+-----+-----------+
    |Sx_fu_78                           |   9|          2|   64|        128|
    |ap_NS_fsm                          |  20|          4|    1|          4|
    |ap_done_int                        |   9|          2|    1|          2|
    |ap_enable_reg_pp0_iter0            |   9|          2|    1|          2|
    |ap_enable_reg_pp0_iter1            |   9|          2|    1|          2|
    |ap_enable_reg_pp0_iter33           |   9|          2|    1|          2|
    |ap_loop_exit_ready_pp0_iter10_reg  |   9|          2|    1|          2|
    |ap_loop_exit_ready_pp0_iter11_reg  |   9|          2|    1|          2|
    |ap_loop_exit_ready_pp0_iter12_reg  |   9|          2|    1|          2|
    |ap_loop_exit_ready_pp0_iter13_reg  |   9|          2|    1|          2|
    |ap_loop_exit_ready_pp0_iter14_reg  |   9|          2|    1|          2|
    |ap_loop_exit_ready_pp0_iter15_reg  |   9|          2|    1|          2|
    |ap_loop_exit_ready_pp0_iter16_reg  |   9|          2|    1|          2|
    |ap_loop_exit_ready_pp0_iter17_reg  |   9|          2|    1|          2|
    |ap_loop_exit_ready_pp0_iter18_reg  |   9|          2|    1|          2|
    |ap_loop_exit_ready_pp0_iter19_reg  |   9|          2|    1|          2|
    |ap_loop_exit_ready_pp0_iter1_reg   |   9|          2|    1|          2|
    |ap_loop_exit_ready_pp0_iter20_reg  |   9|          2|    1|          2|
    |ap_loop_exit_ready_pp0_iter21_reg  |   9|          2|    1|          2|
    |ap_loop_exit_ready_pp0_iter22_reg  |   9|          2|    1|          2|
    |ap_loop_exit_ready_pp0_iter23_reg  |   9|          2|    1|          2|
    |ap_loop_exit_ready_pp0_iter24_reg  |   9|          2|    1|          2|
    |ap_loop_exit_ready_pp0_iter25_reg  |   9|          2|    1|          2|
    |ap_loop_exit_ready_pp0_iter26_reg  |   9|          2|    1|          2|
    |ap_loop_exit_ready_pp0_iter27_reg  |   9|          2|    1|          2|
    |ap_loop_exit_ready_pp0_iter28_reg  |   9|          2|    1|          2|
    |ap_loop_exit_ready_pp0_iter29_reg  |   9|          2|    1|          2|
    |ap_loop_exit_ready_pp0_iter2_reg   |   9|          2|    1|          2|
    |ap_loop_exit_ready_pp0_iter30_reg  |   9|          2|    1|          2|
    |ap_loop_exit_ready_pp0_iter31_reg  |   9|          2|    1|          2|
    |ap_loop_exit_ready_pp0_iter32_reg  |   9|          2|    1|          2|
    |ap_loop_exit_ready_pp0_iter3_reg   |   9|          2|    1|          2|
    |ap_loop_exit_ready_pp0_iter4_reg   |   9|          2|    1|          2|
    |ap_loop_exit_ready_pp0_iter5_reg   |   9|          2|    1|          2|
    |ap_loop_exit_ready_pp0_iter6_reg   |   9|          2|    1|          2|
    |ap_loop_exit_ready_pp0_iter7_reg   |   9|          2|    1|          2|
    |ap_loop_exit_ready_pp0_iter8_reg   |   9|          2|    1|          2|
    |ap_loop_exit_ready_pp0_iter9_reg   |   9|          2|    1|          2|
    |ap_sig_allocacmp_Sx_load           |   9|          2|   64|        128|
    |ap_sig_allocacmp_i_1               |   9|          2|   31|         62|
    |gmem_blk_n_AR                      |   9|          2|    1|          2|
    |gmem_blk_n_R                       |   9|          2|    1|          2|
    |grp_fu_151_p0                      |  14|          3|   64|        192|
    |grp_fu_151_p1                      |  14|          3|   64|        192|
    |grp_fu_160_p0                      |  14|          3|   64|        192|
    |i_fu_82                            |   9|          2|   31|         62|
    |m_axi_gmem_ARADDR                  |  14|          3|   64|        192|
    +-----------------------------------+----+-----------+-----+-----------+
    |Total                              | 454|        100|  485|       1228|
    +-----------------------------------+----+-----------+-----+-----------+

    * Register: 
    +-----------------------------------+-----+----+-----+-----------+
    |                Name               |  FF | LUT| Bits| Const Bits|
    +-----------------------------------+-----+----+-----+-----------+
    |Sx_fu_78                           |   64|   0|   64|          0|
    |add_ln54_1_reg_402                 |    4|   0|    4|          0|
    |add_ln56_1_reg_407                 |    4|   0|    4|          0|
    |ap_CS_fsm                          |    3|   0|    3|          0|
    |ap_done_reg                        |    1|   0|    1|          0|
    |ap_enable_reg_pp0_iter0_reg        |    1|   0|    1|          0|
    |ap_enable_reg_pp0_iter1            |    1|   0|    1|          0|
    |ap_enable_reg_pp0_iter10           |    1|   0|    1|          0|
    |ap_enable_reg_pp0_iter11           |    1|   0|    1|          0|
    |ap_enable_reg_pp0_iter12           |    1|   0|    1|          0|
    |ap_enable_reg_pp0_iter13           |    1|   0|    1|          0|
    |ap_enable_reg_pp0_iter14           |    1|   0|    1|          0|
    |ap_enable_reg_pp0_iter15           |    1|   0|    1|          0|
    |ap_enable_reg_pp0_iter16           |    1|   0|    1|          0|
    |ap_enable_reg_pp0_iter17           |    1|   0|    1|          0|
    |ap_enable_reg_pp0_iter18           |    1|   0|    1|          0|
    |ap_enable_reg_pp0_iter19           |    1|   0|    1|          0|
    |ap_enable_reg_pp0_iter2            |    1|   0|    1|          0|
    |ap_enable_reg_pp0_iter20           |    1|   0|    1|          0|
    |ap_enable_reg_pp0_iter21           |    1|   0|    1|          0|
    |ap_enable_reg_pp0_iter22           |    1|   0|    1|          0|
    |ap_enable_reg_pp0_iter23           |    1|   0|    1|          0|
    |ap_enable_reg_pp0_iter24           |    1|   0|    1|          0|
    |ap_enable_reg_pp0_iter25           |    1|   0|    1|          0|
    |ap_enable_reg_pp0_iter26           |    1|   0|    1|          0|
    |ap_enable_reg_pp0_iter27           |    1|   0|    1|          0|
    |ap_enable_reg_pp0_iter28           |    1|   0|    1|          0|
    |ap_enable_reg_pp0_iter29           |    1|   0|    1|          0|
    |ap_enable_reg_pp0_iter3            |    1|   0|    1|          0|
    |ap_enable_reg_pp0_iter30           |    1|   0|    1|          0|
    |ap_enable_reg_pp0_iter31           |    1|   0|    1|          0|
    |ap_enable_reg_pp0_iter32           |    1|   0|    1|          0|
    |ap_enable_reg_pp0_iter33           |    1|   0|    1|          0|
    |ap_enable_reg_pp0_iter4            |    1|   0|    1|          0|
    |ap_enable_reg_pp0_iter5            |    1|   0|    1|          0|
    |ap_enable_reg_pp0_iter6            |    1|   0|    1|          0|
    |ap_enable_reg_pp0_iter7            |    1|   0|    1|          0|
    |ap_enable_reg_pp0_iter8            |    1|   0|    1|          0|
    |ap_enable_reg_pp0_iter9            |    1|   0|    1|          0|
    |ap_loop_exit_ready_pp0_iter10_reg  |    1|   0|    1|          0|
    |ap_loop_exit_ready_pp0_iter11_reg  |    1|   0|    1|          0|
    |ap_loop_exit_ready_pp0_iter12_reg  |    1|   0|    1|          0|
    |ap_loop_exit_ready_pp0_iter13_reg  |    1|   0|    1|          0|
    |ap_loop_exit_ready_pp0_iter14_reg  |    1|   0|    1|          0|
    |ap_loop_exit_ready_pp0_iter15_reg  |    1|   0|    1|          0|
    |ap_loop_exit_ready_pp0_iter16_reg  |    1|   0|    1|          0|
    |ap_loop_exit_ready_pp0_iter17_reg  |    1|   0|    1|          0|
    |ap_loop_exit_ready_pp0_iter18_reg  |    1|   0|    1|          0|
    |ap_loop_exit_ready_pp0_iter19_reg  |    1|   0|    1|          0|
    |ap_loop_exit_ready_pp0_iter1_reg   |    1|   0|    1|          0|
    |ap_loop_exit_ready_pp0_iter20_reg  |    1|   0|    1|          0|
    |ap_loop_exit_ready_pp0_iter21_reg  |    1|   0|    1|          0|
    |ap_loop_exit_ready_pp0_iter22_reg  |    1|   0|    1|          0|
    |ap_loop_exit_ready_pp0_iter23_reg  |    1|   0|    1|          0|
    |ap_loop_exit_ready_pp0_iter24_reg  |    1|   0|    1|          0|
    |ap_loop_exit_ready_pp0_iter25_reg  |    1|   0|    1|          0|
    |ap_loop_exit_ready_pp0_iter26_reg  |    1|   0|    1|          0|
    |ap_loop_exit_ready_pp0_iter27_reg  |    1|   0|    1|          0|
    |ap_loop_exit_ready_pp0_iter28_reg  |    1|   0|    1|          0|
    |ap_loop_exit_ready_pp0_iter29_reg  |    1|   0|    1|          0|
    |ap_loop_exit_ready_pp0_iter2_reg   |    1|   0|    1|          0|
    |ap_loop_exit_ready_pp0_iter30_reg  |    1|   0|    1|          0|
    |ap_loop_exit_ready_pp0_iter31_reg  |    1|   0|    1|          0|
    |ap_loop_exit_ready_pp0_iter32_reg  |    1|   0|    1|          0|
    |ap_loop_exit_ready_pp0_iter3_reg   |    1|   0|    1|          0|
    |ap_loop_exit_ready_pp0_iter4_reg   |    1|   0|    1|          0|
    |ap_loop_exit_ready_pp0_iter5_reg   |    1|   0|    1|          0|
    |ap_loop_exit_ready_pp0_iter6_reg   |    1|   0|    1|          0|
    |ap_loop_exit_ready_pp0_iter7_reg   |    1|   0|    1|          0|
    |ap_loop_exit_ready_pp0_iter8_reg   |    1|   0|    1|          0|
    |ap_loop_exit_ready_pp0_iter9_reg   |    1|   0|    1|          0|
    |conv3_i_i_reg_432                  |   64|   0|   64|          0|
    |gmem_addr_1_read_reg_417           |  128|   0|  128|          0|
    |gmem_addr_read_reg_397             |  128|   0|  128|          0|
    |i_1_reg_360                        |   31|   0|   31|          0|
    |i_fu_82                            |   31|   0|   31|          0|
    |icmp_ln53_reg_366                  |    1|   0|    1|          0|
    |mul4_i_i_reg_447                   |   64|   0|   64|          0|
    |mul_i13_i_reg_442                  |   64|   0|   64|          0|
    |overSig_reg_437                    |   64|   0|   64|          0|
    |sig_reg_422                        |   64|   0|   64|          0|
    |trunc_ln54_2_reg_370               |   60|   0|   60|          0|
    |trunc_ln54_reg_386                 |    1|   0|    1|          0|
    |trunc_ln7_reg_375                  |   60|   0|   60|          0|
    |conv3_i_i_reg_432                  |   64|  32|   64|          0|
    |icmp_ln53_reg_366                  |   64|  32|    1|          0|
    |overSig_reg_437                    |   64|  32|   64|          0|
    |trunc_ln54_reg_386                 |   64|  32|    1|          0|
    +-----------------------------------+-----+----+-----+-----------+
    |Total                              | 1158| 128| 1032|          0|
    +-----------------------------------+-----+----+-----+-----------+



================================================================
== Interface
================================================================
* Summary: 
+---------------------+-----+-----+------------+------------------------------+--------------+
|      RTL Ports      | Dir | Bits|  Protocol  |         Source Object        |    C Type    |
+---------------------+-----+-----+------------+------------------------------+--------------+
|ap_clk               |   in|    1|  ap_ctrl_hs|  fit_Pipeline_VITIS_LOOP_53_1|  return value|
|ap_rst               |   in|    1|  ap_ctrl_hs|  fit_Pipeline_VITIS_LOOP_53_1|  return value|
|ap_start             |   in|    1|  ap_ctrl_hs|  fit_Pipeline_VITIS_LOOP_53_1|  return value|
|ap_done              |  out|    1|  ap_ctrl_hs|  fit_Pipeline_VITIS_LOOP_53_1|  return value|
|ap_idle              |  out|    1|  ap_ctrl_hs|  fit_Pipeline_VITIS_LOOP_53_1|  return value|
|ap_ready             |  out|    1|  ap_ctrl_hs|  fit_Pipeline_VITIS_LOOP_53_1|  return value|
|grp_fu_663_p_din0    |  out|   64|  ap_ctrl_hs|  fit_Pipeline_VITIS_LOOP_53_1|  return value|
|grp_fu_663_p_din1    |  out|   64|  ap_ctrl_hs|  fit_Pipeline_VITIS_LOOP_53_1|  return value|
|grp_fu_663_p_opcode  |  out|    1|  ap_ctrl_hs|  fit_Pipeline_VITIS_LOOP_53_1|  return value|
|grp_fu_663_p_dout0   |   in|   64|  ap_ctrl_hs|  fit_Pipeline_VITIS_LOOP_53_1|  return value|
|grp_fu_663_p_ce      |  out|    1|  ap_ctrl_hs|  fit_Pipeline_VITIS_LOOP_53_1|  return value|
|grp_fu_224_p_din0    |  out|   64|  ap_ctrl_hs|  fit_Pipeline_VITIS_LOOP_53_1|  return value|
|grp_fu_224_p_din1    |  out|   64|  ap_ctrl_hs|  fit_Pipeline_VITIS_LOOP_53_1|  return value|
|grp_fu_224_p_dout0   |   in|   64|  ap_ctrl_hs|  fit_Pipeline_VITIS_LOOP_53_1|  return value|
|grp_fu_224_p_ce      |  out|    1|  ap_ctrl_hs|  fit_Pipeline_VITIS_LOOP_53_1|  return value|
|grp_fu_240_p_din0    |  out|   64|  ap_ctrl_hs|  fit_Pipeline_VITIS_LOOP_53_1|  return value|
|grp_fu_240_p_din1    |  out|   64|  ap_ctrl_hs|  fit_Pipeline_VITIS_LOOP_53_1|  return value|
|grp_fu_240_p_dout0   |   in|   64|  ap_ctrl_hs|  fit_Pipeline_VITIS_LOOP_53_1|  return value|
|grp_fu_240_p_ce      |  out|    1|  ap_ctrl_hs|  fit_Pipeline_VITIS_LOOP_53_1|  return value|
|grp_fu_248_p_din0    |  out|   64|  ap_ctrl_hs|  fit_Pipeline_VITIS_LOOP_53_1|  return value|
|grp_fu_248_p_dout0   |   in|   64|  ap_ctrl_hs|  fit_Pipeline_VITIS_LOOP_53_1|  return value|
|grp_fu_248_p_ce      |  out|    1|  ap_ctrl_hs|  fit_Pipeline_VITIS_LOOP_53_1|  return value|
|m_axi_gmem_AWVALID   |  out|    1|       m_axi|                          gmem|       pointer|
|m_axi_gmem_AWREADY   |   in|    1|       m_axi|                          gmem|       pointer|
|m_axi_gmem_AWADDR    |  out|   64|       m_axi|                          gmem|       pointer|
|m_axi_gmem_AWID      |  out|    1|       m_axi|                          gmem|       pointer|
|m_axi_gmem_AWLEN     |  out|   32|       m_axi|                          gmem|       pointer|
|m_axi_gmem_AWSIZE    |  out|    3|       m_axi|                          gmem|       pointer|
|m_axi_gmem_AWBURST   |  out|    2|       m_axi|                          gmem|       pointer|
|m_axi_gmem_AWLOCK    |  out|    2|       m_axi|                          gmem|       pointer|
|m_axi_gmem_AWCACHE   |  out|    4|       m_axi|                          gmem|       pointer|
|m_axi_gmem_AWPROT    |  out|    3|       m_axi|                          gmem|       pointer|
|m_axi_gmem_AWQOS     |  out|    4|       m_axi|                          gmem|       pointer|
|m_axi_gmem_AWREGION  |  out|    4|       m_axi|                          gmem|       pointer|
|m_axi_gmem_AWUSER    |  out|    1|       m_axi|                          gmem|       pointer|
|m_axi_gmem_WVALID    |  out|    1|       m_axi|                          gmem|       pointer|
|m_axi_gmem_WREADY    |   in|    1|       m_axi|                          gmem|       pointer|
|m_axi_gmem_WDATA     |  out|  128|       m_axi|                          gmem|       pointer|
|m_axi_gmem_WSTRB     |  out|   16|       m_axi|                          gmem|       pointer|
|m_axi_gmem_WLAST     |  out|    1|       m_axi|                          gmem|       pointer|
|m_axi_gmem_WID       |  out|    1|       m_axi|                          gmem|       pointer|
|m_axi_gmem_WUSER     |  out|    1|       m_axi|                          gmem|       pointer|
|m_axi_gmem_ARVALID   |  out|    1|       m_axi|                          gmem|       pointer|
|m_axi_gmem_ARREADY   |   in|    1|       m_axi|                          gmem|       pointer|
|m_axi_gmem_ARADDR    |  out|   64|       m_axi|                          gmem|       pointer|
|m_axi_gmem_ARID      |  out|    1|       m_axi|                          gmem|       pointer|
|m_axi_gmem_ARLEN     |  out|   32|       m_axi|                          gmem|       pointer|
|m_axi_gmem_ARSIZE    |  out|    3|       m_axi|                          gmem|       pointer|
|m_axi_gmem_ARBURST   |  out|    2|       m_axi|                          gmem|       pointer|
|m_axi_gmem_ARLOCK    |  out|    2|       m_axi|                          gmem|       pointer|
|m_axi_gmem_ARCACHE   |  out|    4|       m_axi|                          gmem|       pointer|
|m_axi_gmem_ARPROT    |  out|    3|       m_axi|                          gmem|       pointer|
|m_axi_gmem_ARQOS     |  out|    4|       m_axi|                          gmem|       pointer|
|m_axi_gmem_ARREGION  |  out|    4|       m_axi|                          gmem|       pointer|
|m_axi_gmem_ARUSER    |  out|    1|       m_axi|                          gmem|       pointer|
|m_axi_gmem_RVALID    |   in|    1|       m_axi|                          gmem|       pointer|
|m_axi_gmem_RREADY    |  out|    1|       m_axi|                          gmem|       pointer|
|m_axi_gmem_RDATA     |   in|  128|       m_axi|                          gmem|       pointer|
|m_axi_gmem_RLAST     |   in|    1|       m_axi|                          gmem|       pointer|
|m_axi_gmem_RID       |   in|    1|       m_axi|                          gmem|       pointer|
|m_axi_gmem_RFIFONUM  |   in|    9|       m_axi|                          gmem|       pointer|
|m_axi_gmem_RUSER     |   in|    1|       m_axi|                          gmem|       pointer|
|m_axi_gmem_RRESP     |   in|    2|       m_axi|                          gmem|       pointer|
|m_axi_gmem_BVALID    |   in|    1|       m_axi|                          gmem|       pointer|
|m_axi_gmem_BREADY    |  out|    1|       m_axi|                          gmem|       pointer|
|m_axi_gmem_BRESP     |   in|    2|       m_axi|                          gmem|       pointer|
|m_axi_gmem_BID       |   in|    1|       m_axi|                          gmem|       pointer|
|m_axi_gmem_BUSER     |   in|    1|       m_axi|                          gmem|       pointer|
|size                 |   in|   32|     ap_none|                          size|        scalar|
|arrsigs              |   in|   64|     ap_none|                       arrsigs|        scalar|
|trunc_ln3            |   in|    4|     ap_none|                     trunc_ln3|        scalar|
|arrx                 |   in|   64|     ap_none|                          arrx|        scalar|
|trunc_ln             |   in|    4|     ap_none|                      trunc_ln|        scalar|
|Sx_out               |  out|   64|      ap_vld|                        Sx_out|       pointer|
|Sx_out_ap_vld        |  out|    1|      ap_vld|                        Sx_out|       pointer|
+---------------------+-----+-----+------------+------------------------------+--------------+

