

================================================================
== Vitis HLS Report for 'fit_Pipeline_VITIS_LOOP_204_1'
================================================================
* Date:           Thu Feb 27 15:44:24 2025

* Version:        2023.1 (Build 3854077 on May  4 2023)
* Project:        hls_fit
* Solution:       solution2 (Vitis Kernel Flow Target)
* Product family: virtexuplus
* Target device:  xcvu11p-flga2577-1-e


================================================================
== Performance Estimates
================================================================
+ Timing: 
    * Summary: 
    +--------+----------+----------+------------+
    |  Clock |  Target  | Estimated| Uncertainty|
    +--------+----------+----------+------------+
    |ap_clk  |  10.00 ns|  7.300 ns|     2.70 ns|
    +--------+----------+----------+------------+

+ Latency: 
    * Summary: 
    +---------+---------+-----------+-----------+------+------+---------+
    |  Latency (cycles) |   Latency (absolute)  |   Interval  | Pipeline|
    |   min   |   max   |    min    |    max    |  min |  max |   Type  |
    +---------+---------+-----------+-----------+------+------+---------+
    |     4179|     4179|  41.790 us|  41.790 us|  4179|  4179|       no|
    +---------+---------+-----------+-----------+------+------+---------+

    + Detail: 
        * Instance: 
        N/A

        * Loop: 
        +--------------------+---------+---------+----------+-----------+-----------+------+----------+
        |                    |  Latency (cycles) | Iteration|  Initiation Interval  | Trip |          |
        |      Loop Name     |   min   |   max   |  Latency |  achieved |   target  | Count| Pipelined|
        +--------------------+---------+---------+----------+-----------+-----------+------+----------+
        |- VITIS_LOOP_204_1  |     4177|     4177|        95|          3|          1|  1362|       yes|
        +--------------------+---------+---------+----------+-----------+-----------+------+----------+



================================================================
== Utilization Estimates
================================================================
* Summary: 
+---------------------+---------+------+---------+---------+-----+
|         Name        | BRAM_18K|  DSP |    FF   |   LUT   | URAM|
+---------------------+---------+------+---------+---------+-----+
|DSP                  |        -|     -|        -|        -|    -|
|Expression           |        -|     -|        0|      202|    -|
|FIFO                 |        -|     -|        -|        -|    -|
|Instance             |        -|     -|        -|        -|    -|
|Memory               |        -|     -|        -|        -|    -|
|Multiplexer          |        -|     -|        -|      544|    -|
|Register             |        -|     -|     7444|       64|    -|
+---------------------+---------+------+---------+---------+-----+
|Total                |        0|     0|     7444|      810|    0|
+---------------------+---------+------+---------+---------+-----+
|Available SLR        |     1344|  3072|   864000|   432000|  320|
+---------------------+---------+------+---------+---------+-----+
|Utilization SLR (%)  |        0|     0|       ~0|       ~0|    0|
+---------------------+---------+------+---------+---------+-----+
|Available            |     4032|  9216|  2592000|  1296000|  960|
+---------------------+---------+------+---------+---------+-----+
|Utilization (%)      |        0|     0|       ~0|       ~0|    0|
+---------------------+---------+------+---------+---------+-----+

+ Detail: 
    * Instance: 
    N/A

    * DSP: 
    N/A

    * Memory: 
    N/A

    * FIFO: 
    N/A

    * Expression: 
    +------------------------------------+----------+----+---+----+------------+------------+
    |            Variable Name           | Operation| DSP| FF| LUT| Bitwidth P0| Bitwidth P1|
    +------------------------------------+----------+----+---+----+------------+------------+
    |add_ln204_fu_211_p2                 |         +|   0|  0|  18|          11|           1|
    |add_ln206_fu_235_p2                 |         +|   0|  0|  68|          61|          61|
    |add_ln207_fu_241_p2                 |         +|   0|  0|  68|          61|          61|
    |ap_block_pp0_stage0_00001           |       and|   0|  0|   2|           1|           1|
    |ap_block_pp0_stage1_00001           |       and|   0|  0|   2|           1|           1|
    |ap_block_pp0_stage2_11001           |       and|   0|  0|   2|           1|           1|
    |ap_block_state2_io                  |       and|   0|  0|   2|           1|           1|
    |ap_block_state3_io                  |       and|   0|  0|   2|           1|           1|
    |ap_block_state73_pp0_stage0_iter24  |       and|   0|  0|   2|           1|           1|
    |ap_block_state74_pp0_stage1_iter24  |       and|   0|  0|   2|           1|           1|
    |ap_condition_1128                   |       and|   0|  0|   2|           1|           1|
    |ap_condition_1131                   |       and|   0|  0|   2|           1|           1|
    |ap_condition_721                    |       and|   0|  0|   2|           1|           1|
    |ap_predicate_op127_readreq_state2   |       and|   0|  0|   2|           1|           1|
    |ap_predicate_op271_read_state73     |       and|   0|  0|   2|           1|           1|
    |ap_predicate_op280_read_state74     |       and|   0|  0|   2|           1|           1|
    |icmp_ln204_fu_205_p2                |      icmp|   0|  0|  18|          11|          11|
    |ap_block_pp0_stage1_11001           |        or|   0|  0|   2|           1|           1|
    |ap_enable_pp0                       |       xor|   0|  0|   2|           1|           2|
    +------------------------------------+----------+----+---+----+------------+------------+
    |Total                               |          |   0|  0| 202|         159|         150|
    +------------------------------------+----------+----+---+----+------------+------------+

    * Multiplexer: 
    +----------------------------------------+----+-----------+-----+-----------+
    |                  Name                  | LUT| Input Size| Bits| Total Bits|
    +----------------------------------------+----+-----------+-----+-----------+
    |ap_NS_fsm                               |  20|          4|    1|          4|
    |ap_done_int                             |   9|          2|    1|          2|
    |ap_enable_reg_pp0_iter0                 |   9|          2|    1|          2|
    |ap_enable_reg_pp0_iter1                 |   9|          2|    1|          2|
    |ap_enable_reg_pp0_iter31                |   9|          2|    1|          2|
    |ap_loop_exit_ready_pp0_iter10_reg       |   9|          2|    1|          2|
    |ap_loop_exit_ready_pp0_iter11_reg       |   9|          2|    1|          2|
    |ap_loop_exit_ready_pp0_iter12_reg       |   9|          2|    1|          2|
    |ap_loop_exit_ready_pp0_iter13_reg       |   9|          2|    1|          2|
    |ap_loop_exit_ready_pp0_iter14_reg       |   9|          2|    1|          2|
    |ap_loop_exit_ready_pp0_iter15_reg       |   9|          2|    1|          2|
    |ap_loop_exit_ready_pp0_iter16_reg       |   9|          2|    1|          2|
    |ap_loop_exit_ready_pp0_iter17_reg       |   9|          2|    1|          2|
    |ap_loop_exit_ready_pp0_iter18_reg       |   9|          2|    1|          2|
    |ap_loop_exit_ready_pp0_iter19_reg       |   9|          2|    1|          2|
    |ap_loop_exit_ready_pp0_iter1_reg        |   9|          2|    1|          2|
    |ap_loop_exit_ready_pp0_iter20_reg       |   9|          2|    1|          2|
    |ap_loop_exit_ready_pp0_iter21_reg       |   9|          2|    1|          2|
    |ap_loop_exit_ready_pp0_iter22_reg       |   9|          2|    1|          2|
    |ap_loop_exit_ready_pp0_iter23_reg       |   9|          2|    1|          2|
    |ap_loop_exit_ready_pp0_iter24_reg       |   9|          2|    1|          2|
    |ap_loop_exit_ready_pp0_iter25_reg       |   9|          2|    1|          2|
    |ap_loop_exit_ready_pp0_iter26_reg       |   9|          2|    1|          2|
    |ap_loop_exit_ready_pp0_iter27_reg       |   9|          2|    1|          2|
    |ap_loop_exit_ready_pp0_iter28_reg       |   9|          2|    1|          2|
    |ap_loop_exit_ready_pp0_iter29_reg       |   9|          2|    1|          2|
    |ap_loop_exit_ready_pp0_iter2_reg        |   9|          2|    1|          2|
    |ap_loop_exit_ready_pp0_iter30_reg       |   9|          2|    1|          2|
    |ap_loop_exit_ready_pp0_iter3_reg        |   9|          2|    1|          2|
    |ap_loop_exit_ready_pp0_iter4_reg        |   9|          2|    1|          2|
    |ap_loop_exit_ready_pp0_iter5_reg        |   9|          2|    1|          2|
    |ap_loop_exit_ready_pp0_iter6_reg        |   9|          2|    1|          2|
    |ap_loop_exit_ready_pp0_iter7_reg        |   9|          2|    1|          2|
    |ap_loop_exit_ready_pp0_iter8_reg        |   9|          2|    1|          2|
    |ap_loop_exit_ready_pp0_iter9_reg        |   9|          2|    1|          2|
    |ap_phi_mux_empty_phi_fu_148_p4          |   9|          2|  128|        256|
    |ap_phi_reg_pp0_iter24_empty_27_reg_154  |   9|          2|  128|        256|
    |ap_phi_reg_pp0_iter24_empty_reg_145     |   9|          2|  128|        256|
    |ap_phi_reg_pp0_iter25_empty_27_reg_154  |   9|          2|  128|        256|
    |ap_sig_allocacmp_f_1_load               |   9|          2|   64|        128|
    |ap_sig_allocacmp_i                      |   9|          2|   11|         22|
    |f_1_fu_82                               |   9|          2|   64|        128|
    |gmem_blk_n_AR                           |   9|          2|    1|          2|
    |gmem_blk_n_R                            |   9|          2|    1|          2|
    |grp_fu_163_opcode                       |  14|          3|    2|          6|
    |grp_fu_163_p0                           |  20|          4|   64|        256|
    |grp_fu_163_p1                           |  20|          4|   64|        256|
    |grp_fu_167_p0                           |  14|          3|   64|        192|
    |grp_fu_167_p1                           |  14|          3|   64|        192|
    |grp_fu_171_p0                           |  14|          3|   64|        192|
    |i_1_fu_86                               |   9|          2|   11|         22|
    |m_axi_gmem_ARADDR                       |  14|          3|   64|        192|
    |shiftreg49_fu_74                        |   9|          2|   64|        128|
    |shiftreg_fu_78                          |   9|          2|   64|        128|
    +----------------------------------------+----+-----------+-----+-----------+
    |Total                                   | 544|        119| 1213|       2942|
    +----------------------------------------+----+-----------+-----+-----------+

    * Register: 
    +----------------------------------------+-----+----+-----+-----------+
    |                  Name                  |  FF | LUT| Bits| Const Bits|
    +----------------------------------------+-----+----+-----+-----------+
    |add_ln204_reg_381                       |   11|   0|   11|          0|
    |add_ln206_reg_390                       |   61|   0|   61|          0|
    |add_ln207_reg_395                       |   61|   0|   61|          0|
    |ap_CS_fsm                               |    3|   0|    3|          0|
    |ap_done_reg                             |    1|   0|    1|          0|
    |ap_enable_reg_pp0_iter0_reg             |    1|   0|    1|          0|
    |ap_enable_reg_pp0_iter1                 |    1|   0|    1|          0|
    |ap_enable_reg_pp0_iter10                |    1|   0|    1|          0|
    |ap_enable_reg_pp0_iter11                |    1|   0|    1|          0|
    |ap_enable_reg_pp0_iter12                |    1|   0|    1|          0|
    |ap_enable_reg_pp0_iter13                |    1|   0|    1|          0|
    |ap_enable_reg_pp0_iter14                |    1|   0|    1|          0|
    |ap_enable_reg_pp0_iter15                |    1|   0|    1|          0|
    |ap_enable_reg_pp0_iter16                |    1|   0|    1|          0|
    |ap_enable_reg_pp0_iter17                |    1|   0|    1|          0|
    |ap_enable_reg_pp0_iter18                |    1|   0|    1|          0|
    |ap_enable_reg_pp0_iter19                |    1|   0|    1|          0|
    |ap_enable_reg_pp0_iter2                 |    1|   0|    1|          0|
    |ap_enable_reg_pp0_iter20                |    1|   0|    1|          0|
    |ap_enable_reg_pp0_iter21                |    1|   0|    1|          0|
    |ap_enable_reg_pp0_iter22                |    1|   0|    1|          0|
    |ap_enable_reg_pp0_iter23                |    1|   0|    1|          0|
    |ap_enable_reg_pp0_iter24                |    1|   0|    1|          0|
    |ap_enable_reg_pp0_iter25                |    1|   0|    1|          0|
    |ap_enable_reg_pp0_iter26                |    1|   0|    1|          0|
    |ap_enable_reg_pp0_iter27                |    1|   0|    1|          0|
    |ap_enable_reg_pp0_iter28                |    1|   0|    1|          0|
    |ap_enable_reg_pp0_iter29                |    1|   0|    1|          0|
    |ap_enable_reg_pp0_iter3                 |    1|   0|    1|          0|
    |ap_enable_reg_pp0_iter30                |    1|   0|    1|          0|
    |ap_enable_reg_pp0_iter31                |    1|   0|    1|          0|
    |ap_enable_reg_pp0_iter4                 |    1|   0|    1|          0|
    |ap_enable_reg_pp0_iter5                 |    1|   0|    1|          0|
    |ap_enable_reg_pp0_iter6                 |    1|   0|    1|          0|
    |ap_enable_reg_pp0_iter7                 |    1|   0|    1|          0|
    |ap_enable_reg_pp0_iter8                 |    1|   0|    1|          0|
    |ap_enable_reg_pp0_iter9                 |    1|   0|    1|          0|
    |ap_loop_exit_ready_pp0_iter10_reg       |    1|   0|    1|          0|
    |ap_loop_exit_ready_pp0_iter11_reg       |    1|   0|    1|          0|
    |ap_loop_exit_ready_pp0_iter12_reg       |    1|   0|    1|          0|
    |ap_loop_exit_ready_pp0_iter13_reg       |    1|   0|    1|          0|
    |ap_loop_exit_ready_pp0_iter14_reg       |    1|   0|    1|          0|
    |ap_loop_exit_ready_pp0_iter15_reg       |    1|   0|    1|          0|
    |ap_loop_exit_ready_pp0_iter16_reg       |    1|   0|    1|          0|
    |ap_loop_exit_ready_pp0_iter17_reg       |    1|   0|    1|          0|
    |ap_loop_exit_ready_pp0_iter18_reg       |    1|   0|    1|          0|
    |ap_loop_exit_ready_pp0_iter19_reg       |    1|   0|    1|          0|
    |ap_loop_exit_ready_pp0_iter1_reg        |    1|   0|    1|          0|
    |ap_loop_exit_ready_pp0_iter20_reg       |    1|   0|    1|          0|
    |ap_loop_exit_ready_pp0_iter21_reg       |    1|   0|    1|          0|
    |ap_loop_exit_ready_pp0_iter22_reg       |    1|   0|    1|          0|
    |ap_loop_exit_ready_pp0_iter23_reg       |    1|   0|    1|          0|
    |ap_loop_exit_ready_pp0_iter24_reg       |    1|   0|    1|          0|
    |ap_loop_exit_ready_pp0_iter25_reg       |    1|   0|    1|          0|
    |ap_loop_exit_ready_pp0_iter26_reg       |    1|   0|    1|          0|
    |ap_loop_exit_ready_pp0_iter27_reg       |    1|   0|    1|          0|
    |ap_loop_exit_ready_pp0_iter28_reg       |    1|   0|    1|          0|
    |ap_loop_exit_ready_pp0_iter29_reg       |    1|   0|    1|          0|
    |ap_loop_exit_ready_pp0_iter2_reg        |    1|   0|    1|          0|
    |ap_loop_exit_ready_pp0_iter30_reg       |    1|   0|    1|          0|
    |ap_loop_exit_ready_pp0_iter3_reg        |    1|   0|    1|          0|
    |ap_loop_exit_ready_pp0_iter4_reg        |    1|   0|    1|          0|
    |ap_loop_exit_ready_pp0_iter5_reg        |    1|   0|    1|          0|
    |ap_loop_exit_ready_pp0_iter6_reg        |    1|   0|    1|          0|
    |ap_loop_exit_ready_pp0_iter7_reg        |    1|   0|    1|          0|
    |ap_loop_exit_ready_pp0_iter8_reg        |    1|   0|    1|          0|
    |ap_loop_exit_ready_pp0_iter9_reg        |    1|   0|    1|          0|
    |ap_phi_reg_pp0_iter10_empty_27_reg_154  |  128|   0|  128|          0|
    |ap_phi_reg_pp0_iter10_empty_reg_145     |  128|   0|  128|          0|
    |ap_phi_reg_pp0_iter11_empty_27_reg_154  |  128|   0|  128|          0|
    |ap_phi_reg_pp0_iter11_empty_reg_145     |  128|   0|  128|          0|
    |ap_phi_reg_pp0_iter12_empty_27_reg_154  |  128|   0|  128|          0|
    |ap_phi_reg_pp0_iter12_empty_reg_145     |  128|   0|  128|          0|
    |ap_phi_reg_pp0_iter13_empty_27_reg_154  |  128|   0|  128|          0|
    |ap_phi_reg_pp0_iter13_empty_reg_145     |  128|   0|  128|          0|
    |ap_phi_reg_pp0_iter14_empty_27_reg_154  |  128|   0|  128|          0|
    |ap_phi_reg_pp0_iter14_empty_reg_145     |  128|   0|  128|          0|
    |ap_phi_reg_pp0_iter15_empty_27_reg_154  |  128|   0|  128|          0|
    |ap_phi_reg_pp0_iter15_empty_reg_145     |  128|   0|  128|          0|
    |ap_phi_reg_pp0_iter16_empty_27_reg_154  |  128|   0|  128|          0|
    |ap_phi_reg_pp0_iter16_empty_reg_145     |  128|   0|  128|          0|
    |ap_phi_reg_pp0_iter17_empty_27_reg_154  |  128|   0|  128|          0|
    |ap_phi_reg_pp0_iter17_empty_reg_145     |  128|   0|  128|          0|
    |ap_phi_reg_pp0_iter18_empty_27_reg_154  |  128|   0|  128|          0|
    |ap_phi_reg_pp0_iter18_empty_reg_145     |  128|   0|  128|          0|
    |ap_phi_reg_pp0_iter19_empty_27_reg_154  |  128|   0|  128|          0|
    |ap_phi_reg_pp0_iter19_empty_reg_145     |  128|   0|  128|          0|
    |ap_phi_reg_pp0_iter1_empty_27_reg_154   |  128|   0|  128|          0|
    |ap_phi_reg_pp0_iter1_empty_reg_145      |  128|   0|  128|          0|
    |ap_phi_reg_pp0_iter20_empty_27_reg_154  |  128|   0|  128|          0|
    |ap_phi_reg_pp0_iter20_empty_reg_145     |  128|   0|  128|          0|
    |ap_phi_reg_pp0_iter21_empty_27_reg_154  |  128|   0|  128|          0|
    |ap_phi_reg_pp0_iter21_empty_reg_145     |  128|   0|  128|          0|
    |ap_phi_reg_pp0_iter22_empty_27_reg_154  |  128|   0|  128|          0|
    |ap_phi_reg_pp0_iter22_empty_reg_145     |  128|   0|  128|          0|
    |ap_phi_reg_pp0_iter23_empty_27_reg_154  |  128|   0|  128|          0|
    |ap_phi_reg_pp0_iter23_empty_reg_145     |  128|   0|  128|          0|
    |ap_phi_reg_pp0_iter24_empty_27_reg_154  |  128|   0|  128|          0|
    |ap_phi_reg_pp0_iter24_empty_reg_145     |  128|   0|  128|          0|
    |ap_phi_reg_pp0_iter25_empty_27_reg_154  |  128|   0|  128|          0|
    |ap_phi_reg_pp0_iter2_empty_27_reg_154   |  128|   0|  128|          0|
    |ap_phi_reg_pp0_iter2_empty_reg_145      |  128|   0|  128|          0|
    |ap_phi_reg_pp0_iter3_empty_27_reg_154   |  128|   0|  128|          0|
    |ap_phi_reg_pp0_iter3_empty_reg_145      |  128|   0|  128|          0|
    |ap_phi_reg_pp0_iter4_empty_27_reg_154   |  128|   0|  128|          0|
    |ap_phi_reg_pp0_iter4_empty_reg_145      |  128|   0|  128|          0|
    |ap_phi_reg_pp0_iter5_empty_27_reg_154   |  128|   0|  128|          0|
    |ap_phi_reg_pp0_iter5_empty_reg_145      |  128|   0|  128|          0|
    |ap_phi_reg_pp0_iter6_empty_27_reg_154   |  128|   0|  128|          0|
    |ap_phi_reg_pp0_iter6_empty_reg_145      |  128|   0|  128|          0|
    |ap_phi_reg_pp0_iter7_empty_27_reg_154   |  128|   0|  128|          0|
    |ap_phi_reg_pp0_iter7_empty_reg_145      |  128|   0|  128|          0|
    |ap_phi_reg_pp0_iter8_empty_27_reg_154   |  128|   0|  128|          0|
    |ap_phi_reg_pp0_iter8_empty_reg_145      |  128|   0|  128|          0|
    |ap_phi_reg_pp0_iter9_empty_27_reg_154   |  128|   0|  128|          0|
    |ap_phi_reg_pp0_iter9_empty_reg_145      |  128|   0|  128|          0|
    |empty_28_reg_386                        |    1|   0|    1|          0|
    |f_1_fu_82                               |   64|   0|   64|          0|
    |gmem_addr_2_read_reg_427                |  128|   0|  128|          0|
    |gmem_addr_read_reg_412                  |  128|   0|  128|          0|
    |i_1_fu_86                               |   11|   0|   11|          0|
    |icmp_ln204_reg_377                      |    1|   0|    1|          0|
    |mul_i5_reg_452                          |   64|   0|   64|          0|
    |shiftreg49_fu_74                        |   64|   0|   64|          0|
    |shiftreg_fu_78                          |   64|   0|   64|          0|
    |sub_i_reg_457                           |   64|   0|   64|          0|
    |tempSquared_reg_468                     |   64|   0|   64|          0|
    |temp_reg_462                            |   64|   0|   64|          0|
    |x_reg_437                               |   64|   0|   64|          0|
    |y_reg_447                               |   64|   0|   64|          0|
    |empty_28_reg_386                        |   64|  32|    1|          0|
    |icmp_ln204_reg_377                      |   64|  32|    1|          0|
    +----------------------------------------+-----+----+-----+-----------+
    |Total                                   | 7444|  64| 7318|          0|
    +----------------------------------------+-----+----+-----+-----------+



================================================================
== Interface
================================================================
* Summary: 
+---------------------+-----+-----+------------+-------------------------------+--------------+
|      RTL Ports      | Dir | Bits|  Protocol  |         Source Object         |    C Type    |
+---------------------+-----+-----+------------+-------------------------------+--------------+
|ap_clk               |   in|    1|  ap_ctrl_hs|  fit_Pipeline_VITIS_LOOP_204_1|  return value|
|ap_rst               |   in|    1|  ap_ctrl_hs|  fit_Pipeline_VITIS_LOOP_204_1|  return value|
|ap_start             |   in|    1|  ap_ctrl_hs|  fit_Pipeline_VITIS_LOOP_204_1|  return value|
|ap_done              |  out|    1|  ap_ctrl_hs|  fit_Pipeline_VITIS_LOOP_204_1|  return value|
|ap_idle              |  out|    1|  ap_ctrl_hs|  fit_Pipeline_VITIS_LOOP_204_1|  return value|
|ap_ready             |  out|    1|  ap_ctrl_hs|  fit_Pipeline_VITIS_LOOP_204_1|  return value|
|grp_fu_663_p_din0    |  out|   64|  ap_ctrl_hs|  fit_Pipeline_VITIS_LOOP_204_1|  return value|
|grp_fu_663_p_din1    |  out|   64|  ap_ctrl_hs|  fit_Pipeline_VITIS_LOOP_204_1|  return value|
|grp_fu_663_p_opcode  |  out|    2|  ap_ctrl_hs|  fit_Pipeline_VITIS_LOOP_204_1|  return value|
|grp_fu_663_p_dout0   |   in|   64|  ap_ctrl_hs|  fit_Pipeline_VITIS_LOOP_204_1|  return value|
|grp_fu_663_p_ce      |  out|    1|  ap_ctrl_hs|  fit_Pipeline_VITIS_LOOP_204_1|  return value|
|grp_fu_224_p_din0    |  out|   64|  ap_ctrl_hs|  fit_Pipeline_VITIS_LOOP_204_1|  return value|
|grp_fu_224_p_din1    |  out|   64|  ap_ctrl_hs|  fit_Pipeline_VITIS_LOOP_204_1|  return value|
|grp_fu_224_p_dout0   |   in|   64|  ap_ctrl_hs|  fit_Pipeline_VITIS_LOOP_204_1|  return value|
|grp_fu_224_p_ce      |  out|    1|  ap_ctrl_hs|  fit_Pipeline_VITIS_LOOP_204_1|  return value|
|grp_fu_248_p_din0    |  out|   64|  ap_ctrl_hs|  fit_Pipeline_VITIS_LOOP_204_1|  return value|
|grp_fu_248_p_dout0   |   in|   64|  ap_ctrl_hs|  fit_Pipeline_VITIS_LOOP_204_1|  return value|
|grp_fu_248_p_ce      |  out|    1|  ap_ctrl_hs|  fit_Pipeline_VITIS_LOOP_204_1|  return value|
|m_axi_gmem_AWVALID   |  out|    1|       m_axi|                           gmem|       pointer|
|m_axi_gmem_AWREADY   |   in|    1|       m_axi|                           gmem|       pointer|
|m_axi_gmem_AWADDR    |  out|   64|       m_axi|                           gmem|       pointer|
|m_axi_gmem_AWID      |  out|    1|       m_axi|                           gmem|       pointer|
|m_axi_gmem_AWLEN     |  out|   32|       m_axi|                           gmem|       pointer|
|m_axi_gmem_AWSIZE    |  out|    3|       m_axi|                           gmem|       pointer|
|m_axi_gmem_AWBURST   |  out|    2|       m_axi|                           gmem|       pointer|
|m_axi_gmem_AWLOCK    |  out|    2|       m_axi|                           gmem|       pointer|
|m_axi_gmem_AWCACHE   |  out|    4|       m_axi|                           gmem|       pointer|
|m_axi_gmem_AWPROT    |  out|    3|       m_axi|                           gmem|       pointer|
|m_axi_gmem_AWQOS     |  out|    4|       m_axi|                           gmem|       pointer|
|m_axi_gmem_AWREGION  |  out|    4|       m_axi|                           gmem|       pointer|
|m_axi_gmem_AWUSER    |  out|    1|       m_axi|                           gmem|       pointer|
|m_axi_gmem_WVALID    |  out|    1|       m_axi|                           gmem|       pointer|
|m_axi_gmem_WREADY    |   in|    1|       m_axi|                           gmem|       pointer|
|m_axi_gmem_WDATA     |  out|  128|       m_axi|                           gmem|       pointer|
|m_axi_gmem_WSTRB     |  out|   16|       m_axi|                           gmem|       pointer|
|m_axi_gmem_WLAST     |  out|    1|       m_axi|                           gmem|       pointer|
|m_axi_gmem_WID       |  out|    1|       m_axi|                           gmem|       pointer|
|m_axi_gmem_WUSER     |  out|    1|       m_axi|                           gmem|       pointer|
|m_axi_gmem_ARVALID   |  out|    1|       m_axi|                           gmem|       pointer|
|m_axi_gmem_ARREADY   |   in|    1|       m_axi|                           gmem|       pointer|
|m_axi_gmem_ARADDR    |  out|   64|       m_axi|                           gmem|       pointer|
|m_axi_gmem_ARID      |  out|    1|       m_axi|                           gmem|       pointer|
|m_axi_gmem_ARLEN     |  out|   32|       m_axi|                           gmem|       pointer|
|m_axi_gmem_ARSIZE    |  out|    3|       m_axi|                           gmem|       pointer|
|m_axi_gmem_ARBURST   |  out|    2|       m_axi|                           gmem|       pointer|
|m_axi_gmem_ARLOCK    |  out|    2|       m_axi|                           gmem|       pointer|
|m_axi_gmem_ARCACHE   |  out|    4|       m_axi|                           gmem|       pointer|
|m_axi_gmem_ARPROT    |  out|    3|       m_axi|                           gmem|       pointer|
|m_axi_gmem_ARQOS     |  out|    4|       m_axi|                           gmem|       pointer|
|m_axi_gmem_ARREGION  |  out|    4|       m_axi|                           gmem|       pointer|
|m_axi_gmem_ARUSER    |  out|    1|       m_axi|                           gmem|       pointer|
|m_axi_gmem_RVALID    |   in|    1|       m_axi|                           gmem|       pointer|
|m_axi_gmem_RREADY    |  out|    1|       m_axi|                           gmem|       pointer|
|m_axi_gmem_RDATA     |   in|  128|       m_axi|                           gmem|       pointer|
|m_axi_gmem_RLAST     |   in|    1|       m_axi|                           gmem|       pointer|
|m_axi_gmem_RID       |   in|    1|       m_axi|                           gmem|       pointer|
|m_axi_gmem_RFIFONUM  |   in|    9|       m_axi|                           gmem|       pointer|
|m_axi_gmem_RUSER     |   in|    1|       m_axi|                           gmem|       pointer|
|m_axi_gmem_RRESP     |   in|    2|       m_axi|                           gmem|       pointer|
|m_axi_gmem_BVALID    |   in|    1|       m_axi|                           gmem|       pointer|
|m_axi_gmem_BREADY    |  out|    1|       m_axi|                           gmem|       pointer|
|m_axi_gmem_BRESP     |   in|    2|       m_axi|                           gmem|       pointer|
|m_axi_gmem_BID       |   in|    1|       m_axi|                           gmem|       pointer|
|m_axi_gmem_BUSER     |   in|    1|       m_axi|                           gmem|       pointer|
|a                    |   in|   64|     ap_none|                              a|        scalar|
|b                    |   in|   64|     ap_none|                              b|        scalar|
|sext_ln204           |   in|   60|     ap_none|                     sext_ln204|        scalar|
|sext_ln204_1         |   in|   60|     ap_none|                   sext_ln204_1|        scalar|
|f_1_out              |  out|   64|      ap_vld|                        f_1_out|       pointer|
|f_1_out_ap_vld       |  out|    1|      ap_vld|                        f_1_out|       pointer|
+---------------------+-----+-----+------------+-------------------------------+--------------+

