

================================================================
== Vitis HLS Report for 'fit'
================================================================
* Date:           Thu Feb 27 15:44:25 2025

* Version:        2023.1 (Build 3854077 on May  4 2023)
* Project:        hls_fit
* Solution:       solution2 (Vitis Kernel Flow Target)
* Product family: virtexuplus
* Target device:  xcvu11p-flga2577-1-e


================================================================
== Performance Estimates
================================================================
+ Timing: 
    * Summary: 
    +--------+----------+----------+------------+
    |  Clock |  Target  | Estimated| Uncertainty|
    +--------+----------+----------+------------+
    |ap_clk  |  10.00 ns|  7.535 ns|     2.70 ns|
    +--------+----------+----------+------------+

+ Latency: 
    * Summary: 
    +---------+---------+----------+----------+-----+-----+---------+
    |  Latency (cycles) |  Latency (absolute) |  Interval | Pipeline|
    |   min   |   max   |    min   |    max   | min | max |   Type  |
    +---------+---------+----------+----------+-----+-----+---------+
    |        ?|        ?|         ?|         ?|    ?|    ?|       no|
    +---------+---------+----------+----------+-----+-----+---------+

    + Detail: 
        * Instance: 
        +------------------------------------------+-------------------------------+---------+---------+-----------+-----------+------+------+---------+
        |                                          |                               |  Latency (cycles) |   Latency (absolute)  |   Interval  | Pipeline|
        |                 Instance                 |             Module            |   min   |   max   |    min    |    max    |  min |  max |   Type  |
        +------------------------------------------+-------------------------------+---------+---------+-----------+-----------+------+------+---------+
        |grp_fit_Pipeline_VITIS_LOOP_28_1_fu_148   |fit_Pipeline_VITIS_LOOP_28_1   |        ?|        ?|          ?|          ?|     ?|     ?|       no|
        |grp_fit_Pipeline_VITIS_LOOP_204_1_fu_166  |fit_Pipeline_VITIS_LOOP_204_1  |     4179|     4179|  41.790 us|  41.790 us|  4179|  4179|       no|
        |grp_fit_Pipeline_VITIS_LOOP_100_1_fu_177  |fit_Pipeline_VITIS_LOOP_100_1  |        ?|        ?|          ?|          ?|     ?|     ?|       no|
        |grp_fit_Pipeline_VITIS_LOOP_53_1_fu_188   |fit_Pipeline_VITIS_LOOP_53_1   |        ?|        ?|          ?|          ?|     ?|     ?|       no|
        |grp_fit_Pipeline_VITIS_LOOP_148_1_fu_200  |fit_Pipeline_VITIS_LOOP_148_1  |        ?|        ?|          ?|          ?|     ?|     ?|       no|
        +------------------------------------------+-------------------------------+---------+---------+-----------+-----------+------+------+---------+

        * Loop: 
        N/A



================================================================
== Utilization Estimates
================================================================
* Summary: 
+---------------------+---------+------+---------+---------+-----+
|         Name        | BRAM_18K|  DSP |    FF   |   LUT   | URAM|
+---------------------+---------+------+---------+---------+-----+
|DSP                  |        -|     -|        -|        -|    -|
|Expression           |        -|     -|        0|      215|    -|
|FIFO                 |        -|     -|        -|        -|    -|
|Instance             |       16|    94|    15141|    10630|    0|
|Memory               |        -|     -|        -|        -|    -|
|Multiplexer          |        -|     -|        -|      907|    -|
|Register             |        -|     -|     1165|        -|    -|
+---------------------+---------+------+---------+---------+-----+
|Total                |       16|    94|    16306|    11752|    0|
+---------------------+---------+------+---------+---------+-----+
|Available SLR        |     1344|  3072|   864000|   432000|  320|
+---------------------+---------+------+---------+---------+-----+
|Utilization SLR (%)  |        1|     3|        1|        2|    0|
+---------------------+---------+------+---------+---------+-----+
|Available            |     4032|  9216|  2592000|  1296000|  960|
+---------------------+---------+------+---------+---------+-----+
|Utilization (%)      |       ~0|     1|       ~0|       ~0|    0|
+---------------------+---------+------+---------+---------+-----+

+ Detail: 
    * Instance: 
    +------------------------------------------+------------------------------------+---------+----+------+------+-----+
    |                 Instance                 |               Module               | BRAM_18K| DSP|  FF  |  LUT | URAM|
    +------------------------------------------+------------------------------------+---------+----+------+------+-----+
    |control_s_axi_U                           |control_s_axi                       |        0|   0|   284|   488|    0|
    |dadd_64ns_64ns_64_4_full_dsp_1_U61        |dadd_64ns_64ns_64_4_full_dsp_1      |        0|   3|   430|   710|    0|
    |dadddsub_64ns_64ns_64_4_full_dsp_1_U83    |dadddsub_64ns_64ns_64_4_full_dsp_1  |        0|   3|   430|   710|    0|
    |ddiv_64ns_64ns_64_13_no_dsp_1_U65         |ddiv_64ns_64ns_64_13_no_dsp_1       |        0|   0|     0|     0|    0|
    |ddiv_64ns_64ns_64_13_no_dsp_1_U66         |ddiv_64ns_64ns_64_13_no_dsp_1       |        0|   0|     0|     0|    0|
    |dmul_64ns_64ns_64_4_max_dsp_1_U62         |dmul_64ns_64ns_64_4_max_dsp_1       |        0|   8|   275|   107|    0|
    |dmul_64ns_64ns_64_4_max_dsp_1_U63         |dmul_64ns_64ns_64_4_max_dsp_1       |        0|   8|   275|   107|    0|
    |dmul_64ns_64ns_64_4_max_dsp_1_U64         |dmul_64ns_64ns_64_4_max_dsp_1       |        0|   8|   275|   107|    0|
    |grp_fit_Pipeline_VITIS_LOOP_100_1_fu_177  |fit_Pipeline_VITIS_LOOP_100_1       |        0|   0|   706|   756|    0|
    |grp_fit_Pipeline_VITIS_LOOP_148_1_fu_200  |fit_Pipeline_VITIS_LOOP_148_1       |        0|   0|  1896|  2336|    0|
    |grp_fit_Pipeline_VITIS_LOOP_204_1_fu_166  |fit_Pipeline_VITIS_LOOP_204_1       |        0|   0|  7444|   810|    0|
    |grp_fit_Pipeline_VITIS_LOOP_28_1_fu_148   |fit_Pipeline_VITIS_LOOP_28_1        |        0|  10|  1037|  1647|    0|
    |grp_fit_Pipeline_VITIS_LOOP_53_1_fu_188   |fit_Pipeline_VITIS_LOOP_53_1        |        0|   0|  1158|  1681|    0|
    |gmem_m_axi_U                              |gmem_m_axi                          |       16|   0|   931|   901|    0|
    |mul_64s_32s_64_1_1_U70                    |mul_64s_32s_64_1_1                  |        0|   7|     0|    45|    0|
    |mul_64s_32s_64_1_1_U71                    |mul_64s_32s_64_1_1                  |        0|   7|     0|    45|    0|
    |mul_64s_64s_64_1_1_U72                    |mul_64s_64s_64_1_1                  |        0|  10|     0|    45|    0|
    |mul_64s_64s_64_1_1_U73                    |mul_64s_64s_64_1_1                  |        0|  10|     0|    45|    0|
    |mul_64s_64s_64_1_1_U74                    |mul_64s_64s_64_1_1                  |        0|  10|     0|    45|    0|
    |mul_64s_64s_64_1_1_U75                    |mul_64s_64s_64_1_1                  |        0|  10|     0|    45|    0|
    |printdouble_U76                           |printdouble                         |        0|   0|     0|     0|    0|
    |printdouble_U77                           |printdouble                         |        0|   0|     0|     0|    0|
    |printdouble_U78                           |printdouble                         |        0|   0|     0|     0|    0|
    |printdouble_U79                           |printdouble                         |        0|   0|     0|     0|    0|
    |printdouble_U81                           |printdouble                         |        0|   0|     0|     0|    0|
    |printdouble_U82                           |printdouble                         |        0|   0|     0|     0|    0|
    |printnone_U80                             |printnone                           |        0|   0|     0|     0|    0|
    |sitodp_64ns_64_2_no_dsp_1_U67             |sitodp_64ns_64_2_no_dsp_1           |        0|   0|     0|     0|    0|
    |sitodp_64ns_64_2_no_dsp_1_U68             |sitodp_64ns_64_2_no_dsp_1           |        0|   0|     0|     0|    0|
    |sitodp_64ns_64_2_no_dsp_1_U69             |sitodp_64ns_64_2_no_dsp_1           |        0|   0|     0|     0|    0|
    +------------------------------------------+------------------------------------+---------+----+------+------+-----+
    |Total                                     |                                    |       16|  94| 15141| 10630|    0|
    +------------------------------------------+------------------------------------+---------+----+------+------+-----+

    * DSP: 
    N/A

    * Memory: 
    N/A

    * FIFO: 
    N/A

    * Expression: 
    +-----------------+----------+----+---+----+------------+------------+
    |  Variable Name  | Operation| DSP| FF| LUT| Bitwidth P0| Bitwidth P1|
    +-----------------+----------+----+---+----+------------+------------+
    |a1_fu_356_p2     |         -|   0|  0|  71|          64|          64|
    |a2_fu_361_p2     |         -|   0|  0|  71|          64|          64|
    |grp_fu_251_p0    |         -|   0|  0|  71|          64|          64|
    |ap_block_state1  |        or|   0|  0|   2|           1|           1|
    +-----------------+----------+----+---+----+------------+------------+
    |Total            |          |   0|  0| 215|         193|         193|
    +-----------------+----------+----+---+----+------------+------------+

    * Multiplexer: 
    +-------------------+-----+-----------+-----+-----------+
    |        Name       | LUT | Input Size| Bits| Total Bits|
    +-------------------+-----+-----------+-----+-----------+
    |ap_NS_fsm          |  279|         65|    1|         65|
    |ap_done            |    9|          2|    1|          2|
    |gmem_ARADDR        |   31|          6|   64|        384|
    |gmem_ARLEN         |   31|          6|   32|        192|
    |gmem_ARVALID       |   31|          6|    1|          6|
    |gmem_RREADY        |   31|          6|    1|          6|
    |grp_fu_218_ce      |   14|          3|    1|          3|
    |grp_fu_218_p0      |   20|          4|   64|        256|
    |grp_fu_218_p1      |   20|          4|   64|        256|
    |grp_fu_224_ce      |   26|          5|    1|          5|
    |grp_fu_224_p0      |   37|          7|   64|        448|
    |grp_fu_224_p1      |   37|          7|   64|        448|
    |grp_fu_228_ce      |    9|          2|    1|          2|
    |grp_fu_228_p0      |   14|          3|   64|        192|
    |grp_fu_228_p1      |   14|          3|   64|        192|
    |grp_fu_236_p0      |   26|          5|   64|        320|
    |grp_fu_236_p1      |   31|          6|   64|        384|
    |grp_fu_240_ce      |   20|          4|    1|          4|
    |grp_fu_240_p0      |   26|          5|   64|        320|
    |grp_fu_240_p1      |   26|          5|   64|        320|
    |grp_fu_245_p0      |   14|          3|   64|        192|
    |grp_fu_248_ce      |   26|          5|    1|          5|
    |grp_fu_248_p0      |   31|          6|   64|        384|
    |grp_fu_663_ce      |   26|          5|    1|          5|
    |grp_fu_663_opcode  |   26|          5|    2|         10|
    |grp_fu_663_p0      |   26|          5|   64|        320|
    |grp_fu_663_p1      |   26|          5|   64|        320|
    +-------------------+-----+-----------+-----+-----------+
    |Total              |  907|        188| 1004|       5041|
    +-------------------+-----+-----------+-----+-----------+

    * Register: 
    +-------------------------------------------------------+----+----+-----+-----------+
    |                          Name                         | FF | LUT| Bits| Const Bits|
    +-------------------------------------------------------+----+----+-----+-----------+
    |Sx2_reg_653                                            |  64|   0|   64|          0|
    |SxoS_reg_642                                           |  64|   0|   64|          0|
    |ap_CS_fsm                                              |  64|   0|   64|          0|
    |ap_done_reg                                            |   1|   0|    1|          0|
    |ap_rst_n_inv                                           |   1|   0|    1|          0|
    |ap_rst_reg_1                                           |   1|   0|    1|          0|
    |ap_rst_reg_2                                           |   1|   0|    1|          0|
    |b_reg_615                                              |  64|   0|   64|          0|
    |conv6_reg_604                                          |  64|   0|   64|          0|
    |conv_reg_610                                           |  64|   0|   64|          0|
    |grp_fit_Pipeline_VITIS_LOOP_100_1_fu_177_ap_start_reg  |   1|   0|    1|          0|
    |grp_fit_Pipeline_VITIS_LOOP_148_1_fu_200_ap_start_reg  |   1|   0|    1|          0|
    |grp_fit_Pipeline_VITIS_LOOP_204_1_fu_166_ap_start_reg  |   1|   0|    1|          0|
    |grp_fit_Pipeline_VITIS_LOOP_28_1_fu_148_ap_start_reg   |   1|   0|    1|          0|
    |grp_fit_Pipeline_VITIS_LOOP_53_1_fu_188_ap_start_reg   |   1|   0|    1|          0|
    |mul21_i_reg_658                                        |  64|   0|   64|          0|
    |mul_ln253_1_reg_569                                    |  64|   0|   64|          0|
    |mul_ln253_reg_564                                      |  64|   0|   64|          0|
    |mul_ln254_reg_574                                      |  64|   0|   64|          0|
    |mul_ln258_1_reg_584                                    |  64|   0|   64|          0|
    |mul_ln258_reg_579                                      |  64|   0|   64|          0|
    |reg_278                                                |  64|   0|   64|          0|
    |reg_284                                                |  64|   0|   64|          0|
    |reg_293                                                |  64|   0|   64|          0|
    |sx2_reg_559                                            |  64|   0|   64|          0|
    |trunc_ln101_reg_629                                    |   4|   0|    4|          0|
    |trunc_ln204_1_reg_554                                  |  60|   0|   60|          0|
    |trunc_ln29_reg_536                                     |   4|   0|    4|          0|
    |trunc_ln2_reg_549                                      |  60|   0|   60|          0|
    |trunc_ln30_reg_543                                     |   4|   0|    4|          0|
    +-------------------------------------------------------+----+----+-----+-----------+
    |Total                                                  |1165|   0| 1165|          0|
    +-------------------------------------------------------+----+----+-----+-----------+



================================================================
== Interface
================================================================
* Summary: 
+-----------------------+-----+-----+---------------+--------------+--------------+
|       RTL Ports       | Dir | Bits|    Protocol   | Source Object|    C Type    |
+-----------------------+-----+-----+---------------+--------------+--------------+
|s_axi_control_AWVALID  |   in|    1|          s_axi|       control|        scalar|
|s_axi_control_AWREADY  |  out|    1|          s_axi|       control|        scalar|
|s_axi_control_AWADDR   |   in|    6|          s_axi|       control|        scalar|
|s_axi_control_WVALID   |   in|    1|          s_axi|       control|        scalar|
|s_axi_control_WREADY   |  out|    1|          s_axi|       control|        scalar|
|s_axi_control_WDATA    |   in|   32|          s_axi|       control|        scalar|
|s_axi_control_WSTRB    |   in|    4|          s_axi|       control|        scalar|
|s_axi_control_ARVALID  |   in|    1|          s_axi|       control|        scalar|
|s_axi_control_ARREADY  |  out|    1|          s_axi|       control|        scalar|
|s_axi_control_ARADDR   |   in|    6|          s_axi|       control|        scalar|
|s_axi_control_RVALID   |  out|    1|          s_axi|       control|        scalar|
|s_axi_control_RREADY   |   in|    1|          s_axi|       control|        scalar|
|s_axi_control_RDATA    |  out|   32|          s_axi|       control|        scalar|
|s_axi_control_RRESP    |  out|    2|          s_axi|       control|        scalar|
|s_axi_control_BVALID   |  out|    1|          s_axi|       control|        scalar|
|s_axi_control_BREADY   |   in|    1|          s_axi|       control|        scalar|
|s_axi_control_BRESP    |  out|    2|          s_axi|       control|        scalar|
|ap_clk                 |   in|    1|  ap_ctrl_chain|           fit|  return value|
|ap_rst_n               |   in|    1|  ap_ctrl_chain|           fit|  return value|
|interrupt              |  out|    1|  ap_ctrl_chain|           fit|  return value|
|m_axi_gmem_AWVALID     |  out|    1|          m_axi|          gmem|       pointer|
|m_axi_gmem_AWREADY     |   in|    1|          m_axi|          gmem|       pointer|
|m_axi_gmem_AWADDR      |  out|   64|          m_axi|          gmem|       pointer|
|m_axi_gmem_AWID        |  out|    1|          m_axi|          gmem|       pointer|
|m_axi_gmem_AWLEN       |  out|    8|          m_axi|          gmem|       pointer|
|m_axi_gmem_AWSIZE      |  out|    3|          m_axi|          gmem|       pointer|
|m_axi_gmem_AWBURST     |  out|    2|          m_axi|          gmem|       pointer|
|m_axi_gmem_AWLOCK      |  out|    2|          m_axi|          gmem|       pointer|
|m_axi_gmem_AWCACHE     |  out|    4|          m_axi|          gmem|       pointer|
|m_axi_gmem_AWPROT      |  out|    3|          m_axi|          gmem|       pointer|
|m_axi_gmem_AWQOS       |  out|    4|          m_axi|          gmem|       pointer|
|m_axi_gmem_AWREGION    |  out|    4|          m_axi|          gmem|       pointer|
|m_axi_gmem_AWUSER      |  out|    1|          m_axi|          gmem|       pointer|
|m_axi_gmem_WVALID      |  out|    1|          m_axi|          gmem|       pointer|
|m_axi_gmem_WREADY      |   in|    1|          m_axi|          gmem|       pointer|
|m_axi_gmem_WDATA       |  out|  128|          m_axi|          gmem|       pointer|
|m_axi_gmem_WSTRB       |  out|   16|          m_axi|          gmem|       pointer|
|m_axi_gmem_WLAST       |  out|    1|          m_axi|          gmem|       pointer|
|m_axi_gmem_WID         |  out|    1|          m_axi|          gmem|       pointer|
|m_axi_gmem_WUSER       |  out|    1|          m_axi|          gmem|       pointer|
|m_axi_gmem_ARVALID     |  out|    1|          m_axi|          gmem|       pointer|
|m_axi_gmem_ARREADY     |   in|    1|          m_axi|          gmem|       pointer|
|m_axi_gmem_ARADDR      |  out|   64|          m_axi|          gmem|       pointer|
|m_axi_gmem_ARID        |  out|    1|          m_axi|          gmem|       pointer|
|m_axi_gmem_ARLEN       |  out|    8|          m_axi|          gmem|       pointer|
|m_axi_gmem_ARSIZE      |  out|    3|          m_axi|          gmem|       pointer|
|m_axi_gmem_ARBURST     |  out|    2|          m_axi|          gmem|       pointer|
|m_axi_gmem_ARLOCK      |  out|    2|          m_axi|          gmem|       pointer|
|m_axi_gmem_ARCACHE     |  out|    4|          m_axi|          gmem|       pointer|
|m_axi_gmem_ARPROT      |  out|    3|          m_axi|          gmem|       pointer|
|m_axi_gmem_ARQOS       |  out|    4|          m_axi|          gmem|       pointer|
|m_axi_gmem_ARREGION    |  out|    4|          m_axi|          gmem|       pointer|
|m_axi_gmem_ARUSER      |  out|    1|          m_axi|          gmem|       pointer|
|m_axi_gmem_RVALID      |   in|    1|          m_axi|          gmem|       pointer|
|m_axi_gmem_RREADY      |  out|    1|          m_axi|          gmem|       pointer|
|m_axi_gmem_RDATA       |   in|  128|          m_axi|          gmem|       pointer|
|m_axi_gmem_RLAST       |   in|    1|          m_axi|          gmem|       pointer|
|m_axi_gmem_RID         |   in|    1|          m_axi|          gmem|       pointer|
|m_axi_gmem_RUSER       |   in|    1|          m_axi|          gmem|       pointer|
|m_axi_gmem_RRESP       |   in|    2|          m_axi|          gmem|       pointer|
|m_axi_gmem_BVALID      |   in|    1|          m_axi|          gmem|       pointer|
|m_axi_gmem_BREADY      |  out|    1|          m_axi|          gmem|       pointer|
|m_axi_gmem_BRESP       |   in|    2|          m_axi|          gmem|       pointer|
|m_axi_gmem_BID         |   in|    1|          m_axi|          gmem|       pointer|
|m_axi_gmem_BUSER       |   in|    1|          m_axi|          gmem|       pointer|
+-----------------------+-----+-----+---------------+--------------+--------------+

