INFO-FLOW: Workspace /nfs/ihfs/home_metis/akraus/HW3-dir/hw/hls_fit/solution1 opened at Thu Feb 27 14:15:26 CST 2025
Execute     ap_set_clock -name default -period 10 -default=false 
INFO: [SYN 201-201] Setting up clock 'default' with a period of 10ns.
Execute     set_part xcvu11p-flga2577-1-e 
Execute       create_platform xcvu11p-flga2577-1-e -board  
DBG:HLSDevice: Trying to load device library: /opt/metis/el8/contrib/amdtools/xilinx-2023.1/Vitis_HLS/2023.1/lib/lnx64.o/libxv_hlsvwrap.so
DBG:HLSDevice: first parts/arch.xml in RDI_DATADIR: /opt/metis/el8/contrib/amdtools/xilinx-2023.1/Vivado/2023.1/data/parts/arch.xml
DBG:HLSDevice: init success
INFO: [HLS 200-1611] Setting target device to 'xcvu11p-flga2577-1-e'
Command       create_platform done; 2.38 sec.
Execute       source /opt/metis/el8/contrib/amdtools/xilinx-2023.1/Vitis_HLS/2023.1/common/technology/xilinx/common/xilinx.gen 
Execute         source /opt/metis/el8/contrib/amdtools/xilinx-2023.1/Vitis_HLS/2023.1/common/technology/xilinx/interface/plb46.gen 
Execute         source /opt/metis/el8/contrib/amdtools/xilinx-2023.1/Vitis_HLS/2023.1/common/technology/xilinx/interface/axi4.gen 
Execute         source /opt/metis/el8/contrib/amdtools/xilinx-2023.1/Vitis_HLS/2023.1/common/technology/xilinx/interface/nativeAXI4.gen 
Execute           source /opt/metis/el8/contrib/amdtools/xilinx-2023.1/Vitis_HLS/2023.1/common/technology/xilinx/interface/saxilite.gen 
Execute         source /opt/metis/el8/contrib/amdtools/xilinx-2023.1/Vitis_HLS/2023.1/common/technology/xilinx/scripts/xilinxcoregen.gen 
Execute         source /opt/metis/el8/contrib/amdtools/xilinx-2023.1/Vitis_HLS/2023.1/common/technology/xilinx/interface/XilEDKCoreGen.gen 
Execute         source /opt/metis/el8/contrib/amdtools/xilinx-2023.1/Vitis_HLS/2023.1/common/technology/xilinx/ip/dds_compiler.gen 
Execute         source /opt/metis/el8/contrib/amdtools/xilinx-2023.1/Vitis_HLS/2023.1/common/technology/xilinx/ip/util.gen 
Execute         source /opt/metis/el8/contrib/amdtools/xilinx-2023.1/Vitis_HLS/2023.1/common/technology/xilinx/ip/xfft.gen 
Execute         source /opt/metis/el8/contrib/amdtools/xilinx-2023.1/Vitis_HLS/2023.1/common/technology/xilinx/ip/xfir.gen 
Execute         source /opt/metis/el8/contrib/amdtools/xilinx-2023.1/Vitis_HLS/2023.1/common/technology/xilinx/DSP48/dsp48.gen 
Execute       ap_part_info -name xcvu11p-flga2577-1-e -data info 
Execute       config_compile -quiet -complex-mul-dsp=0 
Command     set_part done; 2.47 sec.
Execute     send_msg_by_id INFO @200-1505@%s%s  vitis 
INFO: [HLS 200-1505] Using flow_target 'vitis'
Execute     send_msg_by_id INFO @200-1464@%s config_interface -default_interface=kernel 
INFO: [HLS 200-1464] Running solution command: config_interface -default_interface=kernel
Execute     config_interface -default_interface=kernel 
Execute     send_msg_by_id INFO @200-1464@%s config_interface -m_axi_alignment_byte_size=64 
INFO: [HLS 200-1464] Running solution command: config_interface -m_axi_alignment_byte_size=64
Execute     config_interface -m_axi_alignment_byte_size=64 
Execute     send_msg_by_id INFO @200-1464@%s config_interface -m_axi_latency=64 
INFO: [HLS 200-1464] Running solution command: config_interface -m_axi_latency=64
Execute     config_interface -m_axi_latency=64 
Execute     send_msg_by_id INFO @200-1464@%s config_interface -m_axi_max_widen_bitwidth=512 
INFO: [HLS 200-1464] Running solution command: config_interface -m_axi_max_widen_bitwidth=512
Execute     config_interface -m_axi_max_widen_bitwidth=512 
Execute     send_msg_by_id INFO @200-1464@%s config_rtl -register_reset_num=3 
INFO: [HLS 200-1464] Running solution command: config_rtl -register_reset_num=3
Execute     config_rtl -register_reset_num=3 
Command   open_solution done; 2.55 sec.
Execute   set_part xcvu11p-flga2577-1-e 
INFO: [HLS 200-1510] Running: set_part xcvu11p-flga2577-1-e 
Execute     create_platform xcvu11p-flga2577-1-e -board  
Execute     source /opt/metis/el8/contrib/amdtools/xilinx-2023.1/Vitis_HLS/2023.1/common/technology/xilinx/common/xilinx.gen 
Execute       source /opt/metis/el8/contrib/amdtools/xilinx-2023.1/Vitis_HLS/2023.1/common/technology/xilinx/interface/plb46.gen 
Execute       source /opt/metis/el8/contrib/amdtools/xilinx-2023.1/Vitis_HLS/2023.1/common/technology/xilinx/interface/axi4.gen 
Execute       source /opt/metis/el8/contrib/amdtools/xilinx-2023.1/Vitis_HLS/2023.1/common/technology/xilinx/interface/nativeAXI4.gen 
Execute         source /opt/metis/el8/contrib/amdtools/xilinx-2023.1/Vitis_HLS/2023.1/common/technology/xilinx/interface/saxilite.gen 
Execute       source /opt/metis/el8/contrib/amdtools/xilinx-2023.1/Vitis_HLS/2023.1/common/technology/xilinx/scripts/xilinxcoregen.gen 
Execute       source /opt/metis/el8/contrib/amdtools/xilinx-2023.1/Vitis_HLS/2023.1/common/technology/xilinx/interface/XilEDKCoreGen.gen 
Execute       source /opt/metis/el8/contrib/amdtools/xilinx-2023.1/Vitis_HLS/2023.1/common/technology/xilinx/ip/dds_compiler.gen 
Execute       source /opt/metis/el8/contrib/amdtools/xilinx-2023.1/Vitis_HLS/2023.1/common/technology/xilinx/ip/util.gen 
Execute       source /opt/metis/el8/contrib/amdtools/xilinx-2023.1/Vitis_HLS/2023.1/common/technology/xilinx/ip/xfft.gen 
Execute       source /opt/metis/el8/contrib/amdtools/xilinx-2023.1/Vitis_HLS/2023.1/common/technology/xilinx/ip/xfir.gen 
Execute       source /opt/metis/el8/contrib/amdtools/xilinx-2023.1/Vitis_HLS/2023.1/common/technology/xilinx/DSP48/dsp48.gen 
Execute     ap_part_info -name xcvu11p-flga2577-1-e -data info 
Execute     config_compile -quiet -complex-mul-dsp=0 
Execute   create_clock -period 10 -name default 
INFO: [HLS 200-1510] Running: create_clock -period 10 -name default 
Execute   config_interface -m_axi_alignment_byte_size 64 -m_axi_latency 64 -m_axi_max_widen_bitwidth 512 
INFO: [HLS 200-1510] Running: config_interface -m_axi_alignment_byte_size 64 -m_axi_latency 64 -m_axi_max_widen_bitwidth 512 
Execute   config_rtl -register_reset_num 3 
INFO: [HLS 200-1510] Running: config_rtl -register_reset_num 3 
Execute   source ./hls_fit/solution1/directives.tcl 
INFO: [HLS 200-1510] Running: source ./hls_fit/solution1/directives.tcl
Execute     set_directive_top -name main main 
INFO: [HLS 200-1510] Running: set_directive_top -name main main 
Execute   csynth_design 
INFO: [HLS 200-1510] Running: csynth_design 
INFO-FLOW: Running SLX 'csynth' proc: ::SLX::run_csynth
Execute     elaborate -effort=medium -skip_syncheck=0 -keep_printf=0 -skip_cdt=0 -skip_transform=0 -ng=0 -g=0 -opt_fp=0 -from_csynth_design=1 
INFO: [HLS 200-111] Finished File checks and directory preparation: CPU user time: 0.06 seconds. CPU system time: 0 seconds. Elapsed time: 0.07 seconds; current allocated memory: 2.291 GB.
Execute       set_directive_top main -name=main 
Execute       source /opt/metis/el8/contrib/amdtools/xilinx-2023.1/Vitis_HLS/2023.1/tps/tcl/tcllib1.11.1/yaml/huddle.tcl 
Execute       source /opt/metis/el8/contrib/amdtools/xilinx-2023.1/Vitis_HLS/2023.1/tps/tcl/tcllib1.11.1/yaml/json2huddle.tcl 
Execute         source /opt/metis/el8/contrib/amdtools/xilinx-2023.1/Vitis_HLS/2023.1/tps/tcl/tcllib1.11.1/try/try.tcl 
INFO: [HLS 200-10] Analyzing design file 'main.cpp' ... 
INFO-FLOW: Compiling one TU...
INFO-FLOW: Handling main.cpp as C++
Execute       ap_part_info -name xcvu11p-flga2577-1-e -data info 
INFO-FLOW: Running: GCC PP 39
INFO-FLOW: Source preprocessing
INFO-FLOW: run_clang exec: /opt/metis/el8/contrib/amdtools/xilinx-2023.1/Vitis_HLS/2023.1/lnx64/tools/clang-3.9-csynth/bin/clang main.cpp -foptimization-record-file=/nfs/ihfs/home_metis/akraus/HW3-dir/hw/hls_fit/solution1/.autopilot/db/main.cpp.clang.diag.yml -mllvm -pass-remarks-missed=reflow|pasta|unroll -mllvm -pass-remarks=reflow|pasta|unroll|inline -fno-limit-debug-info -gcc-toolchain /opt/metis/el8/contrib/amdtools/xilinx-2023.1/Vitis_HLS/2023.1/tps/lnx64/gcc-8.3.0 -fhls -fno-exceptions -insert-hls-directive=/nfs/ihfs/home_metis/akraus/HW3-dir/hw/hls_fit/solution1/.autopilot/db/all.directive.json -E -fno-math-errno -c -emit-llvm -mllvm -disable-llvm-optzns -Werror=implicit-function-declaration -Werror=implicit-hls-streams -Werror=return-type -Wpragmas -Wunused-parameter -Wdump-hls-pragmas -Wno-error=dump-hls-pragmas -fno-threadsafe-statics -fno-use-cxa-atexit -std=gnu++14 -target fpga64-xilinx-linux-gnu -fno-threadsafe-statics -fno-use-cxa-atexit -D__VITIS_HLS__ -DAESL_SYN -D__SYNTHESIS__ -D__HLS_SYN__ -I /opt/metis/el8/contrib/amdtools/xilinx-2023.1/Vitis_HLS/2023.1/common/technology/autopilot -I /opt/metis/el8/contrib/amdtools/xilinx-2023.1/Vitis_HLS/2023.1/common/technology/autopilot/ap_sysc -include etc/autopilot_ssdm_op.h -D__DSP48E2__ -I /usr/include/x86_64-linux-gnu -o /nfs/ihfs/home_metis/akraus/HW3-dir/hw/hls_fit/solution1/.autopilot/db/main.pp.0.cpp -hls-platform-db-name=/opt/metis/el8/contrib/amdtools/xilinx-2023.1/Vitis_HLS/2023.1/common/technology/xilinx/common/platform.db -hls-platform-name=virtexuplus_slow -device-resource-info=BRAM_4032.000000_DSP_9216.000000_FF_2592000.000000_LUT_1296000.000000_SLICE_162000.000000_SLR_3.000000_URAM_960.000000 -device-name-info=xcvu11p-flga2577-1-e > /nfs/ihfs/home_metis/akraus/HW3-dir/hw/hls_fit/solution1/.autopilot/db/main.cpp.clang.out.log 2> /nfs/ihfs/home_metis/akraus/HW3-dir/hw/hls_fit/solution1/.autopilot/db/main.cpp.clang.err.log
INFO-FLOW: Done: GCC PP 39 time: 0.1 seconds per iteration
INFO-FLOW: Source syntax check for synthesis
INFO-FLOW: run_clang exec: /opt/metis/el8/contrib/amdtools/xilinx-2023.1/Vitis_HLS/2023.1/lnx64/tools/clang-3.9-csynth/bin/clang -foptimization-record-file=/nfs/ihfs/home_metis/akraus/HW3-dir/hw/hls_fit/solution1/.autopilot/db/clang.diag.yml -mllvm -pass-remarks-missed=reflow|pasta|unroll -mllvm -pass-remarks=reflow|pasta|unroll|inline -fsyntax-only -fhls -target fpga64-xilinx-linux-gnu /nfs/ihfs/home_metis/akraus/HW3-dir/hw/hls_fit/solution1/.autopilot/db/main.pp.0.cpp -hls-platform-db-name=/opt/metis/el8/contrib/amdtools/xilinx-2023.1/Vitis_HLS/2023.1/common/technology/xilinx/common/platform.db -hls-platform-name=virtexuplus_slow -device-resource-info=BRAM_4032.000000_DSP_9216.000000_FF_2592000.000000_LUT_1296000.000000_SLICE_162000.000000_SLR_3.000000_URAM_960.000000 -device-name-info=xcvu11p-flga2577-1-e > /nfs/ihfs/home_metis/akraus/HW3-dir/hw/hls_fit/solution1/.autopilot/db/clang.out.log 2> /nfs/ihfs/home_metis/akraus/HW3-dir/hw/hls_fit/solution1/.autopilot/db/clang.err.log
Execute       clang_tidy xilinx-systemc-detector -desc systemc-detector /nfs/ihfs/home_metis/akraus/HW3-dir/hw/hls_fit/solution1/.autopilot/db/main.pp.0.cpp std=gnu++14 -target fpga  -directive=/nfs/ihfs/home_metis/akraus/HW3-dir/hw/hls_fit/solution1/.autopilot/db/.systemc_flag 
INFO-FLOW: exec /opt/metis/el8/contrib/amdtools/xilinx-2023.1/Vitis_HLS/2023.1/lnx64/tools/clang-3.9-csynth/bin/clang-tidy -header-filter=.* --checks=-*,xilinx-systemc-detector -import-directive=/nfs/ihfs/home_metis/akraus/HW3-dir/hw/hls_fit/solution1/.autopilot/db/.systemc_flag -fix-errors /nfs/ihfs/home_metis/akraus/HW3-dir/hw/hls_fit/solution1/.autopilot/db/main.pp.0.cpp -- -std=gnu++14 -target fpga -fhls -ferror-limit=0
Command       clang_tidy done; 0.16 sec.
INFO-FLOW: Running: clang-tidy CDT preprocess 39
Execute       clang_tidy xilinx-directive2pragma -desc directive2pragma /nfs/ihfs/home_metis/akraus/HW3-dir/hw/hls_fit/solution1/.autopilot/db/main.pp.0.cpp std=gnu++14 -target fpga  -directive=/nfs/ihfs/home_metis/akraus/HW3-dir/hw/hls_fit/solution1/.autopilot/db/all.directive.json 
INFO-FLOW: exec /opt/metis/el8/contrib/amdtools/xilinx-2023.1/Vitis_HLS/2023.1/lnx64/tools/clang-3.9-csynth/bin/clang-tidy -header-filter=.* --checks=-*,xilinx-directive2pragma -import-directive=/nfs/ihfs/home_metis/akraus/HW3-dir/hw/hls_fit/solution1/.autopilot/db/all.directive.json -fix-errors /nfs/ihfs/home_metis/akraus/HW3-dir/hw/hls_fit/solution1/.autopilot/db/main.pp.0.cpp -- -std=gnu++14 -target fpga -fhls -ferror-limit=0
Command       clang_tidy done; 0.24 sec.
INFO-FLOW: Done: clang-tidy CDT preprocess 39 time: 0.2 seconds per iteration
INFO-FLOW: Calling xilinx-label-all-loops ... 
INFO-FLOW: Calling xilinx-aggregate-on-hls-vector ... 
Execute       clang_tidy -errorcheck -desc loop-label xilinx-label-all-loops,xilinx-aggregate-on-hls-vector,,xilinx-warn-mayneed-no-ctor-attribute /nfs/ihfs/home_metis/akraus/HW3-dir/hw/hls_fit/solution1/.autopilot/db/main.pp.0.cpp std=gnu++14 -target fpga  
INFO-FLOW: run_clang exec: /opt/metis/el8/contrib/amdtools/xilinx-2023.1/Vitis_HLS/2023.1/lnx64/tools/clang-3.9-csynth/bin/clang-tidy -export-fixes=/nfs/ihfs/home_metis/akraus/HW3-dir/hw/hls_fit/solution1/.autopilot/db/main.pp.0.cpp.clang-tidy.loop-label.diag.yml -header-filter=.* --checks=-*,xilinx-label-all-loops,xilinx-aggregate-on-hls-vector,,xilinx-warn-mayneed-no-ctor-attribute -fix-errors /nfs/ihfs/home_metis/akraus/HW3-dir/hw/hls_fit/solution1/.autopilot/db/main.pp.0.cpp -- -std=gnu++14 -target fpga -fhls -ferror-limit=0 > /nfs/ihfs/home_metis/akraus/HW3-dir/hw/hls_fit/solution1/.autopilot/db/main.pp.0.cpp.clang-tidy.loop-label.out.log 2> /nfs/ihfs/home_metis/akraus/HW3-dir/hw/hls_fit/solution1/.autopilot/db/main.pp.0.cpp.clang-tidy.loop-label.err.log
Execute         source /opt/metis/el8/contrib/amdtools/xilinx-2023.1/Vitis_HLS/2023.1/tps/tcl/tcllib1.11.1/yaml/yaml.tcl 
Command       clang_tidy done; 0.32 sec.
INFO-FLOW: run_clang exec: /opt/metis/el8/contrib/amdtools/xilinx-2023.1/Vitis_HLS/2023.1/lnx64/tools/clang-3.9-csynth/bin/xilinx-dataflow-lawyer -export-fixes=/nfs/ihfs/home_metis/akraus/HW3-dir/hw/hls_fit/solution1/.autopilot/db/main.pp.0.cpp.xilinx-dataflow-lawyer.diag.yml /nfs/ihfs/home_metis/akraus/HW3-dir/hw/hls_fit/solution1/.autopilot/db/main.pp.0.cpp -- -std=gnu++14 -target fpga -fhls -ferror-limit=0 -fstrict-dataflow > /nfs/ihfs/home_metis/akraus/HW3-dir/hw/hls_fit/solution1/.autopilot/db/main.pp.0.cpp.xilinx-dataflow-lawyer.out.log 2> /nfs/ihfs/home_metis/akraus/HW3-dir/hw/hls_fit/solution1/.autopilot/db/main.pp.0.cpp.xilinx-dataflow-lawyer.err.log
Execute       ap_part_info -name xcvu11p-flga2577-1-e -data info 
INFO-FLOW: compiling source code to llvm bc
INFO-FLOW: run_clang exec: /opt/metis/el8/contrib/amdtools/xilinx-2023.1/Vitis_HLS/2023.1/lnx64/tools/clang-3.9-csynth/bin/clang -foptimization-record-file=/nfs/ihfs/home_metis/akraus/HW3-dir/hw/hls_fit/solution1/.autopilot/db/main.pp.0.cpp.clang.diag.yml -mllvm -pass-remarks-missed=reflow|pasta|unroll -mllvm -pass-remarks=reflow|pasta|unroll|inline -fno-limit-debug-info -fhls -flto -fno-exceptions -Wno-error=c++11-narrowing /nfs/ihfs/home_metis/akraus/HW3-dir/hw/hls_fit/solution1/.autopilot/db/main.pp.0.cpp -fno-math-errno -c -emit-llvm -mllvm -disable-llvm-optzns -Werror=implicit-function-declaration -Werror=implicit-hls-streams -Werror=return-type -Wpragmas -Wunused-parameter -Wdump-hls-pragmas -Wno-error=dump-hls-pragmas -fno-threadsafe-statics -fno-use-cxa-atexit -std=gnu++14 -target fpga64-xilinx-linux-gnu -D__VITIS_HLS__ -DAESL_SYN -D__SYNTHESIS__ -D__HLS_SYN__ -I /opt/metis/el8/contrib/amdtools/xilinx-2023.1/Vitis_HLS/2023.1/common/technology/autopilot -I /opt/metis/el8/contrib/amdtools/xilinx-2023.1/Vitis_HLS/2023.1/common/technology/autopilot/ap_sysc -include etc/autopilot_ssdm_op.h -D__DSP48E2__ -g -o /nfs/ihfs/home_metis/akraus/HW3-dir/hw/hls_fit/solution1/.autopilot/db/main.bc -hls-platform-db-name=/opt/metis/el8/contrib/amdtools/xilinx-2023.1/Vitis_HLS/2023.1/common/technology/xilinx/common/platform.db -hls-platform-name=virtexuplus_slow -device-resource-info=BRAM_4032.000000_DSP_9216.000000_FF_2592000.000000_LUT_1296000.000000_SLICE_162000.000000_SLR_3.000000_URAM_960.000000 -device-name-info=xcvu11p-flga2577-1-e > /nfs/ihfs/home_metis/akraus/HW3-dir/hw/hls_fit/solution1/.autopilot/db/main.pp.0.cpp.clang.out.log 2> /nfs/ihfs/home_metis/akraus/HW3-dir/hw/hls_fit/solution1/.autopilot/db/main.pp.0.cpp.clang.err.log
INFO: [HLS 200-111] Finished Source Code Analysis and Preprocessing: CPU user time: 1.08 seconds. CPU system time: 0.34 seconds. Elapsed time: 1.48 seconds; current allocated memory: 2.292 GB.
INFO-FLOW: Linking Debug ...
INFO-FLOW: Linking dut bc code.
Execute       run_link_or_opt -out /nfs/ihfs/home_metis/akraus/HW3-dir/hw/hls_fit/solution1/.autopilot/db/a.g.ld.0.bc -args  "/nfs/ihfs/home_metis/akraus/HW3-dir/hw/hls_fit/solution1/.autopilot/db/main.g.bc"  
INFO-FLOW: run_clang exec: /opt/metis/el8/contrib/amdtools/xilinx-2023.1/Vitis_HLS/2023.1/lnx64/tools/clang-3.9-csynth/bin/llvm-link /nfs/ihfs/home_metis/akraus/HW3-dir/hw/hls_fit/solution1/.autopilot/db/main.g.bc -o /nfs/ihfs/home_metis/akraus/HW3-dir/hw/hls_fit/solution1/.autopilot/db/a.g.ld.0.bc > /nfs/ihfs/home_metis/akraus/HW3-dir/hw/hls_fit/solution1/.autopilot/db/a.g.ld.0.bc.llvm-link.out.log 2> /nfs/ihfs/home_metis/akraus/HW3-dir/hw/hls_fit/solution1/.autopilot/db/a.g.ld.0.bc.llvm-link.err.log
INFO-FLOW: 
Execute       run_link_or_opt -opt -out /nfs/ihfs/home_metis/akraus/HW3-dir/hw/hls_fit/solution1/.autopilot/db/a.g.ld.1.lower.bc -args /nfs/ihfs/home_metis/akraus/HW3-dir/hw/hls_fit/solution1/.autopilot/db/a.g.ld.0.bc -reflow-lower-math-intrinsics 
INFO-FLOW: run_clang exec: /opt/metis/el8/contrib/amdtools/xilinx-2023.1/Vitis_HLS/2023.1/lnx64/tools/clang-3.9-csynth/bin/opt -pass-remarks-missed=reflow|pasta|unroll -pass-remarks=reflow|pasta|unroll|inline -pass-remarks-output=/nfs/ihfs/home_metis/akraus/HW3-dir/hw/hls_fit/solution1/.autopilot/db/a.g.ld.1.lower.bc.opt.diag.yml /nfs/ihfs/home_metis/akraus/HW3-dir/hw/hls_fit/solution1/.autopilot/db/a.g.ld.0.bc -reflow-lower-math-intrinsics -o /nfs/ihfs/home_metis/akraus/HW3-dir/hw/hls_fit/solution1/.autopilot/db/a.g.ld.1.lower.bc > /nfs/ihfs/home_metis/akraus/HW3-dir/hw/hls_fit/solution1/.autopilot/db/a.g.ld.1.lower.bc.opt.out.log 2> /nfs/ihfs/home_metis/akraus/HW3-dir/hw/hls_fit/solution1/.autopilot/db/a.g.ld.1.lower.bc.opt.err.log
INFO-FLOW: 
INFO-FLOW: Running: gen_design_size_report post-opt
INFO-FLOW: Done: gen_design_size_report post-opt time: 0 seconds per iteration
INFO-FLOW: Linking math bc lib
Execute       run_link_or_opt -out /nfs/ihfs/home_metis/akraus/HW3-dir/hw/hls_fit/solution1/.autopilot/db/a.g.ld.2.m1.bc -args /nfs/ihfs/home_metis/akraus/HW3-dir/hw/hls_fit/solution1/.autopilot/db/a.g.ld.1.lower.bc -only-needed /opt/metis/el8/contrib/amdtools/xilinx-2023.1/Vitis_HLS/2023.1/lnx64/lib/libhlsm_39.bc /opt/metis/el8/contrib/amdtools/xilinx-2023.1/Vitis_HLS/2023.1/lnx64/lib/libhlsmc++_39.bc 
INFO-FLOW: run_clang exec: /opt/metis/el8/contrib/amdtools/xilinx-2023.1/Vitis_HLS/2023.1/lnx64/tools/clang-3.9-csynth/bin/llvm-link /nfs/ihfs/home_metis/akraus/HW3-dir/hw/hls_fit/solution1/.autopilot/db/a.g.ld.1.lower.bc -only-needed /opt/metis/el8/contrib/amdtools/xilinx-2023.1/Vitis_HLS/2023.1/lnx64/lib/libhlsm_39.bc /opt/metis/el8/contrib/amdtools/xilinx-2023.1/Vitis_HLS/2023.1/lnx64/lib/libhlsmc++_39.bc -o /nfs/ihfs/home_metis/akraus/HW3-dir/hw/hls_fit/solution1/.autopilot/db/a.g.ld.2.m1.bc > /nfs/ihfs/home_metis/akraus/HW3-dir/hw/hls_fit/solution1/.autopilot/db/a.g.ld.2.m1.bc.llvm-link.out.log 2> /nfs/ihfs/home_metis/akraus/HW3-dir/hw/hls_fit/solution1/.autopilot/db/a.g.ld.2.m1.bc.llvm-link.err.log
INFO-FLOW: 
Command       run_link_or_opt done; 1.06 sec.
Execute       run_link_or_opt -opt -out /nfs/ihfs/home_metis/akraus/HW3-dir/hw/hls_fit/solution1/.autopilot/db/a.g.ld.3.fpc.bc -args /nfs/ihfs/home_metis/akraus/HW3-dir/hw/hls_fit/solution1/.autopilot/db/a.g.ld.2.m1.bc -reflow-globaldce -hls-top-function-name=main -reflow-float-conversion 
INFO-FLOW: run_clang exec: /opt/metis/el8/contrib/amdtools/xilinx-2023.1/Vitis_HLS/2023.1/lnx64/tools/clang-3.9-csynth/bin/opt -pass-remarks-missed=reflow|pasta|unroll -pass-remarks=reflow|pasta|unroll|inline -pass-remarks-output=/nfs/ihfs/home_metis/akraus/HW3-dir/hw/hls_fit/solution1/.autopilot/db/a.g.ld.3.fpc.bc.opt.diag.yml /nfs/ihfs/home_metis/akraus/HW3-dir/hw/hls_fit/solution1/.autopilot/db/a.g.ld.2.m1.bc -reflow-globaldce -hls-top-function-name=main -reflow-float-conversion -o /nfs/ihfs/home_metis/akraus/HW3-dir/hw/hls_fit/solution1/.autopilot/db/a.g.ld.3.fpc.bc > /nfs/ihfs/home_metis/akraus/HW3-dir/hw/hls_fit/solution1/.autopilot/db/a.g.ld.3.fpc.bc.opt.out.log 2> /nfs/ihfs/home_metis/akraus/HW3-dir/hw/hls_fit/solution1/.autopilot/db/a.g.ld.3.fpc.bc.opt.err.log
INFO-FLOW: 
INFO-FLOW: Running: gen_design_size_report post-opt
INFO-FLOW: Done: gen_design_size_report post-opt time: 0 seconds per iteration
Command       run_link_or_opt done; 0.47 sec.
Execute       run_link_or_opt -out /nfs/ihfs/home_metis/akraus/HW3-dir/hw/hls_fit/solution1/.autopilot/db/a.g.ld.4.m2.bc -args /nfs/ihfs/home_metis/akraus/HW3-dir/hw/hls_fit/solution1/.autopilot/db/a.g.ld.3.fpc.bc -only-needed /opt/metis/el8/contrib/amdtools/xilinx-2023.1/Vitis_HLS/2023.1/lnx64/lib/libfloatconversion_39.bc 
INFO-FLOW: run_clang exec: /opt/metis/el8/contrib/amdtools/xilinx-2023.1/Vitis_HLS/2023.1/lnx64/tools/clang-3.9-csynth/bin/llvm-link /nfs/ihfs/home_metis/akraus/HW3-dir/hw/hls_fit/solution1/.autopilot/db/a.g.ld.3.fpc.bc -only-needed /opt/metis/el8/contrib/amdtools/xilinx-2023.1/Vitis_HLS/2023.1/lnx64/lib/libfloatconversion_39.bc -o /nfs/ihfs/home_metis/akraus/HW3-dir/hw/hls_fit/solution1/.autopilot/db/a.g.ld.4.m2.bc > /nfs/ihfs/home_metis/akraus/HW3-dir/hw/hls_fit/solution1/.autopilot/db/a.g.ld.4.m2.bc.llvm-link.out.log 2> /nfs/ihfs/home_metis/akraus/HW3-dir/hw/hls_fit/solution1/.autopilot/db/a.g.ld.4.m2.bc.llvm-link.err.log
INFO-FLOW: 
Execute       run_link_or_opt -opt -out /nfs/ihfs/home_metis/akraus/HW3-dir/hw/hls_fit/solution1/.autopilot/db/a.g.ld.5.gdce.bc -args /nfs/ihfs/home_metis/akraus/HW3-dir/hw/hls_fit/solution1/.autopilot/db/a.g.ld.4.m2.bc -reflow-globaldce -hls-top-function-name=main 
INFO-FLOW: run_clang exec: /opt/metis/el8/contrib/amdtools/xilinx-2023.1/Vitis_HLS/2023.1/lnx64/tools/clang-3.9-csynth/bin/opt -pass-remarks-missed=reflow|pasta|unroll -pass-remarks=reflow|pasta|unroll|inline -pass-remarks-output=/nfs/ihfs/home_metis/akraus/HW3-dir/hw/hls_fit/solution1/.autopilot/db/a.g.ld.5.gdce.bc.opt.diag.yml /nfs/ihfs/home_metis/akraus/HW3-dir/hw/hls_fit/solution1/.autopilot/db/a.g.ld.4.m2.bc -reflow-globaldce -hls-top-function-name=main -o /nfs/ihfs/home_metis/akraus/HW3-dir/hw/hls_fit/solution1/.autopilot/db/a.g.ld.5.gdce.bc > /nfs/ihfs/home_metis/akraus/HW3-dir/hw/hls_fit/solution1/.autopilot/db/a.g.ld.5.gdce.bc.opt.out.log 2> /nfs/ihfs/home_metis/akraus/HW3-dir/hw/hls_fit/solution1/.autopilot/db/a.g.ld.5.gdce.bc.opt.err.log
INFO-FLOW: 
INFO-FLOW: Running: gen_design_size_report post-opt
INFO-FLOW: Done: gen_design_size_report post-opt time: 0 seconds per iteration
Execute       send_msg_by_id INFO @200-777@%s Vitis 
INFO: [HLS 200-777] Using interface defaults for 'Vitis' flow target.
Execute       is_m_axi_addr64 
INFO-FLOW: Doing LTO.
INFO-FLOW: run_clang (background poll_ms 5000) exec: /opt/metis/el8/contrib/amdtools/xilinx-2023.1/Vitis_HLS/2023.1/lnx64/tools/clang-3.9-csynth/bin/clang -foptimization-record-file=/nfs/ihfs/home_metis/akraus/HW3-dir/hw/hls_fit/solution1/.autopilot/db/a.g.ld.0.bc.clang.reflow.diag.yml -mllvm -pass-remarks-missed=reflow|pasta|unroll -mllvm -pass-remarks=reflow|pasta|unroll|inline -fhls -mllvm -hls-top-function-name=main -mllvm -hls-db-dir -mllvm /nfs/ihfs/home_metis/akraus/HW3-dir/hw/hls_fit/solution1/.autopilot/db -emit-llvm -c -target fpga64-xilinx-none -mllvm -xcl-xmlinfo=/nfs/ihfs/home_metis/akraus/HW3-dir/hw/hls_fit/solution1/.autopilot/db/../../../kernel.xml -mllvm -top-io-mapping-info=/nfs/ihfs/home_metis/akraus/HW3-dir/hw/hls_fit/solution1/.autopilot/db/top-io-fe.xml -mllvm -hls-bitcode-version=3.1 -mllvm -reflow-enable-slave-interface-default-setting=true -mllvm -gen-kernel-xml=true -mllvm -default-maxi-offset=slave -mllvm -maxi-latency=64 -mllvm -hls-maxi-data-size-in-bits=8 -mllvm -hls-maxi-max-data-size-in-bits=1024 -mllvm -hls-max-widen-size-in-bits=512 -mllvm -xcl-kernel-max-mem-ports=0 -mllvm -maxi-read-trans=16 -mllvm -maxi-write-trans=16 -mllvm -maxi-read-burst-len=16 -mllvm -maxi-write-burst-len=16 -mllvm -reflow-enable-saxi-64bits=0 -mllvm -reflow-basic-block-instr-threshold=200000 -mllvm -reflow-auto-pipeline-threshold=64 -mllvm -reflow-enable-maxi-auto-id-channel=0 -mllvm -enable-fp-thr=0 -mllvm -reflow-bdd-simplify-threshold=1024 -mllvm -reflow-fanout-threshold=16 -mllvm -assume-maxi-align=64 -mllvm -reflow-pipeline-style-llvm-setting=2 -mllvm -reflow-enable-dataflow-strict-mode-checking=1 -ftime-report -mllvm -time-passes -mllvm -reflow-auto-array-partition-mode=default -mllvm -reflow-enable-auto-array-partition=true -mllvm -reflow-enable-auto-parallel-performance-driven=true -mllvm -reflow-enable-partition-for-automation=true -mllvm -reflow-aggregate-bitwidth-threshold=4096 -mllvm -reflow-reserved-saxilite-registers=1024 -mllvm -reflow-assume-no-address-wrap=true -mllvm -reflow-enable-occurrence-inference=true -mllvm -hls -mllvm -disable-inlined-alloca-merging=true -mllvm -enable-reflow-vitis-flow-setting=true -mllvm -default-clock-period=10 -x ir /nfs/ihfs/home_metis/akraus/HW3-dir/hw/hls_fit/solution1/.autopilot/db/a.g.ld.5.gdce.bc -o /nfs/ihfs/home_metis/akraus/HW3-dir/hw/hls_fit/solution1/.autopilot/db/a.g.lto.bc -hls-platform-db-name=/opt/metis/el8/contrib/amdtools/xilinx-2023.1/Vitis_HLS/2023.1/common/technology/xilinx/common/platform.db -hls-platform-name=virtexuplus_slow -device-resource-info=BRAM_4032.000000_DSP_9216.000000_FF_2592000.000000_LUT_1296000.000000_SLICE_162000.000000_SLR_3.000000_URAM_960.000000 -device-name-info=xcvu11p-flga2577-1-e 2> /nfs/ihfs/home_metis/akraus/HW3-dir/hw/hls_fit/solution1/.autopilot/db/a.g.ld.0.bc.clang.reflow.err.log
Execute       send_msg_by_id INFO @200-1995@%s%s%s 298 Compile/Link /nfs/ihfs/home_metis/akraus/HW3-dir/hw/hls_fit/solution1/syn/report/csynth_design_size.rpt 
INFO: [HLS 200-1995] There were 298 instructions in the design after the 'Compile/Link' phase of compilation. See the Design Size Report for more details: /nfs/ihfs/home_metis/akraus/HW3-dir/hw/hls_fit/solution1/syn/report/csynth_design_size.rpt
Execute       send_msg_by_id INFO @200-1995@%s%s%s 298 Unroll/Inline /nfs/ihfs/home_metis/akraus/HW3-dir/hw/hls_fit/solution1/syn/report/csynth_design_size.rpt 
INFO: [HLS 200-1995] There were 298 instructions in the design after the 'Unroll/Inline' phase of compilation. See the Design Size Report for more details: /nfs/ihfs/home_metis/akraus/HW3-dir/hw/hls_fit/solution1/syn/report/csynth_design_size.rpt
Execute       send_msg_by_id INFO @200-1995@%s%s%s 16 Performance/Pipeline /nfs/ihfs/home_metis/akraus/HW3-dir/hw/hls_fit/solution1/syn/report/csynth_design_size.rpt 
INFO: [HLS 200-1995] There were 16 instructions in the design after the 'Performance/Pipeline' phase of compilation. See the Design Size Report for more details: /nfs/ihfs/home_metis/akraus/HW3-dir/hw/hls_fit/solution1/syn/report/csynth_design_size.rpt
Execute       send_msg_by_id INFO @200-1995@%s%s%s 14 Optimizations /nfs/ihfs/home_metis/akraus/HW3-dir/hw/hls_fit/solution1/syn/report/csynth_design_size.rpt 
INFO: [HLS 200-1995] There were 14 instructions in the design after the 'Optimizations' phase of compilation. See the Design Size Report for more details: /nfs/ihfs/home_metis/akraus/HW3-dir/hw/hls_fit/solution1/syn/report/csynth_design_size.rpt
INFO: [HLS 214-178] Inlining function 'calc_ovr_sig_sqrd' into 'calc_chi_squared' (main.cpp:122:0)
INFO: [HLS 214-178] Inlining function 'calc_ovr_sig_sqrd_x' into 'calc_chi_squared' (main.cpp:122:0)
INFO: [HLS 214-178] Inlining function 'add_nums' into 'fit' (main.cpp:233:0)
INFO: [HLS 214-178] Inlining function 'calc_distance' into 'fit' (main.cpp:233:0)
INFO: [HLS 214-178] Inlining function 'calc_chi_squared' into 'fit' (main.cpp:233:0)
INFO-FLOW: DBG:PUTS: copy_raw_kernel_xml ap_link_39: copying raw kernel.xml: /nfs/ihfs/home_metis/akraus/HW3-dir/hw/hls_fit/solution1/.autopilot/db/../../../kernel.xml -> /nfs/ihfs/home_metis/akraus/HW3-dir/hw/hls_fit/solution1/.autopilot/db/kernel.internal.xml
INFO: [HLS 200-111] Finished Compiling Optimization and Transform: CPU user time: 1.63 seconds. CPU system time: 0.29 seconds. Elapsed time: 6.8 seconds; current allocated memory: 2.294 GB.
INFO: [HLS 200-111] Finished Checking Pragmas: CPU user time: 0 seconds. CPU system time: 0 seconds. Elapsed time: 0 seconds; current allocated memory: 2.294 GB.
Execute       opt_and_import_c a -opt_level=2 -skip_syncheck=0 -ng=0 -keep_printf=0 
Execute         cleanup_all_models 
INFO: [HLS 200-10] Starting code transformations ...
INFO-FLOW: Running Standard Transforms...
Execute         transform -hls -share-std-xform -demangle-name -inline-byval-memcpy -always-inline -promote-dbg-pointer -interface-preproc -mem2reg -scalarrepl -mem2reg -keep-read-access -instcombine -dce -promote-dbg-pointer -bitop-raise -loop-simplify -indvarspre -indvars -loop-simplify -xunroll -constprop -instcombine -simplifycfg -indvars -simplifycfg -dce -globaldce -basicaa -simplifycfg -mem2reg -globalopt -global-constprop -deadargelim -instcombine -simplifycfg -scalarrepl -instcombine -reassociate -licm -simplifycfg -loop-simplify -indvars -instcombine -simplifycfg -mem2reg -loop-simplify -indvars -instcombine -gvn -gvn -instcombine -adce -break-crit-edges -simplifycfg -loop-delete -global-array-opt -dce -dse -adce -find-syn-modules -top main -deadargelim -mem2reg -instcombine -dce -presyn-prepare -auto-rom-infer -interface-preproc -syn-check -check-rec-only -find-region -simplifycfg -func-extr -function-inline -globaldce -mem2reg -instcombine -dce -gvn -globaldce -adce -adse -constprop -instcombine -bit-constprop -instcombine -dce -simplifycfg -bitop-raise -simplifycfg -dce -loop-delete -reassociate -globalopt -global-privatize -mem2reg -dce -global-constprop -pointer-simplify -constprop -dce -auto-shift-reg-idiom -promote-dbg-pointer -norm-name /nfs/ihfs/home_metis/akraus/HW3-dir/hw/hls_fit/solution1/.autopilot/db/a.g.0.bc -o /nfs/ihfs/home_metis/akraus/HW3-dir/hw/hls_fit/solution1/.autopilot/db/a.g.1.bc -f -phase std-opt 
INFO: [HLS 200-111] Finished Standard Transforms: CPU user time: 0.01 seconds. CPU system time: 0 seconds. Elapsed time: 0.01 seconds; current allocated memory: 2.294 GB.
INFO: [HLS 200-10] Checking synthesizability ...
INFO-FLOW: Checking Synthesizability 1/2..
Execute         transform -hls -syn-check -check-rec-only -scalarrepl -norm-name -dce -mem2reg -instcombine -directive-preproc -mem2reg -dse -dce -auto-rom-infer -dce -pag -array-normalize -instcombine -dce -array-seg-normalize -instcombine -dce -data-pack -instcombine -dce -inst-simplify -array-flatten -instcombine -dce -array-burst -dce -deadargelim -promote-global-argument -simplifycfg -mem2reg -globaldce -dce -deadargelim -dce -instcombine -function-inline -globaldce -dce -doublePtrSimplify -doublePtrElim -dce -doublePtrSimplify -promote-dbg-pointer -dce -scalarrepl -dse -adse -instcombine -ptrLegalization -simplifycfg -dce -instcombine -pointer-simplify -ptrArgReplace -dce -instcombine -resolve-double-ptr -scalarrepl -norm-name -dce -mem2reg -instcombine -ptrLegalization -simplifycfg -deadargelim -instcombine -dce -inst-simplify -directive-preproc -mem2reg -dse -dce -globaldce /nfs/ihfs/home_metis/akraus/HW3-dir/hw/hls_fit/solution1/.autopilot/db/a.g.1.bc -o /nfs/ihfs/home_metis/akraus/HW3-dir/hw/hls_fit/solution1/.autopilot/db/a.g.2.prechk.bc -f 
INFO-FLOW: Checking Synthesizability 2/2..
Execute         transform -syn-check /nfs/ihfs/home_metis/akraus/HW3-dir/hw/hls_fit/solution1/.autopilot/db/a.g.2.prechk.bc -o /nfs/ihfs/home_metis/akraus/HW3-dir/hw/hls_fit/solution1/.autopilot/db/a.g.2.bc -f -phase syn-check 
INFO: [HLS 200-111] Finished Checking Synthesizability: CPU user time: 0.01 seconds. CPU system time: 0 seconds. Elapsed time: 0.01 seconds; current allocated memory: 2.295 GB.
INFO-FLOW: Compiler optimizing ...
INFO-FLOW: Share syncheck's 1.bc for syn flow: copy /nfs/ihfs/home_metis/akraus/HW3-dir/hw/hls_fit/solution1/.autopilot/db/a.g.1.bc to /nfs/ihfs/home_metis/akraus/HW3-dir/hw/hls_fit/solution1/.autopilot/db/a.o.1.bc
INFO-FLOW: Presyn 1...
Execute         transform -hls -tmp /nfs/ihfs/home_metis/akraus/HW3-dir/hw/hls_fit/solution1/.autopilot/db -interface-port-rename -directive-preproc -mem2reg -dse -dce -scalarrepl -norm-name -deadargelim -mem2reg -instcombine -dce -simplifycfg -auto-rom-infer -dce -resource-proc -clib-intrinsic-prepare -dce -func-buffer -dce -pag -array-normalize -func-legal -instcombine -gvn -constprop -dce -simplifycfg -mem2reg -globaldce -resolve-double-ptr -dce -deadargelim -dce -instcombine -ptrArgReplace -mem2reg -dce -array-seg-normalize -deadargelim -instcombine -dce -directive-preproc -mem2reg -dse -dce -pointer-simplify -dce -port-alignment -dce -interface-preproc -data-pack -instcombine -dce -basicaa -aggr-aa -aggrmodref-aa -aggr-aa -gvn -gvn -basicaa -aggr-aa -aggrmodref-aa -aggr-aa -dse -adse -adce -loop-simplify -indvars -instcombine -gvn -loop-simplify -mem2reg -dce -find-region -instcombine -auto-loop-pipeline -inst-simplify -interface-preproc -cfgopt -instcombine -indvars -auto-loop-unroll -loop-simplify -loop-bound -xunroll -constprop -instcombine -simplifycfg -indvars -simplifycfg -dce -globaldce -clean-region -attach-range -gvn -inst-simplify -constprop -simplifycfg -dce -pointer-simplify -dce -globalopt -constprop -dce -array-promote -scalar-auto-dep-elim -constprop -dce -ptrArgReplace -mem2reg -simplifycfg -dce -instcombine -dce -array-transform-check -array-reshape -instcombine -simplifycfg -dce -ptrArgReplace -deadargelim -mem2reg -instcombine -simplifycfg -dce -indvars -loop-simplify -loop-bound -xunroll -constprop -instcombine -simplifycfg -indvars -simplifycfg -dce -globaldce -basicaa -aggr-aa -aggrmodref-aa -aggr-aa -dse -duplicate-dataflow-processes -globaldce -instcombine -array-partition -prepare-dynamic-array-partition -instcombine -simplifycfg -dce -ptrArgReplace -global-constprop -deadargelim -mem2reg -func-legal -dce -global-constprop -deadargelim -mem2reg -simplifycfg -dce -merge-param -deadargelim -globalopt -constprop -dce -array-promote -scalar-auto-dep-elim -constprop -dce -ptrArgReplace -mem2reg -simplifycfg -dce -mem-intrinsic-preproc -dce -global-internalize -global-privatize -mem2reg -globaldce -promote-global-argument -ptrArgReplace -mem2reg -dce -globalopt -mergereturn -simplify-global-access -mem2reg -dce -pointer-simplify -dce -functionattrs -basicaa -aggr-aa -aggrmodref-aa -aggr-aa -gvn -gvn -basicaa -aggr-aa -aggrmodref-aa -aggr-aa -dse -adse -adce -dce -norm-name -basicaa -aggr-aa -aggrmodref-aa -aggr-aa -accesses-merge -function-inline -complex-op-raise -inst-simplify -globaldce -func-legal -dce -loop-bound -arraycheck -bitwidthmin2 -bitwidthmin2 -on-by-dataflow -loop-delete -instcombine -simplifycfg -globaldce -dce -gvn -deadargelim -dce -loop-simplify -clean-region -simplifycfg -propagate-stable-arguments -loop-stream -instcombine -simplifycfg -dce -globaldce -duplicate-dataflow-processes -stream-intrinsic-preproc -dce -check-ap-stream -loop-simplify -eliminate-keepreads -extract-dataflow-in-loop -loop-simplify -dce -gvn -deadargelim -dse -duplicate-dataflow-processes -check-dataflow-syntax -legalize-stream-variable -globaldce -legalize-global -extract-subproc -dce -dead-channel-elimination -canonicalize-gep -globaldce -dce -gvn -hls-dead-arg-elim -deadargelim -directive-preproc -canonicalize-dataflow -dce -globaldce -scalar-preprocessing -scalar-propagation2 -deadargelim -globaldce -mem2reg -check-dataflow-channels -function-stream -dce -globaldce -prop-fifo-spec -internal-stream-gen -canonicalize-gep -globaldce -dce -gvn -deadargelim -mergereturn -indvars -loop-simplify -instcombine -array-stream -array-seg-normalize -array-partition -func-legal -instcombine -simplifycfg -dce -bundle-memfifo-ops -deadargelim -directive-preproc -mem2reg -dse -dce -group-axi-access -licm -simplifycfg -dce -loop-delete -hls-display -norm-name /nfs/ihfs/home_metis/akraus/HW3-dir/hw/hls_fit/solution1/.autopilot/db/a.o.1.bc -o /nfs/ihfs/home_metis/akraus/HW3-dir/hw/hls_fit/solution1/.autopilot/db/a.o.1.tmp.bc -f 
INFO-FLOW: Presyn 2...
Execute         transform -hls -keep-callgraph -scalarrepl -mem2reg -port-alignment -attach-range -dce -pipe-mux-gen -indvars -loop-bound -inst-simplify -instcombine -dce -merge-array-access -mem2reg -dce -clean-region -mergereturn -if-conv -instcombine -dce -constprop -basicaa -aggr-aa -aggrmodref-aa -aggr-aa -gvn -gvn -basicaa -aggr-aa -aggrmodref-aa -aggr-aa -dse -adse -adce -scalarrepl -mem2reg -global-constprop -deadargelim -deadargelim -instcombine -dce -simplifycfg -ptrArgReplace -mem2reg -function-inline -globaldce -mem2reg -instcombine -dce -expr-balance -instcombine -dce -bitwidthmin2 -bitwidthmin2 -interface-preproc -directive-preproc -inst-rectify -instcombine -dce -functionattrs -constprop -instcombine -bit-constprop -simplify-global-access -globalopt -globaldce -inst-simplify -instcombine -elimdeaddata -dce -loop-delete -simplifycfg -loop-simplify -barrier -norm-name /nfs/ihfs/home_metis/akraus/HW3-dir/hw/hls_fit/solution1/.autopilot/db/a.o.1.tmp.bc -o /nfs/ihfs/home_metis/akraus/HW3-dir/hw/hls_fit/solution1/.autopilot/db/a.o.2.bc -f -phase presyn 
INFO: [HLS 200-111] Finished Loop, function and other optimizations: CPU user time: 0.01 seconds. CPU system time: 0.01 seconds. Elapsed time: 0.02 seconds; current allocated memory: 2.316 GB.
INFO-FLOW: Building ssdm...
Execute         transform -hls -auto-function-inline -globaldce -ptrArgReplace -mem2reg -dce -reset-lda -loop-simplify -indvars -aggr-aa -licm -loop-dep -loop-bound -licm -loop-simplify -loop-sink-hoist -flattenloopnest -array-flatten -gvn -instcombine -dce -array-map -dce -func-legal -gvn -adce -instcombine -cfgopt -simplifycfg-lite -loop-simplify -array-burst -promote-global-argument -dce -array-seg-normalize -basicaa -aggrmodref-aa -globalsmodref-aa -aggr-aa -gvn -gvn -basicaa -aggrmodref-aa -globalsmodref-aa -aggr-aa -dse -adse -adce -licm -inst-simplify -dce -globaldce -instcombine -array-stream -eliminate-keepreads -instcombine -dce -deadargelim -doublePtrSimplify -doublePtrElim -dce -doublePtrSimplify -promote-dbg-pointer -dce -scalarrepl -mem2reg -norm-name -mem2reg -instcombine -dse -adse -adce -ptrLegalization -dce -auto-rom-infer -array-flatten -dce -instcombine -check-doubleptr -loop-rot -constprop -cfgopt -simplifycfg-lite -loop-simplify -indvars -pointer-simplify -dce -loop-bound -loop-simplify -loop-preproc -constprop -global-constprop -gvn -mem2reg -instcombine -dce -loop-bound -loop-merge -dce -deadargelim -dce -canonicalize-dataflow -dce -deadargelim -globaldce -mem2reg -bram-byte-enable -load-elim -read-loop-dep -loop-simplify -loop-extract-inner -directive-preproc -bitwidthmin2 -bitwidthmin2 -read-loop-dep -interface-preproc -directive-preproc -interface-gen -bram-byte-enable-spec-prop -deadargelim -inst-simplify -dce -gvn -mem2reg -instcombine -dce -adse -loop-bound -instcombine -cfgopt -simplifycfg-lite -loop-simplify -clean-region -io-protocol -find-region -mem2reg -bitop-raise -complex-op-raise -inst-simplify -inst-rectify -instcombine -adce -deadargelim -float-op-raise -loop-simplify -phi-opt -bitop-raise -cfgopt -simplifycfg-lite -strip-dead-prototypes -interface-lower -bitop-lower -intrinsic-lower -auto-function-inline -basicaa -aggrmodref-aa -globalsmodref-aa -aggr-aa -inst-simplify -simplifycfg-lite -loop-simplify -mergereturn -inst-simplify -inst-rectify -globaldce -dce -load-elim -bitop-lower -float-op-raise -fma-raise -loop-rewind -pointer-simplify -dce -cfgopt -dce -loop-bound -loop-dep -read-loop-dep -dce -dyn-mem-reuse -dce -recurrence-min -dce -share-scalar-alloca -deadargelim -dce -check-stream -norm-name -legalize -validate-dataflow -inst-clarity -bitwidth -dce -dump-loop-dep-to-ir -check-all-ssdm -dump-complexity-metric -cdfg-build /nfs/ihfs/home_metis/akraus/HW3-dir/hw/hls_fit/solution1/.autopilot/db/a.o.2.bc -o /nfs/ihfs/home_metis/akraus/HW3-dir/hw/hls_fit/solution1/.autopilot/db/a.o.3.bc -f -phase build-ssdm 
Execute           auto_get_db
INFO: [HLS 200-111] Finished Architecture Synthesis: CPU user time: 0.01 seconds. CPU system time: 0 seconds. Elapsed time: 0.01 seconds; current allocated memory: 2.316 GB.
INFO-FLOW: Finish building internal data model.
Command     elaborate done; 8.35 sec.
Execute     ap_eval exec zip -j /nfs/ihfs/home_metis/akraus/HW3-dir/hw/hls_fit/solution1/.autopilot/db/dut.hcp $dbDir/a.o.3.bc $dbDir/${topname}.rtl_wrap.cfg.tcl $dbDir/apatb_${topname}.cpp $dbDir/apatb_${topname}_util.cpp $dbDir/apatb_${topname}_ir.ll $dbDir/mapper_${topname}.cpp $dbDir/top-io-fe.xml $dbDir/kernel.internal.xml $workdir/../hls.app 
Execute     autosyn -from_csynth_design=1 
INFO: [HLS 200-10] Starting hardware synthesis ...
INFO-FLOW: Synthesizing C/C++ design ...
INFO: [HLS 200-10] Synthesizing 'main' ...
Execute       ap_set_top_model main 
Execute       get_model_list main -filter all-wo-channel -topdown 
Execute       preproc_iomode -model main 
Execute       get_model_list main -filter all-wo-channel 
INFO-FLOW: Model list for configure: main
INFO-FLOW: Configuring Module : main ...
Execute       set_default_model main 
Execute       apply_spec_resource_limit main 
INFO-FLOW: Model list for preprocess: main
INFO-FLOW: Preprocessing Module: main ...
Execute       set_default_model main 
Execute       cdfg_preprocess -model main 
Execute       rtl_gen_preprocess main 
INFO-FLOW: Model list for synthesis: main
INFO: [HLS 200-10] ----------------------------------------------------------------
INFO: [HLS 200-42] -- Implementing module 'main' 
INFO: [HLS 200-10] ----------------------------------------------------------------
Execute       set_default_model main 
Execute       schedule -model main 
INFO: [SCHED 204-11] Starting scheduling ...
INFO: [SCHED 204-11] Finished scheduling.
INFO: [HLS 200-111] Finished Scheduling: CPU user time: 0.02 seconds. CPU system time: 0.03 seconds. Elapsed time: 0.06 seconds; current allocated memory: 2.316 GB.
Execute       syn_report -verbosereport -o /nfs/ihfs/home_metis/akraus/HW3-dir/hw/hls_fit/solution1/.autopilot/db/main.verbose.sched.rpt 
Execute         list_part -family xcvu11p-flga2577-1-e 
Execute           ap_family_info -name xcvu11p-flga2577-1-e -data names 
Execute           ap_part_info -quiet -name xcvu11p-flga2577-1-e -data family 
Execute       db_write -o /nfs/ihfs/home_metis/akraus/HW3-dir/hw/hls_fit/solution1/.autopilot/db/main.sched.adb -f 
INFO-FLOW: Finish scheduling main.
Execute       set_default_model main 
Execute       bind -model main 
INFO: [BIND 205-100] Starting micro-architecture generation ...
INFO: [BIND 205-101] Performing variable lifetime analysis.
INFO: [BIND 205-101] Exploring resource sharing.
INFO: [BIND 205-101] Binding ...
INFO: [BIND 205-100] Finished micro-architecture generation.
INFO: [HLS 200-111] Finished Binding: CPU user time: 0.02 seconds. CPU system time: 0 seconds. Elapsed time: 0.02 seconds; current allocated memory: 2.316 GB.
Execute       syn_report -verbosereport -o /nfs/ihfs/home_metis/akraus/HW3-dir/hw/hls_fit/solution1/.autopilot/db/main.verbose.bind.rpt 
Execute         list_part -family xcvu11p-flga2577-1-e 
Execute           ap_family_info -name xcvu11p-flga2577-1-e -data names 
Execute           ap_part_info -quiet -name xcvu11p-flga2577-1-e -data family 
Execute       db_write -o /nfs/ihfs/home_metis/akraus/HW3-dir/hw/hls_fit/solution1/.autopilot/db/main.bind.adb -f 
INFO-FLOW: Finish binding main.
Execute       get_model_list main -filter all-wo-channel 
INFO-FLOW: Preprocessing for RTLGen ...
Execute       rtl_gen_preprocess main 
INFO-FLOW: Model list for RTL generation: main
INFO: [HLS 200-10] ----------------------------------------------------------------
INFO: [HLS 200-10] -- Generating RTL for module 'main' 
INFO: [HLS 200-10] ----------------------------------------------------------------
Execute       create_rtl_model main -top_prefix  -sub_prefix main_ -mg_file /nfs/ihfs/home_metis/akraus/HW3-dir/hw/hls_fit/solution1/.autopilot/db/main.compgen.tcl 
WARNING: [RTGEN 206-101] Design contains AXI ports. Reset is fixed to synchronous and active low.
INFO: [RTGEN 206-500] Setting interface mode on function 'main' to 's_axilite & ap_ctrl_chain'.
INFO: [RTGEN 206-100] Bundling port 'return' to AXI-Lite port control.
INFO: [RTGEN 206-100] Finished creating RTL model for 'main'.
INFO: [HLS 200-111] Finished Creating RTL model: CPU user time: 0.01 seconds. CPU system time: 0 seconds. Elapsed time: 0.02 seconds; current allocated memory: 2.316 GB.
Execute       source /nfs/ihfs/home_metis/akraus/HW3-dir/hw/hls_fit/solution1/.autopilot/db/main.rtl_wrap.cfg.tcl 
Execute       gen_rtl main -istop -style xilinx -f -lang vhdl -o /nfs/ihfs/home_metis/akraus/HW3-dir/hw/hls_fit/solution1/syn/vhdl/main 
Execute       gen_rtl main -istop -style xilinx -f -lang vlog -o /nfs/ihfs/home_metis/akraus/HW3-dir/hw/hls_fit/solution1/syn/verilog/main 
Execute       syn_report -csynth -model main -o /nfs/ihfs/home_metis/akraus/HW3-dir/hw/hls_fit/solution1/syn/report/main_csynth.rpt 
Execute         list_part -family xcvu11p-flga2577-1-e 
Execute           ap_family_info -name xcvu11p-flga2577-1-e -data names 
Execute           ap_part_info -quiet -name xcvu11p-flga2577-1-e -data family 
Execute       syn_report -rtlxml -model main -o /nfs/ihfs/home_metis/akraus/HW3-dir/hw/hls_fit/solution1/syn/report/main_csynth.xml 
Execute         list_part -family xcvu11p-flga2577-1-e 
Execute           ap_family_info -name xcvu11p-flga2577-1-e -data names 
Execute           ap_part_info -quiet -name xcvu11p-flga2577-1-e -data family 
Execute       syn_report -verbosereport -model main -o /nfs/ihfs/home_metis/akraus/HW3-dir/hw/hls_fit/solution1/.autopilot/db/main.verbose.rpt 
Execute         list_part -family xcvu11p-flga2577-1-e 
Execute           ap_family_info -name xcvu11p-flga2577-1-e -data names 
Execute           ap_part_info -quiet -name xcvu11p-flga2577-1-e -data family 
Execute       db_write -model main -f -o /nfs/ihfs/home_metis/akraus/HW3-dir/hw/hls_fit/solution1/.autopilot/db/main.adb 
Execute       db_write -model main -bindview -o /nfs/ihfs/home_metis/akraus/HW3-dir/hw/hls_fit/solution1/.autopilot/db/design.bindinfo.xml 
Execute       gen_tb_info main -p /nfs/ihfs/home_metis/akraus/HW3-dir/hw/hls_fit/solution1/.autopilot/db -o /nfs/ihfs/home_metis/akraus/HW3-dir/hw/hls_fit/solution1/.autopilot/db/main 
Execute       export_constraint_db -f -tool general -o /nfs/ihfs/home_metis/akraus/HW3-dir/hw/hls_fit/solution1/.autopilot/db/main.constraint.tcl 
Execute       syn_report -designview -model main -o /nfs/ihfs/home_metis/akraus/HW3-dir/hw/hls_fit/solution1/.autopilot/db/main.design.xml 
Execute       syn_report -csynthDesign -model main -o /nfs/ihfs/home_metis/akraus/HW3-dir/hw/hls_fit/solution1/syn/report/csynth.rpt -MHOut /nfs/ihfs/home_metis/akraus/HW3-dir/hw/hls_fit/solution1/.autopilot/db/kernel_module_hierarchy.tcl 
Execute         list_part -family xcvu11p-flga2577-1-e 
Execute           ap_family_info -name xcvu11p-flga2577-1-e -data names 
Execute           ap_part_info -quiet -name xcvu11p-flga2577-1-e -data family 
Execute       syn_report -wcfg -model main -o /nfs/ihfs/home_metis/akraus/HW3-dir/hw/hls_fit/solution1/.autopilot/db/main_dataflow_ana.wcfg 
Execute       syn_report -protoinst -model main -o /nfs/ihfs/home_metis/akraus/HW3-dir/hw/hls_fit/solution1/.autopilot/db/main.protoinst 
Execute       sc_get_clocks main 
Execute       sc_get_portdomain main 
INFO-FLOW: Model list for RTL component generation: main
INFO-FLOW: Handling components in module [main] ... 
Execute       source /nfs/ihfs/home_metis/akraus/HW3-dir/hw/hls_fit/solution1/.autopilot/db/main.compgen.tcl 
INFO-FLOW: Found component main_control_s_axi.
INFO-FLOW: Append model main_control_s_axi
INFO-FLOW: Append model main
INFO-FLOW: Generating RTL model list ...
INFO-FLOW: All models in this session: main_control_s_axi main
INFO-FLOW: Generating /nfs/ihfs/home_metis/akraus/HW3-dir/hw/hls_fit/solution1/.autopilot/db/autopilot.rtl.models.txt file...
INFO-FLOW: To file: write model main_control_s_axi
INFO-FLOW: To file: write model main
INFO-FLOW: Generating /nfs/ihfs/home_metis/akraus/HW3-dir/hw/hls_fit/solution1/.autopilot/db/autopilot.rtl.models.tcl file...
INFO-FLOW: Finished generating RTL model list.


INFO-FLOW: RTL Generation done.
INFO-FLOW: CAS Generation done.
INFO-FLOW: CBC Generation done.
INFO-FLOW: DBG:PROC: ::AESL_AUTOMG::auto_generate_csynth_design
INFO-FLOW: DBG:PUTS: read_platform_lib /nfs/ihfs/home_metis/akraus/HW3-dir/hw/hls_fit/solution1/.autopilot/db/global.setting.tcl
Execute       source /opt/metis/el8/contrib/amdtools/xilinx-2023.1/Vitis_HLS/2023.1/common/technology/generic/autopilot/common.gen 
Execute         source /opt/metis/el8/contrib/amdtools/xilinx-2023.1/Vitis_HLS/2023.1/common/technology/generic/autopilot/APCoreGen.gen 
Execute       source /opt/metis/el8/contrib/amdtools/xilinx-2023.1/Vitis_HLS/2023.1/common/technology/generic/autopilot/op.gen 
Execute       source /opt/metis/el8/contrib/amdtools/xilinx-2023.1/Vitis_HLS/2023.1/common/technology/generic/autopilot/op_simcore.gen 
Execute       source /opt/metis/el8/contrib/amdtools/xilinx-2023.1/Vitis_HLS/2023.1/common/technology/generic/autopilot/interface.gen 
Execute       source /nfs/ihfs/home_metis/akraus/HW3-dir/hw/hls_fit/solution1/.autopilot/db/global.setting.tcl 
Execute       source /opt/metis/el8/contrib/amdtools/xilinx-2023.1/Vitis_HLS/2023.1/common/technology/xilinx/common/xilinx.gen 
Execute         source /opt/metis/el8/contrib/amdtools/xilinx-2023.1/Vitis_HLS/2023.1/common/technology/xilinx/interface/plb46.gen 
Execute         source /opt/metis/el8/contrib/amdtools/xilinx-2023.1/Vitis_HLS/2023.1/common/technology/xilinx/interface/axi4.gen 
Execute         source /opt/metis/el8/contrib/amdtools/xilinx-2023.1/Vitis_HLS/2023.1/common/technology/xilinx/interface/nativeAXI4.gen 
Execute           source /opt/metis/el8/contrib/amdtools/xilinx-2023.1/Vitis_HLS/2023.1/common/technology/xilinx/interface/saxilite.gen 
Execute         source /opt/metis/el8/contrib/amdtools/xilinx-2023.1/Vitis_HLS/2023.1/common/technology/xilinx/scripts/xilinxcoregen.gen 
Execute         source /opt/metis/el8/contrib/amdtools/xilinx-2023.1/Vitis_HLS/2023.1/common/technology/xilinx/interface/XilEDKCoreGen.gen 
Execute         source /opt/metis/el8/contrib/amdtools/xilinx-2023.1/Vitis_HLS/2023.1/common/technology/xilinx/ip/dds_compiler.gen 
Execute         source /opt/metis/el8/contrib/amdtools/xilinx-2023.1/Vitis_HLS/2023.1/common/technology/xilinx/ip/util.gen 
Execute         source /opt/metis/el8/contrib/amdtools/xilinx-2023.1/Vitis_HLS/2023.1/common/technology/xilinx/ip/xfft.gen 
Execute         source /opt/metis/el8/contrib/amdtools/xilinx-2023.1/Vitis_HLS/2023.1/common/technology/xilinx/ip/xfir.gen 
Execute         source /opt/metis/el8/contrib/amdtools/xilinx-2023.1/Vitis_HLS/2023.1/common/technology/xilinx/DSP48/dsp48.gen 
INFO-FLOW: DBG:PUTS:   using AESL_AUTOCG::g_clock_period=10.000 (was NA)
INFO-FLOW: DBG:PROC: ::AESL_AUTOMG::generate_ip_cores gen_sim_model='1' gen_fp_models='0' gen_for_export='0' dstSCDir='' dstVhdlDir='/nfs/ihfs/home_metis/akraus/HW3-dir/hw/hls_fit/solution1/.autopilot/db/vhdl' dstVlogDir='/nfs/ihfs/home_metis/akraus/HW3-dir/hw/hls_fit/solution1/.autopilot/db/vlog' tclDir='/nfs/ihfs/home_metis/akraus/HW3-dir/hw/hls_fit/solution1/.autopilot/db' modelList='main_control_s_axi
main
' expOnly='0'
Execute       source /nfs/ihfs/home_metis/akraus/HW3-dir/hw/hls_fit/solution1/.autopilot/db/global.setting.tcl 
Execute       ap_part_info -name xcvu11p-flga2577-1-e -data names -quiet 
Execute       ap_part_info -name xcvu11p-flga2577-1-e -data info -quiet 
Execute       source /nfs/ihfs/home_metis/akraus/HW3-dir/hw/hls_fit/solution1/.autopilot/db/global.setting.tcl 
Execute       source /nfs/ihfs/home_metis/akraus/HW3-dir/hw/hls_fit/solution1/.autopilot/db/global.setting.tcl 
Execute       source /nfs/ihfs/home_metis/akraus/HW3-dir/hw/hls_fit/solution1/.autopilot/db/main.compgen.tcl 
Execute         source ./control.slave.tcl 
INFO: [HLS 200-111] Finished Generating all RTL models: CPU user time: 0.17 seconds. CPU system time: 0.01 seconds. Elapsed time: 0.2 seconds; current allocated memory: 2.316 GB.
INFO-FLOW: DBG:PROC: ::HLSREPORTS::create_csynth_xml bind_info_var='bind_info' RtlSubPrefix='main_' outfile=''
INFO-FLOW: Running: create_csynth_xml read xml data
INFO-FLOW: Done: create_csynth_xml read xml data time: 0 seconds per iteration
INFO-FLOW: Running: create_csynth_xml bind info
INFO-FLOW: No bind nodes found for module_name main
INFO-FLOW: Done: create_csynth_xml bind info time: 0 seconds per iteration
INFO-FLOW: Running: create_csynth_xml config info
INFO-FLOW: Done: create_csynth_xml config info time: 0.1 seconds per iteration
INFO-FLOW: Running: create_csynth_xml write xml
INFO-FLOW: Done: create_csynth_xml write xml time: 0 seconds per iteration
INFO-FLOW: DBG:PUTS:      create_csynth_xml wrote csynth_xml=/nfs/ihfs/home_metis/akraus/HW3-dir/hw/hls_fit/solution1/syn/report/csynth.xml
INFO-FLOW: DBG:PROC: ::AP::DESIGN_DATA::generate_json generate_bd_files='0' generate_xo_files='0' modelList='main_control_s_axi
main
' rtl_lang='both' bootstrap_tcl='false' outdir='' outfilename=''
Execute       source /nfs/ihfs/home_metis/akraus/HW3-dir/hw/hls_fit/solution1/.autopilot/db/global.setting.tcl 
Execute       source /nfs/ihfs/home_metis/akraus/HW3-dir/hw/hls_fit/solution1/.autopilot/db/global.setting.tcl 
Execute       source /nfs/ihfs/home_metis/akraus/HW3-dir/hw/hls_fit/solution1/.autopilot/db/top-io-be.tcl 
Execute       source /nfs/ihfs/home_metis/akraus/HW3-dir/hw/hls_fit/solution1/.autopilot/db/main.tbgen.tcl 
Execute       source /nfs/ihfs/home_metis/akraus/HW3-dir/hw/hls_fit/solution1/.autopilot/db/main.compgen.dataonly.tcl 
Execute       source /nfs/ihfs/home_metis/akraus/HW3-dir/hw/hls_fit/solution1/.autopilot/db/main.compgen.dataonly.tcl 
Execute       source /nfs/ihfs/home_metis/akraus/HW3-dir/hw/hls_fit/solution1/.autopilot/db/main.rtl_wrap.cfg.tcl 
Execute       source /nfs/ihfs/home_metis/akraus/HW3-dir/hw/hls_fit/solution1/.autopilot/db/main.compgen.dataonly.tcl 
Execute       source /nfs/ihfs/home_metis/akraus/HW3-dir/hw/hls_fit/solution1/.autopilot/db/main.tbgen.tcl 
Execute       source /nfs/ihfs/home_metis/akraus/HW3-dir/hw/hls_fit/solution1/.autopilot/db/global.setting.tcl 
Execute       ap_part_info -name xcvu11p-flga2577-1-e -data names -quiet 
Execute       ap_part_info -name xcvu11p-flga2577-1-e -data info -quiet 
Execute       source /nfs/ihfs/home_metis/akraus/HW3-dir/hw/hls_fit/solution1/.autopilot/db/main.constraint.tcl 
Execute       sc_get_clocks main 
Execute       source /nfs/ihfs/home_metis/akraus/HW3-dir/hw/hls_fit/solution1/.autopilot/db/global.setting.tcl 
INFO-FLOW: DBG:PROC: ::HLSREPORTS::add_csynth_report_sections bind_info_dict='adapter_nodes {{BINDTYPE adapter DISPLAY {bind_adapter axilite} ID {} IMPL {} LATENCY {} OPTYPE {} PRAGMA yes RTLNAME control_s_axi_U SOURCE {} VARIABLE {} MODULE main LOOP {} BUNDLEDNAME control DSP 0 BRAM 0 URAM 0}} report_dict {TOPINST main MODULE2INSTS {main main} INST2MODULE {main main} INSTDATA {main {DEPTH 1 CHILDREN {}}} MODULEDATA {main {AREA {DSP 0 BRAM 0 URAM 0}}}}'
INFO-FLOW: DBG:PUTS:      update_csynth_reports json2rpt_hw_sw_interfaces
INFO-FLOW: Running: gen_csynth_sec_pragma
INFO-FLOW: Done: gen_csynth_sec_pragma time: 0 seconds per iteration
INFO-FLOW: DBG:PUTS:      update_csynth_reports wrote xml
INFO-FLOW: DBG:PUTS:      update_csynth_reports appended to csynth rpt file
INFO: [HLS 200-111] Finished Updating report files: CPU user time: 0.18 seconds. CPU system time: 0.02 seconds. Elapsed time: 0.22 seconds; current allocated memory: 2.321 GB.
INFO: [VHDL 208-304] Generating VHDL RTL for main.
INFO: [VLOG 209-307] Generating Verilog RTL for main.
Execute       syn_report -model main -printsummary 
INFO: [HLS 200-789] **** Estimated Fmax: 0.00 MHz
Command     autosyn done; 0.5 sec.
Command   csynth_design done; 8.95 sec.
INFO: [HLS 200-111] Finished Command csynth_design CPU user time: 3.21 seconds. CPU system time: 0.7 seconds. Elapsed time: 8.95 seconds; current allocated memory: 31.152 MB.
Command ap_source done; 11.63 sec.
Execute cleanup_all 
