

================================================================
== Vitis HLS Report for 'fit_Pipeline_VITIS_LOOP_204_1'
================================================================
* Date:           Thu Feb 27 15:25:43 2025

* Version:        2023.1 (Build 3854077 on May  4 2023)
* Project:        hls_fit
* Solution:       solution1 (Vitis Kernel Flow Target)
* Product family: virtexuplus
* Target device:  xcvu11p-flga2577-1-e


================================================================
== Performance Estimates
================================================================
+ Timing: 
    * Summary: 
    +--------+----------+----------+------------+
    |  Clock |  Target  | Estimated| Uncertainty|
    +--------+----------+----------+------------+
    |ap_clk  |  10.00 ns|  6.949 ns|     2.70 ns|
    +--------+----------+----------+------------+

+ Latency: 
    * Summary: 
    +---------+---------+-----------+-----------+------+------+---------+
    |  Latency (cycles) |   Latency (absolute)  |   Interval  | Pipeline|
    |   min   |   max   |    min    |    max    |  min |  max |   Type  |
    +---------+---------+-----------+-----------+------+------+---------+
    |     4106|     4106|  41.060 us|  41.060 us|  4106|  4106|       no|
    +---------+---------+-----------+-----------+------+------+---------+

    + Detail: 
        * Instance: 
        N/A

        * Loop: 
        +--------------------+---------+---------+----------+-----------+-----------+------+----------+
        |                    |  Latency (cycles) | Iteration|  Initiation Interval  | Trip |          |
        |      Loop Name     |   min   |   max   |  Latency |  achieved |   target  | Count| Pipelined|
        +--------------------+---------+---------+----------+-----------+-----------+------+----------+
        |- VITIS_LOOP_204_1  |     4104|     4104|        22|          3|          1|  1362|       yes|
        +--------------------+---------+---------+----------+-----------+-----------+------+----------+



================================================================
== Utilization Estimates
================================================================
* Summary: 
+---------------------+---------+------+---------+---------+-----+
|         Name        | BRAM_18K|  DSP |    FF   |   LUT   | URAM|
+---------------------+---------+------+---------+---------+-----+
|DSP                  |        -|     -|        -|        -|    -|
|Expression           |        -|     -|        0|       38|    -|
|FIFO                 |        -|     -|        -|        -|    -|
|Instance             |        -|     -|        -|        -|    -|
|Memory               |        -|     -|        -|        -|    -|
|Multiplexer          |        -|     -|        -|      242|    -|
|Register             |        -|     -|      554|       32|    -|
+---------------------+---------+------+---------+---------+-----+
|Total                |        0|     0|      554|      312|    0|
+---------------------+---------+------+---------+---------+-----+
|Available SLR        |     1344|  3072|   864000|   432000|  320|
+---------------------+---------+------+---------+---------+-----+
|Utilization SLR (%)  |        0|     0|       ~0|       ~0|    0|
+---------------------+---------+------+---------+---------+-----+
|Available            |     4032|  9216|  2592000|  1296000|  960|
+---------------------+---------+------+---------+---------+-----+
|Utilization (%)      |        0|     0|       ~0|       ~0|    0|
+---------------------+---------+------+---------+---------+-----+

+ Detail: 
    * Instance: 
    N/A

    * DSP: 
    N/A

    * Memory: 
    N/A

    * FIFO: 
    N/A

    * Expression: 
    +----------------------+----------+----+---+----+------------+------------+
    |     Variable Name    | Operation| DSP| FF| LUT| Bitwidth P0| Bitwidth P1|
    +----------------------+----------+----+---+----+------------+------------+
    |add_ln204_fu_125_p2   |         +|   0|  0|  18|          11|           1|
    |icmp_ln204_fu_119_p2  |      icmp|   0|  0|  18|          11|          11|
    |ap_enable_pp0         |       xor|   0|  0|   2|           1|           2|
    +----------------------+----------+----+---+----+------------+------------+
    |Total                 |          |   0|  0|  38|          23|          14|
    +----------------------+----------+----+---+----+------------+------------+

    * Multiplexer: 
    +----------------------------------+----+-----------+-----+-----------+
    |               Name               | LUT| Input Size| Bits| Total Bits|
    +----------------------------------+----+-----------+-----+-----------+
    |ap_NS_fsm                         |  20|          4|    1|          4|
    |ap_done_int                       |   9|          2|    1|          2|
    |ap_enable_reg_pp0_iter0           |   9|          2|    1|          2|
    |ap_enable_reg_pp0_iter1           |   9|          2|    1|          2|
    |ap_enable_reg_pp0_iter7           |   9|          2|    1|          2|
    |ap_loop_exit_ready_pp0_iter1_reg  |   9|          2|    1|          2|
    |ap_loop_exit_ready_pp0_iter2_reg  |   9|          2|    1|          2|
    |ap_loop_exit_ready_pp0_iter3_reg  |   9|          2|    1|          2|
    |ap_loop_exit_ready_pp0_iter4_reg  |   9|          2|    1|          2|
    |ap_loop_exit_ready_pp0_iter5_reg  |   9|          2|    1|          2|
    |ap_loop_exit_ready_pp0_iter6_reg  |   9|          2|    1|          2|
    |ap_sig_allocacmp_f_load           |   9|          2|   64|        128|
    |ap_sig_allocacmp_i                |   9|          2|   11|         22|
    |f_fu_42                           |   9|          2|   64|        128|
    |grp_fu_103_p0                     |  14|          3|   64|        192|
    |grp_fu_95_opcode                  |  14|          3|    2|          6|
    |grp_fu_95_p0                      |  20|          4|   64|        256|
    |grp_fu_95_p1                      |  20|          4|   64|        256|
    |grp_fu_99_p0                      |  14|          3|   64|        192|
    |grp_fu_99_p1                      |  14|          3|   64|        192|
    |i_1_fu_46                         |   9|          2|   11|         22|
    +----------------------------------+----+-----------+-----+-----------+
    |Total                             | 242|         52|  483|       1418|
    +----------------------------------+----+-----------+-----+-----------+

    * Register: 
    +----------------------------------+----+----+-----+-----------+
    |               Name               | FF | LUT| Bits| Const Bits|
    +----------------------------------+----+----+-----+-----------+
    |ap_CS_fsm                         |   3|   0|    3|          0|
    |ap_done_reg                       |   1|   0|    1|          0|
    |ap_enable_reg_pp0_iter0_reg       |   1|   0|    1|          0|
    |ap_enable_reg_pp0_iter1           |   1|   0|    1|          0|
    |ap_enable_reg_pp0_iter2           |   1|   0|    1|          0|
    |ap_enable_reg_pp0_iter3           |   1|   0|    1|          0|
    |ap_enable_reg_pp0_iter4           |   1|   0|    1|          0|
    |ap_enable_reg_pp0_iter5           |   1|   0|    1|          0|
    |ap_enable_reg_pp0_iter6           |   1|   0|    1|          0|
    |ap_enable_reg_pp0_iter7           |   1|   0|    1|          0|
    |ap_loop_exit_ready_pp0_iter1_reg  |   1|   0|    1|          0|
    |ap_loop_exit_ready_pp0_iter2_reg  |   1|   0|    1|          0|
    |ap_loop_exit_ready_pp0_iter3_reg  |   1|   0|    1|          0|
    |ap_loop_exit_ready_pp0_iter4_reg  |   1|   0|    1|          0|
    |ap_loop_exit_ready_pp0_iter5_reg  |   1|   0|    1|          0|
    |ap_loop_exit_ready_pp0_iter6_reg  |   1|   0|    1|          0|
    |arry_load_reg_208                 |  12|   0|   12|          0|
    |f_fu_42                           |  64|   0|   64|          0|
    |i_1_fu_46                         |  11|   0|   11|          0|
    |icmp_ln204_reg_189                |   1|   0|    1|          0|
    |mul_i5_reg_228                    |  64|   0|   64|          0|
    |sub_i_reg_233                     |  64|   0|   64|          0|
    |tempSquared_reg_244               |  64|   0|   64|          0|
    |temp_reg_238                      |  64|   0|   64|          0|
    |x_reg_213                         |  64|   0|   64|          0|
    |y_reg_223                         |  64|   0|   64|          0|
    |icmp_ln204_reg_189                |  64|  32|    1|          0|
    +----------------------------------+----+----+-----+-----------+
    |Total                             | 554|  32|  491|          0|
    +----------------------------------+----+----+-----+-----------+



================================================================
== Interface
================================================================
* Summary: 
+---------------------+-----+-----+------------+-------------------------------+--------------+
|      RTL Ports      | Dir | Bits|  Protocol  |         Source Object         |    C Type    |
+---------------------+-----+-----+------------+-------------------------------+--------------+
|ap_clk               |   in|    1|  ap_ctrl_hs|  fit_Pipeline_VITIS_LOOP_204_1|  return value|
|ap_rst               |   in|    1|  ap_ctrl_hs|  fit_Pipeline_VITIS_LOOP_204_1|  return value|
|ap_start             |   in|    1|  ap_ctrl_hs|  fit_Pipeline_VITIS_LOOP_204_1|  return value|
|ap_done              |  out|    1|  ap_ctrl_hs|  fit_Pipeline_VITIS_LOOP_204_1|  return value|
|ap_idle              |  out|    1|  ap_ctrl_hs|  fit_Pipeline_VITIS_LOOP_204_1|  return value|
|ap_ready             |  out|    1|  ap_ctrl_hs|  fit_Pipeline_VITIS_LOOP_204_1|  return value|
|grp_fu_521_p_din0    |  out|   64|  ap_ctrl_hs|  fit_Pipeline_VITIS_LOOP_204_1|  return value|
|grp_fu_521_p_dout0   |   in|   64|  ap_ctrl_hs|  fit_Pipeline_VITIS_LOOP_204_1|  return value|
|grp_fu_521_p_ce      |  out|    1|  ap_ctrl_hs|  fit_Pipeline_VITIS_LOOP_204_1|  return value|
|grp_fu_142_p_din0    |  out|   64|  ap_ctrl_hs|  fit_Pipeline_VITIS_LOOP_204_1|  return value|
|grp_fu_142_p_din1    |  out|   64|  ap_ctrl_hs|  fit_Pipeline_VITIS_LOOP_204_1|  return value|
|grp_fu_142_p_opcode  |  out|    2|  ap_ctrl_hs|  fit_Pipeline_VITIS_LOOP_204_1|  return value|
|grp_fu_142_p_dout0   |   in|   64|  ap_ctrl_hs|  fit_Pipeline_VITIS_LOOP_204_1|  return value|
|grp_fu_142_p_ce      |  out|    1|  ap_ctrl_hs|  fit_Pipeline_VITIS_LOOP_204_1|  return value|
|grp_fu_147_p_din0    |  out|   64|  ap_ctrl_hs|  fit_Pipeline_VITIS_LOOP_204_1|  return value|
|grp_fu_147_p_din1    |  out|   64|  ap_ctrl_hs|  fit_Pipeline_VITIS_LOOP_204_1|  return value|
|grp_fu_147_p_dout0   |   in|   64|  ap_ctrl_hs|  fit_Pipeline_VITIS_LOOP_204_1|  return value|
|grp_fu_147_p_ce      |  out|    1|  ap_ctrl_hs|  fit_Pipeline_VITIS_LOOP_204_1|  return value|
|arrx_address0        |  out|   10|   ap_memory|                           arrx|         array|
|arrx_ce0             |  out|    1|   ap_memory|                           arrx|         array|
|arrx_q0              |   in|    7|   ap_memory|                           arrx|         array|
|arry_address0        |  out|   10|   ap_memory|                           arry|         array|
|arry_ce0             |  out|    1|   ap_memory|                           arry|         array|
|arry_q0              |   in|   12|   ap_memory|                           arry|         array|
|tmp                  |   in|   64|     ap_none|                            tmp|        scalar|
|tmp_1                |   in|   64|     ap_none|                          tmp_1|        scalar|
|f_out                |  out|   64|      ap_vld|                          f_out|       pointer|
|f_out_ap_vld         |  out|    1|      ap_vld|                          f_out|       pointer|
+---------------------+-----+-----+------------+-------------------------------+--------------+

============================================================
+ Verbose Summary: Synthesis Manager
============================================================
InlineROM: 1
ExposeGlobal: 0
============================================================
+ Verbose Summary: CDFG Model
============================================================
IsTopModel: 0
ResetActiveHigh: 1
IsCombinational: 2
IsDatapathOnly: 2
HasWiredReturn: 1
HasMFsm: 2
HasVarLatency: 1
IsPipeline: 0
IsRtlPipelined: 0
IsInstanceOverlapped: 0
IsDontTouch: 0
HasImplIP: 0
IsGatedGlobalClock: 0

+ Individual pipeline summary: 
  * Pipeline-0: initiation interval (II) = 3, depth = 22


============================================================
+ Verbose Summary: Schedule
============================================================
* Number of FSM states : 22
* Pipeline : 1
  Pipeline-0 : II = 3, D = 22, States = { 1 2 3 4 5 6 7 8 9 10 11 12 13 14 15 16 17 18 19 20 21 22 }
* Dataflow Pipeline: 0

* FSM state transitions: 
1 --> 2 
2 --> 3 
3 --> 4 
4 --> 5 
5 --> 6 
6 --> 7 
7 --> 8 
8 --> 9 
9 --> 10 
10 --> 11 
11 --> 12 
12 --> 13 
13 --> 14 
14 --> 15 
15 --> 16 
16 --> 17 
17 --> 18 
18 --> 19 
19 --> 20 
20 --> 21 
21 --> 22 
22 --> 

* FSM state operations: 

State 1 <SV = 0> <Delay = 1.42>
ST_1 : Operation 25 [1/1] (0.00ns)   --->   "%f = alloca i32 1"   --->   Operation 25 'alloca' 'f' <Predicate = true> <Delay = 0.00>
ST_1 : Operation 26 [1/1] (0.00ns)   --->   "%i_1 = alloca i32 1"   --->   Operation 26 'alloca' 'i_1' <Predicate = true> <Delay = 0.00>
ST_1 : Operation 27 [1/1] (0.00ns)   --->   "%tmp_1_read = read i64 @_ssdm_op_Read.ap_auto.double, i64 %tmp_1"   --->   Operation 27 'read' 'tmp_1_read' <Predicate = true> <Delay = 0.00>
ST_1 : Operation 28 [1/1] (0.00ns)   --->   "%tmp_read = read i64 @_ssdm_op_Read.ap_auto.double, i64 %tmp"   --->   Operation 28 'read' 'tmp_read' <Predicate = true> <Delay = 0.00>
ST_1 : Operation 29 [1/1] (0.46ns)   --->   "%store_ln0 = store i11 0, i11 %i_1"   --->   Operation 29 'store' 'store_ln0' <Predicate = true> <Delay = 0.46>
ST_1 : Operation 30 [1/1] (0.46ns)   --->   "%store_ln0 = store i64 0, i64 %f"   --->   Operation 30 'store' 'store_ln0' <Predicate = true> <Delay = 0.46>
ST_1 : Operation 31 [1/1] (0.00ns)   --->   "%br_ln0 = br void %for.inc.i9"   --->   Operation 31 'br' 'br_ln0' <Predicate = true> <Delay = 0.00>
ST_1 : Operation 32 [1/1] (0.00ns)   --->   "%i = load i11 %i_1" [main.cpp:204->main.cpp:268]   --->   Operation 32 'load' 'i' <Predicate = true> <Delay = 0.00>
ST_1 : Operation 33 [1/1] (0.00ns)   --->   "%specpipeline_ln0 = specpipeline void @_ssdm_op_SpecPipeline, i32 4294967295, i32 0, i32 1, i32 0, void @p_str2"   --->   Operation 33 'specpipeline' 'specpipeline_ln0' <Predicate = true> <Delay = 0.00>
ST_1 : Operation 34 [1/1] (0.96ns)   --->   "%icmp_ln204 = icmp_eq  i11 %i, i11 1362" [main.cpp:204->main.cpp:268]   --->   Operation 34 'icmp' 'icmp_ln204' <Predicate = true> <Delay = 0.96> <CoreInst = "Cmp">   --->   Core 9 'Cmp' <Latency = 0> <II = 1> <Delay = 0.96> <FuncUnit> <Opcode : 'icmp'> <InPorts = 2> <OutPorts = 1>
ST_1 : Operation 35 [1/1] (0.96ns)   --->   "%add_ln204 = add i11 %i, i11 1" [main.cpp:204->main.cpp:268]   --->   Operation 35 'add' 'add_ln204' <Predicate = true> <Delay = 0.96> <CoreInst = "Adder">   --->   Core 1 'Adder' <Latency = 0> <II = 1> <Delay = 0.96> <FuncUnit> <Opcode : 'add' 'sub'> <InPorts = 2> <OutPorts = 1>
ST_1 : Operation 36 [1/1] (0.00ns)   --->   "%br_ln204 = br i1 %icmp_ln204, void %for.inc.i9.split, void %for.inc.i.i.preheader.exitStub" [main.cpp:204->main.cpp:268]   --->   Operation 36 'br' 'br_ln204' <Predicate = true> <Delay = 0.00>
ST_1 : Operation 37 [1/1] (0.00ns)   --->   "%i_1_cast = zext i11 %i" [main.cpp:204->main.cpp:268]   --->   Operation 37 'zext' 'i_1_cast' <Predicate = (!icmp_ln204)> <Delay = 0.00>
ST_1 : Operation 38 [1/1] (0.00ns)   --->   "%arrx_addr = getelementptr i7 %arrx, i64 0, i64 %i_1_cast" [main.cpp:206->main.cpp:268]   --->   Operation 38 'getelementptr' 'arrx_addr' <Predicate = (!icmp_ln204)> <Delay = 0.00>
ST_1 : Operation 39 [2/2] (1.29ns)   --->   "%arrx_load = load i10 %arrx_addr" [main.cpp:206->main.cpp:268]   --->   Operation 39 'load' 'arrx_load' <Predicate = (!icmp_ln204)> <Delay = 1.29> <CoreInst = "RAM">   --->   Core 83 'RAM' <Latency = 1> <II = 1> <Delay = 1.29> <Storage> <Opcode : 'load' 'store'> <Ports = 2> <Width = 7> <Depth = 1024> <RAM>
ST_1 : Operation 40 [1/1] (0.00ns)   --->   "%arry_addr = getelementptr i12 %arry, i64 0, i64 %i_1_cast" [main.cpp:207->main.cpp:268]   --->   Operation 40 'getelementptr' 'arry_addr' <Predicate = (!icmp_ln204)> <Delay = 0.00>
ST_1 : Operation 41 [2/2] (1.29ns)   --->   "%arry_load = load i10 %arry_addr" [main.cpp:207->main.cpp:268]   --->   Operation 41 'load' 'arry_load' <Predicate = (!icmp_ln204)> <Delay = 1.29> <CoreInst = "RAM">   --->   Core 83 'RAM' <Latency = 1> <II = 1> <Delay = 1.29> <Storage> <Opcode : 'load' 'store'> <Ports = 2> <Width = 12> <Depth = 1024> <RAM>
ST_1 : Operation 42 [1/1] (0.46ns)   --->   "%store_ln204 = store i11 %add_ln204, i11 %i_1" [main.cpp:204->main.cpp:268]   --->   Operation 42 'store' 'store_ln204' <Predicate = (!icmp_ln204)> <Delay = 0.46>

State 2 <SV = 1> <Delay = 6.94>
ST_2 : Operation 43 [1/2] (1.29ns)   --->   "%arrx_load = load i10 %arrx_addr" [main.cpp:206->main.cpp:268]   --->   Operation 43 'load' 'arrx_load' <Predicate = (!icmp_ln204)> <Delay = 1.29> <CoreInst = "RAM">   --->   Core 83 'RAM' <Latency = 1> <II = 1> <Delay = 1.29> <Storage> <Opcode : 'load' 'store'> <Ports = 2> <Width = 7> <Depth = 1024> <RAM>
ST_2 : Operation 44 [1/1] (0.00ns)   --->   "%zext_ln206 = zext i7 %arrx_load" [main.cpp:206->main.cpp:268]   --->   Operation 44 'zext' 'zext_ln206' <Predicate = (!icmp_ln204)> <Delay = 0.00>
ST_2 : [1/1] (0.75ns)   --->   Input mux for Operation 45 '%x = sitodp i64 %zext_ln206'
ST_2 : Operation 45 [2/2] (4.89ns)   --->   "%x = sitodp i64 %zext_ln206" [main.cpp:206->main.cpp:268]   --->   Operation 45 'sitodp' 'x' <Predicate = (!icmp_ln204)> <Delay = 4.89> <CoreInst = "Int2Double">   --->   Core 66 'Int2Double' <Latency = 1> <II = 1> <Delay = 5.65> <FuncUnit> <Opcode : 'sitodp' 'uitodp'> <InPorts = 1> <OutPorts = 1>
ST_2 : Operation 46 [1/2] (1.29ns)   --->   "%arry_load = load i10 %arry_addr" [main.cpp:207->main.cpp:268]   --->   Operation 46 'load' 'arry_load' <Predicate = (!icmp_ln204)> <Delay = 1.29> <CoreInst = "RAM">   --->   Core 83 'RAM' <Latency = 1> <II = 1> <Delay = 1.29> <Storage> <Opcode : 'load' 'store'> <Ports = 2> <Width = 12> <Depth = 1024> <RAM>

State 3 <SV = 2> <Delay = 5.65>
ST_3 : Operation 47 [1/2] (5.65ns)   --->   "%x = sitodp i64 %zext_ln206" [main.cpp:206->main.cpp:268]   --->   Operation 47 'sitodp' 'x' <Predicate = (!icmp_ln204)> <Delay = 5.65> <CoreInst = "Int2Double">   --->   Core 66 'Int2Double' <Latency = 1> <II = 1> <Delay = 5.65> <FuncUnit> <Opcode : 'sitodp' 'uitodp'> <InPorts = 1> <OutPorts = 1>
ST_3 : Operation 48 [1/1] (0.00ns)   --->   "%sext_ln207 = sext i12 %arry_load" [main.cpp:207->main.cpp:268]   --->   Operation 48 'sext' 'sext_ln207' <Predicate = (!icmp_ln204)> <Delay = 0.00>
ST_3 : [1/1] (0.46ns)   --->   Input mux for Operation 49 '%y = sitodp i32 %sext_ln207'
ST_3 : Operation 49 [2/2] (5.19ns)   --->   "%y = sitodp i32 %sext_ln207" [main.cpp:207->main.cpp:268]   --->   Operation 49 'sitodp' 'y' <Predicate = (!icmp_ln204)> <Delay = 5.19> <CoreInst = "Int2Double">   --->   Core 66 'Int2Double' <Latency = 1> <II = 1> <Delay = 5.65> <FuncUnit> <Opcode : 'sitodp' 'uitodp'> <InPorts = 1> <OutPorts = 1>

State 4 <SV = 3> <Delay = 5.65>
ST_4 : Operation 50 [1/2] (5.65ns)   --->   "%y = sitodp i32 %sext_ln207" [main.cpp:207->main.cpp:268]   --->   Operation 50 'sitodp' 'y' <Predicate = true> <Delay = 5.65> <CoreInst = "Int2Double">   --->   Core 66 'Int2Double' <Latency = 1> <II = 1> <Delay = 5.65> <FuncUnit> <Opcode : 'sitodp' 'uitodp'> <InPorts = 1> <OutPorts = 1>
ST_4 : [1/1] (0.65ns)   --->   Input mux for Operation 51 '%mul_i5 = dmul i64 %tmp_1_read, i64 %x'
ST_4 : Operation 51 [4/4] (4.92ns)   --->   "%mul_i5 = dmul i64 %tmp_1_read, i64 %x" [main.cpp:209->main.cpp:268]   --->   Operation 51 'dmul' 'mul_i5' <Predicate = true> <Delay = 4.92> <CoreInst = "DMul_maxdsp">   --->   Core 49 'DMul_maxdsp' <Latency = 3> <II = 1> <Delay = 5.58> <FuncUnit> <Opcode : 'dmul'> <InPorts = 2> <OutPorts = 1>

State 5 <SV = 4> <Delay = 5.58>
ST_5 : [1/1] (0.58ns)   --->   Input mux for Operation 52 '%sub_i = dsub i64 %y, i64 %tmp_read'
ST_5 : Operation 52 [4/4] (4.57ns)   --->   "%sub_i = dsub i64 %y, i64 %tmp_read" [main.cpp:209->main.cpp:268]   --->   Operation 52 'dsub' 'sub_i' <Predicate = true> <Delay = 4.57> <CoreInst = "DAddSub_fulldsp">   --->   Core 37 'DAddSub_fulldsp' <Latency = 3> <II = 1> <Delay = 5.15> <FuncUnit> <Opcode : 'dadd' 'dsub'> <InPorts = 2> <OutPorts = 1>
ST_5 : Operation 53 [3/4] (5.58ns)   --->   "%mul_i5 = dmul i64 %tmp_1_read, i64 %x" [main.cpp:209->main.cpp:268]   --->   Operation 53 'dmul' 'mul_i5' <Predicate = true> <Delay = 5.58> <CoreInst = "DMul_maxdsp">   --->   Core 49 'DMul_maxdsp' <Latency = 3> <II = 1> <Delay = 5.58> <FuncUnit> <Opcode : 'dmul'> <InPorts = 2> <OutPorts = 1>

State 6 <SV = 5> <Delay = 5.58>
ST_6 : Operation 54 [3/4] (5.15ns)   --->   "%sub_i = dsub i64 %y, i64 %tmp_read" [main.cpp:209->main.cpp:268]   --->   Operation 54 'dsub' 'sub_i' <Predicate = true> <Delay = 5.15> <CoreInst = "DAddSub_fulldsp">   --->   Core 37 'DAddSub_fulldsp' <Latency = 3> <II = 1> <Delay = 5.15> <FuncUnit> <Opcode : 'dadd' 'dsub'> <InPorts = 2> <OutPorts = 1>
ST_6 : Operation 55 [2/4] (5.58ns)   --->   "%mul_i5 = dmul i64 %tmp_1_read, i64 %x" [main.cpp:209->main.cpp:268]   --->   Operation 55 'dmul' 'mul_i5' <Predicate = true> <Delay = 5.58> <CoreInst = "DMul_maxdsp">   --->   Core 49 'DMul_maxdsp' <Latency = 3> <II = 1> <Delay = 5.58> <FuncUnit> <Opcode : 'dmul'> <InPorts = 2> <OutPorts = 1>

State 7 <SV = 6> <Delay = 5.58>
ST_7 : Operation 56 [2/4] (5.15ns)   --->   "%sub_i = dsub i64 %y, i64 %tmp_read" [main.cpp:209->main.cpp:268]   --->   Operation 56 'dsub' 'sub_i' <Predicate = true> <Delay = 5.15> <CoreInst = "DAddSub_fulldsp">   --->   Core 37 'DAddSub_fulldsp' <Latency = 3> <II = 1> <Delay = 5.15> <FuncUnit> <Opcode : 'dadd' 'dsub'> <InPorts = 2> <OutPorts = 1>
ST_7 : Operation 57 [1/4] (5.58ns)   --->   "%mul_i5 = dmul i64 %tmp_1_read, i64 %x" [main.cpp:209->main.cpp:268]   --->   Operation 57 'dmul' 'mul_i5' <Predicate = true> <Delay = 5.58> <CoreInst = "DMul_maxdsp">   --->   Core 49 'DMul_maxdsp' <Latency = 3> <II = 1> <Delay = 5.58> <FuncUnit> <Opcode : 'dmul'> <InPorts = 2> <OutPorts = 1>

State 8 <SV = 7> <Delay = 5.15>
ST_8 : Operation 58 [1/4] (5.15ns)   --->   "%sub_i = dsub i64 %y, i64 %tmp_read" [main.cpp:209->main.cpp:268]   --->   Operation 58 'dsub' 'sub_i' <Predicate = true> <Delay = 5.15> <CoreInst = "DAddSub_fulldsp">   --->   Core 37 'DAddSub_fulldsp' <Latency = 3> <II = 1> <Delay = 5.15> <FuncUnit> <Opcode : 'dadd' 'dsub'> <InPorts = 2> <OutPorts = 1>

State 9 <SV = 8> <Delay = 5.15>
ST_9 : [1/1] (0.58ns)   --->   Input mux for Operation 59 '%temp = dsub i64 %sub_i, i64 %mul_i5'
ST_9 : Operation 59 [4/4] (4.57ns)   --->   "%temp = dsub i64 %sub_i, i64 %mul_i5" [main.cpp:209->main.cpp:268]   --->   Operation 59 'dsub' 'temp' <Predicate = true> <Delay = 4.57> <CoreInst = "DAddSub_fulldsp">   --->   Core 37 'DAddSub_fulldsp' <Latency = 3> <II = 1> <Delay = 5.15> <FuncUnit> <Opcode : 'dadd' 'dsub'> <InPorts = 2> <OutPorts = 1>

State 10 <SV = 9> <Delay = 5.15>
ST_10 : Operation 60 [3/4] (5.15ns)   --->   "%temp = dsub i64 %sub_i, i64 %mul_i5" [main.cpp:209->main.cpp:268]   --->   Operation 60 'dsub' 'temp' <Predicate = true> <Delay = 5.15> <CoreInst = "DAddSub_fulldsp">   --->   Core 37 'DAddSub_fulldsp' <Latency = 3> <II = 1> <Delay = 5.15> <FuncUnit> <Opcode : 'dadd' 'dsub'> <InPorts = 2> <OutPorts = 1>

State 11 <SV = 10> <Delay = 5.15>
ST_11 : Operation 61 [2/4] (5.15ns)   --->   "%temp = dsub i64 %sub_i, i64 %mul_i5" [main.cpp:209->main.cpp:268]   --->   Operation 61 'dsub' 'temp' <Predicate = true> <Delay = 5.15> <CoreInst = "DAddSub_fulldsp">   --->   Core 37 'DAddSub_fulldsp' <Latency = 3> <II = 1> <Delay = 5.15> <FuncUnit> <Opcode : 'dadd' 'dsub'> <InPorts = 2> <OutPorts = 1>

State 12 <SV = 11> <Delay = 5.15>
ST_12 : Operation 62 [1/4] (5.15ns)   --->   "%temp = dsub i64 %sub_i, i64 %mul_i5" [main.cpp:209->main.cpp:268]   --->   Operation 62 'dsub' 'temp' <Predicate = true> <Delay = 5.15> <CoreInst = "DAddSub_fulldsp">   --->   Core 37 'DAddSub_fulldsp' <Latency = 3> <II = 1> <Delay = 5.15> <FuncUnit> <Opcode : 'dadd' 'dsub'> <InPorts = 2> <OutPorts = 1>

State 13 <SV = 12> <Delay = 0.00>

State 14 <SV = 13> <Delay = 5.58>
ST_14 : [1/1] (0.65ns)   --->   Input mux for Operation 63 '%tempSquared = dmul i64 %temp, i64 %temp'
ST_14 : Operation 63 [4/4] (4.92ns)   --->   "%tempSquared = dmul i64 %temp, i64 %temp" [main.cpp:210->main.cpp:268]   --->   Operation 63 'dmul' 'tempSquared' <Predicate = true> <Delay = 4.92> <CoreInst = "DMul_maxdsp">   --->   Core 49 'DMul_maxdsp' <Latency = 3> <II = 1> <Delay = 5.58> <FuncUnit> <Opcode : 'dmul'> <InPorts = 2> <OutPorts = 1>

State 15 <SV = 14> <Delay = 5.58>
ST_15 : Operation 64 [3/4] (5.58ns)   --->   "%tempSquared = dmul i64 %temp, i64 %temp" [main.cpp:210->main.cpp:268]   --->   Operation 64 'dmul' 'tempSquared' <Predicate = true> <Delay = 5.58> <CoreInst = "DMul_maxdsp">   --->   Core 49 'DMul_maxdsp' <Latency = 3> <II = 1> <Delay = 5.58> <FuncUnit> <Opcode : 'dmul'> <InPorts = 2> <OutPorts = 1>

State 16 <SV = 15> <Delay = 5.58>
ST_16 : Operation 65 [2/4] (5.58ns)   --->   "%tempSquared = dmul i64 %temp, i64 %temp" [main.cpp:210->main.cpp:268]   --->   Operation 65 'dmul' 'tempSquared' <Predicate = true> <Delay = 5.58> <CoreInst = "DMul_maxdsp">   --->   Core 49 'DMul_maxdsp' <Latency = 3> <II = 1> <Delay = 5.58> <FuncUnit> <Opcode : 'dmul'> <InPorts = 2> <OutPorts = 1>

State 17 <SV = 16> <Delay = 5.58>
ST_17 : Operation 66 [1/4] (5.58ns)   --->   "%tempSquared = dmul i64 %temp, i64 %temp" [main.cpp:210->main.cpp:268]   --->   Operation 66 'dmul' 'tempSquared' <Predicate = true> <Delay = 5.58> <CoreInst = "DMul_maxdsp">   --->   Core 49 'DMul_maxdsp' <Latency = 3> <II = 1> <Delay = 5.58> <FuncUnit> <Opcode : 'dmul'> <InPorts = 2> <OutPorts = 1>

State 18 <SV = 17> <Delay = 0.00>

State 19 <SV = 18> <Delay = 5.15>
ST_19 : Operation 67 [1/1] (0.00ns)   --->   "%f_load = load i64 %f" [main.cpp:212->main.cpp:268]   --->   Operation 67 'load' 'f_load' <Predicate = true> <Delay = 0.00>
ST_19 : [1/1] (0.62ns)   --->   Input mux for Operation 68 '%f_1 = dadd i64 %f_load, i64 %tempSquared'
ST_19 : Operation 68 [4/4] (4.52ns)   --->   "%f_1 = dadd i64 %f_load, i64 %tempSquared" [main.cpp:212->main.cpp:268]   --->   Operation 68 'dadd' 'f_1' <Predicate = true> <Delay = 4.52> <CoreInst = "DAddSub_fulldsp">   --->   Core 37 'DAddSub_fulldsp' <Latency = 3> <II = 1> <Delay = 5.15> <FuncUnit> <Opcode : 'dadd' 'dsub'> <InPorts = 2> <OutPorts = 1>
ST_19 : Operation 76 [1/1] (0.00ns)   --->   "%f_load_1 = load i64 %f"   --->   Operation 76 'load' 'f_load_1' <Predicate = (icmp_ln204)> <Delay = 0.00>
ST_19 : Operation 77 [1/1] (0.00ns)   --->   "%write_ln0 = write void @_ssdm_op_Write.ap_auto.doubleP0A, i64 %f_out, i64 %f_load_1"   --->   Operation 77 'write' 'write_ln0' <Predicate = (icmp_ln204)> <Delay = 0.00>
ST_19 : Operation 78 [1/1] (0.00ns)   --->   "%ret_ln0 = ret"   --->   Operation 78 'ret' 'ret_ln0' <Predicate = (icmp_ln204)> <Delay = 0.00>

State 20 <SV = 19> <Delay = 5.15>
ST_20 : Operation 69 [3/4] (5.15ns)   --->   "%f_1 = dadd i64 %f_load, i64 %tempSquared" [main.cpp:212->main.cpp:268]   --->   Operation 69 'dadd' 'f_1' <Predicate = true> <Delay = 5.15> <CoreInst = "DAddSub_fulldsp">   --->   Core 37 'DAddSub_fulldsp' <Latency = 3> <II = 1> <Delay = 5.15> <FuncUnit> <Opcode : 'dadd' 'dsub'> <InPorts = 2> <OutPorts = 1>

State 21 <SV = 20> <Delay = 5.15>
ST_21 : Operation 70 [2/4] (5.15ns)   --->   "%f_1 = dadd i64 %f_load, i64 %tempSquared" [main.cpp:212->main.cpp:268]   --->   Operation 70 'dadd' 'f_1' <Predicate = true> <Delay = 5.15> <CoreInst = "DAddSub_fulldsp">   --->   Core 37 'DAddSub_fulldsp' <Latency = 3> <II = 1> <Delay = 5.15> <FuncUnit> <Opcode : 'dadd' 'dsub'> <InPorts = 2> <OutPorts = 1>

State 22 <SV = 21> <Delay = 5.61>
ST_22 : Operation 71 [1/1] (0.00ns)   --->   "%speclooptripcount_ln197 = speclooptripcount void @_ssdm_op_SpecLoopTripCount, i64 1362, i64 1362, i64 1362" [main.cpp:197->main.cpp:268]   --->   Operation 71 'speclooptripcount' 'speclooptripcount_ln197' <Predicate = true> <Delay = 0.00>
ST_22 : Operation 72 [1/1] (0.00ns)   --->   "%specloopname_ln204 = specloopname void @_ssdm_op_SpecLoopName, void @empty_4" [main.cpp:204->main.cpp:268]   --->   Operation 72 'specloopname' 'specloopname_ln204' <Predicate = true> <Delay = 0.00>
ST_22 : Operation 73 [1/4] (5.15ns)   --->   "%f_1 = dadd i64 %f_load, i64 %tempSquared" [main.cpp:212->main.cpp:268]   --->   Operation 73 'dadd' 'f_1' <Predicate = true> <Delay = 5.15> <CoreInst = "DAddSub_fulldsp">   --->   Core 37 'DAddSub_fulldsp' <Latency = 3> <II = 1> <Delay = 5.15> <FuncUnit> <Opcode : 'dadd' 'dsub'> <InPorts = 2> <OutPorts = 1>
ST_22 : Operation 74 [1/1] (0.46ns)   --->   "%store_ln204 = store i64 %f_1, i64 %f" [main.cpp:204->main.cpp:268]   --->   Operation 74 'store' 'store_ln204' <Predicate = true> <Delay = 0.46>
ST_22 : Operation 75 [1/1] (0.00ns)   --->   "%br_ln204 = br void %for.inc.i9" [main.cpp:204->main.cpp:268]   --->   Operation 75 'br' 'br_ln204' <Predicate = true> <Delay = 0.00>


============================================================
+ Verbose Summary: Binding
============================================================
STG Binding: 
---------------- STG Properties BEGIN ----------------
- Is combinational: 0
- Is one-state seq: 0
- Is datapath-only: 0
- Is pipelined: 0
- Is top level: 0
Port [ Return ] is wired: 1; IO mode=ap_ctrl_hs:ce=0
Port [ arrx]:  wired=1; compound=1; hidden=0; nouse=0; global=0; static=0; extern=0; dir=0; type=1; pingpong=0; private_global=0; MemPort=[13]; IO mode=ap_memory:ce=0
Port [ arry]:  wired=1; compound=1; hidden=0; nouse=0; global=0; static=0; extern=0; dir=0; type=1; pingpong=0; private_global=0; MemPort=[13]; IO mode=ap_memory:ce=0
Port [ tmp]:  wired=1; compound=0; hidden=0; nouse=0; global=0; static=0; extern=0; dir=0; type=0; pingpong=0; private_global=0; IO mode=ap_none:ce=0
Port [ tmp_1]:  wired=1; compound=0; hidden=0; nouse=0; global=0; static=0; extern=0; dir=0; type=0; pingpong=0; private_global=0; IO mode=ap_none:ce=0
Port [ f_out]:  wired=1; compound=0; hidden=0; nouse=0; global=0; static=0; extern=0; dir=1; type=0; pingpong=0; private_global=0; IO mode=ap_vld:ce=0
---------------- STG Properties END ------------------

---------------- Datapath Model BEGIN ----------------

<LifeTime>
<method=bitvector/>
f                       (alloca           ) [ 01111111111111111111111]
i_1                     (alloca           ) [ 01000000000000000000000]
tmp_1_read              (read             ) [ 01111111000000000000000]
tmp_read                (read             ) [ 01111111100000000000000]
store_ln0               (store            ) [ 00000000000000000000000]
store_ln0               (store            ) [ 00000000000000000000000]
br_ln0                  (br               ) [ 00000000000000000000000]
i                       (load             ) [ 00000000000000000000000]
specpipeline_ln0        (specpipeline     ) [ 00000000000000000000000]
icmp_ln204              (icmp             ) [ 01111111111111111111000]
add_ln204               (add              ) [ 00000000000000000000000]
br_ln204                (br               ) [ 00000000000000000000000]
i_1_cast                (zext             ) [ 00000000000000000000000]
arrx_addr               (getelementptr    ) [ 00100000000000000000000]
arry_addr               (getelementptr    ) [ 00100000000000000000000]
store_ln204             (store            ) [ 00000000000000000000000]
arrx_load               (load             ) [ 00000000000000000000000]
zext_ln206              (zext             ) [ 00010000000000000000000]
arry_load               (load             ) [ 00010000000000000000000]
x                       (sitodp           ) [ 01111111000000000000000]
sext_ln207              (sext             ) [ 01001000000000000000000]
y                       (sitodp           ) [ 01110111100000000000000]
mul_i5                  (dmul             ) [ 01110000111110000000000]
sub_i                   (dsub             ) [ 01110000011110000000000]
temp                    (dsub             ) [ 01110000000001111100000]
tempSquared             (dmul             ) [ 01110000000000000011111]
f_load                  (load             ) [ 01110000000000000000111]
speclooptripcount_ln197 (speclooptripcount) [ 00000000000000000000000]
specloopname_ln204      (specloopname     ) [ 00000000000000000000000]
f_1                     (dadd             ) [ 00000000000000000000000]
store_ln204             (store            ) [ 00000000000000000000000]
br_ln204                (br               ) [ 00000000000000000000000]
f_load_1                (load             ) [ 00000000000000000000000]
write_ln0               (write            ) [ 00000000000000000000000]
ret_ln0                 (ret              ) [ 00000000000000000000000]
</LifeTime>

<model>

<comp_list>
<comp id="0" class="1000" name="arrx">
<pin_list>
<pin id="1" dir="1" index="0" bw="1" slack="0"/>
</pin_list>
<bind>
<StgValue><ssdm name="arrx"/><MemPortTyVec>1 3 </MemPortTyVec>
</StgValue>
</bind>
</comp>

<comp id="2" class="1000" name="arry">
<pin_list>
<pin id="3" dir="1" index="0" bw="1" slack="0"/>
</pin_list>
<bind>
<StgValue><ssdm name="arry"/><MemPortTyVec>1 3 </MemPortTyVec>
</StgValue>
</bind>
</comp>

<comp id="4" class="1000" name="tmp">
<pin_list>
<pin id="5" dir="1" index="0" bw="1" slack="0"/>
</pin_list>
<bind>
<StgValue><ssdm name="tmp"/></StgValue>
</bind>
</comp>

<comp id="6" class="1000" name="tmp_1">
<pin_list>
<pin id="7" dir="1" index="0" bw="1" slack="0"/>
</pin_list>
<bind>
<StgValue><ssdm name="tmp_1"/></StgValue>
</bind>
</comp>

<comp id="8" class="1000" name="f_out">
<pin_list>
<pin id="9" dir="1" index="0" bw="1" slack="0"/>
</pin_list>
<bind>
<StgValue><ssdm name="f_out"/></StgValue>
</bind>
</comp>

<comp id="10" class="1001" name="const_10">
<pin_list>
<pin id="11" dir="1" index="0" bw="1" slack="0"/>
</pin_list>
<bind>
<StgValue><ssdm name=""/></StgValue>
</bind>
</comp>

<comp id="12" class="1001" name="const_12">
<pin_list>
<pin id="13" dir="1" index="0" bw="1" slack="0"/>
</pin_list>
<bind>
<StgValue><ssdm name="_ssdm_op_Read.ap_auto.double"/></StgValue>
</bind>
</comp>

<comp id="14" class="1001" name="const_14">
<pin_list>
<pin id="15" dir="1" index="0" bw="1" slack="0"/>
</pin_list>
<bind>
<StgValue><ssdm name=""/></StgValue>
</bind>
</comp>

<comp id="16" class="1001" name="const_16">
<pin_list>
<pin id="17" dir="1" index="0" bw="1" slack="0"/>
</pin_list>
<bind>
<StgValue><ssdm name=""/></StgValue>
</bind>
</comp>

<comp id="18" class="1001" name="const_18">
<pin_list>
<pin id="19" dir="1" index="0" bw="1" slack="2147483647"/>
</pin_list>
<bind>
<StgValue><ssdm name="_ssdm_op_SpecPipeline"/></StgValue>
</bind>
</comp>

<comp id="20" class="1001" name="const_20">
<pin_list>
<pin id="21" dir="1" index="0" bw="1" slack="2147483647"/>
</pin_list>
<bind>
<StgValue><ssdm name=""/></StgValue>
</bind>
</comp>

<comp id="22" class="1001" name="const_22">
<pin_list>
<pin id="23" dir="1" index="0" bw="1" slack="2147483647"/>
</pin_list>
<bind>
<StgValue><ssdm name=""/></StgValue>
</bind>
</comp>

<comp id="24" class="1001" name="const_24">
<pin_list>
<pin id="25" dir="1" index="0" bw="1" slack="2147483647"/>
</pin_list>
<bind>
<StgValue><ssdm name="p_str2"/></StgValue>
</bind>
</comp>

<comp id="26" class="1001" name="const_26">
<pin_list>
<pin id="27" dir="1" index="0" bw="1" slack="0"/>
</pin_list>
<bind>
<StgValue><ssdm name=""/></StgValue>
</bind>
</comp>

<comp id="28" class="1001" name="const_28">
<pin_list>
<pin id="29" dir="1" index="0" bw="1" slack="0"/>
</pin_list>
<bind>
<StgValue><ssdm name=""/></StgValue>
</bind>
</comp>

<comp id="30" class="1001" name="const_30">
<pin_list>
<pin id="31" dir="1" index="0" bw="1" slack="0"/>
</pin_list>
<bind>
<StgValue><ssdm name=""/></StgValue>
</bind>
</comp>

<comp id="32" class="1001" name="const_32">
<pin_list>
<pin id="33" dir="1" index="0" bw="1" slack="2147483647"/>
</pin_list>
<bind>
<StgValue><ssdm name="_ssdm_op_SpecLoopTripCount"/></StgValue>
</bind>
</comp>

<comp id="34" class="1001" name="const_34">
<pin_list>
<pin id="35" dir="1" index="0" bw="1" slack="2147483647"/>
</pin_list>
<bind>
<StgValue><ssdm name=""/></StgValue>
</bind>
</comp>

<comp id="36" class="1001" name="const_36">
<pin_list>
<pin id="37" dir="1" index="0" bw="1" slack="2147483647"/>
</pin_list>
<bind>
<StgValue><ssdm name="_ssdm_op_SpecLoopName"/></StgValue>
</bind>
</comp>

<comp id="38" class="1001" name="const_38">
<pin_list>
<pin id="39" dir="1" index="0" bw="1" slack="2147483647"/>
</pin_list>
<bind>
<StgValue><ssdm name="empty_4"/></StgValue>
</bind>
</comp>

<comp id="40" class="1001" name="const_40">
<pin_list>
<pin id="41" dir="1" index="0" bw="1" slack="0"/>
</pin_list>
<bind>
<StgValue><ssdm name="_ssdm_op_Write.ap_auto.doubleP0A"/></StgValue>
</bind>
</comp>

<comp id="42" class="1004" name="f_fu_42">
<pin_list>
<pin id="43" dir="0" index="0" bw="1" slack="0"/>
<pin id="44" dir="1" index="1" bw="64" slack="0"/>
</pin_list>
<bind>
<opcode="alloca(26) " fcode="alloca"/>
<opset="f/1 "/>
</bind>
</comp>

<comp id="46" class="1004" name="i_1_fu_46">
<pin_list>
<pin id="47" dir="0" index="0" bw="1" slack="0"/>
<pin id="48" dir="1" index="1" bw="11" slack="0"/>
</pin_list>
<bind>
<opcode="alloca(26) " fcode="alloca"/>
<opset="i_1/1 "/>
</bind>
</comp>

<comp id="50" class="1004" name="tmp_1_read_read_fu_50">
<pin_list>
<pin id="51" dir="0" index="0" bw="64" slack="0"/>
<pin id="52" dir="0" index="1" bw="64" slack="0"/>
<pin id="53" dir="1" index="2" bw="64" slack="3"/>
</pin_list>
<bind>
<opcode="read(1150) " fcode="read"/>
<opset="tmp_1_read/1 "/>
</bind>
</comp>

<comp id="56" class="1004" name="tmp_read_read_fu_56">
<pin_list>
<pin id="57" dir="0" index="0" bw="64" slack="0"/>
<pin id="58" dir="0" index="1" bw="64" slack="0"/>
<pin id="59" dir="1" index="2" bw="64" slack="4"/>
</pin_list>
<bind>
<opcode="read(1150) " fcode="read"/>
<opset="tmp_read/1 "/>
</bind>
</comp>

<comp id="62" class="1004" name="write_ln0_write_fu_62">
<pin_list>
<pin id="63" dir="0" index="0" bw="0" slack="0"/>
<pin id="64" dir="0" index="1" bw="64" slack="0"/>
<pin id="65" dir="0" index="2" bw="64" slack="0"/>
<pin id="66" dir="1" index="3" bw="0" slack="2147483647"/>
</pin_list>
<bind>
<opcode="write(1151) " fcode="write"/>
<opset="write_ln0/19 "/>
</bind>
</comp>

<comp id="69" class="1004" name="arrx_addr_gep_fu_69">
<pin_list>
<pin id="70" dir="0" index="0" bw="7" slack="0"/>
<pin id="71" dir="0" index="1" bw="1" slack="0"/>
<pin id="72" dir="0" index="2" bw="11" slack="0"/>
<pin id="73" dir="1" index="3" bw="10" slack="0"/>
</pin_list>
<bind>
<opcode="getelementptr(29) " fcode="getelementptr"/>
<opset="arrx_addr/1 "/>
</bind>
</comp>

<comp id="76" class="1004" name="grp_access_fu_76">
<pin_list>
<pin id="77" dir="0" index="0" bw="10" slack="0"/>
<pin id="78" dir="0" index="1" bw="7" slack="2147483647"/>
<pin id="79" dir="0" index="2" bw="0" slack="2147483647"/>
<pin id="80" dir="1" index="3" bw="7" slack="0"/>
</pin_list>
<bind>
<opcode="load(27) " fcode="load"/>
<opset="arrx_load/1 "/>
</bind>
</comp>

<comp id="82" class="1004" name="arry_addr_gep_fu_82">
<pin_list>
<pin id="83" dir="0" index="0" bw="12" slack="0"/>
<pin id="84" dir="0" index="1" bw="1" slack="0"/>
<pin id="85" dir="0" index="2" bw="11" slack="0"/>
<pin id="86" dir="1" index="3" bw="10" slack="0"/>
</pin_list>
<bind>
<opcode="getelementptr(29) " fcode="getelementptr"/>
<opset="arry_addr/1 "/>
</bind>
</comp>

<comp id="89" class="1004" name="grp_access_fu_89">
<pin_list>
<pin id="90" dir="0" index="0" bw="10" slack="0"/>
<pin id="91" dir="0" index="1" bw="12" slack="2147483647"/>
<pin id="92" dir="0" index="2" bw="0" slack="2147483647"/>
<pin id="93" dir="1" index="3" bw="12" slack="1"/>
</pin_list>
<bind>
<opcode="load(27) " fcode="load"/>
<opset="arry_load/1 "/>
</bind>
</comp>

<comp id="95" class="1004" name="grp_fu_95">
<pin_list>
<pin id="96" dir="0" index="0" bw="64" slack="0"/>
<pin id="97" dir="0" index="1" bw="64" slack="2"/>
<pin id="98" dir="1" index="2" bw="64" slack="0"/>
</pin_list>
<bind>
<opcode="dadd(508) dsub(509) " fcode="dadd"/>
<opset="sub_i/5 temp/9 f_1/19 "/>
</bind>
</comp>

<comp id="99" class="1004" name="grp_fu_99">
<pin_list>
<pin id="100" dir="0" index="0" bw="64" slack="2"/>
<pin id="101" dir="0" index="1" bw="64" slack="1"/>
<pin id="102" dir="1" index="2" bw="64" slack="2"/>
</pin_list>
<bind>
<opcode="dmul(510) " fcode="dmul"/>
<opset="mul_i5/4 tempSquared/14 "/>
</bind>
</comp>

<comp id="103" class="1004" name="grp_fu_103">
<pin_list>
<pin id="104" dir="0" index="0" bw="12" slack="0"/>
<pin id="105" dir="1" index="1" bw="64" slack="1"/>
</pin_list>
<bind>
<opcode="sitodp(517) " fcode="sitodp"/>
<opset="x/2 y/3 "/>
</bind>
</comp>

<comp id="106" class="1004" name="store_ln0_store_fu_106">
<pin_list>
<pin id="107" dir="0" index="0" bw="1" slack="0"/>
<pin id="108" dir="0" index="1" bw="11" slack="0"/>
<pin id="109" dir="1" index="2" bw="0" slack="2147483647"/>
</pin_list>
<bind>
<opcode="store(28) " fcode="store"/>
<opset="store_ln0/1 "/>
</bind>
</comp>

<comp id="111" class="1004" name="store_ln0_store_fu_111">
<pin_list>
<pin id="112" dir="0" index="0" bw="64" slack="0"/>
<pin id="113" dir="0" index="1" bw="64" slack="0"/>
<pin id="114" dir="1" index="2" bw="0" slack="2147483647"/>
</pin_list>
<bind>
<opcode="store(28) " fcode="store"/>
<opset="store_ln0/1 "/>
</bind>
</comp>

<comp id="116" class="1004" name="i_load_fu_116">
<pin_list>
<pin id="117" dir="0" index="0" bw="11" slack="0"/>
<pin id="118" dir="1" index="1" bw="11" slack="0"/>
</pin_list>
<bind>
<opcode="load(27) " fcode="load"/>
<opset="i/1 "/>
</bind>
</comp>

<comp id="119" class="1004" name="icmp_ln204_fu_119">
<pin_list>
<pin id="120" dir="0" index="0" bw="11" slack="0"/>
<pin id="121" dir="0" index="1" bw="11" slack="0"/>
<pin id="122" dir="1" index="2" bw="1" slack="1"/>
</pin_list>
<bind>
<opcode="icmp(45) " fcode="icmp"/>
<opset="icmp_ln204/1 "/>
</bind>
</comp>

<comp id="125" class="1004" name="add_ln204_fu_125">
<pin_list>
<pin id="126" dir="0" index="0" bw="11" slack="0"/>
<pin id="127" dir="0" index="1" bw="1" slack="0"/>
<pin id="128" dir="1" index="2" bw="11" slack="0"/>
</pin_list>
<bind>
<opcode="add(8) " fcode="add"/>
<opset="add_ln204/1 "/>
</bind>
</comp>

<comp id="131" class="1004" name="i_1_cast_fu_131">
<pin_list>
<pin id="132" dir="0" index="0" bw="11" slack="0"/>
<pin id="133" dir="1" index="1" bw="64" slack="0"/>
</pin_list>
<bind>
<opcode="zext(34) " fcode="zext"/>
<opset="i_1_cast/1 "/>
</bind>
</comp>

<comp id="137" class="1004" name="store_ln204_store_fu_137">
<pin_list>
<pin id="138" dir="0" index="0" bw="11" slack="0"/>
<pin id="139" dir="0" index="1" bw="11" slack="0"/>
<pin id="140" dir="1" index="2" bw="0" slack="2147483647"/>
</pin_list>
<bind>
<opcode="store(28) " fcode="store"/>
<opset="store_ln204/1 "/>
</bind>
</comp>

<comp id="142" class="1004" name="zext_ln206_fu_142">
<pin_list>
<pin id="143" dir="0" index="0" bw="7" slack="0"/>
<pin id="144" dir="1" index="1" bw="64" slack="0"/>
</pin_list>
<bind>
<opcode="zext(34) " fcode="zext"/>
<opset="zext_ln206/2 "/>
</bind>
</comp>

<comp id="147" class="1004" name="sext_ln207_fu_147">
<pin_list>
<pin id="148" dir="0" index="0" bw="12" slack="1"/>
<pin id="149" dir="1" index="1" bw="32" slack="0"/>
</pin_list>
<bind>
<opcode="sext(35) " fcode="sext"/>
<opset="sext_ln207/3 "/>
</bind>
</comp>

<comp id="151" class="1004" name="f_load_load_fu_151">
<pin_list>
<pin id="152" dir="0" index="0" bw="64" slack="18"/>
<pin id="153" dir="1" index="1" bw="64" slack="0"/>
</pin_list>
<bind>
<opcode="load(27) " fcode="load"/>
<opset="f_load/19 "/>
</bind>
</comp>

<comp id="155" class="1004" name="store_ln204_store_fu_155">
<pin_list>
<pin id="156" dir="0" index="0" bw="64" slack="0"/>
<pin id="157" dir="0" index="1" bw="64" slack="21"/>
<pin id="158" dir="1" index="2" bw="0" slack="2147483647"/>
</pin_list>
<bind>
<opcode="store(28) " fcode="store"/>
<opset="store_ln204/22 "/>
</bind>
</comp>

<comp id="160" class="1004" name="f_load_1_load_fu_160">
<pin_list>
<pin id="161" dir="0" index="0" bw="64" slack="18"/>
<pin id="162" dir="1" index="1" bw="64" slack="0"/>
</pin_list>
<bind>
<opcode="load(27) " fcode="load"/>
<opset="f_load_1/19 "/>
</bind>
</comp>

<comp id="164" class="1005" name="f_reg_164">
<pin_list>
<pin id="165" dir="0" index="0" bw="64" slack="0"/>
<pin id="166" dir="1" index="1" bw="64" slack="0"/>
</pin_list>
<bind>
<opset="f "/>
</bind>
</comp>

<comp id="172" class="1005" name="i_1_reg_172">
<pin_list>
<pin id="173" dir="0" index="0" bw="11" slack="0"/>
<pin id="174" dir="1" index="1" bw="11" slack="0"/>
</pin_list>
<bind>
<opset="i_1 "/>
</bind>
</comp>

<comp id="179" class="1005" name="tmp_1_read_reg_179">
<pin_list>
<pin id="180" dir="0" index="0" bw="64" slack="3"/>
<pin id="181" dir="1" index="1" bw="64" slack="3"/>
</pin_list>
<bind>
<opset="tmp_1_read "/>
</bind>
</comp>

<comp id="184" class="1005" name="tmp_read_reg_184">
<pin_list>
<pin id="185" dir="0" index="0" bw="64" slack="4"/>
<pin id="186" dir="1" index="1" bw="64" slack="4"/>
</pin_list>
<bind>
<opset="tmp_read "/>
</bind>
</comp>

<comp id="189" class="1005" name="icmp_ln204_reg_189">
<pin_list>
<pin id="190" dir="0" index="0" bw="1" slack="1"/>
<pin id="191" dir="1" index="1" bw="1" slack="2147483647"/>
</pin_list>
<bind>
<opset="icmp_ln204 "/>
</bind>
</comp>

<comp id="193" class="1005" name="arrx_addr_reg_193">
<pin_list>
<pin id="194" dir="0" index="0" bw="10" slack="1"/>
<pin id="195" dir="1" index="1" bw="10" slack="1"/>
</pin_list>
<bind>
<opset="arrx_addr "/>
</bind>
</comp>

<comp id="198" class="1005" name="arry_addr_reg_198">
<pin_list>
<pin id="199" dir="0" index="0" bw="10" slack="1"/>
<pin id="200" dir="1" index="1" bw="10" slack="1"/>
</pin_list>
<bind>
<opset="arry_addr "/>
</bind>
</comp>

<comp id="203" class="1005" name="zext_ln206_reg_203">
<pin_list>
<pin id="204" dir="0" index="0" bw="64" slack="1"/>
<pin id="205" dir="1" index="1" bw="64" slack="1"/>
</pin_list>
<bind>
<opset="zext_ln206 "/>
</bind>
</comp>

<comp id="208" class="1005" name="arry_load_reg_208">
<pin_list>
<pin id="209" dir="0" index="0" bw="12" slack="1"/>
<pin id="210" dir="1" index="1" bw="12" slack="1"/>
</pin_list>
<bind>
<opset="arry_load "/>
</bind>
</comp>

<comp id="213" class="1005" name="x_reg_213">
<pin_list>
<pin id="214" dir="0" index="0" bw="64" slack="1"/>
<pin id="215" dir="1" index="1" bw="64" slack="1"/>
</pin_list>
<bind>
<opset="x "/>
</bind>
</comp>

<comp id="218" class="1005" name="sext_ln207_reg_218">
<pin_list>
<pin id="219" dir="0" index="0" bw="32" slack="1"/>
<pin id="220" dir="1" index="1" bw="32" slack="1"/>
</pin_list>
<bind>
<opset="sext_ln207 "/>
</bind>
</comp>

<comp id="223" class="1005" name="y_reg_223">
<pin_list>
<pin id="224" dir="0" index="0" bw="64" slack="1"/>
<pin id="225" dir="1" index="1" bw="64" slack="1"/>
</pin_list>
<bind>
<opset="y "/>
</bind>
</comp>

<comp id="228" class="1005" name="mul_i5_reg_228">
<pin_list>
<pin id="229" dir="0" index="0" bw="64" slack="2"/>
<pin id="230" dir="1" index="1" bw="64" slack="2"/>
</pin_list>
<bind>
<opset="mul_i5 "/>
</bind>
</comp>

<comp id="233" class="1005" name="sub_i_reg_233">
<pin_list>
<pin id="234" dir="0" index="0" bw="64" slack="1"/>
<pin id="235" dir="1" index="1" bw="64" slack="1"/>
</pin_list>
<bind>
<opset="sub_i "/>
</bind>
</comp>

<comp id="238" class="1005" name="temp_reg_238">
<pin_list>
<pin id="239" dir="0" index="0" bw="64" slack="2"/>
<pin id="240" dir="1" index="1" bw="64" slack="2"/>
</pin_list>
<bind>
<opset="temp "/>
</bind>
</comp>

<comp id="244" class="1005" name="tempSquared_reg_244">
<pin_list>
<pin id="245" dir="0" index="0" bw="64" slack="2"/>
<pin id="246" dir="1" index="1" bw="64" slack="2"/>
</pin_list>
<bind>
<opset="tempSquared "/>
</bind>
</comp>

<comp id="249" class="1005" name="f_load_reg_249">
<pin_list>
<pin id="250" dir="0" index="0" bw="64" slack="1"/>
<pin id="251" dir="1" index="1" bw="64" slack="1"/>
</pin_list>
<bind>
<opset="f_load "/>
</bind>
</comp>

</comp_list>

<net_list>
<net id="45"><net_src comp="10" pin="0"/><net_sink comp="42" pin=0"/></net>

<net id="49"><net_src comp="10" pin="0"/><net_sink comp="46" pin=0"/></net>

<net id="54"><net_src comp="12" pin="0"/><net_sink comp="50" pin=0"/></net>

<net id="55"><net_src comp="6" pin="0"/><net_sink comp="50" pin=1"/></net>

<net id="60"><net_src comp="12" pin="0"/><net_sink comp="56" pin=0"/></net>

<net id="61"><net_src comp="4" pin="0"/><net_sink comp="56" pin=1"/></net>

<net id="67"><net_src comp="40" pin="0"/><net_sink comp="62" pin=0"/></net>

<net id="68"><net_src comp="8" pin="0"/><net_sink comp="62" pin=1"/></net>

<net id="74"><net_src comp="0" pin="0"/><net_sink comp="69" pin=0"/></net>

<net id="75"><net_src comp="30" pin="0"/><net_sink comp="69" pin=1"/></net>

<net id="81"><net_src comp="69" pin="3"/><net_sink comp="76" pin=0"/></net>

<net id="87"><net_src comp="2" pin="0"/><net_sink comp="82" pin=0"/></net>

<net id="88"><net_src comp="30" pin="0"/><net_sink comp="82" pin=1"/></net>

<net id="94"><net_src comp="82" pin="3"/><net_sink comp="89" pin=0"/></net>

<net id="110"><net_src comp="14" pin="0"/><net_sink comp="106" pin=0"/></net>

<net id="115"><net_src comp="16" pin="0"/><net_sink comp="111" pin=0"/></net>

<net id="123"><net_src comp="116" pin="1"/><net_sink comp="119" pin=0"/></net>

<net id="124"><net_src comp="26" pin="0"/><net_sink comp="119" pin=1"/></net>

<net id="129"><net_src comp="116" pin="1"/><net_sink comp="125" pin=0"/></net>

<net id="130"><net_src comp="28" pin="0"/><net_sink comp="125" pin=1"/></net>

<net id="134"><net_src comp="116" pin="1"/><net_sink comp="131" pin=0"/></net>

<net id="135"><net_src comp="131" pin="1"/><net_sink comp="69" pin=2"/></net>

<net id="136"><net_src comp="131" pin="1"/><net_sink comp="82" pin=2"/></net>

<net id="141"><net_src comp="125" pin="2"/><net_sink comp="137" pin=0"/></net>

<net id="145"><net_src comp="76" pin="3"/><net_sink comp="142" pin=0"/></net>

<net id="146"><net_src comp="142" pin="1"/><net_sink comp="103" pin=0"/></net>

<net id="150"><net_src comp="147" pin="1"/><net_sink comp="103" pin=0"/></net>

<net id="154"><net_src comp="151" pin="1"/><net_sink comp="95" pin=0"/></net>

<net id="159"><net_src comp="95" pin="2"/><net_sink comp="155" pin=0"/></net>

<net id="163"><net_src comp="160" pin="1"/><net_sink comp="62" pin=2"/></net>

<net id="167"><net_src comp="42" pin="1"/><net_sink comp="164" pin=0"/></net>

<net id="168"><net_src comp="164" pin="1"/><net_sink comp="111" pin=1"/></net>

<net id="169"><net_src comp="164" pin="1"/><net_sink comp="151" pin=0"/></net>

<net id="170"><net_src comp="164" pin="1"/><net_sink comp="155" pin=1"/></net>

<net id="171"><net_src comp="164" pin="1"/><net_sink comp="160" pin=0"/></net>

<net id="175"><net_src comp="46" pin="1"/><net_sink comp="172" pin=0"/></net>

<net id="176"><net_src comp="172" pin="1"/><net_sink comp="106" pin=1"/></net>

<net id="177"><net_src comp="172" pin="1"/><net_sink comp="116" pin=0"/></net>

<net id="178"><net_src comp="172" pin="1"/><net_sink comp="137" pin=1"/></net>

<net id="182"><net_src comp="50" pin="2"/><net_sink comp="179" pin=0"/></net>

<net id="183"><net_src comp="179" pin="1"/><net_sink comp="99" pin=0"/></net>

<net id="187"><net_src comp="56" pin="2"/><net_sink comp="184" pin=0"/></net>

<net id="188"><net_src comp="184" pin="1"/><net_sink comp="95" pin=1"/></net>

<net id="192"><net_src comp="119" pin="2"/><net_sink comp="189" pin=0"/></net>

<net id="196"><net_src comp="69" pin="3"/><net_sink comp="193" pin=0"/></net>

<net id="197"><net_src comp="193" pin="1"/><net_sink comp="76" pin=0"/></net>

<net id="201"><net_src comp="82" pin="3"/><net_sink comp="198" pin=0"/></net>

<net id="202"><net_src comp="198" pin="1"/><net_sink comp="89" pin=0"/></net>

<net id="206"><net_src comp="142" pin="1"/><net_sink comp="203" pin=0"/></net>

<net id="207"><net_src comp="203" pin="1"/><net_sink comp="103" pin=0"/></net>

<net id="211"><net_src comp="89" pin="3"/><net_sink comp="208" pin=0"/></net>

<net id="212"><net_src comp="208" pin="1"/><net_sink comp="147" pin=0"/></net>

<net id="216"><net_src comp="103" pin="1"/><net_sink comp="213" pin=0"/></net>

<net id="217"><net_src comp="213" pin="1"/><net_sink comp="99" pin=1"/></net>

<net id="221"><net_src comp="147" pin="1"/><net_sink comp="218" pin=0"/></net>

<net id="222"><net_src comp="218" pin="1"/><net_sink comp="103" pin=0"/></net>

<net id="226"><net_src comp="103" pin="1"/><net_sink comp="223" pin=0"/></net>

<net id="227"><net_src comp="223" pin="1"/><net_sink comp="95" pin=0"/></net>

<net id="231"><net_src comp="99" pin="2"/><net_sink comp="228" pin=0"/></net>

<net id="232"><net_src comp="228" pin="1"/><net_sink comp="95" pin=1"/></net>

<net id="236"><net_src comp="95" pin="2"/><net_sink comp="233" pin=0"/></net>

<net id="237"><net_src comp="233" pin="1"/><net_sink comp="95" pin=0"/></net>

<net id="241"><net_src comp="95" pin="2"/><net_sink comp="238" pin=0"/></net>

<net id="242"><net_src comp="238" pin="1"/><net_sink comp="99" pin=0"/></net>

<net id="243"><net_src comp="238" pin="1"/><net_sink comp="99" pin=1"/></net>

<net id="247"><net_src comp="99" pin="2"/><net_sink comp="244" pin=0"/></net>

<net id="248"><net_src comp="244" pin="1"/><net_sink comp="95" pin=1"/></net>

<net id="252"><net_src comp="151" pin="1"/><net_sink comp="249" pin=0"/></net>

<net id="253"><net_src comp="249" pin="1"/><net_sink comp="95" pin=0"/></net>

</net_list>

</model> 
---------------- Datapath Model END ------------------

* FSMD analyzer results:
  - Output states:
	Port: arrx | {}
	Port: arry | {}
	Port: f_out | {19 }
 - Input state : 
	Port: fit_Pipeline_VITIS_LOOP_204_1 : arrx | {1 2 }
	Port: fit_Pipeline_VITIS_LOOP_204_1 : arry | {1 2 }
	Port: fit_Pipeline_VITIS_LOOP_204_1 : tmp | {1 }
	Port: fit_Pipeline_VITIS_LOOP_204_1 : tmp_1 | {1 }
  - Chain level:
	State 1
		store_ln0 : 1
		store_ln0 : 1
		i : 1
		icmp_ln204 : 2
		add_ln204 : 2
		br_ln204 : 3
		i_1_cast : 2
		arrx_addr : 3
		arrx_load : 4
		arry_addr : 3
		arry_load : 4
		store_ln204 : 3
	State 2
		zext_ln206 : 1
		x : 2
	State 3
		y : 1
	State 4
	State 5
	State 6
	State 7
	State 8
	State 9
	State 10
	State 11
	State 12
	State 13
	State 14
	State 15
	State 16
	State 17
	State 18
	State 19
		f_1 : 1
		write_ln0 : 1
	State 20
	State 21
	State 22
		store_ln204 : 1


============================================================
+ Verbose Summary: Datapath Resource usage 
============================================================

* Functional unit list:
|----------|-----------------------|---------|---------|---------|
| Operation|    Functional Unit    |   DSP   |    FF   |   LUT   |
|----------|-----------------------|---------|---------|---------|
|   dadd   |       grp_fu_95       |    3    |   430   |   710   |
|----------|-----------------------|---------|---------|---------|
|   dmul   |       grp_fu_99       |    8    |   275   |   107   |
|----------|-----------------------|---------|---------|---------|
|   icmp   |   icmp_ln204_fu_119   |    0    |    0    |    18   |
|----------|-----------------------|---------|---------|---------|
|    add   |    add_ln204_fu_125   |    0    |    0    |    18   |
|----------|-----------------------|---------|---------|---------|
|   read   | tmp_1_read_read_fu_50 |    0    |    0    |    0    |
|          |  tmp_read_read_fu_56  |    0    |    0    |    0    |
|----------|-----------------------|---------|---------|---------|
|   write  | write_ln0_write_fu_62 |    0    |    0    |    0    |
|----------|-----------------------|---------|---------|---------|
|  sitodp  |       grp_fu_103      |    0    |    0    |    0    |
|----------|-----------------------|---------|---------|---------|
|   zext   |    i_1_cast_fu_131    |    0    |    0    |    0    |
|          |   zext_ln206_fu_142   |    0    |    0    |    0    |
|----------|-----------------------|---------|---------|---------|
|   sext   |   sext_ln207_fu_147   |    0    |    0    |    0    |
|----------|-----------------------|---------|---------|---------|
|   Total  |                       |    11   |   705   |   853   |
|----------|-----------------------|---------|---------|---------|

Memories:
N/A

* Register list:
+-------------------+--------+
|                   |   FF   |
+-------------------+--------+
| arrx_addr_reg_193 |   10   |
| arry_addr_reg_198 |   10   |
| arry_load_reg_208 |   12   |
|   f_load_reg_249  |   64   |
|     f_reg_164     |   64   |
|    i_1_reg_172    |   11   |
| icmp_ln204_reg_189|    1   |
|   mul_i5_reg_228  |   64   |
| sext_ln207_reg_218|   32   |
|   sub_i_reg_233   |   64   |
|tempSquared_reg_244|   64   |
|    temp_reg_238   |   64   |
| tmp_1_read_reg_179|   64   |
|  tmp_read_reg_184 |   64   |
|     x_reg_213     |   64   |
|     y_reg_223     |   64   |
| zext_ln206_reg_203|   64   |
+-------------------+--------+
|       Total       |   780  |
+-------------------+--------+

* Multiplexer (MUX) list: 
|------------------|------|------|------|--------||---------||---------|
|       Comp       |  Pin | Size |  BW  | S x BW ||  Delay  ||   LUT   |
|------------------|------|------|------|--------||---------||---------|
| grp_access_fu_76 |  p0  |   2  |  10  |   20   ||    9    |
| grp_access_fu_89 |  p0  |   2  |  10  |   20   ||    9    |
|     grp_fu_95    |  p0  |   4  |  64  |   256  ||    20   |
|     grp_fu_95    |  p1  |   3  |  64  |   192  ||    14   |
|     grp_fu_99    |  p0  |   2  |  64  |   128  ||    9    |
|     grp_fu_99    |  p1  |   2  |  64  |   128  ||    9    |
|    grp_fu_103    |  p0  |   4  |  12  |   48   ||    20   |
|------------------|------|------|------|--------||---------||---------|
|       Total      |      |      |      |   792  || 3.43071 ||    90   |
|------------------|------|------|------|--------||---------||---------|



* Summary:
+-----------+--------+--------+--------+--------+
|           |   DSP  |  Delay |   FF   |   LUT  |
+-----------+--------+--------+--------+--------+
|  Function |   11   |    -   |   705  |   853  |
|   Memory  |    -   |    -   |    -   |    -   |
|Multiplexer|    -   |    3   |    -   |   90   |
|  Register |    -   |    -   |   780  |    -   |
+-----------+--------+--------+--------+--------+
|   Total   |   11   |    3   |  1485  |   943  |
+-----------+--------+--------+--------+--------+
