

================================================================
== Vitis HLS Report for 'fit_Pipeline_VITIS_LOOP_148_1'
================================================================
* Date:           Thu Feb 27 15:25:25 2025

* Version:        2023.1 (Build 3854077 on May  4 2023)
* Project:        hls_fit
* Solution:       solution1 (Vitis Kernel Flow Target)
* Product family: virtexuplus
* Target device:  xcvu11p-flga2577-1-e


================================================================
== Performance Estimates
================================================================
+ Timing: 
    * Summary: 
    +--------+----------+----------+------------+
    |  Clock |  Target  | Estimated| Uncertainty|
    +--------+----------+----------+------------+
    |ap_clk  |  10.00 ns|  7.158 ns|     2.70 ns|
    +--------+----------+----------+------------+

+ Latency: 
    * Summary: 
    +---------+---------+----------+-----------+-----+------+---------+
    |  Latency (cycles) |  Latency (absolute)  |  Interval  | Pipeline|
    |   min   |   max   |    min   |    max    | min |  max |   Type  |
    +---------+---------+----------+-----------+-----+------+---------+
    |      309|     1353|  3.090 us|  13.530 us|  309|  1353|       no|
    +---------+---------+----------+-----------+-----+------+---------+

    + Detail: 
        * Instance: 
        N/A

        * Loop: 
        +--------------------+---------+---------+----------+-----------+-----------+----------+----------+
        |                    |  Latency (cycles) | Iteration|  Initiation Interval  |   Trip   |          |
        |      Loop Name     |   min   |   max   |  Latency |  achieved |   target  |   Count  | Pipelined|
        +--------------------+---------+---------+----------+-----------+-----------+----------+----------+
        |- VITIS_LOOP_148_1  |      307|     1351|        29|          3|          1|  94 ~ 442|       yes|
        +--------------------+---------+---------+----------+-----------+-----------+----------+----------+

============================================================
+ Verbose Summary: Synthesis Manager
============================================================
InlineROM: 1
ExposeGlobal: 0
============================================================
+ Verbose Summary: CDFG Model
============================================================
IsTopModel: 0
ResetActiveHigh: 1
IsCombinational: 0
IsDatapathOnly: 0
HasWiredReturn: 1
HasMFsm: 2
HasVarLatency: 1
IsPipeline: 0
IsRtlPipelined: 0
IsInstanceOverlapped: 0
IsDontTouch: 0
HasImplIP: 0
IsGatedGlobalClock: 0

+ Individual pipeline summary: 
  * Pipeline-0: initiation interval (II) = 3, depth = 29


============================================================
+ Verbose Summary: Schedule
============================================================
* Number of FSM states : 29
* Pipeline : 1
  Pipeline-0 : II = 3, D = 29, States = { 1 2 3 4 5 6 7 8 9 10 11 12 13 14 15 16 17 18 19 20 21 22 23 24 25 26 27 28 29 }
* Dataflow Pipeline: 0

* FSM state transitions: 
1 --> 2 
2 --> 3 
3 --> 4 
4 --> 5 
5 --> 6 
6 --> 7 
7 --> 8 
8 --> 9 
9 --> 10 
10 --> 11 
11 --> 12 
12 --> 13 
13 --> 14 
14 --> 15 
15 --> 16 
16 --> 17 
17 --> 18 
18 --> 19 
19 --> 20 
20 --> 21 
21 --> 22 
22 --> 23 
23 --> 24 
24 --> 25 
25 --> 26 
26 --> 27 
27 --> 28 
28 --> 29 
29 --> 

* FSM state operations: 

State 1 <SV = 0> <Delay = 1.36>
ST_1 : Operation 32 [1/1] (0.00ns)   --->   "%term2 = alloca i32 1"   --->   Operation 32 'alloca' 'term2' <Predicate = true> <Delay = 0.00>
ST_1 : Operation 33 [1/1] (0.00ns)   --->   "%Stt = alloca i32 1"   --->   Operation 33 'alloca' 'Stt' <Predicate = true> <Delay = 0.00>
ST_1 : Operation 34 [1/1] (0.00ns)   --->   "%i = alloca i32 1"   --->   Operation 34 'alloca' 'i' <Predicate = true> <Delay = 0.00>
ST_1 : Operation 35 [1/1] (0.00ns)   --->   "%tmp_1_read = read i64 @_ssdm_op_Read.ap_auto.double, i64 %tmp_1"   --->   Operation 35 'read' 'tmp_1_read' <Predicate = true> <Delay = 0.00>
ST_1 : Operation 36 [1/1] (0.00ns)   --->   "%tmp_read = read i64 @_ssdm_op_Read.ap_auto.double, i64 %tmp"   --->   Operation 36 'read' 'tmp_read' <Predicate = true> <Delay = 0.00>
ST_1 : Operation 37 [1/1] (0.00ns)   --->   "%SxoS_read = read i64 @_ssdm_op_Read.ap_auto.double, i64 %SxoS"   --->   Operation 37 'read' 'SxoS_read' <Predicate = true> <Delay = 0.00>
ST_1 : Operation 38 [1/1] (0.00ns)   --->   "%size_read = read i9 @_ssdm_op_Read.ap_auto.i9, i9 %size"   --->   Operation 38 'read' 'size_read' <Predicate = true> <Delay = 0.00>
ST_1 : Operation 39 [1/1] (0.46ns)   --->   "%store_ln0 = store i9 0, i9 %i"   --->   Operation 39 'store' 'store_ln0' <Predicate = true> <Delay = 0.46>
ST_1 : Operation 40 [1/1] (0.46ns)   --->   "%store_ln0 = store i64 0, i64 %Stt"   --->   Operation 40 'store' 'store_ln0' <Predicate = true> <Delay = 0.46>
ST_1 : Operation 41 [1/1] (0.46ns)   --->   "%store_ln0 = store i64 0, i64 %term2"   --->   Operation 41 'store' 'store_ln0' <Predicate = true> <Delay = 0.46>
ST_1 : Operation 42 [1/1] (0.00ns)   --->   "%br_ln0 = br void %for.inc.i21"   --->   Operation 42 'br' 'br_ln0' <Predicate = true> <Delay = 0.00>
ST_1 : Operation 43 [1/1] (0.00ns)   --->   "%i_3 = load i9 %i" [main.cpp:148->main.cpp:272]   --->   Operation 43 'load' 'i_3' <Predicate = true> <Delay = 0.00>
ST_1 : Operation 44 [1/1] (0.00ns)   --->   "%specpipeline_ln0 = specpipeline void @_ssdm_op_SpecPipeline, i32 4294967295, i32 0, i32 1, i32 0, void @p_str5"   --->   Operation 44 'specpipeline' 'specpipeline_ln0' <Predicate = true> <Delay = 0.00>
ST_1 : Operation 45 [1/1] (0.90ns)   --->   "%icmp_ln148 = icmp_eq  i9 %i_3, i9 %size_read" [main.cpp:148->main.cpp:272]   --->   Operation 45 'icmp' 'icmp_ln148' <Predicate = true> <Delay = 0.90> <CoreInst = "Cmp">   --->   Core 9 'Cmp' <Latency = 0> <II = 1> <Delay = 0.90> <FuncUnit> <Opcode : 'icmp'> <InPorts = 2> <OutPorts = 1>
ST_1 : Operation 46 [1/1] (0.00ns)   --->   "%speclooptripcount_ln0 = speclooptripcount void @_ssdm_op_SpecLoopTripCount, i64 94, i64 442, i64 0"   --->   Operation 46 'speclooptripcount' 'speclooptripcount_ln0' <Predicate = true> <Delay = 0.00>
ST_1 : Operation 47 [1/1] (0.90ns)   --->   "%add_ln148 = add i9 %i_3, i9 1" [main.cpp:148->main.cpp:272]   --->   Operation 47 'add' 'add_ln148' <Predicate = true> <Delay = 0.90> <CoreInst = "Adder">   --->   Core 1 'Adder' <Latency = 0> <II = 1> <Delay = 0.90> <FuncUnit> <Opcode : 'add' 'sub'> <InPorts = 2> <OutPorts = 1>
ST_1 : Operation 48 [1/1] (0.00ns)   --->   "%br_ln148 = br i1 %icmp_ln148, void %for.inc.i21.split, void %calc_chi_squared.exit.exitStub" [main.cpp:148->main.cpp:272]   --->   Operation 48 'br' 'br_ln148' <Predicate = true> <Delay = 0.00>
ST_1 : Operation 49 [1/1] (0.00ns)   --->   "%i_4_cast = zext i9 %i_3" [main.cpp:148->main.cpp:272]   --->   Operation 49 'zext' 'i_4_cast' <Predicate = (!icmp_ln148)> <Delay = 0.00>
ST_1 : Operation 50 [1/1] (0.00ns)   --->   "%arrx_addr = getelementptr i7 %arrx, i64 0, i64 %i_4_cast" [main.cpp:150->main.cpp:272]   --->   Operation 50 'getelementptr' 'arrx_addr' <Predicate = (!icmp_ln148)> <Delay = 0.00>
ST_1 : Operation 51 [2/2] (1.29ns)   --->   "%arrx_load = load i10 %arrx_addr" [main.cpp:150->main.cpp:272]   --->   Operation 51 'load' 'arrx_load' <Predicate = (!icmp_ln148)> <Delay = 1.29> <CoreInst = "RAM">   --->   Core 83 'RAM' <Latency = 1> <II = 1> <Delay = 1.29> <Storage> <Opcode : 'load' 'store'> <Ports = 2> <Width = 7> <Depth = 1024> <RAM>
ST_1 : Operation 52 [1/1] (0.00ns)   --->   "%arry_addr = getelementptr i12 %arry, i64 0, i64 %i_4_cast" [main.cpp:151->main.cpp:272]   --->   Operation 52 'getelementptr' 'arry_addr' <Predicate = (!icmp_ln148)> <Delay = 0.00>
ST_1 : Operation 53 [2/2] (1.29ns)   --->   "%arry_load = load i10 %arry_addr" [main.cpp:151->main.cpp:272]   --->   Operation 53 'load' 'arry_load' <Predicate = (!icmp_ln148)> <Delay = 1.29> <CoreInst = "RAM">   --->   Core 83 'RAM' <Latency = 1> <II = 1> <Delay = 1.29> <Storage> <Opcode : 'load' 'store'> <Ports = 2> <Width = 12> <Depth = 1024> <RAM>
ST_1 : Operation 54 [1/1] (0.00ns)   --->   "%arrsigs_addr = getelementptr i6 %arrsigs, i64 0, i64 %i_4_cast" [main.cpp:152->main.cpp:272]   --->   Operation 54 'getelementptr' 'arrsigs_addr' <Predicate = (!icmp_ln148)> <Delay = 0.00>
ST_1 : Operation 55 [2/2] (1.29ns)   --->   "%arrsigs_load = load i10 %arrsigs_addr" [main.cpp:152->main.cpp:272]   --->   Operation 55 'load' 'arrsigs_load' <Predicate = (!icmp_ln148)> <Delay = 1.29> <CoreInst = "RAM">   --->   Core 83 'RAM' <Latency = 1> <II = 1> <Delay = 1.29> <Storage> <Opcode : 'load' 'store'> <Ports = 2> <Width = 6> <Depth = 1024> <RAM>
ST_1 : Operation 56 [1/1] (0.46ns)   --->   "%store_ln148 = store i9 %add_ln148, i9 %i" [main.cpp:148->main.cpp:272]   --->   Operation 56 'store' 'store_ln148' <Predicate = (!icmp_ln148)> <Delay = 0.46>

State 2 <SV = 1> <Delay = 6.94>
ST_2 : Operation 57 [1/2] (1.29ns)   --->   "%arrx_load = load i10 %arrx_addr" [main.cpp:150->main.cpp:272]   --->   Operation 57 'load' 'arrx_load' <Predicate = (!icmp_ln148)> <Delay = 1.29> <CoreInst = "RAM">   --->   Core 83 'RAM' <Latency = 1> <II = 1> <Delay = 1.29> <Storage> <Opcode : 'load' 'store'> <Ports = 2> <Width = 7> <Depth = 1024> <RAM>
ST_2 : Operation 58 [1/2] (1.29ns)   --->   "%arry_load = load i10 %arry_addr" [main.cpp:151->main.cpp:272]   --->   Operation 58 'load' 'arry_load' <Predicate = (!icmp_ln148)> <Delay = 1.29> <CoreInst = "RAM">   --->   Core 83 'RAM' <Latency = 1> <II = 1> <Delay = 1.29> <Storage> <Opcode : 'load' 'store'> <Ports = 2> <Width = 12> <Depth = 1024> <RAM>
ST_2 : Operation 59 [1/2] (1.29ns)   --->   "%arrsigs_load = load i10 %arrsigs_addr" [main.cpp:152->main.cpp:272]   --->   Operation 59 'load' 'arrsigs_load' <Predicate = (!icmp_ln148)> <Delay = 1.29> <CoreInst = "RAM">   --->   Core 83 'RAM' <Latency = 1> <II = 1> <Delay = 1.29> <Storage> <Opcode : 'load' 'store'> <Ports = 2> <Width = 6> <Depth = 1024> <RAM>
ST_2 : Operation 60 [1/1] (0.00ns)   --->   "%zext_ln152 = zext i6 %arrsigs_load" [main.cpp:152->main.cpp:272]   --->   Operation 60 'zext' 'zext_ln152' <Predicate = (!icmp_ln148)> <Delay = 0.00>
ST_2 : [1/1] (0.75ns)   --->   Input mux for Operation 61 '%sig = sitodp i64 %zext_ln152'
ST_2 : Operation 61 [2/2] (4.89ns)   --->   "%sig = sitodp i64 %zext_ln152" [main.cpp:152->main.cpp:272]   --->   Operation 61 'sitodp' 'sig' <Predicate = (!icmp_ln148)> <Delay = 4.89> <CoreInst = "Int2Double">   --->   Core 66 'Int2Double' <Latency = 1> <II = 1> <Delay = 5.65> <FuncUnit> <Opcode : 'sitodp' 'uitodp'> <InPorts = 1> <OutPorts = 1>

State 3 <SV = 2> <Delay = 5.65>
ST_3 : Operation 62 [1/1] (0.00ns)   --->   "%zext_ln150 = zext i7 %arrx_load" [main.cpp:150->main.cpp:272]   --->   Operation 62 'zext' 'zext_ln150' <Predicate = (!icmp_ln148)> <Delay = 0.00>
ST_3 : [1/1] (0.75ns)   --->   Input mux for Operation 63 '%x = sitodp i64 %zext_ln150'
ST_3 : Operation 63 [2/2] (4.89ns)   --->   "%x = sitodp i64 %zext_ln150" [main.cpp:150->main.cpp:272]   --->   Operation 63 'sitodp' 'x' <Predicate = (!icmp_ln148)> <Delay = 4.89> <CoreInst = "Int2Double">   --->   Core 66 'Int2Double' <Latency = 1> <II = 1> <Delay = 5.65> <FuncUnit> <Opcode : 'sitodp' 'uitodp'> <InPorts = 1> <OutPorts = 1>
ST_3 : Operation 64 [1/2] (5.65ns)   --->   "%sig = sitodp i64 %zext_ln152" [main.cpp:152->main.cpp:272]   --->   Operation 64 'sitodp' 'sig' <Predicate = (!icmp_ln148)> <Delay = 5.65> <CoreInst = "Int2Double">   --->   Core 66 'Int2Double' <Latency = 1> <II = 1> <Delay = 5.65> <FuncUnit> <Opcode : 'sitodp' 'uitodp'> <InPorts = 1> <OutPorts = 1>

State 4 <SV = 3> <Delay = 7.15>
ST_4 : Operation 65 [1/2] (5.65ns)   --->   "%x = sitodp i64 %zext_ln150" [main.cpp:150->main.cpp:272]   --->   Operation 65 'sitodp' 'x' <Predicate = true> <Delay = 5.65> <CoreInst = "Int2Double">   --->   Core 66 'Int2Double' <Latency = 1> <II = 1> <Delay = 5.65> <FuncUnit> <Opcode : 'sitodp' 'uitodp'> <InPorts = 1> <OutPorts = 1>
ST_4 : Operation 66 [1/1] (0.00ns)   --->   "%sext_ln151 = sext i12 %arry_load" [main.cpp:151->main.cpp:272]   --->   Operation 66 'sext' 'sext_ln151' <Predicate = true> <Delay = 0.00>
ST_4 : [1/1] (0.46ns)   --->   Input mux for Operation 67 '%y = sitodp i32 %sext_ln151'
ST_4 : Operation 67 [2/2] (5.19ns)   --->   "%y = sitodp i32 %sext_ln151" [main.cpp:151->main.cpp:272]   --->   Operation 67 'sitodp' 'y' <Predicate = true> <Delay = 5.19> <CoreInst = "Int2Double">   --->   Core 66 'Int2Double' <Latency = 1> <II = 1> <Delay = 5.65> <FuncUnit> <Opcode : 'sitodp' 'uitodp'> <InPorts = 1> <OutPorts = 1>
ST_4 : [1/1] (0.75ns)   --->   Input mux for Operation 68 '%overSig = ddiv i64 1, i64 %sig'
ST_4 : Operation 68 [13/13] (6.40ns)   --->   "%overSig = ddiv i64 1, i64 %sig" [main.cpp:153->main.cpp:272]   --->   Operation 68 'ddiv' 'overSig' <Predicate = true> <Delay = 6.40> <CoreInst = "DDiv">   --->   Core 39 'DDiv' <Latency = 12> <II = 1> <Delay = 7.15> <FuncUnit> <Opcode : 'ddiv' 'drem'> <InPorts = 2> <OutPorts = 1>

State 5 <SV = 4> <Delay = 7.15>
ST_5 : Operation 69 [1/2] (5.65ns)   --->   "%y = sitodp i32 %sext_ln151" [main.cpp:151->main.cpp:272]   --->   Operation 69 'sitodp' 'y' <Predicate = true> <Delay = 5.65> <CoreInst = "Int2Double">   --->   Core 66 'Int2Double' <Latency = 1> <II = 1> <Delay = 5.65> <FuncUnit> <Opcode : 'sitodp' 'uitodp'> <InPorts = 1> <OutPorts = 1>
ST_5 : Operation 70 [12/13] (7.15ns)   --->   "%overSig = ddiv i64 1, i64 %sig" [main.cpp:153->main.cpp:272]   --->   Operation 70 'ddiv' 'overSig' <Predicate = true> <Delay = 7.15> <CoreInst = "DDiv">   --->   Core 39 'DDiv' <Latency = 12> <II = 1> <Delay = 7.15> <FuncUnit> <Opcode : 'ddiv' 'drem'> <InPorts = 2> <OutPorts = 1>
ST_5 : [1/1] (0.58ns)   --->   Input mux for Operation 71 '%sub12_i = dsub i64 %x, i64 %SxoS_read'
ST_5 : Operation 71 [4/4] (4.57ns)   --->   "%sub12_i = dsub i64 %x, i64 %SxoS_read" [main.cpp:157->main.cpp:272]   --->   Operation 71 'dsub' 'sub12_i' <Predicate = true> <Delay = 4.57> <CoreInst = "DAddSub_fulldsp">   --->   Core 37 'DAddSub_fulldsp' <Latency = 3> <II = 1> <Delay = 5.15> <FuncUnit> <Opcode : 'dadd' 'dsub'> <InPorts = 2> <OutPorts = 1>
ST_5 : [1/1] (0.65ns)   --->   Input mux for Operation 72 '%mul16_i = dmul i64 %tmp_1_read, i64 %x'
ST_5 : Operation 72 [4/4] (4.92ns)   --->   "%mul16_i = dmul i64 %tmp_1_read, i64 %x" [main.cpp:161->main.cpp:272]   --->   Operation 72 'dmul' 'mul16_i' <Predicate = true> <Delay = 4.92> <CoreInst = "DMul_maxdsp">   --->   Core 49 'DMul_maxdsp' <Latency = 3> <II = 1> <Delay = 5.58> <FuncUnit> <Opcode : 'dmul'> <InPorts = 2> <OutPorts = 1>

State 6 <SV = 5> <Delay = 7.15>
ST_6 : Operation 73 [11/13] (7.15ns)   --->   "%overSig = ddiv i64 1, i64 %sig" [main.cpp:153->main.cpp:272]   --->   Operation 73 'ddiv' 'overSig' <Predicate = true> <Delay = 7.15> <CoreInst = "DDiv">   --->   Core 39 'DDiv' <Latency = 12> <II = 1> <Delay = 7.15> <FuncUnit> <Opcode : 'ddiv' 'drem'> <InPorts = 2> <OutPorts = 1>
ST_6 : Operation 74 [3/4] (5.15ns)   --->   "%sub12_i = dsub i64 %x, i64 %SxoS_read" [main.cpp:157->main.cpp:272]   --->   Operation 74 'dsub' 'sub12_i' <Predicate = true> <Delay = 5.15> <CoreInst = "DAddSub_fulldsp">   --->   Core 37 'DAddSub_fulldsp' <Latency = 3> <II = 1> <Delay = 5.15> <FuncUnit> <Opcode : 'dadd' 'dsub'> <InPorts = 2> <OutPorts = 1>
ST_6 : [1/1] (0.58ns)   --->   Input mux for Operation 75 '%sub15_i = dsub i64 %y, i64 %tmp_read'
ST_6 : Operation 75 [4/4] (4.57ns)   --->   "%sub15_i = dsub i64 %y, i64 %tmp_read" [main.cpp:161->main.cpp:272]   --->   Operation 75 'dsub' 'sub15_i' <Predicate = true> <Delay = 4.57> <CoreInst = "DAddSub_fulldsp">   --->   Core 37 'DAddSub_fulldsp' <Latency = 3> <II = 1> <Delay = 5.15> <FuncUnit> <Opcode : 'dadd' 'dsub'> <InPorts = 2> <OutPorts = 1>
ST_6 : Operation 76 [3/4] (5.58ns)   --->   "%mul16_i = dmul i64 %tmp_1_read, i64 %x" [main.cpp:161->main.cpp:272]   --->   Operation 76 'dmul' 'mul16_i' <Predicate = true> <Delay = 5.58> <CoreInst = "DMul_maxdsp">   --->   Core 49 'DMul_maxdsp' <Latency = 3> <II = 1> <Delay = 5.58> <FuncUnit> <Opcode : 'dmul'> <InPorts = 2> <OutPorts = 1>

State 7 <SV = 6> <Delay = 7.15>
ST_7 : Operation 77 [10/13] (7.15ns)   --->   "%overSig = ddiv i64 1, i64 %sig" [main.cpp:153->main.cpp:272]   --->   Operation 77 'ddiv' 'overSig' <Predicate = true> <Delay = 7.15> <CoreInst = "DDiv">   --->   Core 39 'DDiv' <Latency = 12> <II = 1> <Delay = 7.15> <FuncUnit> <Opcode : 'ddiv' 'drem'> <InPorts = 2> <OutPorts = 1>
ST_7 : Operation 78 [2/4] (5.15ns)   --->   "%sub12_i = dsub i64 %x, i64 %SxoS_read" [main.cpp:157->main.cpp:272]   --->   Operation 78 'dsub' 'sub12_i' <Predicate = true> <Delay = 5.15> <CoreInst = "DAddSub_fulldsp">   --->   Core 37 'DAddSub_fulldsp' <Latency = 3> <II = 1> <Delay = 5.15> <FuncUnit> <Opcode : 'dadd' 'dsub'> <InPorts = 2> <OutPorts = 1>
ST_7 : Operation 79 [3/4] (5.15ns)   --->   "%sub15_i = dsub i64 %y, i64 %tmp_read" [main.cpp:161->main.cpp:272]   --->   Operation 79 'dsub' 'sub15_i' <Predicate = true> <Delay = 5.15> <CoreInst = "DAddSub_fulldsp">   --->   Core 37 'DAddSub_fulldsp' <Latency = 3> <II = 1> <Delay = 5.15> <FuncUnit> <Opcode : 'dadd' 'dsub'> <InPorts = 2> <OutPorts = 1>
ST_7 : Operation 80 [2/4] (5.58ns)   --->   "%mul16_i = dmul i64 %tmp_1_read, i64 %x" [main.cpp:161->main.cpp:272]   --->   Operation 80 'dmul' 'mul16_i' <Predicate = true> <Delay = 5.58> <CoreInst = "DMul_maxdsp">   --->   Core 49 'DMul_maxdsp' <Latency = 3> <II = 1> <Delay = 5.58> <FuncUnit> <Opcode : 'dmul'> <InPorts = 2> <OutPorts = 1>

State 8 <SV = 7> <Delay = 7.15>
ST_8 : Operation 81 [9/13] (7.15ns)   --->   "%overSig = ddiv i64 1, i64 %sig" [main.cpp:153->main.cpp:272]   --->   Operation 81 'ddiv' 'overSig' <Predicate = true> <Delay = 7.15> <CoreInst = "DDiv">   --->   Core 39 'DDiv' <Latency = 12> <II = 1> <Delay = 7.15> <FuncUnit> <Opcode : 'ddiv' 'drem'> <InPorts = 2> <OutPorts = 1>
ST_8 : Operation 82 [1/4] (5.15ns)   --->   "%sub12_i = dsub i64 %x, i64 %SxoS_read" [main.cpp:157->main.cpp:272]   --->   Operation 82 'dsub' 'sub12_i' <Predicate = true> <Delay = 5.15> <CoreInst = "DAddSub_fulldsp">   --->   Core 37 'DAddSub_fulldsp' <Latency = 3> <II = 1> <Delay = 5.15> <FuncUnit> <Opcode : 'dadd' 'dsub'> <InPorts = 2> <OutPorts = 1>
ST_8 : Operation 83 [2/4] (5.15ns)   --->   "%sub15_i = dsub i64 %y, i64 %tmp_read" [main.cpp:161->main.cpp:272]   --->   Operation 83 'dsub' 'sub15_i' <Predicate = true> <Delay = 5.15> <CoreInst = "DAddSub_fulldsp">   --->   Core 37 'DAddSub_fulldsp' <Latency = 3> <II = 1> <Delay = 5.15> <FuncUnit> <Opcode : 'dadd' 'dsub'> <InPorts = 2> <OutPorts = 1>
ST_8 : Operation 84 [1/4] (5.58ns)   --->   "%mul16_i = dmul i64 %tmp_1_read, i64 %x" [main.cpp:161->main.cpp:272]   --->   Operation 84 'dmul' 'mul16_i' <Predicate = true> <Delay = 5.58> <CoreInst = "DMul_maxdsp">   --->   Core 49 'DMul_maxdsp' <Latency = 3> <II = 1> <Delay = 5.58> <FuncUnit> <Opcode : 'dmul'> <InPorts = 2> <OutPorts = 1>

State 9 <SV = 8> <Delay = 7.15>
ST_9 : Operation 85 [8/13] (7.15ns)   --->   "%overSig = ddiv i64 1, i64 %sig" [main.cpp:153->main.cpp:272]   --->   Operation 85 'ddiv' 'overSig' <Predicate = true> <Delay = 7.15> <CoreInst = "DDiv">   --->   Core 39 'DDiv' <Latency = 12> <II = 1> <Delay = 7.15> <FuncUnit> <Opcode : 'ddiv' 'drem'> <InPorts = 2> <OutPorts = 1>
ST_9 : Operation 86 [1/4] (5.15ns)   --->   "%sub15_i = dsub i64 %y, i64 %tmp_read" [main.cpp:161->main.cpp:272]   --->   Operation 86 'dsub' 'sub15_i' <Predicate = true> <Delay = 5.15> <CoreInst = "DAddSub_fulldsp">   --->   Core 37 'DAddSub_fulldsp' <Latency = 3> <II = 1> <Delay = 5.15> <FuncUnit> <Opcode : 'dadd' 'dsub'> <InPorts = 2> <OutPorts = 1>

State 10 <SV = 9> <Delay = 7.15>
ST_10 : Operation 87 [7/13] (7.15ns)   --->   "%overSig = ddiv i64 1, i64 %sig" [main.cpp:153->main.cpp:272]   --->   Operation 87 'ddiv' 'overSig' <Predicate = true> <Delay = 7.15> <CoreInst = "DDiv">   --->   Core 39 'DDiv' <Latency = 12> <II = 1> <Delay = 7.15> <FuncUnit> <Opcode : 'ddiv' 'drem'> <InPorts = 2> <OutPorts = 1>
ST_10 : [1/1] (0.58ns)   --->   Input mux for Operation 88 '%temp = dsub i64 %sub15_i, i64 %mul16_i'
ST_10 : Operation 88 [4/4] (4.57ns)   --->   "%temp = dsub i64 %sub15_i, i64 %mul16_i" [main.cpp:161->main.cpp:272]   --->   Operation 88 'dsub' 'temp' <Predicate = true> <Delay = 4.57> <CoreInst = "DAddSub_fulldsp">   --->   Core 37 'DAddSub_fulldsp' <Latency = 3> <II = 1> <Delay = 5.15> <FuncUnit> <Opcode : 'dadd' 'dsub'> <InPorts = 2> <OutPorts = 1>

State 11 <SV = 10> <Delay = 7.15>
ST_11 : Operation 89 [6/13] (7.15ns)   --->   "%overSig = ddiv i64 1, i64 %sig" [main.cpp:153->main.cpp:272]   --->   Operation 89 'ddiv' 'overSig' <Predicate = true> <Delay = 7.15> <CoreInst = "DDiv">   --->   Core 39 'DDiv' <Latency = 12> <II = 1> <Delay = 7.15> <FuncUnit> <Opcode : 'ddiv' 'drem'> <InPorts = 2> <OutPorts = 1>
ST_11 : Operation 90 [3/4] (5.15ns)   --->   "%temp = dsub i64 %sub15_i, i64 %mul16_i" [main.cpp:161->main.cpp:272]   --->   Operation 90 'dsub' 'temp' <Predicate = true> <Delay = 5.15> <CoreInst = "DAddSub_fulldsp">   --->   Core 37 'DAddSub_fulldsp' <Latency = 3> <II = 1> <Delay = 5.15> <FuncUnit> <Opcode : 'dadd' 'dsub'> <InPorts = 2> <OutPorts = 1>

State 12 <SV = 11> <Delay = 7.15>
ST_12 : Operation 91 [5/13] (7.15ns)   --->   "%overSig = ddiv i64 1, i64 %sig" [main.cpp:153->main.cpp:272]   --->   Operation 91 'ddiv' 'overSig' <Predicate = true> <Delay = 7.15> <CoreInst = "DDiv">   --->   Core 39 'DDiv' <Latency = 12> <II = 1> <Delay = 7.15> <FuncUnit> <Opcode : 'ddiv' 'drem'> <InPorts = 2> <OutPorts = 1>
ST_12 : Operation 92 [2/4] (5.15ns)   --->   "%temp = dsub i64 %sub15_i, i64 %mul16_i" [main.cpp:161->main.cpp:272]   --->   Operation 92 'dsub' 'temp' <Predicate = true> <Delay = 5.15> <CoreInst = "DAddSub_fulldsp">   --->   Core 37 'DAddSub_fulldsp' <Latency = 3> <II = 1> <Delay = 5.15> <FuncUnit> <Opcode : 'dadd' 'dsub'> <InPorts = 2> <OutPorts = 1>

State 13 <SV = 12> <Delay = 7.15>
ST_13 : Operation 93 [4/13] (7.15ns)   --->   "%overSig = ddiv i64 1, i64 %sig" [main.cpp:153->main.cpp:272]   --->   Operation 93 'ddiv' 'overSig' <Predicate = true> <Delay = 7.15> <CoreInst = "DDiv">   --->   Core 39 'DDiv' <Latency = 12> <II = 1> <Delay = 7.15> <FuncUnit> <Opcode : 'ddiv' 'drem'> <InPorts = 2> <OutPorts = 1>
ST_13 : Operation 94 [1/4] (5.15ns)   --->   "%temp = dsub i64 %sub15_i, i64 %mul16_i" [main.cpp:161->main.cpp:272]   --->   Operation 94 'dsub' 'temp' <Predicate = true> <Delay = 5.15> <CoreInst = "DAddSub_fulldsp">   --->   Core 37 'DAddSub_fulldsp' <Latency = 3> <II = 1> <Delay = 5.15> <FuncUnit> <Opcode : 'dadd' 'dsub'> <InPorts = 2> <OutPorts = 1>

State 14 <SV = 13> <Delay = 7.15>
ST_14 : Operation 95 [3/13] (7.15ns)   --->   "%overSig = ddiv i64 1, i64 %sig" [main.cpp:153->main.cpp:272]   --->   Operation 95 'ddiv' 'overSig' <Predicate = true> <Delay = 7.15> <CoreInst = "DDiv">   --->   Core 39 'DDiv' <Latency = 12> <II = 1> <Delay = 7.15> <FuncUnit> <Opcode : 'ddiv' 'drem'> <InPorts = 2> <OutPorts = 1>

State 15 <SV = 14> <Delay = 7.15>
ST_15 : Operation 96 [2/13] (7.15ns)   --->   "%overSig = ddiv i64 1, i64 %sig" [main.cpp:153->main.cpp:272]   --->   Operation 96 'ddiv' 'overSig' <Predicate = true> <Delay = 7.15> <CoreInst = "DDiv">   --->   Core 39 'DDiv' <Latency = 12> <II = 1> <Delay = 7.15> <FuncUnit> <Opcode : 'ddiv' 'drem'> <InPorts = 2> <OutPorts = 1>

State 16 <SV = 15> <Delay = 7.15>
ST_16 : Operation 97 [1/13] (7.15ns)   --->   "%overSig = ddiv i64 1, i64 %sig" [main.cpp:153->main.cpp:272]   --->   Operation 97 'ddiv' 'overSig' <Predicate = true> <Delay = 7.15> <CoreInst = "DDiv">   --->   Core 39 'DDiv' <Latency = 12> <II = 1> <Delay = 7.15> <FuncUnit> <Opcode : 'ddiv' 'drem'> <InPorts = 2> <OutPorts = 1>

State 17 <SV = 16> <Delay = 5.58>
ST_17 : [1/1] (0.65ns)   --->   Input mux for Operation 98 '%t = dmul i64 %overSig, i64 %sub12_i'
ST_17 : Operation 98 [4/4] (4.92ns)   --->   "%t = dmul i64 %overSig, i64 %sub12_i" [main.cpp:157->main.cpp:272]   --->   Operation 98 'dmul' 't' <Predicate = true> <Delay = 4.92> <CoreInst = "DMul_maxdsp">   --->   Core 49 'DMul_maxdsp' <Latency = 3> <II = 1> <Delay = 5.58> <FuncUnit> <Opcode : 'dmul'> <InPorts = 2> <OutPorts = 1>

State 18 <SV = 17> <Delay = 5.58>
ST_18 : Operation 99 [3/4] (5.58ns)   --->   "%t = dmul i64 %overSig, i64 %sub12_i" [main.cpp:157->main.cpp:272]   --->   Operation 99 'dmul' 't' <Predicate = true> <Delay = 5.58> <CoreInst = "DMul_maxdsp">   --->   Core 49 'DMul_maxdsp' <Latency = 3> <II = 1> <Delay = 5.58> <FuncUnit> <Opcode : 'dmul'> <InPorts = 2> <OutPorts = 1>
ST_18 : [1/1] (0.65ns)   --->   Input mux for Operation 100 '%tempOverSig = dmul i64 %temp, i64 %overSig'
ST_18 : Operation 100 [4/4] (4.92ns)   --->   "%tempOverSig = dmul i64 %temp, i64 %overSig" [main.cpp:162->main.cpp:272]   --->   Operation 100 'dmul' 'tempOverSig' <Predicate = true> <Delay = 4.92> <CoreInst = "DMul_maxdsp">   --->   Core 49 'DMul_maxdsp' <Latency = 3> <II = 1> <Delay = 5.58> <FuncUnit> <Opcode : 'dmul'> <InPorts = 2> <OutPorts = 1>

State 19 <SV = 18> <Delay = 5.58>
ST_19 : Operation 101 [2/4] (5.58ns)   --->   "%t = dmul i64 %overSig, i64 %sub12_i" [main.cpp:157->main.cpp:272]   --->   Operation 101 'dmul' 't' <Predicate = true> <Delay = 5.58> <CoreInst = "DMul_maxdsp">   --->   Core 49 'DMul_maxdsp' <Latency = 3> <II = 1> <Delay = 5.58> <FuncUnit> <Opcode : 'dmul'> <InPorts = 2> <OutPorts = 1>
ST_19 : Operation 102 [3/4] (5.58ns)   --->   "%tempOverSig = dmul i64 %temp, i64 %overSig" [main.cpp:162->main.cpp:272]   --->   Operation 102 'dmul' 'tempOverSig' <Predicate = true> <Delay = 5.58> <CoreInst = "DMul_maxdsp">   --->   Core 49 'DMul_maxdsp' <Latency = 3> <II = 1> <Delay = 5.58> <FuncUnit> <Opcode : 'dmul'> <InPorts = 2> <OutPorts = 1>

State 20 <SV = 19> <Delay = 5.58>
ST_20 : Operation 103 [1/4] (5.58ns)   --->   "%t = dmul i64 %overSig, i64 %sub12_i" [main.cpp:157->main.cpp:272]   --->   Operation 103 'dmul' 't' <Predicate = true> <Delay = 5.58> <CoreInst = "DMul_maxdsp">   --->   Core 49 'DMul_maxdsp' <Latency = 3> <II = 1> <Delay = 5.58> <FuncUnit> <Opcode : 'dmul'> <InPorts = 2> <OutPorts = 1>
ST_20 : Operation 104 [2/4] (5.58ns)   --->   "%tempOverSig = dmul i64 %temp, i64 %overSig" [main.cpp:162->main.cpp:272]   --->   Operation 104 'dmul' 'tempOverSig' <Predicate = true> <Delay = 5.58> <CoreInst = "DMul_maxdsp">   --->   Core 49 'DMul_maxdsp' <Latency = 3> <II = 1> <Delay = 5.58> <FuncUnit> <Opcode : 'dmul'> <InPorts = 2> <OutPorts = 1>

State 21 <SV = 20> <Delay = 5.58>
ST_21 : [1/1] (0.65ns)   --->   Input mux for Operation 105 '%mul14_i = dmul i64 %t, i64 %t'
ST_21 : Operation 105 [4/4] (4.92ns)   --->   "%mul14_i = dmul i64 %t, i64 %t" [main.cpp:159->main.cpp:272]   --->   Operation 105 'dmul' 'mul14_i' <Predicate = true> <Delay = 4.92> <CoreInst = "DMul_maxdsp">   --->   Core 49 'DMul_maxdsp' <Latency = 3> <II = 1> <Delay = 5.58> <FuncUnit> <Opcode : 'dmul'> <InPorts = 2> <OutPorts = 1>
ST_21 : Operation 106 [1/4] (5.58ns)   --->   "%tempOverSig = dmul i64 %temp, i64 %overSig" [main.cpp:162->main.cpp:272]   --->   Operation 106 'dmul' 'tempOverSig' <Predicate = true> <Delay = 5.58> <CoreInst = "DMul_maxdsp">   --->   Core 49 'DMul_maxdsp' <Latency = 3> <II = 1> <Delay = 5.58> <FuncUnit> <Opcode : 'dmul'> <InPorts = 2> <OutPorts = 1>

State 22 <SV = 21> <Delay = 5.58>
ST_22 : Operation 107 [3/4] (5.58ns)   --->   "%mul14_i = dmul i64 %t, i64 %t" [main.cpp:159->main.cpp:272]   --->   Operation 107 'dmul' 'mul14_i' <Predicate = true> <Delay = 5.58> <CoreInst = "DMul_maxdsp">   --->   Core 49 'DMul_maxdsp' <Latency = 3> <II = 1> <Delay = 5.58> <FuncUnit> <Opcode : 'dmul'> <InPorts = 2> <OutPorts = 1>
ST_22 : [1/1] (0.65ns)   --->   Input mux for Operation 108 '%tempOverSigSquared = dmul i64 %tempOverSig, i64 %tempOverSig'
ST_22 : Operation 108 [4/4] (4.92ns)   --->   "%tempOverSigSquared = dmul i64 %tempOverSig, i64 %tempOverSig" [main.cpp:163->main.cpp:272]   --->   Operation 108 'dmul' 'tempOverSigSquared' <Predicate = true> <Delay = 4.92> <CoreInst = "DMul_maxdsp">   --->   Core 49 'DMul_maxdsp' <Latency = 3> <II = 1> <Delay = 5.58> <FuncUnit> <Opcode : 'dmul'> <InPorts = 2> <OutPorts = 1>

State 23 <SV = 22> <Delay = 5.58>
ST_23 : Operation 109 [2/4] (5.58ns)   --->   "%mul14_i = dmul i64 %t, i64 %t" [main.cpp:159->main.cpp:272]   --->   Operation 109 'dmul' 'mul14_i' <Predicate = true> <Delay = 5.58> <CoreInst = "DMul_maxdsp">   --->   Core 49 'DMul_maxdsp' <Latency = 3> <II = 1> <Delay = 5.58> <FuncUnit> <Opcode : 'dmul'> <InPorts = 2> <OutPorts = 1>
ST_23 : Operation 110 [3/4] (5.58ns)   --->   "%tempOverSigSquared = dmul i64 %tempOverSig, i64 %tempOverSig" [main.cpp:163->main.cpp:272]   --->   Operation 110 'dmul' 'tempOverSigSquared' <Predicate = true> <Delay = 5.58> <CoreInst = "DMul_maxdsp">   --->   Core 49 'DMul_maxdsp' <Latency = 3> <II = 1> <Delay = 5.58> <FuncUnit> <Opcode : 'dmul'> <InPorts = 2> <OutPorts = 1>

State 24 <SV = 23> <Delay = 5.58>
ST_24 : Operation 111 [1/4] (5.58ns)   --->   "%mul14_i = dmul i64 %t, i64 %t" [main.cpp:159->main.cpp:272]   --->   Operation 111 'dmul' 'mul14_i' <Predicate = true> <Delay = 5.58> <CoreInst = "DMul_maxdsp">   --->   Core 49 'DMul_maxdsp' <Latency = 3> <II = 1> <Delay = 5.58> <FuncUnit> <Opcode : 'dmul'> <InPorts = 2> <OutPorts = 1>
ST_24 : Operation 112 [2/4] (5.58ns)   --->   "%tempOverSigSquared = dmul i64 %tempOverSig, i64 %tempOverSig" [main.cpp:163->main.cpp:272]   --->   Operation 112 'dmul' 'tempOverSigSquared' <Predicate = true> <Delay = 5.58> <CoreInst = "DMul_maxdsp">   --->   Core 49 'DMul_maxdsp' <Latency = 3> <II = 1> <Delay = 5.58> <FuncUnit> <Opcode : 'dmul'> <InPorts = 2> <OutPorts = 1>

State 25 <SV = 24> <Delay = 5.58>
ST_25 : Operation 113 [1/1] (0.00ns)   --->   "%Stt_load = load i64 %Stt" [main.cpp:159->main.cpp:272]   --->   Operation 113 'load' 'Stt_load' <Predicate = true> <Delay = 0.00>
ST_25 : [1/1] (0.62ns)   --->   Input mux for Operation 114 '%Stt_1 = dadd i64 %Stt_load, i64 %mul14_i'
ST_25 : Operation 114 [4/4] (4.52ns)   --->   "%Stt_1 = dadd i64 %Stt_load, i64 %mul14_i" [main.cpp:159->main.cpp:272]   --->   Operation 114 'dadd' 'Stt_1' <Predicate = true> <Delay = 4.52> <CoreInst = "DAddSub_fulldsp">   --->   Core 37 'DAddSub_fulldsp' <Latency = 3> <II = 1> <Delay = 5.15> <FuncUnit> <Opcode : 'dadd' 'dsub'> <InPorts = 2> <OutPorts = 1>
ST_25 : Operation 115 [1/4] (5.58ns)   --->   "%tempOverSigSquared = dmul i64 %tempOverSig, i64 %tempOverSig" [main.cpp:163->main.cpp:272]   --->   Operation 115 'dmul' 'tempOverSigSquared' <Predicate = true> <Delay = 5.58> <CoreInst = "DMul_maxdsp">   --->   Core 49 'DMul_maxdsp' <Latency = 3> <II = 1> <Delay = 5.58> <FuncUnit> <Opcode : 'dmul'> <InPorts = 2> <OutPorts = 1>

State 26 <SV = 25> <Delay = 5.15>
ST_26 : Operation 116 [1/1] (0.00ns)   --->   "%term2_load = load i64 %term2" [main.cpp:165->main.cpp:272]   --->   Operation 116 'load' 'term2_load' <Predicate = true> <Delay = 0.00>
ST_26 : Operation 117 [3/4] (5.15ns)   --->   "%Stt_1 = dadd i64 %Stt_load, i64 %mul14_i" [main.cpp:159->main.cpp:272]   --->   Operation 117 'dadd' 'Stt_1' <Predicate = true> <Delay = 5.15> <CoreInst = "DAddSub_fulldsp">   --->   Core 37 'DAddSub_fulldsp' <Latency = 3> <II = 1> <Delay = 5.15> <FuncUnit> <Opcode : 'dadd' 'dsub'> <InPorts = 2> <OutPorts = 1>
ST_26 : [1/1] (0.62ns)   --->   Input mux for Operation 118 '%term2_1 = dadd i64 %term2_load, i64 %tempOverSigSquared'
ST_26 : Operation 118 [4/4] (4.52ns)   --->   "%term2_1 = dadd i64 %term2_load, i64 %tempOverSigSquared" [main.cpp:165->main.cpp:272]   --->   Operation 118 'dadd' 'term2_1' <Predicate = true> <Delay = 4.52> <CoreInst = "DAddSub_fulldsp">   --->   Core 37 'DAddSub_fulldsp' <Latency = 3> <II = 1> <Delay = 5.15> <FuncUnit> <Opcode : 'dadd' 'dsub'> <InPorts = 2> <OutPorts = 1>
ST_26 : Operation 128 [1/1] (0.00ns)   --->   "%term2_load_1 = load i64 %term2"   --->   Operation 128 'load' 'term2_load_1' <Predicate = (icmp_ln148)> <Delay = 0.00>
ST_26 : Operation 129 [1/1] (0.00ns)   --->   "%Stt_load_1 = load i64 %Stt"   --->   Operation 129 'load' 'Stt_load_1' <Predicate = (icmp_ln148)> <Delay = 0.00>
ST_26 : Operation 130 [1/1] (0.00ns)   --->   "%write_ln0 = write void @_ssdm_op_Write.ap_auto.doubleP0A, i64 %Stt_out, i64 %Stt_load_1"   --->   Operation 130 'write' 'write_ln0' <Predicate = (icmp_ln148)> <Delay = 0.00>
ST_26 : Operation 131 [1/1] (0.00ns)   --->   "%write_ln0 = write void @_ssdm_op_Write.ap_auto.doubleP0A, i64 %term2_out, i64 %term2_load_1"   --->   Operation 131 'write' 'write_ln0' <Predicate = (icmp_ln148)> <Delay = 0.00>
ST_26 : Operation 132 [1/1] (0.00ns)   --->   "%ret_ln0 = ret"   --->   Operation 132 'ret' 'ret_ln0' <Predicate = (icmp_ln148)> <Delay = 0.00>

State 27 <SV = 26> <Delay = 5.15>
ST_27 : Operation 119 [2/4] (5.15ns)   --->   "%Stt_1 = dadd i64 %Stt_load, i64 %mul14_i" [main.cpp:159->main.cpp:272]   --->   Operation 119 'dadd' 'Stt_1' <Predicate = true> <Delay = 5.15> <CoreInst = "DAddSub_fulldsp">   --->   Core 37 'DAddSub_fulldsp' <Latency = 3> <II = 1> <Delay = 5.15> <FuncUnit> <Opcode : 'dadd' 'dsub'> <InPorts = 2> <OutPorts = 1>
ST_27 : Operation 120 [3/4] (5.15ns)   --->   "%term2_1 = dadd i64 %term2_load, i64 %tempOverSigSquared" [main.cpp:165->main.cpp:272]   --->   Operation 120 'dadd' 'term2_1' <Predicate = true> <Delay = 5.15> <CoreInst = "DAddSub_fulldsp">   --->   Core 37 'DAddSub_fulldsp' <Latency = 3> <II = 1> <Delay = 5.15> <FuncUnit> <Opcode : 'dadd' 'dsub'> <InPorts = 2> <OutPorts = 1>

State 28 <SV = 27> <Delay = 5.61>
ST_28 : Operation 121 [1/4] (5.15ns)   --->   "%Stt_1 = dadd i64 %Stt_load, i64 %mul14_i" [main.cpp:159->main.cpp:272]   --->   Operation 121 'dadd' 'Stt_1' <Predicate = true> <Delay = 5.15> <CoreInst = "DAddSub_fulldsp">   --->   Core 37 'DAddSub_fulldsp' <Latency = 3> <II = 1> <Delay = 5.15> <FuncUnit> <Opcode : 'dadd' 'dsub'> <InPorts = 2> <OutPorts = 1>
ST_28 : Operation 122 [2/4] (5.15ns)   --->   "%term2_1 = dadd i64 %term2_load, i64 %tempOverSigSquared" [main.cpp:165->main.cpp:272]   --->   Operation 122 'dadd' 'term2_1' <Predicate = true> <Delay = 5.15> <CoreInst = "DAddSub_fulldsp">   --->   Core 37 'DAddSub_fulldsp' <Latency = 3> <II = 1> <Delay = 5.15> <FuncUnit> <Opcode : 'dadd' 'dsub'> <InPorts = 2> <OutPorts = 1>
ST_28 : Operation 123 [1/1] (0.46ns)   --->   "%store_ln148 = store i64 %Stt_1, i64 %Stt" [main.cpp:148->main.cpp:272]   --->   Operation 123 'store' 'store_ln148' <Predicate = true> <Delay = 0.46>

State 29 <SV = 28> <Delay = 5.61>
ST_29 : Operation 124 [1/1] (0.00ns)   --->   "%specloopname_ln148 = specloopname void @_ssdm_op_SpecLoopName, void @empty_1" [main.cpp:148->main.cpp:272]   --->   Operation 124 'specloopname' 'specloopname_ln148' <Predicate = true> <Delay = 0.00>
ST_29 : Operation 125 [1/4] (5.15ns)   --->   "%term2_1 = dadd i64 %term2_load, i64 %tempOverSigSquared" [main.cpp:165->main.cpp:272]   --->   Operation 125 'dadd' 'term2_1' <Predicate = true> <Delay = 5.15> <CoreInst = "DAddSub_fulldsp">   --->   Core 37 'DAddSub_fulldsp' <Latency = 3> <II = 1> <Delay = 5.15> <FuncUnit> <Opcode : 'dadd' 'dsub'> <InPorts = 2> <OutPorts = 1>
ST_29 : Operation 126 [1/1] (0.46ns)   --->   "%store_ln148 = store i64 %term2_1, i64 %term2" [main.cpp:148->main.cpp:272]   --->   Operation 126 'store' 'store_ln148' <Predicate = true> <Delay = 0.46>
ST_29 : Operation 127 [1/1] (0.00ns)   --->   "%br_ln148 = br void %for.inc.i21" [main.cpp:148->main.cpp:272]   --->   Operation 127 'br' 'br_ln148' <Predicate = true> <Delay = 0.00>


============================================================
+ Verbose Summary: Binding
============================================================
STG Binding: 
---------------- STG Properties BEGIN ----------------
- Is combinational: 0
- Is one-state seq: 0
- Is datapath-only: 0
- Is pipelined: 0
- Is top level: 0
Port [ Return ] is wired: 1; IO mode=ap_ctrl_hs:ce=0
Port [ size]:  wired=1; compound=0; hidden=0; nouse=0; global=0; static=0; extern=0; dir=0; type=0; pingpong=0; private_global=0; IO mode=ap_none:ce=0
Port [ arrx]:  wired=1; compound=1; hidden=0; nouse=0; global=0; static=0; extern=0; dir=0; type=1; pingpong=0; private_global=0; MemPort=[13]; IO mode=ap_memory:ce=0
Port [ arry]:  wired=1; compound=1; hidden=0; nouse=0; global=0; static=0; extern=0; dir=0; type=1; pingpong=0; private_global=0; MemPort=[13]; IO mode=ap_memory:ce=0
Port [ arrsigs]:  wired=1; compound=1; hidden=0; nouse=0; global=0; static=0; extern=0; dir=0; type=1; pingpong=0; private_global=0; MemPort=[13]; IO mode=ap_memory:ce=0
Port [ SxoS]:  wired=1; compound=0; hidden=0; nouse=0; global=0; static=0; extern=0; dir=0; type=0; pingpong=0; private_global=0; IO mode=ap_none:ce=0
Port [ tmp]:  wired=1; compound=0; hidden=0; nouse=0; global=0; static=0; extern=0; dir=0; type=0; pingpong=0; private_global=0; IO mode=ap_none:ce=0
Port [ tmp_1]:  wired=1; compound=0; hidden=0; nouse=0; global=0; static=0; extern=0; dir=0; type=0; pingpong=0; private_global=0; IO mode=ap_none:ce=0
Port [ Stt_out]:  wired=1; compound=0; hidden=0; nouse=0; global=0; static=0; extern=0; dir=1; type=0; pingpong=0; private_global=0; IO mode=ap_vld:ce=0
Port [ term2_out]:  wired=1; compound=0; hidden=0; nouse=0; global=0; static=0; extern=0; dir=1; type=0; pingpong=0; private_global=0; IO mode=ap_vld:ce=0
---------------- STG Properties END ------------------

---------------- Datapath Model BEGIN ----------------

<LifeTime>
<method=bitvector/>
term2                 (alloca           ) [ 011111111111111111111111111111]
Stt                   (alloca           ) [ 011111111111111111111111111110]
i                     (alloca           ) [ 010000000000000000000000000000]
tmp_1_read            (read             ) [ 011111111000000000000000000000]
tmp_read              (read             ) [ 011111111100000000000000000000]
SxoS_read             (read             ) [ 011111111000000000000000000000]
size_read             (read             ) [ 000000000000000000000000000000]
store_ln0             (store            ) [ 000000000000000000000000000000]
store_ln0             (store            ) [ 000000000000000000000000000000]
store_ln0             (store            ) [ 000000000000000000000000000000]
br_ln0                (br               ) [ 000000000000000000000000000000]
i_3                   (load             ) [ 000000000000000000000000000000]
specpipeline_ln0      (specpipeline     ) [ 000000000000000000000000000000]
icmp_ln148            (icmp             ) [ 011111111111111111111111111000]
speclooptripcount_ln0 (speclooptripcount) [ 000000000000000000000000000000]
add_ln148             (add              ) [ 000000000000000000000000000000]
br_ln148              (br               ) [ 000000000000000000000000000000]
i_4_cast              (zext             ) [ 000000000000000000000000000000]
arrx_addr             (getelementptr    ) [ 001000000000000000000000000000]
arry_addr             (getelementptr    ) [ 001000000000000000000000000000]
arrsigs_addr          (getelementptr    ) [ 001000000000000000000000000000]
store_ln148           (store            ) [ 000000000000000000000000000000]
arrx_load             (load             ) [ 000100000000000000000000000000]
arry_load             (load             ) [ 010110000000000000000000000000]
arrsigs_load          (load             ) [ 000000000000000000000000000000]
zext_ln152            (zext             ) [ 000100000000000000000000000000]
zext_ln150            (zext             ) [ 010010000000000000000000000000]
sig                   (sitodp           ) [ 011111111111111110000000000000]
x                     (sitodp           ) [ 011101111000000000000000000000]
sext_ln151            (sext             ) [ 001001000000000000000000000000]
y                     (sitodp           ) [ 011100111100000000000000000000]
sub12_i               (dsub             ) [ 011100000111111111111000000000]
mul16_i               (dmul             ) [ 011100000111110000000000000000]
sub15_i               (dsub             ) [ 011100000011110000000000000000]
temp                  (dsub             ) [ 011100000000001111111100000000]
overSig               (ddiv             ) [ 011100000000000001111100000000]
t                     (dmul             ) [ 011100000000000000000111100000]
tempOverSig           (dmul             ) [ 011100000000000000000011110000]
mul14_i               (dmul             ) [ 011100000000000000000000011110]
Stt_load              (load             ) [ 011100000000000000000000001110]
tempOverSigSquared    (dmul             ) [ 011100000000000000000000001111]
term2_load            (load             ) [ 011100000000000000000000000111]
Stt_1                 (dadd             ) [ 000000000000000000000000000000]
store_ln148           (store            ) [ 000000000000000000000000000000]
specloopname_ln148    (specloopname     ) [ 000000000000000000000000000000]
term2_1               (dadd             ) [ 000000000000000000000000000000]
store_ln148           (store            ) [ 000000000000000000000000000000]
br_ln148              (br               ) [ 000000000000000000000000000000]
term2_load_1          (load             ) [ 000000000000000000000000000000]
Stt_load_1            (load             ) [ 000000000000000000000000000000]
write_ln0             (write            ) [ 000000000000000000000000000000]
write_ln0             (write            ) [ 000000000000000000000000000000]
ret_ln0               (ret              ) [ 000000000000000000000000000000]
</LifeTime>

<model>

<comp_list>
<comp id="0" class="1000" name="size">
<pin_list>
<pin id="1" dir="1" index="0" bw="1" slack="0"/>
</pin_list>
<bind>
<StgValue><ssdm name="size"/></StgValue>
</bind>
</comp>

<comp id="2" class="1000" name="arrx">
<pin_list>
<pin id="3" dir="1" index="0" bw="1" slack="0"/>
</pin_list>
<bind>
<StgValue><ssdm name="arrx"/><MemPortTyVec>1 3 </MemPortTyVec>
</StgValue>
</bind>
</comp>

<comp id="4" class="1000" name="arry">
<pin_list>
<pin id="5" dir="1" index="0" bw="1" slack="0"/>
</pin_list>
<bind>
<StgValue><ssdm name="arry"/><MemPortTyVec>1 3 </MemPortTyVec>
</StgValue>
</bind>
</comp>

<comp id="6" class="1000" name="arrsigs">
<pin_list>
<pin id="7" dir="1" index="0" bw="1" slack="0"/>
</pin_list>
<bind>
<StgValue><ssdm name="arrsigs"/><MemPortTyVec>1 3 </MemPortTyVec>
</StgValue>
</bind>
</comp>

<comp id="8" class="1000" name="SxoS">
<pin_list>
<pin id="9" dir="1" index="0" bw="1" slack="0"/>
</pin_list>
<bind>
<StgValue><ssdm name="SxoS"/></StgValue>
</bind>
</comp>

<comp id="10" class="1000" name="tmp">
<pin_list>
<pin id="11" dir="1" index="0" bw="1" slack="0"/>
</pin_list>
<bind>
<StgValue><ssdm name="tmp"/></StgValue>
</bind>
</comp>

<comp id="12" class="1000" name="tmp_1">
<pin_list>
<pin id="13" dir="1" index="0" bw="1" slack="0"/>
</pin_list>
<bind>
<StgValue><ssdm name="tmp_1"/></StgValue>
</bind>
</comp>

<comp id="14" class="1000" name="Stt_out">
<pin_list>
<pin id="15" dir="1" index="0" bw="1" slack="0"/>
</pin_list>
<bind>
<StgValue><ssdm name="Stt_out"/></StgValue>
</bind>
</comp>

<comp id="16" class="1000" name="term2_out">
<pin_list>
<pin id="17" dir="1" index="0" bw="1" slack="0"/>
</pin_list>
<bind>
<StgValue><ssdm name="term2_out"/></StgValue>
</bind>
</comp>

<comp id="18" class="1001" name="const_18">
<pin_list>
<pin id="19" dir="1" index="0" bw="1" slack="0"/>
</pin_list>
<bind>
<StgValue><ssdm name=""/></StgValue>
</bind>
</comp>

<comp id="20" class="1001" name="const_20">
<pin_list>
<pin id="21" dir="1" index="0" bw="1" slack="0"/>
</pin_list>
<bind>
<StgValue><ssdm name="_ssdm_op_Read.ap_auto.double"/></StgValue>
</bind>
</comp>

<comp id="22" class="1001" name="const_22">
<pin_list>
<pin id="23" dir="1" index="0" bw="1" slack="0"/>
</pin_list>
<bind>
<StgValue><ssdm name="_ssdm_op_Read.ap_auto.i9"/></StgValue>
</bind>
</comp>

<comp id="24" class="1001" name="const_24">
<pin_list>
<pin id="25" dir="1" index="0" bw="1" slack="0"/>
</pin_list>
<bind>
<StgValue><ssdm name=""/></StgValue>
</bind>
</comp>

<comp id="26" class="1001" name="const_26">
<pin_list>
<pin id="27" dir="1" index="0" bw="1" slack="0"/>
</pin_list>
<bind>
<StgValue><ssdm name=""/></StgValue>
</bind>
</comp>

<comp id="28" class="1001" name="const_28">
<pin_list>
<pin id="29" dir="1" index="0" bw="1" slack="2147483647"/>
</pin_list>
<bind>
<StgValue><ssdm name="_ssdm_op_SpecPipeline"/></StgValue>
</bind>
</comp>

<comp id="30" class="1001" name="const_30">
<pin_list>
<pin id="31" dir="1" index="0" bw="1" slack="2147483647"/>
</pin_list>
<bind>
<StgValue><ssdm name=""/></StgValue>
</bind>
</comp>

<comp id="32" class="1001" name="const_32">
<pin_list>
<pin id="33" dir="1" index="0" bw="1" slack="2147483647"/>
</pin_list>
<bind>
<StgValue><ssdm name=""/></StgValue>
</bind>
</comp>

<comp id="34" class="1001" name="const_34">
<pin_list>
<pin id="35" dir="1" index="0" bw="1" slack="2147483647"/>
</pin_list>
<bind>
<StgValue><ssdm name="p_str5"/></StgValue>
</bind>
</comp>

<comp id="36" class="1001" name="const_36">
<pin_list>
<pin id="37" dir="1" index="0" bw="1" slack="2147483647"/>
</pin_list>
<bind>
<StgValue><ssdm name="_ssdm_op_SpecLoopTripCount"/></StgValue>
</bind>
</comp>

<comp id="38" class="1001" name="const_38">
<pin_list>
<pin id="39" dir="1" index="0" bw="1" slack="2147483647"/>
</pin_list>
<bind>
<StgValue><ssdm name=""/></StgValue>
</bind>
</comp>

<comp id="40" class="1001" name="const_40">
<pin_list>
<pin id="41" dir="1" index="0" bw="1" slack="2147483647"/>
</pin_list>
<bind>
<StgValue><ssdm name=""/></StgValue>
</bind>
</comp>

<comp id="42" class="1001" name="const_42">
<pin_list>
<pin id="43" dir="1" index="0" bw="1" slack="0"/>
</pin_list>
<bind>
<StgValue><ssdm name=""/></StgValue>
</bind>
</comp>

<comp id="44" class="1001" name="const_44">
<pin_list>
<pin id="45" dir="1" index="0" bw="1" slack="0"/>
</pin_list>
<bind>
<StgValue><ssdm name=""/></StgValue>
</bind>
</comp>

<comp id="46" class="1001" name="const_46">
<pin_list>
<pin id="47" dir="1" index="0" bw="1" slack="0"/>
</pin_list>
<bind>
<StgValue><ssdm name=""/></StgValue>
</bind>
</comp>

<comp id="48" class="1001" name="const_48">
<pin_list>
<pin id="49" dir="1" index="0" bw="1" slack="2147483647"/>
</pin_list>
<bind>
<StgValue><ssdm name="_ssdm_op_SpecLoopName"/></StgValue>
</bind>
</comp>

<comp id="50" class="1001" name="const_50">
<pin_list>
<pin id="51" dir="1" index="0" bw="1" slack="2147483647"/>
</pin_list>
<bind>
<StgValue><ssdm name="empty_1"/></StgValue>
</bind>
</comp>

<comp id="52" class="1001" name="const_52">
<pin_list>
<pin id="53" dir="1" index="0" bw="1" slack="0"/>
</pin_list>
<bind>
<StgValue><ssdm name="_ssdm_op_Write.ap_auto.doubleP0A"/></StgValue>
</bind>
</comp>

<comp id="54" class="1004" name="term2_fu_54">
<pin_list>
<pin id="55" dir="0" index="0" bw="1" slack="0"/>
<pin id="56" dir="1" index="1" bw="64" slack="0"/>
</pin_list>
<bind>
<opcode="alloca(26) " fcode="alloca"/>
<opset="term2/1 "/>
</bind>
</comp>

<comp id="58" class="1004" name="Stt_fu_58">
<pin_list>
<pin id="59" dir="0" index="0" bw="1" slack="0"/>
<pin id="60" dir="1" index="1" bw="64" slack="0"/>
</pin_list>
<bind>
<opcode="alloca(26) " fcode="alloca"/>
<opset="Stt/1 "/>
</bind>
</comp>

<comp id="62" class="1004" name="i_fu_62">
<pin_list>
<pin id="63" dir="0" index="0" bw="1" slack="0"/>
<pin id="64" dir="1" index="1" bw="9" slack="0"/>
</pin_list>
<bind>
<opcode="alloca(26) " fcode="alloca"/>
<opset="i/1 "/>
</bind>
</comp>

<comp id="66" class="1004" name="tmp_1_read_read_fu_66">
<pin_list>
<pin id="67" dir="0" index="0" bw="64" slack="0"/>
<pin id="68" dir="0" index="1" bw="64" slack="0"/>
<pin id="69" dir="1" index="2" bw="64" slack="4"/>
</pin_list>
<bind>
<opcode="read(1150) " fcode="read"/>
<opset="tmp_1_read/1 "/>
</bind>
</comp>

<comp id="72" class="1004" name="tmp_read_read_fu_72">
<pin_list>
<pin id="73" dir="0" index="0" bw="64" slack="0"/>
<pin id="74" dir="0" index="1" bw="64" slack="0"/>
<pin id="75" dir="1" index="2" bw="64" slack="5"/>
</pin_list>
<bind>
<opcode="read(1150) " fcode="read"/>
<opset="tmp_read/1 "/>
</bind>
</comp>

<comp id="78" class="1004" name="SxoS_read_read_fu_78">
<pin_list>
<pin id="79" dir="0" index="0" bw="64" slack="0"/>
<pin id="80" dir="0" index="1" bw="64" slack="0"/>
<pin id="81" dir="1" index="2" bw="64" slack="4"/>
</pin_list>
<bind>
<opcode="read(1150) " fcode="read"/>
<opset="SxoS_read/1 "/>
</bind>
</comp>

<comp id="84" class="1004" name="size_read_read_fu_84">
<pin_list>
<pin id="85" dir="0" index="0" bw="9" slack="0"/>
<pin id="86" dir="0" index="1" bw="9" slack="0"/>
<pin id="87" dir="1" index="2" bw="9" slack="0"/>
</pin_list>
<bind>
<opcode="read(1150) " fcode="read"/>
<opset="size_read/1 "/>
</bind>
</comp>

<comp id="90" class="1004" name="write_ln0_write_fu_90">
<pin_list>
<pin id="91" dir="0" index="0" bw="0" slack="0"/>
<pin id="92" dir="0" index="1" bw="64" slack="0"/>
<pin id="93" dir="0" index="2" bw="64" slack="0"/>
<pin id="94" dir="1" index="3" bw="0" slack="2147483647"/>
</pin_list>
<bind>
<opcode="write(1151) " fcode="write"/>
<opset="write_ln0/26 "/>
</bind>
</comp>

<comp id="97" class="1004" name="write_ln0_write_fu_97">
<pin_list>
<pin id="98" dir="0" index="0" bw="0" slack="0"/>
<pin id="99" dir="0" index="1" bw="64" slack="0"/>
<pin id="100" dir="0" index="2" bw="64" slack="0"/>
<pin id="101" dir="1" index="3" bw="0" slack="2147483647"/>
</pin_list>
<bind>
<opcode="write(1151) " fcode="write"/>
<opset="write_ln0/26 "/>
</bind>
</comp>

<comp id="104" class="1004" name="arrx_addr_gep_fu_104">
<pin_list>
<pin id="105" dir="0" index="0" bw="7" slack="0"/>
<pin id="106" dir="0" index="1" bw="1" slack="0"/>
<pin id="107" dir="0" index="2" bw="9" slack="0"/>
<pin id="108" dir="1" index="3" bw="10" slack="0"/>
</pin_list>
<bind>
<opcode="getelementptr(29) " fcode="getelementptr"/>
<opset="arrx_addr/1 "/>
</bind>
</comp>

<comp id="111" class="1004" name="grp_access_fu_111">
<pin_list>
<pin id="112" dir="0" index="0" bw="10" slack="0"/>
<pin id="113" dir="0" index="1" bw="7" slack="2147483647"/>
<pin id="114" dir="0" index="2" bw="0" slack="2147483647"/>
<pin id="115" dir="1" index="3" bw="7" slack="1"/>
</pin_list>
<bind>
<opcode="load(27) " fcode="load"/>
<opset="arrx_load/1 "/>
</bind>
</comp>

<comp id="117" class="1004" name="arry_addr_gep_fu_117">
<pin_list>
<pin id="118" dir="0" index="0" bw="12" slack="0"/>
<pin id="119" dir="0" index="1" bw="1" slack="0"/>
<pin id="120" dir="0" index="2" bw="9" slack="0"/>
<pin id="121" dir="1" index="3" bw="10" slack="0"/>
</pin_list>
<bind>
<opcode="getelementptr(29) " fcode="getelementptr"/>
<opset="arry_addr/1 "/>
</bind>
</comp>

<comp id="124" class="1004" name="grp_access_fu_124">
<pin_list>
<pin id="125" dir="0" index="0" bw="10" slack="0"/>
<pin id="126" dir="0" index="1" bw="12" slack="2147483647"/>
<pin id="127" dir="0" index="2" bw="0" slack="2147483647"/>
<pin id="128" dir="1" index="3" bw="12" slack="2"/>
</pin_list>
<bind>
<opcode="load(27) " fcode="load"/>
<opset="arry_load/1 "/>
</bind>
</comp>

<comp id="130" class="1004" name="arrsigs_addr_gep_fu_130">
<pin_list>
<pin id="131" dir="0" index="0" bw="6" slack="0"/>
<pin id="132" dir="0" index="1" bw="1" slack="0"/>
<pin id="133" dir="0" index="2" bw="9" slack="0"/>
<pin id="134" dir="1" index="3" bw="10" slack="0"/>
</pin_list>
<bind>
<opcode="getelementptr(29) " fcode="getelementptr"/>
<opset="arrsigs_addr/1 "/>
</bind>
</comp>

<comp id="137" class="1004" name="grp_access_fu_137">
<pin_list>
<pin id="138" dir="0" index="0" bw="10" slack="0"/>
<pin id="139" dir="0" index="1" bw="6" slack="2147483647"/>
<pin id="140" dir="0" index="2" bw="0" slack="2147483647"/>
<pin id="141" dir="1" index="3" bw="6" slack="0"/>
</pin_list>
<bind>
<opcode="load(27) " fcode="load"/>
<opset="arrsigs_load/1 "/>
</bind>
</comp>

<comp id="143" class="1004" name="grp_fu_143">
<pin_list>
<pin id="144" dir="0" index="0" bw="64" slack="1"/>
<pin id="145" dir="0" index="1" bw="64" slack="2"/>
<pin id="146" dir="1" index="2" bw="64" slack="1"/>
</pin_list>
<bind>
<opcode="dsub(509) " fcode="dadd"/>
<opset="sub12_i/5 sub15_i/6 temp/10 "/>
</bind>
</comp>

<comp id="147" class="1004" name="grp_fu_147">
<pin_list>
<pin id="148" dir="0" index="0" bw="64" slack="0"/>
<pin id="149" dir="0" index="1" bw="64" slack="1"/>
<pin id="150" dir="1" index="2" bw="64" slack="0"/>
</pin_list>
<bind>
<opcode="dadd(508) " fcode="dadd"/>
<opset="Stt_1/25 term2_1/26 "/>
</bind>
</comp>

<comp id="151" class="1004" name="grp_fu_151">
<pin_list>
<pin id="152" dir="0" index="0" bw="64" slack="1"/>
<pin id="153" dir="0" index="1" bw="64" slack="1"/>
<pin id="154" dir="1" index="2" bw="64" slack="1"/>
</pin_list>
<bind>
<opcode="dmul(510) " fcode="dmul"/>
<opset="mul16_i/5 tempOverSig/18 tempOverSigSquared/22 "/>
</bind>
</comp>

<comp id="155" class="1004" name="grp_fu_155">
<pin_list>
<pin id="156" dir="0" index="0" bw="64" slack="1"/>
<pin id="157" dir="0" index="1" bw="64" slack="1"/>
<pin id="158" dir="1" index="2" bw="64" slack="1"/>
</pin_list>
<bind>
<opcode="dmul(510) " fcode="dmul"/>
<opset="t/17 mul14_i/21 "/>
</bind>
</comp>

<comp id="159" class="1004" name="grp_fu_159">
<pin_list>
<pin id="160" dir="0" index="0" bw="64" slack="0"/>
<pin id="161" dir="0" index="1" bw="64" slack="1"/>
<pin id="162" dir="1" index="2" bw="64" slack="1"/>
</pin_list>
<bind>
<opcode="ddiv(511) " fcode="ddiv"/>
<opset="overSig/4 "/>
</bind>
</comp>

<comp id="164" class="1004" name="grp_fu_164">
<pin_list>
<pin id="165" dir="0" index="0" bw="12" slack="0"/>
<pin id="166" dir="1" index="1" bw="64" slack="1"/>
</pin_list>
<bind>
<opcode="sitodp(517) " fcode="sitodp"/>
<opset="sig/2 x/3 y/4 "/>
</bind>
</comp>

<comp id="167" class="1004" name="store_ln0_store_fu_167">
<pin_list>
<pin id="168" dir="0" index="0" bw="1" slack="0"/>
<pin id="169" dir="0" index="1" bw="9" slack="0"/>
<pin id="170" dir="1" index="2" bw="0" slack="2147483647"/>
</pin_list>
<bind>
<opcode="store(28) " fcode="store"/>
<opset="store_ln0/1 "/>
</bind>
</comp>

<comp id="172" class="1004" name="store_ln0_store_fu_172">
<pin_list>
<pin id="173" dir="0" index="0" bw="64" slack="0"/>
<pin id="174" dir="0" index="1" bw="64" slack="0"/>
<pin id="175" dir="1" index="2" bw="0" slack="2147483647"/>
</pin_list>
<bind>
<opcode="store(28) " fcode="store"/>
<opset="store_ln0/1 "/>
</bind>
</comp>

<comp id="177" class="1004" name="store_ln0_store_fu_177">
<pin_list>
<pin id="178" dir="0" index="0" bw="64" slack="0"/>
<pin id="179" dir="0" index="1" bw="64" slack="0"/>
<pin id="180" dir="1" index="2" bw="0" slack="2147483647"/>
</pin_list>
<bind>
<opcode="store(28) " fcode="store"/>
<opset="store_ln0/1 "/>
</bind>
</comp>

<comp id="182" class="1004" name="i_3_load_fu_182">
<pin_list>
<pin id="183" dir="0" index="0" bw="9" slack="0"/>
<pin id="184" dir="1" index="1" bw="9" slack="0"/>
</pin_list>
<bind>
<opcode="load(27) " fcode="load"/>
<opset="i_3/1 "/>
</bind>
</comp>

<comp id="185" class="1004" name="icmp_ln148_fu_185">
<pin_list>
<pin id="186" dir="0" index="0" bw="9" slack="0"/>
<pin id="187" dir="0" index="1" bw="9" slack="0"/>
<pin id="188" dir="1" index="2" bw="1" slack="1"/>
</pin_list>
<bind>
<opcode="icmp(45) " fcode="icmp"/>
<opset="icmp_ln148/1 "/>
</bind>
</comp>

<comp id="191" class="1004" name="add_ln148_fu_191">
<pin_list>
<pin id="192" dir="0" index="0" bw="9" slack="0"/>
<pin id="193" dir="0" index="1" bw="1" slack="0"/>
<pin id="194" dir="1" index="2" bw="9" slack="0"/>
</pin_list>
<bind>
<opcode="add(8) " fcode="add"/>
<opset="add_ln148/1 "/>
</bind>
</comp>

<comp id="197" class="1004" name="i_4_cast_fu_197">
<pin_list>
<pin id="198" dir="0" index="0" bw="9" slack="0"/>
<pin id="199" dir="1" index="1" bw="64" slack="0"/>
</pin_list>
<bind>
<opcode="zext(34) " fcode="zext"/>
<opset="i_4_cast/1 "/>
</bind>
</comp>

<comp id="204" class="1004" name="store_ln148_store_fu_204">
<pin_list>
<pin id="205" dir="0" index="0" bw="9" slack="0"/>
<pin id="206" dir="0" index="1" bw="9" slack="0"/>
<pin id="207" dir="1" index="2" bw="0" slack="2147483647"/>
</pin_list>
<bind>
<opcode="store(28) " fcode="store"/>
<opset="store_ln148/1 "/>
</bind>
</comp>

<comp id="209" class="1004" name="zext_ln152_fu_209">
<pin_list>
<pin id="210" dir="0" index="0" bw="6" slack="0"/>
<pin id="211" dir="1" index="1" bw="64" slack="0"/>
</pin_list>
<bind>
<opcode="zext(34) " fcode="zext"/>
<opset="zext_ln152/2 "/>
</bind>
</comp>

<comp id="214" class="1004" name="zext_ln150_fu_214">
<pin_list>
<pin id="215" dir="0" index="0" bw="7" slack="1"/>
<pin id="216" dir="1" index="1" bw="64" slack="0"/>
</pin_list>
<bind>
<opcode="zext(34) " fcode="zext"/>
<opset="zext_ln150/3 "/>
</bind>
</comp>

<comp id="218" class="1004" name="sext_ln151_fu_218">
<pin_list>
<pin id="219" dir="0" index="0" bw="12" slack="2"/>
<pin id="220" dir="1" index="1" bw="32" slack="0"/>
</pin_list>
<bind>
<opcode="sext(35) " fcode="sext"/>
<opset="sext_ln151/4 "/>
</bind>
</comp>

<comp id="222" class="1004" name="Stt_load_load_fu_222">
<pin_list>
<pin id="223" dir="0" index="0" bw="64" slack="24"/>
<pin id="224" dir="1" index="1" bw="64" slack="0"/>
</pin_list>
<bind>
<opcode="load(27) " fcode="load"/>
<opset="Stt_load/25 "/>
</bind>
</comp>

<comp id="226" class="1004" name="term2_load_load_fu_226">
<pin_list>
<pin id="227" dir="0" index="0" bw="64" slack="25"/>
<pin id="228" dir="1" index="1" bw="64" slack="0"/>
</pin_list>
<bind>
<opcode="load(27) " fcode="load"/>
<opset="term2_load/26 "/>
</bind>
</comp>

<comp id="230" class="1004" name="store_ln148_store_fu_230">
<pin_list>
<pin id="231" dir="0" index="0" bw="64" slack="0"/>
<pin id="232" dir="0" index="1" bw="64" slack="27"/>
<pin id="233" dir="1" index="2" bw="0" slack="2147483647"/>
</pin_list>
<bind>
<opcode="store(28) " fcode="store"/>
<opset="store_ln148/28 "/>
</bind>
</comp>

<comp id="235" class="1004" name="store_ln148_store_fu_235">
<pin_list>
<pin id="236" dir="0" index="0" bw="64" slack="0"/>
<pin id="237" dir="0" index="1" bw="64" slack="28"/>
<pin id="238" dir="1" index="2" bw="0" slack="2147483647"/>
</pin_list>
<bind>
<opcode="store(28) " fcode="store"/>
<opset="store_ln148/29 "/>
</bind>
</comp>

<comp id="240" class="1004" name="term2_load_1_load_fu_240">
<pin_list>
<pin id="241" dir="0" index="0" bw="64" slack="25"/>
<pin id="242" dir="1" index="1" bw="64" slack="0"/>
</pin_list>
<bind>
<opcode="load(27) " fcode="load"/>
<opset="term2_load_1/26 "/>
</bind>
</comp>

<comp id="244" class="1004" name="Stt_load_1_load_fu_244">
<pin_list>
<pin id="245" dir="0" index="0" bw="64" slack="25"/>
<pin id="246" dir="1" index="1" bw="64" slack="0"/>
</pin_list>
<bind>
<opcode="load(27) " fcode="load"/>
<opset="Stt_load_1/26 "/>
</bind>
</comp>

<comp id="248" class="1005" name="term2_reg_248">
<pin_list>
<pin id="249" dir="0" index="0" bw="64" slack="0"/>
<pin id="250" dir="1" index="1" bw="64" slack="0"/>
</pin_list>
<bind>
<opset="term2 "/>
</bind>
</comp>

<comp id="256" class="1005" name="Stt_reg_256">
<pin_list>
<pin id="257" dir="0" index="0" bw="64" slack="0"/>
<pin id="258" dir="1" index="1" bw="64" slack="0"/>
</pin_list>
<bind>
<opset="Stt "/>
</bind>
</comp>

<comp id="264" class="1005" name="i_reg_264">
<pin_list>
<pin id="265" dir="0" index="0" bw="9" slack="0"/>
<pin id="266" dir="1" index="1" bw="9" slack="0"/>
</pin_list>
<bind>
<opset="i "/>
</bind>
</comp>

<comp id="271" class="1005" name="tmp_1_read_reg_271">
<pin_list>
<pin id="272" dir="0" index="0" bw="64" slack="4"/>
<pin id="273" dir="1" index="1" bw="64" slack="4"/>
</pin_list>
<bind>
<opset="tmp_1_read "/>
</bind>
</comp>

<comp id="276" class="1005" name="tmp_read_reg_276">
<pin_list>
<pin id="277" dir="0" index="0" bw="64" slack="5"/>
<pin id="278" dir="1" index="1" bw="64" slack="5"/>
</pin_list>
<bind>
<opset="tmp_read "/>
</bind>
</comp>

<comp id="281" class="1005" name="SxoS_read_reg_281">
<pin_list>
<pin id="282" dir="0" index="0" bw="64" slack="4"/>
<pin id="283" dir="1" index="1" bw="64" slack="4"/>
</pin_list>
<bind>
<opset="SxoS_read "/>
</bind>
</comp>

<comp id="286" class="1005" name="icmp_ln148_reg_286">
<pin_list>
<pin id="287" dir="0" index="0" bw="1" slack="1"/>
<pin id="288" dir="1" index="1" bw="1" slack="2147483647"/>
</pin_list>
<bind>
<opset="icmp_ln148 "/>
</bind>
</comp>

<comp id="290" class="1005" name="arrx_addr_reg_290">
<pin_list>
<pin id="291" dir="0" index="0" bw="10" slack="1"/>
<pin id="292" dir="1" index="1" bw="10" slack="1"/>
</pin_list>
<bind>
<opset="arrx_addr "/>
</bind>
</comp>

<comp id="295" class="1005" name="arry_addr_reg_295">
<pin_list>
<pin id="296" dir="0" index="0" bw="10" slack="1"/>
<pin id="297" dir="1" index="1" bw="10" slack="1"/>
</pin_list>
<bind>
<opset="arry_addr "/>
</bind>
</comp>

<comp id="300" class="1005" name="arrsigs_addr_reg_300">
<pin_list>
<pin id="301" dir="0" index="0" bw="10" slack="1"/>
<pin id="302" dir="1" index="1" bw="10" slack="1"/>
</pin_list>
<bind>
<opset="arrsigs_addr "/>
</bind>
</comp>

<comp id="305" class="1005" name="arrx_load_reg_305">
<pin_list>
<pin id="306" dir="0" index="0" bw="7" slack="1"/>
<pin id="307" dir="1" index="1" bw="7" slack="1"/>
</pin_list>
<bind>
<opset="arrx_load "/>
</bind>
</comp>

<comp id="310" class="1005" name="arry_load_reg_310">
<pin_list>
<pin id="311" dir="0" index="0" bw="12" slack="2"/>
<pin id="312" dir="1" index="1" bw="12" slack="2"/>
</pin_list>
<bind>
<opset="arry_load "/>
</bind>
</comp>

<comp id="315" class="1005" name="zext_ln152_reg_315">
<pin_list>
<pin id="316" dir="0" index="0" bw="64" slack="1"/>
<pin id="317" dir="1" index="1" bw="64" slack="1"/>
</pin_list>
<bind>
<opset="zext_ln152 "/>
</bind>
</comp>

<comp id="320" class="1005" name="zext_ln150_reg_320">
<pin_list>
<pin id="321" dir="0" index="0" bw="64" slack="1"/>
<pin id="322" dir="1" index="1" bw="64" slack="1"/>
</pin_list>
<bind>
<opset="zext_ln150 "/>
</bind>
</comp>

<comp id="325" class="1005" name="sig_reg_325">
<pin_list>
<pin id="326" dir="0" index="0" bw="64" slack="1"/>
<pin id="327" dir="1" index="1" bw="64" slack="1"/>
</pin_list>
<bind>
<opset="sig "/>
</bind>
</comp>

<comp id="330" class="1005" name="x_reg_330">
<pin_list>
<pin id="331" dir="0" index="0" bw="64" slack="1"/>
<pin id="332" dir="1" index="1" bw="64" slack="1"/>
</pin_list>
<bind>
<opset="x "/>
</bind>
</comp>

<comp id="336" class="1005" name="sext_ln151_reg_336">
<pin_list>
<pin id="337" dir="0" index="0" bw="32" slack="1"/>
<pin id="338" dir="1" index="1" bw="32" slack="1"/>
</pin_list>
<bind>
<opset="sext_ln151 "/>
</bind>
</comp>

<comp id="341" class="1005" name="y_reg_341">
<pin_list>
<pin id="342" dir="0" index="0" bw="64" slack="1"/>
<pin id="343" dir="1" index="1" bw="64" slack="1"/>
</pin_list>
<bind>
<opset="y "/>
</bind>
</comp>

<comp id="346" class="1005" name="sub12_i_reg_346">
<pin_list>
<pin id="347" dir="0" index="0" bw="64" slack="9"/>
<pin id="348" dir="1" index="1" bw="64" slack="9"/>
</pin_list>
<bind>
<opset="sub12_i "/>
</bind>
</comp>

<comp id="351" class="1005" name="mul16_i_reg_351">
<pin_list>
<pin id="352" dir="0" index="0" bw="64" slack="2"/>
<pin id="353" dir="1" index="1" bw="64" slack="2"/>
</pin_list>
<bind>
<opset="mul16_i "/>
</bind>
</comp>

<comp id="356" class="1005" name="sub15_i_reg_356">
<pin_list>
<pin id="357" dir="0" index="0" bw="64" slack="1"/>
<pin id="358" dir="1" index="1" bw="64" slack="1"/>
</pin_list>
<bind>
<opset="sub15_i "/>
</bind>
</comp>

<comp id="361" class="1005" name="temp_reg_361">
<pin_list>
<pin id="362" dir="0" index="0" bw="64" slack="5"/>
<pin id="363" dir="1" index="1" bw="64" slack="5"/>
</pin_list>
<bind>
<opset="temp "/>
</bind>
</comp>

<comp id="366" class="1005" name="overSig_reg_366">
<pin_list>
<pin id="367" dir="0" index="0" bw="64" slack="1"/>
<pin id="368" dir="1" index="1" bw="64" slack="1"/>
</pin_list>
<bind>
<opset="overSig "/>
</bind>
</comp>

<comp id="372" class="1005" name="t_reg_372">
<pin_list>
<pin id="373" dir="0" index="0" bw="64" slack="1"/>
<pin id="374" dir="1" index="1" bw="64" slack="1"/>
</pin_list>
<bind>
<opset="t "/>
</bind>
</comp>

<comp id="378" class="1005" name="tempOverSig_reg_378">
<pin_list>
<pin id="379" dir="0" index="0" bw="64" slack="1"/>
<pin id="380" dir="1" index="1" bw="64" slack="1"/>
</pin_list>
<bind>
<opset="tempOverSig "/>
</bind>
</comp>

<comp id="384" class="1005" name="mul14_i_reg_384">
<pin_list>
<pin id="385" dir="0" index="0" bw="64" slack="1"/>
<pin id="386" dir="1" index="1" bw="64" slack="1"/>
</pin_list>
<bind>
<opset="mul14_i "/>
</bind>
</comp>

<comp id="389" class="1005" name="Stt_load_reg_389">
<pin_list>
<pin id="390" dir="0" index="0" bw="64" slack="1"/>
<pin id="391" dir="1" index="1" bw="64" slack="1"/>
</pin_list>
<bind>
<opset="Stt_load "/>
</bind>
</comp>

<comp id="394" class="1005" name="tempOverSigSquared_reg_394">
<pin_list>
<pin id="395" dir="0" index="0" bw="64" slack="1"/>
<pin id="396" dir="1" index="1" bw="64" slack="1"/>
</pin_list>
<bind>
<opset="tempOverSigSquared "/>
</bind>
</comp>

<comp id="399" class="1005" name="term2_load_reg_399">
<pin_list>
<pin id="400" dir="0" index="0" bw="64" slack="1"/>
<pin id="401" dir="1" index="1" bw="64" slack="1"/>
</pin_list>
<bind>
<opset="term2_load "/>
</bind>
</comp>

</comp_list>

<net_list>
<net id="57"><net_src comp="18" pin="0"/><net_sink comp="54" pin=0"/></net>

<net id="61"><net_src comp="18" pin="0"/><net_sink comp="58" pin=0"/></net>

<net id="65"><net_src comp="18" pin="0"/><net_sink comp="62" pin=0"/></net>

<net id="70"><net_src comp="20" pin="0"/><net_sink comp="66" pin=0"/></net>

<net id="71"><net_src comp="12" pin="0"/><net_sink comp="66" pin=1"/></net>

<net id="76"><net_src comp="20" pin="0"/><net_sink comp="72" pin=0"/></net>

<net id="77"><net_src comp="10" pin="0"/><net_sink comp="72" pin=1"/></net>

<net id="82"><net_src comp="20" pin="0"/><net_sink comp="78" pin=0"/></net>

<net id="83"><net_src comp="8" pin="0"/><net_sink comp="78" pin=1"/></net>

<net id="88"><net_src comp="22" pin="0"/><net_sink comp="84" pin=0"/></net>

<net id="89"><net_src comp="0" pin="0"/><net_sink comp="84" pin=1"/></net>

<net id="95"><net_src comp="52" pin="0"/><net_sink comp="90" pin=0"/></net>

<net id="96"><net_src comp="14" pin="0"/><net_sink comp="90" pin=1"/></net>

<net id="102"><net_src comp="52" pin="0"/><net_sink comp="97" pin=0"/></net>

<net id="103"><net_src comp="16" pin="0"/><net_sink comp="97" pin=1"/></net>

<net id="109"><net_src comp="2" pin="0"/><net_sink comp="104" pin=0"/></net>

<net id="110"><net_src comp="42" pin="0"/><net_sink comp="104" pin=1"/></net>

<net id="116"><net_src comp="104" pin="3"/><net_sink comp="111" pin=0"/></net>

<net id="122"><net_src comp="4" pin="0"/><net_sink comp="117" pin=0"/></net>

<net id="123"><net_src comp="42" pin="0"/><net_sink comp="117" pin=1"/></net>

<net id="129"><net_src comp="117" pin="3"/><net_sink comp="124" pin=0"/></net>

<net id="135"><net_src comp="6" pin="0"/><net_sink comp="130" pin=0"/></net>

<net id="136"><net_src comp="42" pin="0"/><net_sink comp="130" pin=1"/></net>

<net id="142"><net_src comp="130" pin="3"/><net_sink comp="137" pin=0"/></net>

<net id="163"><net_src comp="46" pin="0"/><net_sink comp="159" pin=0"/></net>

<net id="171"><net_src comp="24" pin="0"/><net_sink comp="167" pin=0"/></net>

<net id="176"><net_src comp="26" pin="0"/><net_sink comp="172" pin=0"/></net>

<net id="181"><net_src comp="26" pin="0"/><net_sink comp="177" pin=0"/></net>

<net id="189"><net_src comp="182" pin="1"/><net_sink comp="185" pin=0"/></net>

<net id="190"><net_src comp="84" pin="2"/><net_sink comp="185" pin=1"/></net>

<net id="195"><net_src comp="182" pin="1"/><net_sink comp="191" pin=0"/></net>

<net id="196"><net_src comp="44" pin="0"/><net_sink comp="191" pin=1"/></net>

<net id="200"><net_src comp="182" pin="1"/><net_sink comp="197" pin=0"/></net>

<net id="201"><net_src comp="197" pin="1"/><net_sink comp="104" pin=2"/></net>

<net id="202"><net_src comp="197" pin="1"/><net_sink comp="117" pin=2"/></net>

<net id="203"><net_src comp="197" pin="1"/><net_sink comp="130" pin=2"/></net>

<net id="208"><net_src comp="191" pin="2"/><net_sink comp="204" pin=0"/></net>

<net id="212"><net_src comp="137" pin="3"/><net_sink comp="209" pin=0"/></net>

<net id="213"><net_src comp="209" pin="1"/><net_sink comp="164" pin=0"/></net>

<net id="217"><net_src comp="214" pin="1"/><net_sink comp="164" pin=0"/></net>

<net id="221"><net_src comp="218" pin="1"/><net_sink comp="164" pin=0"/></net>

<net id="225"><net_src comp="222" pin="1"/><net_sink comp="147" pin=0"/></net>

<net id="229"><net_src comp="226" pin="1"/><net_sink comp="147" pin=0"/></net>

<net id="234"><net_src comp="147" pin="2"/><net_sink comp="230" pin=0"/></net>

<net id="239"><net_src comp="147" pin="2"/><net_sink comp="235" pin=0"/></net>

<net id="243"><net_src comp="240" pin="1"/><net_sink comp="97" pin=2"/></net>

<net id="247"><net_src comp="244" pin="1"/><net_sink comp="90" pin=2"/></net>

<net id="251"><net_src comp="54" pin="1"/><net_sink comp="248" pin=0"/></net>

<net id="252"><net_src comp="248" pin="1"/><net_sink comp="177" pin=1"/></net>

<net id="253"><net_src comp="248" pin="1"/><net_sink comp="226" pin=0"/></net>

<net id="254"><net_src comp="248" pin="1"/><net_sink comp="235" pin=1"/></net>

<net id="255"><net_src comp="248" pin="1"/><net_sink comp="240" pin=0"/></net>

<net id="259"><net_src comp="58" pin="1"/><net_sink comp="256" pin=0"/></net>

<net id="260"><net_src comp="256" pin="1"/><net_sink comp="172" pin=1"/></net>

<net id="261"><net_src comp="256" pin="1"/><net_sink comp="222" pin=0"/></net>

<net id="262"><net_src comp="256" pin="1"/><net_sink comp="230" pin=1"/></net>

<net id="263"><net_src comp="256" pin="1"/><net_sink comp="244" pin=0"/></net>

<net id="267"><net_src comp="62" pin="1"/><net_sink comp="264" pin=0"/></net>

<net id="268"><net_src comp="264" pin="1"/><net_sink comp="167" pin=1"/></net>

<net id="269"><net_src comp="264" pin="1"/><net_sink comp="182" pin=0"/></net>

<net id="270"><net_src comp="264" pin="1"/><net_sink comp="204" pin=1"/></net>

<net id="274"><net_src comp="66" pin="2"/><net_sink comp="271" pin=0"/></net>

<net id="275"><net_src comp="271" pin="1"/><net_sink comp="151" pin=0"/></net>

<net id="279"><net_src comp="72" pin="2"/><net_sink comp="276" pin=0"/></net>

<net id="280"><net_src comp="276" pin="1"/><net_sink comp="143" pin=1"/></net>

<net id="284"><net_src comp="78" pin="2"/><net_sink comp="281" pin=0"/></net>

<net id="285"><net_src comp="281" pin="1"/><net_sink comp="143" pin=1"/></net>

<net id="289"><net_src comp="185" pin="2"/><net_sink comp="286" pin=0"/></net>

<net id="293"><net_src comp="104" pin="3"/><net_sink comp="290" pin=0"/></net>

<net id="294"><net_src comp="290" pin="1"/><net_sink comp="111" pin=0"/></net>

<net id="298"><net_src comp="117" pin="3"/><net_sink comp="295" pin=0"/></net>

<net id="299"><net_src comp="295" pin="1"/><net_sink comp="124" pin=0"/></net>

<net id="303"><net_src comp="130" pin="3"/><net_sink comp="300" pin=0"/></net>

<net id="304"><net_src comp="300" pin="1"/><net_sink comp="137" pin=0"/></net>

<net id="308"><net_src comp="111" pin="3"/><net_sink comp="305" pin=0"/></net>

<net id="309"><net_src comp="305" pin="1"/><net_sink comp="214" pin=0"/></net>

<net id="313"><net_src comp="124" pin="3"/><net_sink comp="310" pin=0"/></net>

<net id="314"><net_src comp="310" pin="1"/><net_sink comp="218" pin=0"/></net>

<net id="318"><net_src comp="209" pin="1"/><net_sink comp="315" pin=0"/></net>

<net id="319"><net_src comp="315" pin="1"/><net_sink comp="164" pin=0"/></net>

<net id="323"><net_src comp="214" pin="1"/><net_sink comp="320" pin=0"/></net>

<net id="324"><net_src comp="320" pin="1"/><net_sink comp="164" pin=0"/></net>

<net id="328"><net_src comp="164" pin="1"/><net_sink comp="325" pin=0"/></net>

<net id="329"><net_src comp="325" pin="1"/><net_sink comp="159" pin=1"/></net>

<net id="333"><net_src comp="164" pin="1"/><net_sink comp="330" pin=0"/></net>

<net id="334"><net_src comp="330" pin="1"/><net_sink comp="143" pin=0"/></net>

<net id="335"><net_src comp="330" pin="1"/><net_sink comp="151" pin=1"/></net>

<net id="339"><net_src comp="218" pin="1"/><net_sink comp="336" pin=0"/></net>

<net id="340"><net_src comp="336" pin="1"/><net_sink comp="164" pin=0"/></net>

<net id="344"><net_src comp="164" pin="1"/><net_sink comp="341" pin=0"/></net>

<net id="345"><net_src comp="341" pin="1"/><net_sink comp="143" pin=0"/></net>

<net id="349"><net_src comp="143" pin="2"/><net_sink comp="346" pin=0"/></net>

<net id="350"><net_src comp="346" pin="1"/><net_sink comp="155" pin=1"/></net>

<net id="354"><net_src comp="151" pin="2"/><net_sink comp="351" pin=0"/></net>

<net id="355"><net_src comp="351" pin="1"/><net_sink comp="143" pin=1"/></net>

<net id="359"><net_src comp="143" pin="2"/><net_sink comp="356" pin=0"/></net>

<net id="360"><net_src comp="356" pin="1"/><net_sink comp="143" pin=0"/></net>

<net id="364"><net_src comp="143" pin="2"/><net_sink comp="361" pin=0"/></net>

<net id="365"><net_src comp="361" pin="1"/><net_sink comp="151" pin=0"/></net>

<net id="369"><net_src comp="159" pin="2"/><net_sink comp="366" pin=0"/></net>

<net id="370"><net_src comp="366" pin="1"/><net_sink comp="155" pin=0"/></net>

<net id="371"><net_src comp="366" pin="1"/><net_sink comp="151" pin=1"/></net>

<net id="375"><net_src comp="155" pin="2"/><net_sink comp="372" pin=0"/></net>

<net id="376"><net_src comp="372" pin="1"/><net_sink comp="155" pin=0"/></net>

<net id="377"><net_src comp="372" pin="1"/><net_sink comp="155" pin=1"/></net>

<net id="381"><net_src comp="151" pin="2"/><net_sink comp="378" pin=0"/></net>

<net id="382"><net_src comp="378" pin="1"/><net_sink comp="151" pin=0"/></net>

<net id="383"><net_src comp="378" pin="1"/><net_sink comp="151" pin=1"/></net>

<net id="387"><net_src comp="155" pin="2"/><net_sink comp="384" pin=0"/></net>

<net id="388"><net_src comp="384" pin="1"/><net_sink comp="147" pin=1"/></net>

<net id="392"><net_src comp="222" pin="1"/><net_sink comp="389" pin=0"/></net>

<net id="393"><net_src comp="389" pin="1"/><net_sink comp="147" pin=0"/></net>

<net id="397"><net_src comp="151" pin="2"/><net_sink comp="394" pin=0"/></net>

<net id="398"><net_src comp="394" pin="1"/><net_sink comp="147" pin=1"/></net>

<net id="402"><net_src comp="226" pin="1"/><net_sink comp="399" pin=0"/></net>

<net id="403"><net_src comp="399" pin="1"/><net_sink comp="147" pin=0"/></net>

</net_list>

</model> 
---------------- Datapath Model END ------------------

* FSMD analyzer results:
  - Output states:
	Port: Stt_out | {26 }
	Port: term2_out | {26 }
 - Input state : 
	Port: fit_Pipeline_VITIS_LOOP_148_1 : size | {1 }
	Port: fit_Pipeline_VITIS_LOOP_148_1 : arrx | {1 2 }
	Port: fit_Pipeline_VITIS_LOOP_148_1 : arry | {1 2 }
	Port: fit_Pipeline_VITIS_LOOP_148_1 : arrsigs | {1 2 }
	Port: fit_Pipeline_VITIS_LOOP_148_1 : SxoS | {1 }
	Port: fit_Pipeline_VITIS_LOOP_148_1 : tmp | {1 }
	Port: fit_Pipeline_VITIS_LOOP_148_1 : tmp_1 | {1 }
  - Chain level:
	State 1
		store_ln0 : 1
		store_ln0 : 1
		store_ln0 : 1
		i_3 : 1
		icmp_ln148 : 2
		add_ln148 : 2
		br_ln148 : 3
		i_4_cast : 2
		arrx_addr : 3
		arrx_load : 4
		arry_addr : 3
		arry_load : 4
		arrsigs_addr : 3
		arrsigs_load : 4
		store_ln148 : 3
	State 2
		zext_ln152 : 1
		sig : 2
	State 3
		x : 1
	State 4
		y : 1
	State 5
	State 6
	State 7
	State 8
	State 9
	State 10
	State 11
	State 12
	State 13
	State 14
	State 15
	State 16
	State 17
	State 18
	State 19
	State 20
	State 21
	State 22
	State 23
	State 24
	State 25
		Stt_1 : 1
	State 26
		term2_1 : 1
		write_ln0 : 1
		write_ln0 : 1
	State 27
	State 28
		store_ln148 : 1
	State 29
		store_ln148 : 1


============================================================
+ Verbose Summary: Datapath Resource usage 
============================================================

* Functional unit list:
|----------|-----------------------|---------|---------|---------|
| Operation|    Functional Unit    |   DSP   |    FF   |   LUT   |
|----------|-----------------------|---------|---------|---------|
|   dadd   |       grp_fu_143      |    3    |   430   |   710   |
|          |       grp_fu_147      |    3    |   430   |   710   |
|----------|-----------------------|---------|---------|---------|
|   dmul   |       grp_fu_151      |    8    |   275   |   107   |
|          |       grp_fu_155      |    8    |   275   |   107   |
|----------|-----------------------|---------|---------|---------|
|   icmp   |   icmp_ln148_fu_185   |    0    |    0    |    16   |
|----------|-----------------------|---------|---------|---------|
|    add   |    add_ln148_fu_191   |    0    |    0    |    16   |
|----------|-----------------------|---------|---------|---------|
|          | tmp_1_read_read_fu_66 |    0    |    0    |    0    |
|   read   |  tmp_read_read_fu_72  |    0    |    0    |    0    |
|          |  SxoS_read_read_fu_78 |    0    |    0    |    0    |
|          |  size_read_read_fu_84 |    0    |    0    |    0    |
|----------|-----------------------|---------|---------|---------|
|   write  | write_ln0_write_fu_90 |    0    |    0    |    0    |
|          | write_ln0_write_fu_97 |    0    |    0    |    0    |
|----------|-----------------------|---------|---------|---------|
|   ddiv   |       grp_fu_159      |    0    |    0    |    0    |
|----------|-----------------------|---------|---------|---------|
|  sitodp  |       grp_fu_164      |    0    |    0    |    0    |
|----------|-----------------------|---------|---------|---------|
|          |    i_4_cast_fu_197    |    0    |    0    |    0    |
|   zext   |   zext_ln152_fu_209   |    0    |    0    |    0    |
|          |   zext_ln150_fu_214   |    0    |    0    |    0    |
|----------|-----------------------|---------|---------|---------|
|   sext   |   sext_ln151_fu_218   |    0    |    0    |    0    |
|----------|-----------------------|---------|---------|---------|
|   Total  |                       |    22   |   1410  |   1666  |
|----------|-----------------------|---------|---------|---------|

Memories:
N/A

* Register list:
+--------------------------+--------+
|                          |   FF   |
+--------------------------+--------+
|     Stt_load_reg_389     |   64   |
|        Stt_reg_256       |   64   |
|     SxoS_read_reg_281    |   64   |
|   arrsigs_addr_reg_300   |   10   |
|     arrx_addr_reg_290    |   10   |
|     arrx_load_reg_305    |    7   |
|     arry_addr_reg_295    |   10   |
|     arry_load_reg_310    |   12   |
|         i_reg_264        |    9   |
|    icmp_ln148_reg_286    |    1   |
|      mul14_i_reg_384     |   64   |
|      mul16_i_reg_351     |   64   |
|      overSig_reg_366     |   64   |
|    sext_ln151_reg_336    |   32   |
|        sig_reg_325       |   64   |
|      sub12_i_reg_346     |   64   |
|      sub15_i_reg_356     |   64   |
|         t_reg_372        |   64   |
|tempOverSigSquared_reg_394|   64   |
|    tempOverSig_reg_378   |   64   |
|       temp_reg_361       |   64   |
|    term2_load_reg_399    |   64   |
|       term2_reg_248      |   64   |
|    tmp_1_read_reg_271    |   64   |
|     tmp_read_reg_276     |   64   |
|         x_reg_330        |   64   |
|         y_reg_341        |   64   |
|    zext_ln150_reg_320    |   64   |
|    zext_ln152_reg_315    |   64   |
+--------------------------+--------+
|           Total          |  1435  |
+--------------------------+--------+

* Multiplexer (MUX) list: 
|-------------------|------|------|------|--------||---------||---------|
|        Comp       |  Pin | Size |  BW  | S x BW ||  Delay  ||   LUT   |
|-------------------|------|------|------|--------||---------||---------|
| grp_access_fu_111 |  p0  |   2  |  10  |   20   ||    9    |
| grp_access_fu_124 |  p0  |   2  |  10  |   20   ||    9    |
| grp_access_fu_137 |  p0  |   2  |  10  |   20   ||    9    |
|     grp_fu_143    |  p0  |   3  |  64  |   192  ||    14   |
|     grp_fu_143    |  p1  |   3  |  64  |   192  ||    14   |
|     grp_fu_147    |  p0  |   4  |  64  |   256  ||    20   |
|     grp_fu_147    |  p1  |   2  |  64  |   128  ||    9    |
|     grp_fu_151    |  p0  |   3  |  64  |   192  ||    14   |
|     grp_fu_151    |  p1  |   3  |  64  |   192  ||    14   |
|     grp_fu_155    |  p0  |   2  |  64  |   128  ||    9    |
|     grp_fu_155    |  p1  |   2  |  64  |   128  ||    9    |
|     grp_fu_164    |  p0  |   6  |  12  |   72   ||    31   |
|-------------------|------|------|------|--------||---------||---------|
|       Total       |      |      |      |  1540  || 5.94143 ||   161   |
|-------------------|------|------|------|--------||---------||---------|



* Summary:
+-----------+--------+--------+--------+--------+
|           |   DSP  |  Delay |   FF   |   LUT  |
+-----------+--------+--------+--------+--------+
|  Function |   22   |    -   |  1410  |  1666  |
|   Memory  |    -   |    -   |    -   |    -   |
|Multiplexer|    -   |    5   |    -   |   161  |
|  Register |    -   |    -   |  1435  |    -   |
+-----------+--------+--------+--------+--------+
|   Total   |   22   |    5   |  2845  |  1827  |
+-----------+--------+--------+--------+--------+
