

================================================================
== Vitis HLS Report for 'fit_Pipeline_VITIS_LOOP_28_1'
================================================================
* Date:           Thu Feb 27 15:25:22 2025

* Version:        2023.1 (Build 3854077 on May  4 2023)
* Project:        hls_fit
* Solution:       solution1 (Vitis Kernel Flow Target)
* Product family: virtexuplus
* Target device:  xcvu11p-flga2577-1-e


================================================================
== Performance Estimates
================================================================
+ Timing: 
    * Summary: 
    +--------+----------+----------+------------+
    |  Clock |  Target  | Estimated| Uncertainty|
    +--------+----------+----------+------------+
    |ap_clk  |  10.00 ns|  5.515 ns|     2.70 ns|
    +--------+----------+----------+------------+

+ Latency: 
    * Summary: 
    +---------+---------+----------+----------+-----+-----+---------+
    |  Latency (cycles) |  Latency (absolute) |  Interval | Pipeline|
    |   min   |   max   |    min   |    max   | min | max |   Type  |
    +---------+---------+----------+----------+-----+-----+---------+
    |       96|      444|  0.960 us|  4.440 us|   96|  444|       no|
    +---------+---------+----------+----------+-----+-----+---------+

    + Detail: 
        * Instance: 
        N/A

        * Loop: 
        +-------------------+---------+---------+----------+-----------+-----------+----------+----------+
        |                   |  Latency (cycles) | Iteration|  Initiation Interval  |   Trip   |          |
        |     Loop Name     |   min   |   max   |  Latency |  achieved |   target  |   Count  | Pipelined|
        +-------------------+---------+---------+----------+-----------+-----------+----------+----------+
        |- VITIS_LOOP_28_1  |       94|      442|         2|          1|          1|  94 ~ 442|       yes|
        +-------------------+---------+---------+----------+-----------+-----------+----------+----------+

============================================================
+ Verbose Summary: Synthesis Manager
============================================================
InlineROM: 1
ExposeGlobal: 0
============================================================
+ Verbose Summary: CDFG Model
============================================================
IsTopModel: 0
ResetActiveHigh: 1
IsCombinational: 0
IsDatapathOnly: 0
HasWiredReturn: 1
HasMFsm: 2
HasVarLatency: 1
IsPipeline: 0
IsRtlPipelined: 0
IsInstanceOverlapped: 0
IsDontTouch: 0
HasImplIP: 0
IsGatedGlobalClock: 0

+ Individual pipeline summary: 
  * Pipeline-0: initiation interval (II) = 1, depth = 2


============================================================
+ Verbose Summary: Schedule
============================================================
* Number of FSM states : 2
* Pipeline : 1
  Pipeline-0 : II = 1, D = 2, States = { 1 2 }
* Dataflow Pipeline: 0

* FSM state transitions: 
1 --> 2 
2 --> 

* FSM state operations: 

State 1 <SV = 0> <Delay = 1.36>
ST_1 : Operation 5 [1/1] (0.00ns)   --->   "%empty = alloca i32 1"   --->   Operation 5 'alloca' 'empty' <Predicate = true> <Delay = 0.00>
ST_1 : Operation 6 [1/1] (0.00ns)   --->   "%empty_13 = alloca i32 1"   --->   Operation 6 'alloca' 'empty_13' <Predicate = true> <Delay = 0.00>
ST_1 : Operation 7 [1/1] (0.00ns)   --->   "%empty_14 = alloca i32 1"   --->   Operation 7 'alloca' 'empty_14' <Predicate = true> <Delay = 0.00>
ST_1 : Operation 8 [1/1] (0.00ns)   --->   "%empty_15 = alloca i32 1"   --->   Operation 8 'alloca' 'empty_15' <Predicate = true> <Delay = 0.00>
ST_1 : Operation 9 [1/1] (0.00ns)   --->   "%i = alloca i32 1"   --->   Operation 9 'alloca' 'i' <Predicate = true> <Delay = 0.00>
ST_1 : Operation 10 [1/1] (0.00ns)   --->   "%size_read = read i9 @_ssdm_op_Read.ap_auto.i9, i9 %size"   --->   Operation 10 'read' 'size_read' <Predicate = true> <Delay = 0.00>
ST_1 : Operation 11 [1/1] (0.46ns)   --->   "%store_ln0 = store i9 0, i9 %i"   --->   Operation 11 'store' 'store_ln0' <Predicate = true> <Delay = 0.46>
ST_1 : Operation 12 [1/1] (0.46ns)   --->   "%store_ln0 = store i64 0, i64 %empty_15"   --->   Operation 12 'store' 'store_ln0' <Predicate = true> <Delay = 0.46>
ST_1 : Operation 13 [1/1] (0.46ns)   --->   "%store_ln0 = store i64 0, i64 %empty_14"   --->   Operation 13 'store' 'store_ln0' <Predicate = true> <Delay = 0.46>
ST_1 : Operation 14 [1/1] (0.46ns)   --->   "%store_ln0 = store i64 0, i64 %empty_13"   --->   Operation 14 'store' 'store_ln0' <Predicate = true> <Delay = 0.46>
ST_1 : Operation 15 [1/1] (0.46ns)   --->   "%store_ln0 = store i64 0, i64 %empty"   --->   Operation 15 'store' 'store_ln0' <Predicate = true> <Delay = 0.46>
ST_1 : Operation 16 [1/1] (0.00ns)   --->   "%br_ln0 = br void %for.inc.i"   --->   Operation 16 'br' 'br_ln0' <Predicate = true> <Delay = 0.00>
ST_1 : Operation 17 [1/1] (0.00ns)   --->   "%i_2 = load i9 %i" [main.cpp:28->main.cpp:250]   --->   Operation 17 'load' 'i_2' <Predicate = true> <Delay = 0.00>
ST_1 : Operation 18 [1/1] (0.00ns)   --->   "%specpipeline_ln0 = specpipeline void @_ssdm_op_SpecPipeline, i32 4294967295, i32 0, i32 1, i32 0, void @p_str1"   --->   Operation 18 'specpipeline' 'specpipeline_ln0' <Predicate = true> <Delay = 0.00>
ST_1 : Operation 19 [1/1] (0.90ns)   --->   "%icmp_ln28 = icmp_eq  i9 %i_2, i9 %size_read" [main.cpp:28->main.cpp:250]   --->   Operation 19 'icmp' 'icmp_ln28' <Predicate = true> <Delay = 0.90> <CoreInst = "Cmp">   --->   Core 9 'Cmp' <Latency = 0> <II = 1> <Delay = 0.90> <FuncUnit> <Opcode : 'icmp'> <InPorts = 2> <OutPorts = 1>
ST_1 : Operation 20 [1/1] (0.00ns)   --->   "%speclooptripcount_ln0 = speclooptripcount void @_ssdm_op_SpecLoopTripCount, i64 94, i64 442, i64 0"   --->   Operation 20 'speclooptripcount' 'speclooptripcount_ln0' <Predicate = true> <Delay = 0.00>
ST_1 : Operation 21 [1/1] (0.90ns)   --->   "%add_ln28 = add i9 %i_2, i9 1" [main.cpp:28->main.cpp:250]   --->   Operation 21 'add' 'add_ln28' <Predicate = true> <Delay = 0.90> <CoreInst = "Adder">   --->   Core 1 'Adder' <Latency = 0> <II = 1> <Delay = 0.90> <FuncUnit> <Opcode : 'add' 'sub'> <InPorts = 2> <OutPorts = 1>
ST_1 : Operation 22 [1/1] (0.00ns)   --->   "%br_ln28 = br i1 %icmp_ln28, void %for.inc.i.split, void %add_nums.exit.exitStub" [main.cpp:28->main.cpp:250]   --->   Operation 22 'br' 'br_ln28' <Predicate = true> <Delay = 0.00>
ST_1 : Operation 23 [1/1] (0.00ns)   --->   "%i_cast = zext i9 %i_2" [main.cpp:28->main.cpp:250]   --->   Operation 23 'zext' 'i_cast' <Predicate = (!icmp_ln28)> <Delay = 0.00>
ST_1 : Operation 24 [1/1] (0.00ns)   --->   "%arrx_addr = getelementptr i7 %arrx, i64 0, i64 %i_cast" [main.cpp:29->main.cpp:250]   --->   Operation 24 'getelementptr' 'arrx_addr' <Predicate = (!icmp_ln28)> <Delay = 0.00>
ST_1 : Operation 25 [2/2] (1.29ns)   --->   "%arrx_load = load i10 %arrx_addr" [main.cpp:29->main.cpp:250]   --->   Operation 25 'load' 'arrx_load' <Predicate = (!icmp_ln28)> <Delay = 1.29> <CoreInst = "RAM">   --->   Core 83 'RAM' <Latency = 1> <II = 1> <Delay = 1.29> <Storage> <Opcode : 'load' 'store'> <Ports = 2> <Width = 7> <Depth = 1024> <RAM>
ST_1 : Operation 26 [1/1] (0.00ns)   --->   "%arry_addr = getelementptr i12 %arry, i64 0, i64 %i_cast" [main.cpp:30->main.cpp:250]   --->   Operation 26 'getelementptr' 'arry_addr' <Predicate = (!icmp_ln28)> <Delay = 0.00>
ST_1 : Operation 27 [2/2] (1.29ns)   --->   "%arry_load = load i10 %arry_addr" [main.cpp:30->main.cpp:250]   --->   Operation 27 'load' 'arry_load' <Predicate = (!icmp_ln28)> <Delay = 1.29> <CoreInst = "RAM">   --->   Core 83 'RAM' <Latency = 1> <II = 1> <Delay = 1.29> <Storage> <Opcode : 'load' 'store'> <Ports = 2> <Width = 12> <Depth = 1024> <RAM>
ST_1 : Operation 28 [1/1] (0.46ns)   --->   "%store_ln28 = store i9 %add_ln28, i9 %i" [main.cpp:28->main.cpp:250]   --->   Operation 28 'store' 'store_ln28' <Predicate = (!icmp_ln28)> <Delay = 0.46>
ST_1 : Operation 54 [1/1] (0.00ns)   --->   "%p_load13 = load i64 %empty"   --->   Operation 54 'load' 'p_load13' <Predicate = (icmp_ln28)> <Delay = 0.00>
ST_1 : Operation 55 [1/1] (0.00ns)   --->   "%p_load11 = load i64 %empty_13"   --->   Operation 55 'load' 'p_load11' <Predicate = (icmp_ln28)> <Delay = 0.00>
ST_1 : Operation 56 [1/1] (0.00ns)   --->   "%p_load9 = load i64 %empty_14"   --->   Operation 56 'load' 'p_load9' <Predicate = (icmp_ln28)> <Delay = 0.00>
ST_1 : Operation 57 [1/1] (0.00ns)   --->   "%p_load7 = load i64 %empty_15"   --->   Operation 57 'load' 'p_load7' <Predicate = (icmp_ln28)> <Delay = 0.00>
ST_1 : Operation 58 [1/1] (0.00ns)   --->   "%write_ln0 = write void @_ssdm_op_Write.ap_auto.i64P0A, i64 %p_out, i64 %p_load7"   --->   Operation 58 'write' 'write_ln0' <Predicate = (icmp_ln28)> <Delay = 0.00>
ST_1 : Operation 59 [1/1] (0.00ns)   --->   "%write_ln0 = write void @_ssdm_op_Write.ap_auto.i64P0A, i64 %p_out1, i64 %p_load9"   --->   Operation 59 'write' 'write_ln0' <Predicate = (icmp_ln28)> <Delay = 0.00>
ST_1 : Operation 60 [1/1] (0.00ns)   --->   "%write_ln0 = write void @_ssdm_op_Write.ap_auto.i64P0A, i64 %p_out2, i64 %p_load11"   --->   Operation 60 'write' 'write_ln0' <Predicate = (icmp_ln28)> <Delay = 0.00>
ST_1 : Operation 61 [1/1] (0.00ns)   --->   "%write_ln0 = write void @_ssdm_op_Write.ap_auto.i64P0A, i64 %p_out3, i64 %p_load13"   --->   Operation 61 'write' 'write_ln0' <Predicate = (icmp_ln28)> <Delay = 0.00>
ST_1 : Operation 62 [1/1] (0.00ns)   --->   "%ret_ln0 = ret"   --->   Operation 62 'ret' 'ret_ln0' <Predicate = (icmp_ln28)> <Delay = 0.00>

State 2 <SV = 1> <Delay = 5.51>
ST_2 : Operation 29 [1/1] (0.00ns)   --->   "%p_load12 = load i64 %empty" [main.cpp:29->main.cpp:250]   --->   Operation 29 'load' 'p_load12' <Predicate = true> <Delay = 0.00>
ST_2 : Operation 30 [1/1] (0.00ns)   --->   "%p_load10 = load i64 %empty_13" [main.cpp:30->main.cpp:250]   --->   Operation 30 'load' 'p_load10' <Predicate = true> <Delay = 0.00>
ST_2 : Operation 31 [1/1] (0.00ns)   --->   "%p_load8 = load i64 %empty_14" [main.cpp:31->main.cpp:250]   --->   Operation 31 'load' 'p_load8' <Predicate = true> <Delay = 0.00>
ST_2 : Operation 32 [1/1] (0.00ns)   --->   "%p_load = load i64 %empty_15" [main.cpp:32->main.cpp:250]   --->   Operation 32 'load' 'p_load' <Predicate = true> <Delay = 0.00>
ST_2 : Operation 33 [1/1] (0.00ns)   --->   "%specloopname_ln28 = specloopname void @_ssdm_op_SpecLoopName, void @empty_5" [main.cpp:28->main.cpp:250]   --->   Operation 33 'specloopname' 'specloopname_ln28' <Predicate = true> <Delay = 0.00>
ST_2 : Operation 34 [1/2] (1.29ns)   --->   "%arrx_load = load i10 %arrx_addr" [main.cpp:29->main.cpp:250]   --->   Operation 34 'load' 'arrx_load' <Predicate = true> <Delay = 1.29> <CoreInst = "RAM">   --->   Core 83 'RAM' <Latency = 1> <II = 1> <Delay = 1.29> <Storage> <Opcode : 'load' 'store'> <Ports = 2> <Width = 7> <Depth = 1024> <RAM>
ST_2 : Operation 35 [1/1] (0.00ns)   --->   "%zext_ln29 = zext i7 %arrx_load" [main.cpp:29->main.cpp:250]   --->   Operation 35 'zext' 'zext_ln29' <Predicate = true> <Delay = 0.00>
ST_2 : Operation 36 [1/1] (0.00ns)   --->   "%zext_ln29_1 = zext i7 %arrx_load" [main.cpp:29->main.cpp:250]   --->   Operation 36 'zext' 'zext_ln29_1' <Predicate = true> <Delay = 0.00>
ST_2 : Operation 37 [1/1] (0.00ns)   --->   "%zext_ln29_2 = zext i7 %arrx_load" [main.cpp:29->main.cpp:250]   --->   Operation 37 'zext' 'zext_ln29_2' <Predicate = true> <Delay = 0.00>
ST_2 : Operation 38 [1/1] (1.36ns)   --->   "%add_ln29 = add i64 %zext_ln29, i64 %p_load12" [main.cpp:29->main.cpp:250]   --->   Operation 38 'add' 'add_ln29' <Predicate = true> <Delay = 1.36> <CoreInst = "Adder">   --->   Core 1 'Adder' <Latency = 0> <II = 1> <Delay = 1.36> <FuncUnit> <Opcode : 'add' 'sub'> <InPorts = 2> <OutPorts = 1>
ST_2 : Operation 39 [1/2] (1.29ns)   --->   "%arry_load = load i10 %arry_addr" [main.cpp:30->main.cpp:250]   --->   Operation 39 'load' 'arry_load' <Predicate = true> <Delay = 1.29> <CoreInst = "RAM">   --->   Core 83 'RAM' <Latency = 1> <II = 1> <Delay = 1.29> <Storage> <Opcode : 'load' 'store'> <Ports = 2> <Width = 12> <Depth = 1024> <RAM>
ST_2 : Operation 40 [1/1] (0.00ns)   --->   "%sext_ln30 = sext i12 %arry_load" [main.cpp:30->main.cpp:250]   --->   Operation 40 'sext' 'sext_ln30' <Predicate = true> <Delay = 0.00>
ST_2 : Operation 41 [1/1] (0.00ns)   --->   "%sext_ln30_1 = sext i12 %arry_load" [main.cpp:30->main.cpp:250]   --->   Operation 41 'sext' 'sext_ln30_1' <Predicate = true> <Delay = 0.00>
ST_2 : Operation 42 [1/1] (1.36ns)   --->   "%add_ln30 = add i64 %sext_ln30, i64 %p_load10" [main.cpp:30->main.cpp:250]   --->   Operation 42 'add' 'add_ln30' <Predicate = true> <Delay = 1.36> <CoreInst = "Adder">   --->   Core 1 'Adder' <Latency = 0> <II = 1> <Delay = 1.36> <FuncUnit> <Opcode : 'add' 'sub'> <InPorts = 2> <OutPorts = 1>
ST_2 : Operation 43 [1/1] (2.39ns)   --->   "%mul_ln31 = mul i19 %sext_ln30_1, i19 %zext_ln29_2" [main.cpp:31->main.cpp:250]   --->   Operation 43 'mul' 'mul_ln31' <Predicate = true> <Delay = 2.39> <CoreInst = "Multiplier">   --->   Core 3 'Multiplier' <Latency = 0> <II = 1> <Delay = 2.39> <FuncUnit> <Opcode : 'mul'> <InPorts = 2> <OutPorts = 1>
ST_2 : Operation 44 [1/1] (0.00ns)   --->   "%sext_ln31 = sext i19 %mul_ln31" [main.cpp:31->main.cpp:250]   --->   Operation 44 'sext' 'sext_ln31' <Predicate = true> <Delay = 0.00>
ST_2 : Operation 45 [1/1] (1.36ns)   --->   "%add_ln31 = add i64 %sext_ln31, i64 %p_load8" [main.cpp:31->main.cpp:250]   --->   Operation 45 'add' 'add_ln31' <Predicate = true> <Delay = 1.36> <CoreInst = "Adder">   --->   Core 1 'Adder' <Latency = 0> <II = 1> <Delay = 1.36> <FuncUnit> <Opcode : 'add' 'sub'> <InPorts = 2> <OutPorts = 1>
ST_2 : Operation 46 [1/1] (1.78ns)   --->   "%mul_ln32 = mul i14 %zext_ln29_1, i14 %zext_ln29_1" [main.cpp:32->main.cpp:250]   --->   Operation 46 'mul' 'mul_ln32' <Predicate = true> <Delay = 1.78> <CoreInst = "Multiplier">   --->   Core 3 'Multiplier' <Latency = 0> <II = 1> <Delay = 1.78> <FuncUnit> <Opcode : 'mul'> <InPorts = 2> <OutPorts = 1>
ST_2 : Operation 47 [1/1] (0.00ns)   --->   "%zext_ln32 = zext i14 %mul_ln32" [main.cpp:32->main.cpp:250]   --->   Operation 47 'zext' 'zext_ln32' <Predicate = true> <Delay = 0.00>
ST_2 : Operation 48 [1/1] (1.36ns)   --->   "%add_ln32 = add i64 %zext_ln32, i64 %p_load" [main.cpp:32->main.cpp:250]   --->   Operation 48 'add' 'add_ln32' <Predicate = true> <Delay = 1.36> <CoreInst = "Adder">   --->   Core 1 'Adder' <Latency = 0> <II = 1> <Delay = 1.36> <FuncUnit> <Opcode : 'add' 'sub'> <InPorts = 2> <OutPorts = 1>
ST_2 : Operation 49 [1/1] (0.46ns)   --->   "%store_ln28 = store i64 %add_ln32, i64 %empty_15" [main.cpp:28->main.cpp:250]   --->   Operation 49 'store' 'store_ln28' <Predicate = true> <Delay = 0.46>
ST_2 : Operation 50 [1/1] (0.46ns)   --->   "%store_ln28 = store i64 %add_ln31, i64 %empty_14" [main.cpp:28->main.cpp:250]   --->   Operation 50 'store' 'store_ln28' <Predicate = true> <Delay = 0.46>
ST_2 : Operation 51 [1/1] (0.46ns)   --->   "%store_ln28 = store i64 %add_ln30, i64 %empty_13" [main.cpp:28->main.cpp:250]   --->   Operation 51 'store' 'store_ln28' <Predicate = true> <Delay = 0.46>
ST_2 : Operation 52 [1/1] (0.46ns)   --->   "%store_ln28 = store i64 %add_ln29, i64 %empty" [main.cpp:28->main.cpp:250]   --->   Operation 52 'store' 'store_ln28' <Predicate = true> <Delay = 0.46>
ST_2 : Operation 53 [1/1] (0.00ns)   --->   "%br_ln28 = br void %for.inc.i" [main.cpp:28->main.cpp:250]   --->   Operation 53 'br' 'br_ln28' <Predicate = true> <Delay = 0.00>


============================================================
+ Verbose Summary: Timing violations
============================================================
Target clock period: 10.000ns, clock uncertainty: 2.700ns.

 <State 1>: 1.362ns
The critical path consists of the following:
	'alloca' operation ('i') [12]  (0.000 ns)
	'load' operation ('i', main.cpp:28->main.cpp:250) on local variable 'i' [21]  (0.000 ns)
	'add' operation ('add_ln28', main.cpp:28->main.cpp:250) [25]  (0.902 ns)
	'store' operation ('store_ln28', main.cpp:28->main.cpp:250) of variable 'add_ln28', main.cpp:28->main.cpp:250 on local variable 'i' [51]  (0.460 ns)

 <State 2>: 5.515ns
The critical path consists of the following:
	'load' operation ('arrx_load', main.cpp:29->main.cpp:250) on array 'arrx' [35]  (1.297 ns)
	'mul' operation ('mul_ln31', main.cpp:31->main.cpp:250) [45]  (2.396 ns)
	'add' operation ('add_ln31', main.cpp:31->main.cpp:250) [47]  (1.362 ns)
	'store' operation ('store_ln28', main.cpp:28->main.cpp:250) of variable 'add_ln31', main.cpp:31->main.cpp:250 on local variable 'empty_14' [53]  (0.460 ns)


============================================================
+ Verbose Summary: Binding
============================================================
N/A
* FSMD analyzer results:
  - Output states:
 - Input state : 
  - Chain level:
	State 1
	State 2


============================================================
+ Verbose Summary: Datapath Resource usage 
============================================================
N/A
