/nfs/ihfs/home_metis/akraus/HW3-dir/hw/hls_fit/solution1/.autopilot/db/main.pp.0.cpp:28808:2: warning: Added loop label VITIS_LOOP_28_1:   [xilinx-label-all-loops]
 for(int i = 0; i < size; i++){
 ^~~
 VITIS_LOOP_28_1: 
/nfs/ihfs/home_metis/akraus/HW3-dir/hw/hls_fit/solution1/.autopilot/db/main.pp.0.cpp:28808:2: note: FIX-IT applied suggested code changes
/nfs/ihfs/home_metis/akraus/HW3-dir/hw/hls_fit/solution1/.autopilot/db/main.pp.0.cpp:28825:2: warning: Added loop label VITIS_LOOP_53_1:   [xilinx-label-all-loops]
 for(int i = 0; i < size; i++) {
 ^~~
 VITIS_LOOP_53_1: 
/nfs/ihfs/home_metis/akraus/HW3-dir/hw/hls_fit/solution1/.autopilot/db/main.pp.0.cpp:28825:2: note: FIX-IT applied suggested code changes
/nfs/ihfs/home_metis/akraus/HW3-dir/hw/hls_fit/solution1/.autopilot/db/main.pp.0.cpp:28841:2: warning: Added loop label VITIS_LOOP_76_1:   [xilinx-label-all-loops]
 for(int i = 0; i < size; i++) {
 ^~~
 VITIS_LOOP_76_1: 
/nfs/ihfs/home_metis/akraus/HW3-dir/hw/hls_fit/solution1/.autopilot/db/main.pp.0.cpp:28841:2: note: FIX-IT applied suggested code changes
/nfs/ihfs/home_metis/akraus/HW3-dir/hw/hls_fit/solution1/.autopilot/db/main.pp.0.cpp:28857:2: warning: Added loop label VITIS_LOOP_100_1:   [xilinx-label-all-loops]
 for(int i = 0; i < size; i++) {
 ^~~
 VITIS_LOOP_100_1: 
/nfs/ihfs/home_metis/akraus/HW3-dir/hw/hls_fit/solution1/.autopilot/db/main.pp.0.cpp:28857:2: note: FIX-IT applied suggested code changes
/nfs/ihfs/home_metis/akraus/HW3-dir/hw/hls_fit/solution1/.autopilot/db/main.pp.0.cpp:28898:2: warning: Added loop label VITIS_LOOP_148_1:   [xilinx-label-all-loops]
 for(int i = 0; i < size; i++) {
 ^~~
 VITIS_LOOP_148_1: 
/nfs/ihfs/home_metis/akraus/HW3-dir/hw/hls_fit/solution1/.autopilot/db/main.pp.0.cpp:28898:2: note: FIX-IT applied suggested code changes
/nfs/ihfs/home_metis/akraus/HW3-dir/hw/hls_fit/solution1/.autopilot/db/main.pp.0.cpp:28946:2: warning: Added loop label VITIS_LOOP_203_1:   [xilinx-label-all-loops]
 for(int i = 0; i < tempN; i++) {
 ^~~
 VITIS_LOOP_203_1: 
/nfs/ihfs/home_metis/akraus/HW3-dir/hw/hls_fit/solution1/.autopilot/db/main.pp.0.cpp:28946:2: note: FIX-IT applied suggested code changes
/nfs/ihfs/home_metis/akraus/HW3-dir/hw/hls_fit/solution1/.autopilot/db/main.pp.0.cpp:29049:2: warning: Added loop label VITIS_LOOP_305_1:   [xilinx-label-all-loops]
 for(int i = 0; i < tempN; i++) {
 ^~~
 VITIS_LOOP_305_1: 
/nfs/ihfs/home_metis/akraus/HW3-dir/hw/hls_fit/solution1/.autopilot/db/main.pp.0.cpp:29049:2: note: FIX-IT applied suggested code changes
/nfs/ihfs/home_metis/akraus/HW3-dir/hw/hls_fit/solution1/.autopilot/db/main.pp.0.cpp:29065:4: warning: Added loop label VITIS_LOOP_321_2:   [xilinx-label-all-loops]
   for (int k = 0; k < arrsize; k++) {
   ^~~
   VITIS_LOOP_321_2: 
/nfs/ihfs/home_metis/akraus/HW3-dir/hw/hls_fit/solution1/.autopilot/db/main.pp.0.cpp:29065:4: note: FIX-IT applied suggested code changes
