

================================================================
== Vitis HLS Report for 'calc_ovr_sig_sqrd_1'
================================================================
* Date:           Thu Feb 27 22:08:32 2025

* Version:        2023.1 (Build 3854077 on May  4 2023)
* Project:        hls_fit
* Solution:       solution2 (Vitis Kernel Flow Target)
* Product family: virtexuplus
* Target device:  xcvu11p-flga2577-1-e


================================================================
== Performance Estimates
================================================================
+ Timing: 
    * Summary: 
    +--------+----------+----------+------------+
    |  Clock |  Target  | Estimated| Uncertainty|
    +--------+----------+----------+------------+
    |ap_clk  |  10.00 ns|  7.300 ns|     2.70 ns|
    +--------+----------+----------+------------+

+ Latency: 
    * Summary: 
    +---------+---------+----------+----------+-----+-----+---------+
    |  Latency (cycles) |  Latency (absolute) |  Interval | Pipeline|
    |   min   |   max   |    min   |    max   | min | max |   Type  |
    +---------+---------+----------+----------+-----+-----+---------+
    |        ?|        ?|         ?|         ?|    ?|    ?|       no|
    +---------+---------+----------+----------+-----+-----+---------+

    + Detail: 
        * Instance: 
        N/A

        * Loop: 
        +--------------------+---------+---------+----------+-----------+-----------+------+----------+
        |                    |  Latency (cycles) | Iteration|  Initiation Interval  | Trip |          |
        |      Loop Name     |   min   |   max   |  Latency |  achieved |   target  | Count| Pipelined|
        +--------------------+---------+---------+----------+-----------+-----------+------+----------+
        |- VITIS_LOOP_103_1  |        ?|        ?|        25|          -|          -|     ?|        no|
        +--------------------+---------+---------+----------+-----------+-----------+------+----------+



================================================================
== Utilization Estimates
================================================================
* Summary: 
+---------------------+---------+------+---------+---------+-----+
|         Name        | BRAM_18K|  DSP |    FF   |   LUT   | URAM|
+---------------------+---------+------+---------+---------+-----+
|DSP                  |        -|     -|        -|        -|    -|
|Expression           |        -|     -|        0|      147|    -|
|FIFO                 |        -|     -|        -|        -|    -|
|Instance             |        -|     -|        -|        -|    -|
|Memory               |        -|     -|        -|        -|    -|
|Multiplexer          |        -|     -|        -|      526|    -|
|Register             |        -|     -|      479|        -|    -|
+---------------------+---------+------+---------+---------+-----+
|Total                |        0|     0|      479|      673|    0|
+---------------------+---------+------+---------+---------+-----+
|Available SLR        |     1344|  3072|   864000|   432000|  320|
+---------------------+---------+------+---------+---------+-----+
|Utilization SLR (%)  |        0|     0|       ~0|       ~0|    0|
+---------------------+---------+------+---------+---------+-----+
|Available            |     4032|  9216|  2592000|  1296000|  960|
+---------------------+---------+------+---------+---------+-----+
|Utilization (%)      |        0|     0|       ~0|       ~0|    0|
+---------------------+---------+------+---------+---------+-----+

+ Detail: 
    * Instance: 
    N/A

    * DSP: 
    N/A

    * Memory: 
    N/A

    * FIFO: 
    N/A

    * Expression: 
    +------------------------+----------+----+---+----+------------+------------+
    |      Variable Name     | Operation| DSP| FF| LUT| Bitwidth P0| Bitwidth P1|
    +------------------------+----------+----+---+----+------------+------------+
    |add_ln103_fu_170_p2     |         +|   0|  0|  38|          31|           1|
    |icmp_ln103_1_fu_165_p2  |      icmp|   0|  0|  39|          32|          32|
    |icmp_ln103_fu_109_p2    |      icmp|   0|  0|  39|          32|           1|
    |empty_23_fu_115_p3      |    select|   0|  0|  31|           1|          31|
    +------------------------+----------+----+---+----+------------+------------+
    |Total                   |          |   0|  0| 147|          96|          65|
    +------------------------+----------+----+---+----+------------+------------+

    * Multiplexer: 
    +---------------+-----+-----------+-----+-----------+
    |      Name     | LUT | Input Size| Bits| Total Bits|
    +---------------+-----+-----------+-----+-----------+
    |S_fu_54        |    9|          2|   64|        128|
    |ap_NS_fsm      |  490|         98|    1|         98|
    |gmem_blk_n_AR  |    9|          2|    1|          2|
    |gmem_blk_n_R   |    9|          2|    1|          2|
    |i_fu_58        |    9|          2|   31|         62|
    +---------------+-----+-----------+-----+-----------+
    |Total          |  526|        106|   98|        292|
    +---------------+-----+-----------+-----+-----------+

    * Register: 
    +------------------------+----+----+-----+-----------+
    |          Name          | FF | LUT| Bits| Const Bits|
    +------------------------+----+----+-----+-----------+
    |S_fu_54                 |  64|   0|   64|          0|
    |ap_CS_fsm               |  97|   0|   97|          0|
    |empty_23_reg_205        |  31|   0|   31|          0|
    |gmem_addr_read_reg_224  |  64|   0|   64|          0|
    |i_fu_58                 |  31|   0|   31|          0|
    |mul_reg_240             |  64|   0|   64|          0|
    |overSig_reg_234         |  64|   0|   64|          0|
    |sig_reg_229             |  64|   0|   64|          0|
    +------------------------+----+----+-----+-----------+
    |Total                   | 479|   0|  479|          0|
    +------------------------+----+----+-----+-----------+



================================================================
== Interface
================================================================
* Summary: 
+---------------------+-----+-----+------------+---------------------+--------------+
|      RTL Ports      | Dir | Bits|  Protocol  |    Source Object    |    C Type    |
+---------------------+-----+-----+------------+---------------------+--------------+
|ap_clk               |   in|    1|  ap_ctrl_hs|  calc_ovr_sig_sqrd.1|  return value|
|ap_rst               |   in|    1|  ap_ctrl_hs|  calc_ovr_sig_sqrd.1|  return value|
|ap_start             |   in|    1|  ap_ctrl_hs|  calc_ovr_sig_sqrd.1|  return value|
|ap_done              |  out|    1|  ap_ctrl_hs|  calc_ovr_sig_sqrd.1|  return value|
|ap_idle              |  out|    1|  ap_ctrl_hs|  calc_ovr_sig_sqrd.1|  return value|
|ap_ready             |  out|    1|  ap_ctrl_hs|  calc_ovr_sig_sqrd.1|  return value|
|ap_return            |  out|   64|  ap_ctrl_hs|  calc_ovr_sig_sqrd.1|  return value|
|grp_fu_182_p_din0    |  out|   64|  ap_ctrl_hs|  calc_ovr_sig_sqrd.1|  return value|
|grp_fu_182_p_din1    |  out|   64|  ap_ctrl_hs|  calc_ovr_sig_sqrd.1|  return value|
|grp_fu_182_p_opcode  |  out|    2|  ap_ctrl_hs|  calc_ovr_sig_sqrd.1|  return value|
|grp_fu_182_p_dout0   |   in|   64|  ap_ctrl_hs|  calc_ovr_sig_sqrd.1|  return value|
|grp_fu_182_p_ce      |  out|    1|  ap_ctrl_hs|  calc_ovr_sig_sqrd.1|  return value|
|grp_fu_187_p_din0    |  out|   64|  ap_ctrl_hs|  calc_ovr_sig_sqrd.1|  return value|
|grp_fu_187_p_din1    |  out|   64|  ap_ctrl_hs|  calc_ovr_sig_sqrd.1|  return value|
|grp_fu_187_p_dout0   |   in|   64|  ap_ctrl_hs|  calc_ovr_sig_sqrd.1|  return value|
|grp_fu_187_p_ce      |  out|    1|  ap_ctrl_hs|  calc_ovr_sig_sqrd.1|  return value|
|grp_fu_195_p_din0    |  out|   64|  ap_ctrl_hs|  calc_ovr_sig_sqrd.1|  return value|
|grp_fu_195_p_din1    |  out|   64|  ap_ctrl_hs|  calc_ovr_sig_sqrd.1|  return value|
|grp_fu_195_p_dout0   |   in|   64|  ap_ctrl_hs|  calc_ovr_sig_sqrd.1|  return value|
|grp_fu_195_p_ce      |  out|    1|  ap_ctrl_hs|  calc_ovr_sig_sqrd.1|  return value|
|grp_fu_210_p_din0    |  out|   64|  ap_ctrl_hs|  calc_ovr_sig_sqrd.1|  return value|
|grp_fu_210_p_dout0   |   in|   64|  ap_ctrl_hs|  calc_ovr_sig_sqrd.1|  return value|
|grp_fu_210_p_ce      |  out|    1|  ap_ctrl_hs|  calc_ovr_sig_sqrd.1|  return value|
|m_axi_gmem_AWVALID   |  out|    1|       m_axi|                 gmem|       pointer|
|m_axi_gmem_AWREADY   |   in|    1|       m_axi|                 gmem|       pointer|
|m_axi_gmem_AWADDR    |  out|   64|       m_axi|                 gmem|       pointer|
|m_axi_gmem_AWID      |  out|    1|       m_axi|                 gmem|       pointer|
|m_axi_gmem_AWLEN     |  out|   32|       m_axi|                 gmem|       pointer|
|m_axi_gmem_AWSIZE    |  out|    3|       m_axi|                 gmem|       pointer|
|m_axi_gmem_AWBURST   |  out|    2|       m_axi|                 gmem|       pointer|
|m_axi_gmem_AWLOCK    |  out|    2|       m_axi|                 gmem|       pointer|
|m_axi_gmem_AWCACHE   |  out|    4|       m_axi|                 gmem|       pointer|
|m_axi_gmem_AWPROT    |  out|    3|       m_axi|                 gmem|       pointer|
|m_axi_gmem_AWQOS     |  out|    4|       m_axi|                 gmem|       pointer|
|m_axi_gmem_AWREGION  |  out|    4|       m_axi|                 gmem|       pointer|
|m_axi_gmem_AWUSER    |  out|    1|       m_axi|                 gmem|       pointer|
|m_axi_gmem_WVALID    |  out|    1|       m_axi|                 gmem|       pointer|
|m_axi_gmem_WREADY    |   in|    1|       m_axi|                 gmem|       pointer|
|m_axi_gmem_WDATA     |  out|   64|       m_axi|                 gmem|       pointer|
|m_axi_gmem_WSTRB     |  out|    8|       m_axi|                 gmem|       pointer|
|m_axi_gmem_WLAST     |  out|    1|       m_axi|                 gmem|       pointer|
|m_axi_gmem_WID       |  out|    1|       m_axi|                 gmem|       pointer|
|m_axi_gmem_WUSER     |  out|    1|       m_axi|                 gmem|       pointer|
|m_axi_gmem_ARVALID   |  out|    1|       m_axi|                 gmem|       pointer|
|m_axi_gmem_ARREADY   |   in|    1|       m_axi|                 gmem|       pointer|
|m_axi_gmem_ARADDR    |  out|   64|       m_axi|                 gmem|       pointer|
|m_axi_gmem_ARID      |  out|    1|       m_axi|                 gmem|       pointer|
|m_axi_gmem_ARLEN     |  out|   32|       m_axi|                 gmem|       pointer|
|m_axi_gmem_ARSIZE    |  out|    3|       m_axi|                 gmem|       pointer|
|m_axi_gmem_ARBURST   |  out|    2|       m_axi|                 gmem|       pointer|
|m_axi_gmem_ARLOCK    |  out|    2|       m_axi|                 gmem|       pointer|
|m_axi_gmem_ARCACHE   |  out|    4|       m_axi|                 gmem|       pointer|
|m_axi_gmem_ARPROT    |  out|    3|       m_axi|                 gmem|       pointer|
|m_axi_gmem_ARQOS     |  out|    4|       m_axi|                 gmem|       pointer|
|m_axi_gmem_ARREGION  |  out|    4|       m_axi|                 gmem|       pointer|
|m_axi_gmem_ARUSER    |  out|    1|       m_axi|                 gmem|       pointer|
|m_axi_gmem_RVALID    |   in|    1|       m_axi|                 gmem|       pointer|
|m_axi_gmem_RREADY    |  out|    1|       m_axi|                 gmem|       pointer|
|m_axi_gmem_RDATA     |   in|   64|       m_axi|                 gmem|       pointer|
|m_axi_gmem_RLAST     |   in|    1|       m_axi|                 gmem|       pointer|
|m_axi_gmem_RID       |   in|    1|       m_axi|                 gmem|       pointer|
|m_axi_gmem_RFIFONUM  |   in|    9|       m_axi|                 gmem|       pointer|
|m_axi_gmem_RUSER     |   in|    1|       m_axi|                 gmem|       pointer|
|m_axi_gmem_RRESP     |   in|    2|       m_axi|                 gmem|       pointer|
|m_axi_gmem_BVALID    |   in|    1|       m_axi|                 gmem|       pointer|
|m_axi_gmem_BREADY    |  out|    1|       m_axi|                 gmem|       pointer|
|m_axi_gmem_BRESP     |   in|    2|       m_axi|                 gmem|       pointer|
|m_axi_gmem_BID       |   in|    1|       m_axi|                 gmem|       pointer|
|m_axi_gmem_BUSER     |   in|    1|       m_axi|                 gmem|       pointer|
|arrsig               |   in|   64|     ap_none|               arrsig|        scalar|
|size                 |   in|   32|     ap_none|                 size|        scalar|
+---------------------+-----+-----+------------+---------------------+--------------+

============================================================
+ Verbose Summary: Synthesis Manager
============================================================
InlineROM: 1
ExposeGlobal: 0
============================================================
+ Verbose Summary: CDFG Model
============================================================
IsTopModel: 0
ResetActiveHigh: 1
IsCombinational: 2
IsDatapathOnly: 2
HasWiredReturn: 1
HasMFsm: 0
HasVarLatency: 1
IsPipeline: 0
IsRtlPipelined: 0
IsInstanceOverlapped: 0
IsDontTouch: 0
HasImplIP: 0
IsGatedGlobalClock: 0


============================================================
+ Verbose Summary: Schedule
============================================================
* Number of FSM states : 97
* Pipeline : 0
* Dataflow Pipeline: 0

* FSM state transitions: 
1 --> 2 
2 --> 3 
3 --> 4 
4 --> 5 
5 --> 6 
6 --> 7 
7 --> 8 
8 --> 9 
9 --> 10 
10 --> 11 
11 --> 12 
12 --> 13 
13 --> 14 
14 --> 15 
15 --> 16 
16 --> 17 
17 --> 18 
18 --> 19 
19 --> 20 
20 --> 21 
21 --> 22 
22 --> 23 
23 --> 24 
24 --> 25 
25 --> 26 
26 --> 27 
27 --> 28 
28 --> 29 
29 --> 30 
30 --> 31 
31 --> 32 
32 --> 33 
33 --> 34 
34 --> 35 
35 --> 36 
36 --> 37 
37 --> 38 
38 --> 39 
39 --> 40 
40 --> 41 
41 --> 42 
42 --> 43 
43 --> 44 
44 --> 45 
45 --> 46 
46 --> 47 
47 --> 48 
48 --> 49 
49 --> 50 
50 --> 51 
51 --> 52 
52 --> 53 
53 --> 54 
54 --> 55 
55 --> 56 
56 --> 57 
57 --> 58 
58 --> 59 
59 --> 60 
60 --> 61 
61 --> 62 
62 --> 63 
63 --> 64 
64 --> 65 
65 --> 66 
66 --> 67 
67 --> 68 
68 --> 69 
69 --> 70 
70 --> 71 
71 --> 72 
72 --> 73 
73 --> 74 
74 --> 75 
75 --> 76 
76 --> 77 
77 --> 78 
78 --> 79 
79 --> 80 
80 --> 81 
81 --> 82 
82 --> 83 
83 --> 84 
84 --> 85 
85 --> 86 
86 --> 87 
87 --> 88 
88 --> 89 
89 --> 90 
90 --> 91 
91 --> 92 
92 --> 93 
93 --> 94 
94 --> 95 
95 --> 96 
96 --> 97 
97 --> 73 

* FSM state operations: 

State 1 <SV = 0> <Delay = 1.45>
ST_1 : Operation 98 [1/1] (0.00ns)   --->   "%S = alloca i32 1"   --->   Operation 98 'alloca' 'S' <Predicate = true> <Delay = 0.00>
ST_1 : Operation 99 [1/1] (0.00ns)   --->   "%i = alloca i32 1"   --->   Operation 99 'alloca' 'i' <Predicate = true> <Delay = 0.00>
ST_1 : Operation 100 [1/1] (0.00ns)   --->   "%size_read = read i32 @_ssdm_op_Read.ap_auto.i32, i32 %size"   --->   Operation 100 'read' 'size_read' <Predicate = true> <Delay = 0.00>
ST_1 : Operation 101 [1/1] (0.00ns)   --->   "%empty = trunc i32 %size_read"   --->   Operation 101 'trunc' 'empty' <Predicate = true> <Delay = 0.00>
ST_1 : Operation 102 [1/1] (1.14ns)   --->   "%icmp_ln103 = icmp_sgt  i32 %size_read, i32 0" [main.cpp:103]   --->   Operation 102 'icmp' 'icmp_ln103' <Predicate = true> <Delay = 1.14> <CoreInst = "Cmp">   --->   Core 9 'Cmp' <Latency = 0> <II = 1> <Delay = 1.14> <FuncUnit> <Opcode : 'icmp'> <InPorts = 2> <OutPorts = 1>
ST_1 : Operation 103 [1/1] (0.31ns)   --->   "%empty_23 = select i1 %icmp_ln103, i31 %empty, i31 0" [main.cpp:103]   --->   Operation 103 'select' 'empty_23' <Predicate = true> <Delay = 0.31> <CoreInst = "Sel">   --->   Core 73 'Sel' <Latency = 0> <II = 1> <Delay = 0.31> <FuncUnit> <Opcode : 'select'> <InPorts = 3> <OutPorts = 1>
ST_1 : Operation 104 [1/1] (0.46ns)   --->   "%store_ln103 = store i31 0, i31 %i" [main.cpp:103]   --->   Operation 104 'store' 'store_ln103' <Predicate = true> <Delay = 0.46>
ST_1 : Operation 105 [1/1] (0.46ns)   --->   "%store_ln103 = store i64 0, i64 %S" [main.cpp:103]   --->   Operation 105 'store' 'store_ln103' <Predicate = true> <Delay = 0.46>

State 2 <SV = 1> <Delay = 7.30>
ST_2 : Operation 106 [1/1] (0.00ns)   --->   "%arrsig_read = read i64 @_ssdm_op_Read.ap_auto.i64, i64 %arrsig"   --->   Operation 106 'read' 'arrsig_read' <Predicate = true> <Delay = 0.00>
ST_2 : Operation 107 [1/1] (0.00ns)   --->   "%trunc_ln = partselect i61 @_ssdm_op_PartSelect.i61.i64.i32.i32, i64 %arrsig_read, i32 3, i32 63" [main.cpp:103]   --->   Operation 107 'partselect' 'trunc_ln' <Predicate = true> <Delay = 0.00>
ST_2 : Operation 108 [1/1] (0.00ns)   --->   "%sext_ln103 = sext i61 %trunc_ln" [main.cpp:103]   --->   Operation 108 'sext' 'sext_ln103' <Predicate = true> <Delay = 0.00>
ST_2 : Operation 109 [1/1] (0.00ns)   --->   "%gmem_addr = getelementptr i64 %gmem, i64 %sext_ln103" [main.cpp:103]   --->   Operation 109 'getelementptr' 'gmem_addr' <Predicate = true> <Delay = 0.00>
ST_2 : Operation 110 [1/1] (0.00ns)   --->   "%zext_ln103 = zext i31 %empty_23" [main.cpp:103]   --->   Operation 110 'zext' 'zext_ln103' <Predicate = true> <Delay = 0.00>
ST_2 : Operation 111 [71/71] (7.30ns)   --->   "%empty_24 = readreq i1 @_ssdm_op_ReadReq.m_axi.p1i64, i64 %gmem_addr, i32 %zext_ln103" [main.cpp:103]   --->   Operation 111 'readreq' 'empty_24' <Predicate = true> <Delay = 7.30> <CoreInst = "m_axi">   --->   Core 121 'm_axi' <Latency = 0> <II = 1> <Delay = 1.00> <Adapter> <Opcode : 'read' 'write' 'readreq' 'writereq' 'writeresp'>

State 3 <SV = 2> <Delay = 7.30>
ST_3 : Operation 112 [70/71] (7.30ns)   --->   "%empty_24 = readreq i1 @_ssdm_op_ReadReq.m_axi.p1i64, i64 %gmem_addr, i32 %zext_ln103" [main.cpp:103]   --->   Operation 112 'readreq' 'empty_24' <Predicate = true> <Delay = 7.30> <CoreInst = "m_axi">   --->   Core 121 'm_axi' <Latency = 0> <II = 1> <Delay = 1.00> <Adapter> <Opcode : 'read' 'write' 'readreq' 'writereq' 'writeresp'>

State 4 <SV = 3> <Delay = 7.30>
ST_4 : Operation 113 [69/71] (7.30ns)   --->   "%empty_24 = readreq i1 @_ssdm_op_ReadReq.m_axi.p1i64, i64 %gmem_addr, i32 %zext_ln103" [main.cpp:103]   --->   Operation 113 'readreq' 'empty_24' <Predicate = true> <Delay = 7.30> <CoreInst = "m_axi">   --->   Core 121 'm_axi' <Latency = 0> <II = 1> <Delay = 1.00> <Adapter> <Opcode : 'read' 'write' 'readreq' 'writereq' 'writeresp'>

State 5 <SV = 4> <Delay = 7.30>
ST_5 : Operation 114 [68/71] (7.30ns)   --->   "%empty_24 = readreq i1 @_ssdm_op_ReadReq.m_axi.p1i64, i64 %gmem_addr, i32 %zext_ln103" [main.cpp:103]   --->   Operation 114 'readreq' 'empty_24' <Predicate = true> <Delay = 7.30> <CoreInst = "m_axi">   --->   Core 121 'm_axi' <Latency = 0> <II = 1> <Delay = 1.00> <Adapter> <Opcode : 'read' 'write' 'readreq' 'writereq' 'writeresp'>

State 6 <SV = 5> <Delay = 7.30>
ST_6 : Operation 115 [67/71] (7.30ns)   --->   "%empty_24 = readreq i1 @_ssdm_op_ReadReq.m_axi.p1i64, i64 %gmem_addr, i32 %zext_ln103" [main.cpp:103]   --->   Operation 115 'readreq' 'empty_24' <Predicate = true> <Delay = 7.30> <CoreInst = "m_axi">   --->   Core 121 'm_axi' <Latency = 0> <II = 1> <Delay = 1.00> <Adapter> <Opcode : 'read' 'write' 'readreq' 'writereq' 'writeresp'>

State 7 <SV = 6> <Delay = 7.30>
ST_7 : Operation 116 [66/71] (7.30ns)   --->   "%empty_24 = readreq i1 @_ssdm_op_ReadReq.m_axi.p1i64, i64 %gmem_addr, i32 %zext_ln103" [main.cpp:103]   --->   Operation 116 'readreq' 'empty_24' <Predicate = true> <Delay = 7.30> <CoreInst = "m_axi">   --->   Core 121 'm_axi' <Latency = 0> <II = 1> <Delay = 1.00> <Adapter> <Opcode : 'read' 'write' 'readreq' 'writereq' 'writeresp'>

State 8 <SV = 7> <Delay = 7.30>
ST_8 : Operation 117 [65/71] (7.30ns)   --->   "%empty_24 = readreq i1 @_ssdm_op_ReadReq.m_axi.p1i64, i64 %gmem_addr, i32 %zext_ln103" [main.cpp:103]   --->   Operation 117 'readreq' 'empty_24' <Predicate = true> <Delay = 7.30> <CoreInst = "m_axi">   --->   Core 121 'm_axi' <Latency = 0> <II = 1> <Delay = 1.00> <Adapter> <Opcode : 'read' 'write' 'readreq' 'writereq' 'writeresp'>

State 9 <SV = 8> <Delay = 7.30>
ST_9 : Operation 118 [64/71] (7.30ns)   --->   "%empty_24 = readreq i1 @_ssdm_op_ReadReq.m_axi.p1i64, i64 %gmem_addr, i32 %zext_ln103" [main.cpp:103]   --->   Operation 118 'readreq' 'empty_24' <Predicate = true> <Delay = 7.30> <CoreInst = "m_axi">   --->   Core 121 'm_axi' <Latency = 0> <II = 1> <Delay = 1.00> <Adapter> <Opcode : 'read' 'write' 'readreq' 'writereq' 'writeresp'>

State 10 <SV = 9> <Delay = 7.30>
ST_10 : Operation 119 [63/71] (7.30ns)   --->   "%empty_24 = readreq i1 @_ssdm_op_ReadReq.m_axi.p1i64, i64 %gmem_addr, i32 %zext_ln103" [main.cpp:103]   --->   Operation 119 'readreq' 'empty_24' <Predicate = true> <Delay = 7.30> <CoreInst = "m_axi">   --->   Core 121 'm_axi' <Latency = 0> <II = 1> <Delay = 1.00> <Adapter> <Opcode : 'read' 'write' 'readreq' 'writereq' 'writeresp'>

State 11 <SV = 10> <Delay = 7.30>
ST_11 : Operation 120 [62/71] (7.30ns)   --->   "%empty_24 = readreq i1 @_ssdm_op_ReadReq.m_axi.p1i64, i64 %gmem_addr, i32 %zext_ln103" [main.cpp:103]   --->   Operation 120 'readreq' 'empty_24' <Predicate = true> <Delay = 7.30> <CoreInst = "m_axi">   --->   Core 121 'm_axi' <Latency = 0> <II = 1> <Delay = 1.00> <Adapter> <Opcode : 'read' 'write' 'readreq' 'writereq' 'writeresp'>

State 12 <SV = 11> <Delay = 7.30>
ST_12 : Operation 121 [61/71] (7.30ns)   --->   "%empty_24 = readreq i1 @_ssdm_op_ReadReq.m_axi.p1i64, i64 %gmem_addr, i32 %zext_ln103" [main.cpp:103]   --->   Operation 121 'readreq' 'empty_24' <Predicate = true> <Delay = 7.30> <CoreInst = "m_axi">   --->   Core 121 'm_axi' <Latency = 0> <II = 1> <Delay = 1.00> <Adapter> <Opcode : 'read' 'write' 'readreq' 'writereq' 'writeresp'>

State 13 <SV = 12> <Delay = 7.30>
ST_13 : Operation 122 [60/71] (7.30ns)   --->   "%empty_24 = readreq i1 @_ssdm_op_ReadReq.m_axi.p1i64, i64 %gmem_addr, i32 %zext_ln103" [main.cpp:103]   --->   Operation 122 'readreq' 'empty_24' <Predicate = true> <Delay = 7.30> <CoreInst = "m_axi">   --->   Core 121 'm_axi' <Latency = 0> <II = 1> <Delay = 1.00> <Adapter> <Opcode : 'read' 'write' 'readreq' 'writereq' 'writeresp'>

State 14 <SV = 13> <Delay = 7.30>
ST_14 : Operation 123 [59/71] (7.30ns)   --->   "%empty_24 = readreq i1 @_ssdm_op_ReadReq.m_axi.p1i64, i64 %gmem_addr, i32 %zext_ln103" [main.cpp:103]   --->   Operation 123 'readreq' 'empty_24' <Predicate = true> <Delay = 7.30> <CoreInst = "m_axi">   --->   Core 121 'm_axi' <Latency = 0> <II = 1> <Delay = 1.00> <Adapter> <Opcode : 'read' 'write' 'readreq' 'writereq' 'writeresp'>

State 15 <SV = 14> <Delay = 7.30>
ST_15 : Operation 124 [58/71] (7.30ns)   --->   "%empty_24 = readreq i1 @_ssdm_op_ReadReq.m_axi.p1i64, i64 %gmem_addr, i32 %zext_ln103" [main.cpp:103]   --->   Operation 124 'readreq' 'empty_24' <Predicate = true> <Delay = 7.30> <CoreInst = "m_axi">   --->   Core 121 'm_axi' <Latency = 0> <II = 1> <Delay = 1.00> <Adapter> <Opcode : 'read' 'write' 'readreq' 'writereq' 'writeresp'>

State 16 <SV = 15> <Delay = 7.30>
ST_16 : Operation 125 [57/71] (7.30ns)   --->   "%empty_24 = readreq i1 @_ssdm_op_ReadReq.m_axi.p1i64, i64 %gmem_addr, i32 %zext_ln103" [main.cpp:103]   --->   Operation 125 'readreq' 'empty_24' <Predicate = true> <Delay = 7.30> <CoreInst = "m_axi">   --->   Core 121 'm_axi' <Latency = 0> <II = 1> <Delay = 1.00> <Adapter> <Opcode : 'read' 'write' 'readreq' 'writereq' 'writeresp'>

State 17 <SV = 16> <Delay = 7.30>
ST_17 : Operation 126 [56/71] (7.30ns)   --->   "%empty_24 = readreq i1 @_ssdm_op_ReadReq.m_axi.p1i64, i64 %gmem_addr, i32 %zext_ln103" [main.cpp:103]   --->   Operation 126 'readreq' 'empty_24' <Predicate = true> <Delay = 7.30> <CoreInst = "m_axi">   --->   Core 121 'm_axi' <Latency = 0> <II = 1> <Delay = 1.00> <Adapter> <Opcode : 'read' 'write' 'readreq' 'writereq' 'writeresp'>

State 18 <SV = 17> <Delay = 7.30>
ST_18 : Operation 127 [55/71] (7.30ns)   --->   "%empty_24 = readreq i1 @_ssdm_op_ReadReq.m_axi.p1i64, i64 %gmem_addr, i32 %zext_ln103" [main.cpp:103]   --->   Operation 127 'readreq' 'empty_24' <Predicate = true> <Delay = 7.30> <CoreInst = "m_axi">   --->   Core 121 'm_axi' <Latency = 0> <II = 1> <Delay = 1.00> <Adapter> <Opcode : 'read' 'write' 'readreq' 'writereq' 'writeresp'>

State 19 <SV = 18> <Delay = 7.30>
ST_19 : Operation 128 [54/71] (7.30ns)   --->   "%empty_24 = readreq i1 @_ssdm_op_ReadReq.m_axi.p1i64, i64 %gmem_addr, i32 %zext_ln103" [main.cpp:103]   --->   Operation 128 'readreq' 'empty_24' <Predicate = true> <Delay = 7.30> <CoreInst = "m_axi">   --->   Core 121 'm_axi' <Latency = 0> <II = 1> <Delay = 1.00> <Adapter> <Opcode : 'read' 'write' 'readreq' 'writereq' 'writeresp'>

State 20 <SV = 19> <Delay = 7.30>
ST_20 : Operation 129 [53/71] (7.30ns)   --->   "%empty_24 = readreq i1 @_ssdm_op_ReadReq.m_axi.p1i64, i64 %gmem_addr, i32 %zext_ln103" [main.cpp:103]   --->   Operation 129 'readreq' 'empty_24' <Predicate = true> <Delay = 7.30> <CoreInst = "m_axi">   --->   Core 121 'm_axi' <Latency = 0> <II = 1> <Delay = 1.00> <Adapter> <Opcode : 'read' 'write' 'readreq' 'writereq' 'writeresp'>

State 21 <SV = 20> <Delay = 7.30>
ST_21 : Operation 130 [52/71] (7.30ns)   --->   "%empty_24 = readreq i1 @_ssdm_op_ReadReq.m_axi.p1i64, i64 %gmem_addr, i32 %zext_ln103" [main.cpp:103]   --->   Operation 130 'readreq' 'empty_24' <Predicate = true> <Delay = 7.30> <CoreInst = "m_axi">   --->   Core 121 'm_axi' <Latency = 0> <II = 1> <Delay = 1.00> <Adapter> <Opcode : 'read' 'write' 'readreq' 'writereq' 'writeresp'>

State 22 <SV = 21> <Delay = 7.30>
ST_22 : Operation 131 [51/71] (7.30ns)   --->   "%empty_24 = readreq i1 @_ssdm_op_ReadReq.m_axi.p1i64, i64 %gmem_addr, i32 %zext_ln103" [main.cpp:103]   --->   Operation 131 'readreq' 'empty_24' <Predicate = true> <Delay = 7.30> <CoreInst = "m_axi">   --->   Core 121 'm_axi' <Latency = 0> <II = 1> <Delay = 1.00> <Adapter> <Opcode : 'read' 'write' 'readreq' 'writereq' 'writeresp'>

State 23 <SV = 22> <Delay = 7.30>
ST_23 : Operation 132 [50/71] (7.30ns)   --->   "%empty_24 = readreq i1 @_ssdm_op_ReadReq.m_axi.p1i64, i64 %gmem_addr, i32 %zext_ln103" [main.cpp:103]   --->   Operation 132 'readreq' 'empty_24' <Predicate = true> <Delay = 7.30> <CoreInst = "m_axi">   --->   Core 121 'm_axi' <Latency = 0> <II = 1> <Delay = 1.00> <Adapter> <Opcode : 'read' 'write' 'readreq' 'writereq' 'writeresp'>

State 24 <SV = 23> <Delay = 7.30>
ST_24 : Operation 133 [49/71] (7.30ns)   --->   "%empty_24 = readreq i1 @_ssdm_op_ReadReq.m_axi.p1i64, i64 %gmem_addr, i32 %zext_ln103" [main.cpp:103]   --->   Operation 133 'readreq' 'empty_24' <Predicate = true> <Delay = 7.30> <CoreInst = "m_axi">   --->   Core 121 'm_axi' <Latency = 0> <II = 1> <Delay = 1.00> <Adapter> <Opcode : 'read' 'write' 'readreq' 'writereq' 'writeresp'>

State 25 <SV = 24> <Delay = 7.30>
ST_25 : Operation 134 [48/71] (7.30ns)   --->   "%empty_24 = readreq i1 @_ssdm_op_ReadReq.m_axi.p1i64, i64 %gmem_addr, i32 %zext_ln103" [main.cpp:103]   --->   Operation 134 'readreq' 'empty_24' <Predicate = true> <Delay = 7.30> <CoreInst = "m_axi">   --->   Core 121 'm_axi' <Latency = 0> <II = 1> <Delay = 1.00> <Adapter> <Opcode : 'read' 'write' 'readreq' 'writereq' 'writeresp'>

State 26 <SV = 25> <Delay = 7.30>
ST_26 : Operation 135 [47/71] (7.30ns)   --->   "%empty_24 = readreq i1 @_ssdm_op_ReadReq.m_axi.p1i64, i64 %gmem_addr, i32 %zext_ln103" [main.cpp:103]   --->   Operation 135 'readreq' 'empty_24' <Predicate = true> <Delay = 7.30> <CoreInst = "m_axi">   --->   Core 121 'm_axi' <Latency = 0> <II = 1> <Delay = 1.00> <Adapter> <Opcode : 'read' 'write' 'readreq' 'writereq' 'writeresp'>

State 27 <SV = 26> <Delay = 7.30>
ST_27 : Operation 136 [46/71] (7.30ns)   --->   "%empty_24 = readreq i1 @_ssdm_op_ReadReq.m_axi.p1i64, i64 %gmem_addr, i32 %zext_ln103" [main.cpp:103]   --->   Operation 136 'readreq' 'empty_24' <Predicate = true> <Delay = 7.30> <CoreInst = "m_axi">   --->   Core 121 'm_axi' <Latency = 0> <II = 1> <Delay = 1.00> <Adapter> <Opcode : 'read' 'write' 'readreq' 'writereq' 'writeresp'>

State 28 <SV = 27> <Delay = 7.30>
ST_28 : Operation 137 [45/71] (7.30ns)   --->   "%empty_24 = readreq i1 @_ssdm_op_ReadReq.m_axi.p1i64, i64 %gmem_addr, i32 %zext_ln103" [main.cpp:103]   --->   Operation 137 'readreq' 'empty_24' <Predicate = true> <Delay = 7.30> <CoreInst = "m_axi">   --->   Core 121 'm_axi' <Latency = 0> <II = 1> <Delay = 1.00> <Adapter> <Opcode : 'read' 'write' 'readreq' 'writereq' 'writeresp'>

State 29 <SV = 28> <Delay = 7.30>
ST_29 : Operation 138 [44/71] (7.30ns)   --->   "%empty_24 = readreq i1 @_ssdm_op_ReadReq.m_axi.p1i64, i64 %gmem_addr, i32 %zext_ln103" [main.cpp:103]   --->   Operation 138 'readreq' 'empty_24' <Predicate = true> <Delay = 7.30> <CoreInst = "m_axi">   --->   Core 121 'm_axi' <Latency = 0> <II = 1> <Delay = 1.00> <Adapter> <Opcode : 'read' 'write' 'readreq' 'writereq' 'writeresp'>

State 30 <SV = 29> <Delay = 7.30>
ST_30 : Operation 139 [43/71] (7.30ns)   --->   "%empty_24 = readreq i1 @_ssdm_op_ReadReq.m_axi.p1i64, i64 %gmem_addr, i32 %zext_ln103" [main.cpp:103]   --->   Operation 139 'readreq' 'empty_24' <Predicate = true> <Delay = 7.30> <CoreInst = "m_axi">   --->   Core 121 'm_axi' <Latency = 0> <II = 1> <Delay = 1.00> <Adapter> <Opcode : 'read' 'write' 'readreq' 'writereq' 'writeresp'>

State 31 <SV = 30> <Delay = 7.30>
ST_31 : Operation 140 [42/71] (7.30ns)   --->   "%empty_24 = readreq i1 @_ssdm_op_ReadReq.m_axi.p1i64, i64 %gmem_addr, i32 %zext_ln103" [main.cpp:103]   --->   Operation 140 'readreq' 'empty_24' <Predicate = true> <Delay = 7.30> <CoreInst = "m_axi">   --->   Core 121 'm_axi' <Latency = 0> <II = 1> <Delay = 1.00> <Adapter> <Opcode : 'read' 'write' 'readreq' 'writereq' 'writeresp'>

State 32 <SV = 31> <Delay = 7.30>
ST_32 : Operation 141 [41/71] (7.30ns)   --->   "%empty_24 = readreq i1 @_ssdm_op_ReadReq.m_axi.p1i64, i64 %gmem_addr, i32 %zext_ln103" [main.cpp:103]   --->   Operation 141 'readreq' 'empty_24' <Predicate = true> <Delay = 7.30> <CoreInst = "m_axi">   --->   Core 121 'm_axi' <Latency = 0> <II = 1> <Delay = 1.00> <Adapter> <Opcode : 'read' 'write' 'readreq' 'writereq' 'writeresp'>

State 33 <SV = 32> <Delay = 7.30>
ST_33 : Operation 142 [40/71] (7.30ns)   --->   "%empty_24 = readreq i1 @_ssdm_op_ReadReq.m_axi.p1i64, i64 %gmem_addr, i32 %zext_ln103" [main.cpp:103]   --->   Operation 142 'readreq' 'empty_24' <Predicate = true> <Delay = 7.30> <CoreInst = "m_axi">   --->   Core 121 'm_axi' <Latency = 0> <II = 1> <Delay = 1.00> <Adapter> <Opcode : 'read' 'write' 'readreq' 'writereq' 'writeresp'>

State 34 <SV = 33> <Delay = 7.30>
ST_34 : Operation 143 [39/71] (7.30ns)   --->   "%empty_24 = readreq i1 @_ssdm_op_ReadReq.m_axi.p1i64, i64 %gmem_addr, i32 %zext_ln103" [main.cpp:103]   --->   Operation 143 'readreq' 'empty_24' <Predicate = true> <Delay = 7.30> <CoreInst = "m_axi">   --->   Core 121 'm_axi' <Latency = 0> <II = 1> <Delay = 1.00> <Adapter> <Opcode : 'read' 'write' 'readreq' 'writereq' 'writeresp'>

State 35 <SV = 34> <Delay = 7.30>
ST_35 : Operation 144 [38/71] (7.30ns)   --->   "%empty_24 = readreq i1 @_ssdm_op_ReadReq.m_axi.p1i64, i64 %gmem_addr, i32 %zext_ln103" [main.cpp:103]   --->   Operation 144 'readreq' 'empty_24' <Predicate = true> <Delay = 7.30> <CoreInst = "m_axi">   --->   Core 121 'm_axi' <Latency = 0> <II = 1> <Delay = 1.00> <Adapter> <Opcode : 'read' 'write' 'readreq' 'writereq' 'writeresp'>

State 36 <SV = 35> <Delay = 7.30>
ST_36 : Operation 145 [37/71] (7.30ns)   --->   "%empty_24 = readreq i1 @_ssdm_op_ReadReq.m_axi.p1i64, i64 %gmem_addr, i32 %zext_ln103" [main.cpp:103]   --->   Operation 145 'readreq' 'empty_24' <Predicate = true> <Delay = 7.30> <CoreInst = "m_axi">   --->   Core 121 'm_axi' <Latency = 0> <II = 1> <Delay = 1.00> <Adapter> <Opcode : 'read' 'write' 'readreq' 'writereq' 'writeresp'>

State 37 <SV = 36> <Delay = 7.30>
ST_37 : Operation 146 [36/71] (7.30ns)   --->   "%empty_24 = readreq i1 @_ssdm_op_ReadReq.m_axi.p1i64, i64 %gmem_addr, i32 %zext_ln103" [main.cpp:103]   --->   Operation 146 'readreq' 'empty_24' <Predicate = true> <Delay = 7.30> <CoreInst = "m_axi">   --->   Core 121 'm_axi' <Latency = 0> <II = 1> <Delay = 1.00> <Adapter> <Opcode : 'read' 'write' 'readreq' 'writereq' 'writeresp'>

State 38 <SV = 37> <Delay = 7.30>
ST_38 : Operation 147 [35/71] (7.30ns)   --->   "%empty_24 = readreq i1 @_ssdm_op_ReadReq.m_axi.p1i64, i64 %gmem_addr, i32 %zext_ln103" [main.cpp:103]   --->   Operation 147 'readreq' 'empty_24' <Predicate = true> <Delay = 7.30> <CoreInst = "m_axi">   --->   Core 121 'm_axi' <Latency = 0> <II = 1> <Delay = 1.00> <Adapter> <Opcode : 'read' 'write' 'readreq' 'writereq' 'writeresp'>

State 39 <SV = 38> <Delay = 7.30>
ST_39 : Operation 148 [34/71] (7.30ns)   --->   "%empty_24 = readreq i1 @_ssdm_op_ReadReq.m_axi.p1i64, i64 %gmem_addr, i32 %zext_ln103" [main.cpp:103]   --->   Operation 148 'readreq' 'empty_24' <Predicate = true> <Delay = 7.30> <CoreInst = "m_axi">   --->   Core 121 'm_axi' <Latency = 0> <II = 1> <Delay = 1.00> <Adapter> <Opcode : 'read' 'write' 'readreq' 'writereq' 'writeresp'>

State 40 <SV = 39> <Delay = 7.30>
ST_40 : Operation 149 [33/71] (7.30ns)   --->   "%empty_24 = readreq i1 @_ssdm_op_ReadReq.m_axi.p1i64, i64 %gmem_addr, i32 %zext_ln103" [main.cpp:103]   --->   Operation 149 'readreq' 'empty_24' <Predicate = true> <Delay = 7.30> <CoreInst = "m_axi">   --->   Core 121 'm_axi' <Latency = 0> <II = 1> <Delay = 1.00> <Adapter> <Opcode : 'read' 'write' 'readreq' 'writereq' 'writeresp'>

State 41 <SV = 40> <Delay = 7.30>
ST_41 : Operation 150 [32/71] (7.30ns)   --->   "%empty_24 = readreq i1 @_ssdm_op_ReadReq.m_axi.p1i64, i64 %gmem_addr, i32 %zext_ln103" [main.cpp:103]   --->   Operation 150 'readreq' 'empty_24' <Predicate = true> <Delay = 7.30> <CoreInst = "m_axi">   --->   Core 121 'm_axi' <Latency = 0> <II = 1> <Delay = 1.00> <Adapter> <Opcode : 'read' 'write' 'readreq' 'writereq' 'writeresp'>

State 42 <SV = 41> <Delay = 7.30>
ST_42 : Operation 151 [31/71] (7.30ns)   --->   "%empty_24 = readreq i1 @_ssdm_op_ReadReq.m_axi.p1i64, i64 %gmem_addr, i32 %zext_ln103" [main.cpp:103]   --->   Operation 151 'readreq' 'empty_24' <Predicate = true> <Delay = 7.30> <CoreInst = "m_axi">   --->   Core 121 'm_axi' <Latency = 0> <II = 1> <Delay = 1.00> <Adapter> <Opcode : 'read' 'write' 'readreq' 'writereq' 'writeresp'>

State 43 <SV = 42> <Delay = 7.30>
ST_43 : Operation 152 [30/71] (7.30ns)   --->   "%empty_24 = readreq i1 @_ssdm_op_ReadReq.m_axi.p1i64, i64 %gmem_addr, i32 %zext_ln103" [main.cpp:103]   --->   Operation 152 'readreq' 'empty_24' <Predicate = true> <Delay = 7.30> <CoreInst = "m_axi">   --->   Core 121 'm_axi' <Latency = 0> <II = 1> <Delay = 1.00> <Adapter> <Opcode : 'read' 'write' 'readreq' 'writereq' 'writeresp'>

State 44 <SV = 43> <Delay = 7.30>
ST_44 : Operation 153 [29/71] (7.30ns)   --->   "%empty_24 = readreq i1 @_ssdm_op_ReadReq.m_axi.p1i64, i64 %gmem_addr, i32 %zext_ln103" [main.cpp:103]   --->   Operation 153 'readreq' 'empty_24' <Predicate = true> <Delay = 7.30> <CoreInst = "m_axi">   --->   Core 121 'm_axi' <Latency = 0> <II = 1> <Delay = 1.00> <Adapter> <Opcode : 'read' 'write' 'readreq' 'writereq' 'writeresp'>

State 45 <SV = 44> <Delay = 7.30>
ST_45 : Operation 154 [28/71] (7.30ns)   --->   "%empty_24 = readreq i1 @_ssdm_op_ReadReq.m_axi.p1i64, i64 %gmem_addr, i32 %zext_ln103" [main.cpp:103]   --->   Operation 154 'readreq' 'empty_24' <Predicate = true> <Delay = 7.30> <CoreInst = "m_axi">   --->   Core 121 'm_axi' <Latency = 0> <II = 1> <Delay = 1.00> <Adapter> <Opcode : 'read' 'write' 'readreq' 'writereq' 'writeresp'>

State 46 <SV = 45> <Delay = 7.30>
ST_46 : Operation 155 [27/71] (7.30ns)   --->   "%empty_24 = readreq i1 @_ssdm_op_ReadReq.m_axi.p1i64, i64 %gmem_addr, i32 %zext_ln103" [main.cpp:103]   --->   Operation 155 'readreq' 'empty_24' <Predicate = true> <Delay = 7.30> <CoreInst = "m_axi">   --->   Core 121 'm_axi' <Latency = 0> <II = 1> <Delay = 1.00> <Adapter> <Opcode : 'read' 'write' 'readreq' 'writereq' 'writeresp'>

State 47 <SV = 46> <Delay = 7.30>
ST_47 : Operation 156 [26/71] (7.30ns)   --->   "%empty_24 = readreq i1 @_ssdm_op_ReadReq.m_axi.p1i64, i64 %gmem_addr, i32 %zext_ln103" [main.cpp:103]   --->   Operation 156 'readreq' 'empty_24' <Predicate = true> <Delay = 7.30> <CoreInst = "m_axi">   --->   Core 121 'm_axi' <Latency = 0> <II = 1> <Delay = 1.00> <Adapter> <Opcode : 'read' 'write' 'readreq' 'writereq' 'writeresp'>

State 48 <SV = 47> <Delay = 7.30>
ST_48 : Operation 157 [25/71] (7.30ns)   --->   "%empty_24 = readreq i1 @_ssdm_op_ReadReq.m_axi.p1i64, i64 %gmem_addr, i32 %zext_ln103" [main.cpp:103]   --->   Operation 157 'readreq' 'empty_24' <Predicate = true> <Delay = 7.30> <CoreInst = "m_axi">   --->   Core 121 'm_axi' <Latency = 0> <II = 1> <Delay = 1.00> <Adapter> <Opcode : 'read' 'write' 'readreq' 'writereq' 'writeresp'>

State 49 <SV = 48> <Delay = 7.30>
ST_49 : Operation 158 [24/71] (7.30ns)   --->   "%empty_24 = readreq i1 @_ssdm_op_ReadReq.m_axi.p1i64, i64 %gmem_addr, i32 %zext_ln103" [main.cpp:103]   --->   Operation 158 'readreq' 'empty_24' <Predicate = true> <Delay = 7.30> <CoreInst = "m_axi">   --->   Core 121 'm_axi' <Latency = 0> <II = 1> <Delay = 1.00> <Adapter> <Opcode : 'read' 'write' 'readreq' 'writereq' 'writeresp'>

State 50 <SV = 49> <Delay = 7.30>
ST_50 : Operation 159 [23/71] (7.30ns)   --->   "%empty_24 = readreq i1 @_ssdm_op_ReadReq.m_axi.p1i64, i64 %gmem_addr, i32 %zext_ln103" [main.cpp:103]   --->   Operation 159 'readreq' 'empty_24' <Predicate = true> <Delay = 7.30> <CoreInst = "m_axi">   --->   Core 121 'm_axi' <Latency = 0> <II = 1> <Delay = 1.00> <Adapter> <Opcode : 'read' 'write' 'readreq' 'writereq' 'writeresp'>

State 51 <SV = 50> <Delay = 7.30>
ST_51 : Operation 160 [22/71] (7.30ns)   --->   "%empty_24 = readreq i1 @_ssdm_op_ReadReq.m_axi.p1i64, i64 %gmem_addr, i32 %zext_ln103" [main.cpp:103]   --->   Operation 160 'readreq' 'empty_24' <Predicate = true> <Delay = 7.30> <CoreInst = "m_axi">   --->   Core 121 'm_axi' <Latency = 0> <II = 1> <Delay = 1.00> <Adapter> <Opcode : 'read' 'write' 'readreq' 'writereq' 'writeresp'>

State 52 <SV = 51> <Delay = 7.30>
ST_52 : Operation 161 [21/71] (7.30ns)   --->   "%empty_24 = readreq i1 @_ssdm_op_ReadReq.m_axi.p1i64, i64 %gmem_addr, i32 %zext_ln103" [main.cpp:103]   --->   Operation 161 'readreq' 'empty_24' <Predicate = true> <Delay = 7.30> <CoreInst = "m_axi">   --->   Core 121 'm_axi' <Latency = 0> <II = 1> <Delay = 1.00> <Adapter> <Opcode : 'read' 'write' 'readreq' 'writereq' 'writeresp'>

State 53 <SV = 52> <Delay = 7.30>
ST_53 : Operation 162 [20/71] (7.30ns)   --->   "%empty_24 = readreq i1 @_ssdm_op_ReadReq.m_axi.p1i64, i64 %gmem_addr, i32 %zext_ln103" [main.cpp:103]   --->   Operation 162 'readreq' 'empty_24' <Predicate = true> <Delay = 7.30> <CoreInst = "m_axi">   --->   Core 121 'm_axi' <Latency = 0> <II = 1> <Delay = 1.00> <Adapter> <Opcode : 'read' 'write' 'readreq' 'writereq' 'writeresp'>

State 54 <SV = 53> <Delay = 7.30>
ST_54 : Operation 163 [19/71] (7.30ns)   --->   "%empty_24 = readreq i1 @_ssdm_op_ReadReq.m_axi.p1i64, i64 %gmem_addr, i32 %zext_ln103" [main.cpp:103]   --->   Operation 163 'readreq' 'empty_24' <Predicate = true> <Delay = 7.30> <CoreInst = "m_axi">   --->   Core 121 'm_axi' <Latency = 0> <II = 1> <Delay = 1.00> <Adapter> <Opcode : 'read' 'write' 'readreq' 'writereq' 'writeresp'>

State 55 <SV = 54> <Delay = 7.30>
ST_55 : Operation 164 [18/71] (7.30ns)   --->   "%empty_24 = readreq i1 @_ssdm_op_ReadReq.m_axi.p1i64, i64 %gmem_addr, i32 %zext_ln103" [main.cpp:103]   --->   Operation 164 'readreq' 'empty_24' <Predicate = true> <Delay = 7.30> <CoreInst = "m_axi">   --->   Core 121 'm_axi' <Latency = 0> <II = 1> <Delay = 1.00> <Adapter> <Opcode : 'read' 'write' 'readreq' 'writereq' 'writeresp'>

State 56 <SV = 55> <Delay = 7.30>
ST_56 : Operation 165 [17/71] (7.30ns)   --->   "%empty_24 = readreq i1 @_ssdm_op_ReadReq.m_axi.p1i64, i64 %gmem_addr, i32 %zext_ln103" [main.cpp:103]   --->   Operation 165 'readreq' 'empty_24' <Predicate = true> <Delay = 7.30> <CoreInst = "m_axi">   --->   Core 121 'm_axi' <Latency = 0> <II = 1> <Delay = 1.00> <Adapter> <Opcode : 'read' 'write' 'readreq' 'writereq' 'writeresp'>

State 57 <SV = 56> <Delay = 7.30>
ST_57 : Operation 166 [16/71] (7.30ns)   --->   "%empty_24 = readreq i1 @_ssdm_op_ReadReq.m_axi.p1i64, i64 %gmem_addr, i32 %zext_ln103" [main.cpp:103]   --->   Operation 166 'readreq' 'empty_24' <Predicate = true> <Delay = 7.30> <CoreInst = "m_axi">   --->   Core 121 'm_axi' <Latency = 0> <II = 1> <Delay = 1.00> <Adapter> <Opcode : 'read' 'write' 'readreq' 'writereq' 'writeresp'>

State 58 <SV = 57> <Delay = 7.30>
ST_58 : Operation 167 [15/71] (7.30ns)   --->   "%empty_24 = readreq i1 @_ssdm_op_ReadReq.m_axi.p1i64, i64 %gmem_addr, i32 %zext_ln103" [main.cpp:103]   --->   Operation 167 'readreq' 'empty_24' <Predicate = true> <Delay = 7.30> <CoreInst = "m_axi">   --->   Core 121 'm_axi' <Latency = 0> <II = 1> <Delay = 1.00> <Adapter> <Opcode : 'read' 'write' 'readreq' 'writereq' 'writeresp'>

State 59 <SV = 58> <Delay = 7.30>
ST_59 : Operation 168 [14/71] (7.30ns)   --->   "%empty_24 = readreq i1 @_ssdm_op_ReadReq.m_axi.p1i64, i64 %gmem_addr, i32 %zext_ln103" [main.cpp:103]   --->   Operation 168 'readreq' 'empty_24' <Predicate = true> <Delay = 7.30> <CoreInst = "m_axi">   --->   Core 121 'm_axi' <Latency = 0> <II = 1> <Delay = 1.00> <Adapter> <Opcode : 'read' 'write' 'readreq' 'writereq' 'writeresp'>

State 60 <SV = 59> <Delay = 7.30>
ST_60 : Operation 169 [13/71] (7.30ns)   --->   "%empty_24 = readreq i1 @_ssdm_op_ReadReq.m_axi.p1i64, i64 %gmem_addr, i32 %zext_ln103" [main.cpp:103]   --->   Operation 169 'readreq' 'empty_24' <Predicate = true> <Delay = 7.30> <CoreInst = "m_axi">   --->   Core 121 'm_axi' <Latency = 0> <II = 1> <Delay = 1.00> <Adapter> <Opcode : 'read' 'write' 'readreq' 'writereq' 'writeresp'>

State 61 <SV = 60> <Delay = 7.30>
ST_61 : Operation 170 [12/71] (7.30ns)   --->   "%empty_24 = readreq i1 @_ssdm_op_ReadReq.m_axi.p1i64, i64 %gmem_addr, i32 %zext_ln103" [main.cpp:103]   --->   Operation 170 'readreq' 'empty_24' <Predicate = true> <Delay = 7.30> <CoreInst = "m_axi">   --->   Core 121 'm_axi' <Latency = 0> <II = 1> <Delay = 1.00> <Adapter> <Opcode : 'read' 'write' 'readreq' 'writereq' 'writeresp'>

State 62 <SV = 61> <Delay = 7.30>
ST_62 : Operation 171 [11/71] (7.30ns)   --->   "%empty_24 = readreq i1 @_ssdm_op_ReadReq.m_axi.p1i64, i64 %gmem_addr, i32 %zext_ln103" [main.cpp:103]   --->   Operation 171 'readreq' 'empty_24' <Predicate = true> <Delay = 7.30> <CoreInst = "m_axi">   --->   Core 121 'm_axi' <Latency = 0> <II = 1> <Delay = 1.00> <Adapter> <Opcode : 'read' 'write' 'readreq' 'writereq' 'writeresp'>

State 63 <SV = 62> <Delay = 7.30>
ST_63 : Operation 172 [10/71] (7.30ns)   --->   "%empty_24 = readreq i1 @_ssdm_op_ReadReq.m_axi.p1i64, i64 %gmem_addr, i32 %zext_ln103" [main.cpp:103]   --->   Operation 172 'readreq' 'empty_24' <Predicate = true> <Delay = 7.30> <CoreInst = "m_axi">   --->   Core 121 'm_axi' <Latency = 0> <II = 1> <Delay = 1.00> <Adapter> <Opcode : 'read' 'write' 'readreq' 'writereq' 'writeresp'>

State 64 <SV = 63> <Delay = 7.30>
ST_64 : Operation 173 [9/71] (7.30ns)   --->   "%empty_24 = readreq i1 @_ssdm_op_ReadReq.m_axi.p1i64, i64 %gmem_addr, i32 %zext_ln103" [main.cpp:103]   --->   Operation 173 'readreq' 'empty_24' <Predicate = true> <Delay = 7.30> <CoreInst = "m_axi">   --->   Core 121 'm_axi' <Latency = 0> <II = 1> <Delay = 1.00> <Adapter> <Opcode : 'read' 'write' 'readreq' 'writereq' 'writeresp'>

State 65 <SV = 64> <Delay = 7.30>
ST_65 : Operation 174 [8/71] (7.30ns)   --->   "%empty_24 = readreq i1 @_ssdm_op_ReadReq.m_axi.p1i64, i64 %gmem_addr, i32 %zext_ln103" [main.cpp:103]   --->   Operation 174 'readreq' 'empty_24' <Predicate = true> <Delay = 7.30> <CoreInst = "m_axi">   --->   Core 121 'm_axi' <Latency = 0> <II = 1> <Delay = 1.00> <Adapter> <Opcode : 'read' 'write' 'readreq' 'writereq' 'writeresp'>

State 66 <SV = 65> <Delay = 7.30>
ST_66 : Operation 175 [7/71] (7.30ns)   --->   "%empty_24 = readreq i1 @_ssdm_op_ReadReq.m_axi.p1i64, i64 %gmem_addr, i32 %zext_ln103" [main.cpp:103]   --->   Operation 175 'readreq' 'empty_24' <Predicate = true> <Delay = 7.30> <CoreInst = "m_axi">   --->   Core 121 'm_axi' <Latency = 0> <II = 1> <Delay = 1.00> <Adapter> <Opcode : 'read' 'write' 'readreq' 'writereq' 'writeresp'>

State 67 <SV = 66> <Delay = 7.30>
ST_67 : Operation 176 [6/71] (7.30ns)   --->   "%empty_24 = readreq i1 @_ssdm_op_ReadReq.m_axi.p1i64, i64 %gmem_addr, i32 %zext_ln103" [main.cpp:103]   --->   Operation 176 'readreq' 'empty_24' <Predicate = true> <Delay = 7.30> <CoreInst = "m_axi">   --->   Core 121 'm_axi' <Latency = 0> <II = 1> <Delay = 1.00> <Adapter> <Opcode : 'read' 'write' 'readreq' 'writereq' 'writeresp'>

State 68 <SV = 67> <Delay = 7.30>
ST_68 : Operation 177 [5/71] (7.30ns)   --->   "%empty_24 = readreq i1 @_ssdm_op_ReadReq.m_axi.p1i64, i64 %gmem_addr, i32 %zext_ln103" [main.cpp:103]   --->   Operation 177 'readreq' 'empty_24' <Predicate = true> <Delay = 7.30> <CoreInst = "m_axi">   --->   Core 121 'm_axi' <Latency = 0> <II = 1> <Delay = 1.00> <Adapter> <Opcode : 'read' 'write' 'readreq' 'writereq' 'writeresp'>

State 69 <SV = 68> <Delay = 7.30>
ST_69 : Operation 178 [4/71] (7.30ns)   --->   "%empty_24 = readreq i1 @_ssdm_op_ReadReq.m_axi.p1i64, i64 %gmem_addr, i32 %zext_ln103" [main.cpp:103]   --->   Operation 178 'readreq' 'empty_24' <Predicate = true> <Delay = 7.30> <CoreInst = "m_axi">   --->   Core 121 'm_axi' <Latency = 0> <II = 1> <Delay = 1.00> <Adapter> <Opcode : 'read' 'write' 'readreq' 'writereq' 'writeresp'>

State 70 <SV = 69> <Delay = 7.30>
ST_70 : Operation 179 [3/71] (7.30ns)   --->   "%empty_24 = readreq i1 @_ssdm_op_ReadReq.m_axi.p1i64, i64 %gmem_addr, i32 %zext_ln103" [main.cpp:103]   --->   Operation 179 'readreq' 'empty_24' <Predicate = true> <Delay = 7.30> <CoreInst = "m_axi">   --->   Core 121 'm_axi' <Latency = 0> <II = 1> <Delay = 1.00> <Adapter> <Opcode : 'read' 'write' 'readreq' 'writereq' 'writeresp'>

State 71 <SV = 70> <Delay = 7.30>
ST_71 : Operation 180 [2/71] (7.30ns)   --->   "%empty_24 = readreq i1 @_ssdm_op_ReadReq.m_axi.p1i64, i64 %gmem_addr, i32 %zext_ln103" [main.cpp:103]   --->   Operation 180 'readreq' 'empty_24' <Predicate = true> <Delay = 7.30> <CoreInst = "m_axi">   --->   Core 121 'm_axi' <Latency = 0> <II = 1> <Delay = 1.00> <Adapter> <Opcode : 'read' 'write' 'readreq' 'writereq' 'writeresp'>

State 72 <SV = 71> <Delay = 7.30>
ST_72 : Operation 181 [1/1] (0.00ns)   --->   "%specinterface_ln0 = specinterface void @_ssdm_op_SpecInterface, i64 %gmem, void @empty_3, i32 0, i32 0, void @empty_4, i32 64, i32 0, void @empty_5, void @empty_6, void @empty_4, i32 16, i32 16, i32 16, i32 16, void @empty_4, void @empty_4, i32 4294967295, i32 0"   --->   Operation 181 'specinterface' 'specinterface_ln0' <Predicate = true> <Delay = 0.00>
ST_72 : Operation 182 [1/1] (0.00ns)   --->   "%specpipeline_ln102 = specpipeline void @_ssdm_op_SpecPipeline, i32 1, i32 0, i32 0, i32 0, void @empty_4" [main.cpp:102]   --->   Operation 182 'specpipeline' 'specpipeline_ln102' <Predicate = true> <Delay = 0.00>
ST_72 : Operation 183 [1/71] (7.30ns)   --->   "%empty_24 = readreq i1 @_ssdm_op_ReadReq.m_axi.p1i64, i64 %gmem_addr, i32 %zext_ln103" [main.cpp:103]   --->   Operation 183 'readreq' 'empty_24' <Predicate = true> <Delay = 7.30> <CoreInst = "m_axi">   --->   Core 121 'm_axi' <Latency = 0> <II = 1> <Delay = 1.00> <Adapter> <Opcode : 'read' 'write' 'readreq' 'writereq' 'writeresp'>
ST_72 : Operation 184 [1/1] (0.00ns)   --->   "%br_ln103 = br void %for.inc" [main.cpp:103]   --->   Operation 184 'br' 'br_ln103' <Predicate = true> <Delay = 0.00>

State 73 <SV = 72> <Delay = 1.60>
ST_73 : Operation 185 [1/1] (0.00ns)   --->   "%i_2 = load i31 %i" [main.cpp:103]   --->   Operation 185 'load' 'i_2' <Predicate = true> <Delay = 0.00>
ST_73 : Operation 186 [1/1] (0.00ns)   --->   "%zext_ln103_1 = zext i31 %i_2" [main.cpp:103]   --->   Operation 186 'zext' 'zext_ln103_1' <Predicate = true> <Delay = 0.00>
ST_73 : Operation 187 [1/1] (1.14ns)   --->   "%icmp_ln103_1 = icmp_slt  i32 %zext_ln103_1, i32 %size_read" [main.cpp:103]   --->   Operation 187 'icmp' 'icmp_ln103_1' <Predicate = true> <Delay = 1.14> <CoreInst = "Cmp">   --->   Core 9 'Cmp' <Latency = 0> <II = 1> <Delay = 1.14> <FuncUnit> <Opcode : 'icmp'> <InPorts = 2> <OutPorts = 1>
ST_73 : Operation 188 [1/1] (1.14ns)   --->   "%add_ln103 = add i31 %i_2, i31 1" [main.cpp:103]   --->   Operation 188 'add' 'add_ln103' <Predicate = true> <Delay = 1.14> <CoreInst = "Adder">   --->   Core 1 'Adder' <Latency = 0> <II = 1> <Delay = 1.14> <FuncUnit> <Opcode : 'add' 'sub'> <InPorts = 2> <OutPorts = 1>
ST_73 : Operation 189 [1/1] (0.00ns)   --->   "%br_ln103 = br i1 %icmp_ln103_1, void %for.end.loopexit, void %for.inc.split" [main.cpp:103]   --->   Operation 189 'br' 'br_ln103' <Predicate = true> <Delay = 0.00>
ST_73 : Operation 190 [1/1] (0.46ns)   --->   "%store_ln103 = store i31 %add_ln103, i31 %i" [main.cpp:103]   --->   Operation 190 'store' 'store_ln103' <Predicate = (icmp_ln103_1)> <Delay = 0.46>
ST_73 : Operation 191 [1/1] (0.00ns)   --->   "%S_load_1 = load i64 %S" [main.cpp:110]   --->   Operation 191 'load' 'S_load_1' <Predicate = (!icmp_ln103_1)> <Delay = 0.00>
ST_73 : Operation 192 [1/1] (0.00ns)   --->   "%ret_ln110 = ret i64 %S_load_1" [main.cpp:110]   --->   Operation 192 'ret' 'ret_ln110' <Predicate = (!icmp_ln103_1)> <Delay = 0.00>

State 74 <SV = 73> <Delay = 7.30>
ST_74 : Operation 193 [1/1] (7.30ns)   --->   "%gmem_addr_read = read i64 @_ssdm_op_Read.m_axi.p1i64, i64 %gmem_addr" [main.cpp:104]   --->   Operation 193 'read' 'gmem_addr_read' <Predicate = true> <Delay = 7.30> <CoreInst = "m_axi">   --->   Core 121 'm_axi' <Latency = 0> <II = 1> <Delay = 1.00> <Adapter> <Opcode : 'read' 'write' 'readreq' 'writereq' 'writeresp'>

State 75 <SV = 74> <Delay = 5.65>
ST_75 : [1/1] (0.75ns)   --->   Input mux for Operation 194 '%sig = sitodp i64 %gmem_addr_read'
ST_75 : Operation 194 [2/2] (4.89ns)   --->   "%sig = sitodp i64 %gmem_addr_read" [main.cpp:104]   --->   Operation 194 'sitodp' 'sig' <Predicate = true> <Delay = 4.89> <CoreInst = "Int2Double">   --->   Core 66 'Int2Double' <Latency = 1> <II = 1> <Delay = 5.65> <FuncUnit> <Opcode : 'sitodp' 'uitodp'> <InPorts = 1> <OutPorts = 1>

State 76 <SV = 75> <Delay = 5.65>
ST_76 : Operation 195 [1/2] (5.65ns)   --->   "%sig = sitodp i64 %gmem_addr_read" [main.cpp:104]   --->   Operation 195 'sitodp' 'sig' <Predicate = true> <Delay = 5.65> <CoreInst = "Int2Double">   --->   Core 66 'Int2Double' <Latency = 1> <II = 1> <Delay = 5.65> <FuncUnit> <Opcode : 'sitodp' 'uitodp'> <InPorts = 1> <OutPorts = 1>

State 77 <SV = 76> <Delay = 7.15>
ST_77 : [1/1] (0.75ns)   --->   Input mux for Operation 196 '%overSig = ddiv i64 1, i64 %sig'
ST_77 : Operation 196 [13/13] (6.40ns)   --->   "%overSig = ddiv i64 1, i64 %sig" [main.cpp:105]   --->   Operation 196 'ddiv' 'overSig' <Predicate = true> <Delay = 6.40> <CoreInst = "DDiv">   --->   Core 39 'DDiv' <Latency = 12> <II = 1> <Delay = 7.15> <FuncUnit> <Opcode : 'ddiv' 'drem'> <InPorts = 2> <OutPorts = 1>

State 78 <SV = 77> <Delay = 7.15>
ST_78 : Operation 197 [12/13] (7.15ns)   --->   "%overSig = ddiv i64 1, i64 %sig" [main.cpp:105]   --->   Operation 197 'ddiv' 'overSig' <Predicate = true> <Delay = 7.15> <CoreInst = "DDiv">   --->   Core 39 'DDiv' <Latency = 12> <II = 1> <Delay = 7.15> <FuncUnit> <Opcode : 'ddiv' 'drem'> <InPorts = 2> <OutPorts = 1>

State 79 <SV = 78> <Delay = 7.15>
ST_79 : Operation 198 [11/13] (7.15ns)   --->   "%overSig = ddiv i64 1, i64 %sig" [main.cpp:105]   --->   Operation 198 'ddiv' 'overSig' <Predicate = true> <Delay = 7.15> <CoreInst = "DDiv">   --->   Core 39 'DDiv' <Latency = 12> <II = 1> <Delay = 7.15> <FuncUnit> <Opcode : 'ddiv' 'drem'> <InPorts = 2> <OutPorts = 1>

State 80 <SV = 79> <Delay = 7.15>
ST_80 : Operation 199 [10/13] (7.15ns)   --->   "%overSig = ddiv i64 1, i64 %sig" [main.cpp:105]   --->   Operation 199 'ddiv' 'overSig' <Predicate = true> <Delay = 7.15> <CoreInst = "DDiv">   --->   Core 39 'DDiv' <Latency = 12> <II = 1> <Delay = 7.15> <FuncUnit> <Opcode : 'ddiv' 'drem'> <InPorts = 2> <OutPorts = 1>

State 81 <SV = 80> <Delay = 7.15>
ST_81 : Operation 200 [9/13] (7.15ns)   --->   "%overSig = ddiv i64 1, i64 %sig" [main.cpp:105]   --->   Operation 200 'ddiv' 'overSig' <Predicate = true> <Delay = 7.15> <CoreInst = "DDiv">   --->   Core 39 'DDiv' <Latency = 12> <II = 1> <Delay = 7.15> <FuncUnit> <Opcode : 'ddiv' 'drem'> <InPorts = 2> <OutPorts = 1>

State 82 <SV = 81> <Delay = 7.15>
ST_82 : Operation 201 [8/13] (7.15ns)   --->   "%overSig = ddiv i64 1, i64 %sig" [main.cpp:105]   --->   Operation 201 'ddiv' 'overSig' <Predicate = true> <Delay = 7.15> <CoreInst = "DDiv">   --->   Core 39 'DDiv' <Latency = 12> <II = 1> <Delay = 7.15> <FuncUnit> <Opcode : 'ddiv' 'drem'> <InPorts = 2> <OutPorts = 1>

State 83 <SV = 82> <Delay = 7.15>
ST_83 : Operation 202 [7/13] (7.15ns)   --->   "%overSig = ddiv i64 1, i64 %sig" [main.cpp:105]   --->   Operation 202 'ddiv' 'overSig' <Predicate = true> <Delay = 7.15> <CoreInst = "DDiv">   --->   Core 39 'DDiv' <Latency = 12> <II = 1> <Delay = 7.15> <FuncUnit> <Opcode : 'ddiv' 'drem'> <InPorts = 2> <OutPorts = 1>

State 84 <SV = 83> <Delay = 7.15>
ST_84 : Operation 203 [6/13] (7.15ns)   --->   "%overSig = ddiv i64 1, i64 %sig" [main.cpp:105]   --->   Operation 203 'ddiv' 'overSig' <Predicate = true> <Delay = 7.15> <CoreInst = "DDiv">   --->   Core 39 'DDiv' <Latency = 12> <II = 1> <Delay = 7.15> <FuncUnit> <Opcode : 'ddiv' 'drem'> <InPorts = 2> <OutPorts = 1>

State 85 <SV = 84> <Delay = 7.15>
ST_85 : Operation 204 [5/13] (7.15ns)   --->   "%overSig = ddiv i64 1, i64 %sig" [main.cpp:105]   --->   Operation 204 'ddiv' 'overSig' <Predicate = true> <Delay = 7.15> <CoreInst = "DDiv">   --->   Core 39 'DDiv' <Latency = 12> <II = 1> <Delay = 7.15> <FuncUnit> <Opcode : 'ddiv' 'drem'> <InPorts = 2> <OutPorts = 1>

State 86 <SV = 85> <Delay = 7.15>
ST_86 : Operation 205 [4/13] (7.15ns)   --->   "%overSig = ddiv i64 1, i64 %sig" [main.cpp:105]   --->   Operation 205 'ddiv' 'overSig' <Predicate = true> <Delay = 7.15> <CoreInst = "DDiv">   --->   Core 39 'DDiv' <Latency = 12> <II = 1> <Delay = 7.15> <FuncUnit> <Opcode : 'ddiv' 'drem'> <InPorts = 2> <OutPorts = 1>

State 87 <SV = 86> <Delay = 7.15>
ST_87 : Operation 206 [3/13] (7.15ns)   --->   "%overSig = ddiv i64 1, i64 %sig" [main.cpp:105]   --->   Operation 206 'ddiv' 'overSig' <Predicate = true> <Delay = 7.15> <CoreInst = "DDiv">   --->   Core 39 'DDiv' <Latency = 12> <II = 1> <Delay = 7.15> <FuncUnit> <Opcode : 'ddiv' 'drem'> <InPorts = 2> <OutPorts = 1>

State 88 <SV = 87> <Delay = 7.15>
ST_88 : Operation 207 [2/13] (7.15ns)   --->   "%overSig = ddiv i64 1, i64 %sig" [main.cpp:105]   --->   Operation 207 'ddiv' 'overSig' <Predicate = true> <Delay = 7.15> <CoreInst = "DDiv">   --->   Core 39 'DDiv' <Latency = 12> <II = 1> <Delay = 7.15> <FuncUnit> <Opcode : 'ddiv' 'drem'> <InPorts = 2> <OutPorts = 1>

State 89 <SV = 88> <Delay = 7.15>
ST_89 : Operation 208 [1/13] (7.15ns)   --->   "%overSig = ddiv i64 1, i64 %sig" [main.cpp:105]   --->   Operation 208 'ddiv' 'overSig' <Predicate = true> <Delay = 7.15> <CoreInst = "DDiv">   --->   Core 39 'DDiv' <Latency = 12> <II = 1> <Delay = 7.15> <FuncUnit> <Opcode : 'ddiv' 'drem'> <InPorts = 2> <OutPorts = 1>

State 90 <SV = 89> <Delay = 5.58>
ST_90 : [1/1] (0.75ns)   --->   Input mux for Operation 209 '%mul = dmul i64 %overSig, i64 %overSig'
ST_90 : Operation 209 [4/4] (4.82ns)   --->   "%mul = dmul i64 %overSig, i64 %overSig" [main.cpp:108]   --->   Operation 209 'dmul' 'mul' <Predicate = true> <Delay = 4.82> <CoreInst = "DMul_maxdsp">   --->   Core 49 'DMul_maxdsp' <Latency = 3> <II = 1> <Delay = 5.58> <FuncUnit> <Opcode : 'dmul'> <InPorts = 2> <OutPorts = 1>

State 91 <SV = 90> <Delay = 5.58>
ST_91 : Operation 210 [3/4] (5.58ns)   --->   "%mul = dmul i64 %overSig, i64 %overSig" [main.cpp:108]   --->   Operation 210 'dmul' 'mul' <Predicate = true> <Delay = 5.58> <CoreInst = "DMul_maxdsp">   --->   Core 49 'DMul_maxdsp' <Latency = 3> <II = 1> <Delay = 5.58> <FuncUnit> <Opcode : 'dmul'> <InPorts = 2> <OutPorts = 1>

State 92 <SV = 91> <Delay = 5.58>
ST_92 : Operation 211 [2/4] (5.58ns)   --->   "%mul = dmul i64 %overSig, i64 %overSig" [main.cpp:108]   --->   Operation 211 'dmul' 'mul' <Predicate = true> <Delay = 5.58> <CoreInst = "DMul_maxdsp">   --->   Core 49 'DMul_maxdsp' <Latency = 3> <II = 1> <Delay = 5.58> <FuncUnit> <Opcode : 'dmul'> <InPorts = 2> <OutPorts = 1>

State 93 <SV = 92> <Delay = 5.58>
ST_93 : Operation 212 [1/4] (5.58ns)   --->   "%mul = dmul i64 %overSig, i64 %overSig" [main.cpp:108]   --->   Operation 212 'dmul' 'mul' <Predicate = true> <Delay = 5.58> <CoreInst = "DMul_maxdsp">   --->   Core 49 'DMul_maxdsp' <Latency = 3> <II = 1> <Delay = 5.58> <FuncUnit> <Opcode : 'dmul'> <InPorts = 2> <OutPorts = 1>

State 94 <SV = 93> <Delay = 5.15>
ST_94 : Operation 213 [1/1] (0.00ns)   --->   "%S_load = load i64 %S" [main.cpp:108]   --->   Operation 213 'load' 'S_load' <Predicate = true> <Delay = 0.00>
ST_94 : [1/1] (0.62ns)   --->   Input mux for Operation 214 '%S_1 = dadd i64 %S_load, i64 %mul'
ST_94 : Operation 214 [4/4] (4.52ns)   --->   "%S_1 = dadd i64 %S_load, i64 %mul" [main.cpp:108]   --->   Operation 214 'dadd' 'S_1' <Predicate = true> <Delay = 4.52> <CoreInst = "DAddSub_fulldsp">   --->   Core 37 'DAddSub_fulldsp' <Latency = 3> <II = 1> <Delay = 5.15> <FuncUnit> <Opcode : 'dadd' 'dsub'> <InPorts = 2> <OutPorts = 1>

State 95 <SV = 94> <Delay = 5.15>
ST_95 : Operation 215 [3/4] (5.15ns)   --->   "%S_1 = dadd i64 %S_load, i64 %mul" [main.cpp:108]   --->   Operation 215 'dadd' 'S_1' <Predicate = true> <Delay = 5.15> <CoreInst = "DAddSub_fulldsp">   --->   Core 37 'DAddSub_fulldsp' <Latency = 3> <II = 1> <Delay = 5.15> <FuncUnit> <Opcode : 'dadd' 'dsub'> <InPorts = 2> <OutPorts = 1>

State 96 <SV = 95> <Delay = 5.15>
ST_96 : Operation 216 [2/4] (5.15ns)   --->   "%S_1 = dadd i64 %S_load, i64 %mul" [main.cpp:108]   --->   Operation 216 'dadd' 'S_1' <Predicate = true> <Delay = 5.15> <CoreInst = "DAddSub_fulldsp">   --->   Core 37 'DAddSub_fulldsp' <Latency = 3> <II = 1> <Delay = 5.15> <FuncUnit> <Opcode : 'dadd' 'dsub'> <InPorts = 2> <OutPorts = 1>

State 97 <SV = 96> <Delay = 5.61>
ST_97 : Operation 217 [1/1] (0.00ns)   --->   "%specloopname_ln103 = specloopname void @_ssdm_op_SpecLoopName, void @empty_13" [main.cpp:103]   --->   Operation 217 'specloopname' 'specloopname_ln103' <Predicate = true> <Delay = 0.00>
ST_97 : Operation 218 [1/4] (5.15ns)   --->   "%S_1 = dadd i64 %S_load, i64 %mul" [main.cpp:108]   --->   Operation 218 'dadd' 'S_1' <Predicate = true> <Delay = 5.15> <CoreInst = "DAddSub_fulldsp">   --->   Core 37 'DAddSub_fulldsp' <Latency = 3> <II = 1> <Delay = 5.15> <FuncUnit> <Opcode : 'dadd' 'dsub'> <InPorts = 2> <OutPorts = 1>
ST_97 : Operation 219 [1/1] (0.46ns)   --->   "%store_ln103 = store i64 %S_1, i64 %S" [main.cpp:103]   --->   Operation 219 'store' 'store_ln103' <Predicate = true> <Delay = 0.46>
ST_97 : Operation 220 [1/1] (0.00ns)   --->   "%br_ln103 = br void %for.inc" [main.cpp:103]   --->   Operation 220 'br' 'br_ln103' <Predicate = true> <Delay = 0.00>


============================================================
+ Verbose Summary: Binding
============================================================
STG Binding: 
---------------- STG Properties BEGIN ----------------
- Is combinational: 0
- Is one-state seq: 0
- Is datapath-only: 0
- Is pipelined: 0
- Is top level: 0
Port [ Return ] is wired: 1; IO mode=ap_ctrl_hs:ce=0
Port [ gmem]:  wired=1; compound=1; hidden=0; nouse=0; global=0; static=0; extern=0; dir=0; type=4; pingpong=0; private_global=0; IO mode=m_axi:ce=0
Port [ arrsig]:  wired=1; compound=0; hidden=0; nouse=0; global=0; static=0; extern=0; dir=0; type=0; pingpong=0; private_global=0; IO mode=ap_none:ce=0
Port [ size]:  wired=1; compound=0; hidden=0; nouse=0; global=0; static=0; extern=0; dir=0; type=0; pingpong=0; private_global=0; IO mode=ap_none:ce=0
---------------- STG Properties END ------------------

---------------- Datapath Model BEGIN ----------------

<LifeTime>
<method=bitvector/>
S                  (alloca       ) [ 01111111111111111111111111111111111111111111111111111111111111111111111111111111111111111111111111]
i                  (alloca       ) [ 01111111111111111111111111111111111111111111111111111111111111111111111111111111111111111111111111]
size_read          (read         ) [ 00111111111111111111111111111111111111111111111111111111111111111111111111111111111111111111111111]
empty              (trunc        ) [ 00000000000000000000000000000000000000000000000000000000000000000000000000000000000000000000000000]
icmp_ln103         (icmp         ) [ 00000000000000000000000000000000000000000000000000000000000000000000000000000000000000000000000000]
empty_23           (select       ) [ 00100000000000000000000000000000000000000000000000000000000000000000000000000000000000000000000000]
store_ln103        (store        ) [ 00000000000000000000000000000000000000000000000000000000000000000000000000000000000000000000000000]
store_ln103        (store        ) [ 00000000000000000000000000000000000000000000000000000000000000000000000000000000000000000000000000]
arrsig_read        (read         ) [ 00000000000000000000000000000000000000000000000000000000000000000000000000000000000000000000000000]
trunc_ln           (partselect   ) [ 00000000000000000000000000000000000000000000000000000000000000000000000000000000000000000000000000]
sext_ln103         (sext         ) [ 00000000000000000000000000000000000000000000000000000000000000000000000000000000000000000000000000]
gmem_addr          (getelementptr) [ 00011111111111111111111111111111111111111111111111111111111111111111111111111111111111111111111111]
zext_ln103         (zext         ) [ 00011111111111111111111111111111111111111111111111111111111111111111111110000000000000000000000000]
specinterface_ln0  (specinterface) [ 00000000000000000000000000000000000000000000000000000000000000000000000000000000000000000000000000]
specpipeline_ln102 (specpipeline ) [ 00000000000000000000000000000000000000000000000000000000000000000000000000000000000000000000000000]
empty_24           (readreq      ) [ 00000000000000000000000000000000000000000000000000000000000000000000000000000000000000000000000000]
br_ln103           (br           ) [ 00000000000000000000000000000000000000000000000000000000000000000000000000000000000000000000000000]
i_2                (load         ) [ 00000000000000000000000000000000000000000000000000000000000000000000000000000000000000000000000000]
zext_ln103_1       (zext         ) [ 00000000000000000000000000000000000000000000000000000000000000000000000000000000000000000000000000]
icmp_ln103_1       (icmp         ) [ 00000000000000000000000000000000000000000000000000000000000000000000000001111111111111111111111111]
add_ln103          (add          ) [ 00000000000000000000000000000000000000000000000000000000000000000000000000000000000000000000000000]
br_ln103           (br           ) [ 00000000000000000000000000000000000000000000000000000000000000000000000000000000000000000000000000]
store_ln103        (store        ) [ 00000000000000000000000000000000000000000000000000000000000000000000000000000000000000000000000000]
S_load_1           (load         ) [ 00000000000000000000000000000000000000000000000000000000000000000000000000000000000000000000000000]
ret_ln110          (ret          ) [ 00000000000000000000000000000000000000000000000000000000000000000000000000000000000000000000000000]
gmem_addr_read     (read         ) [ 00000000000000000000000000000000000000000000000000000000000000000000000000011000000000000000000000]
sig                (sitodp       ) [ 00000000000000000000000000000000000000000000000000000000000000000000000000000111111111111100000000]
overSig            (ddiv         ) [ 00000000000000000000000000000000000000000000000000000000000000000000000000000000000000000011110000]
mul                (dmul         ) [ 00000000000000000000000000000000000000000000000000000000000000000000000000000000000000000000001111]
S_load             (load         ) [ 00000000000000000000000000000000000000000000000000000000000000000000000000000000000000000000000111]
specloopname_ln103 (specloopname ) [ 00000000000000000000000000000000000000000000000000000000000000000000000000000000000000000000000000]
S_1                (dadd         ) [ 00000000000000000000000000000000000000000000000000000000000000000000000000000000000000000000000000]
store_ln103        (store        ) [ 00000000000000000000000000000000000000000000000000000000000000000000000000000000000000000000000000]
br_ln103           (br           ) [ 00000000000000000000000000000000000000000000000000000000000000000000000000000000000000000000000000]
</LifeTime>

<model>

<comp_list>
<comp id="0" class="1000" name="gmem">
<pin_list>
<pin id="1" dir="1" index="0" bw="1" slack="0"/>
</pin_list>
<bind>
<StgValue><ssdm name="gmem"/></StgValue>
</bind>
</comp>

<comp id="2" class="1000" name="arrsig">
<pin_list>
<pin id="3" dir="1" index="0" bw="1" slack="0"/>
</pin_list>
<bind>
<StgValue><ssdm name="arrsig"/></StgValue>
</bind>
</comp>

<comp id="4" class="1000" name="size">
<pin_list>
<pin id="5" dir="1" index="0" bw="1" slack="0"/>
</pin_list>
<bind>
<StgValue><ssdm name="size"/></StgValue>
</bind>
</comp>

<comp id="6" class="1001" name="const_6">
<pin_list>
<pin id="7" dir="1" index="0" bw="1" slack="0"/>
</pin_list>
<bind>
<StgValue><ssdm name=""/></StgValue>
</bind>
</comp>

<comp id="8" class="1001" name="const_8">
<pin_list>
<pin id="9" dir="1" index="0" bw="1" slack="0"/>
</pin_list>
<bind>
<StgValue><ssdm name="_ssdm_op_Read.ap_auto.i32"/></StgValue>
</bind>
</comp>

<comp id="10" class="1001" name="const_10">
<pin_list>
<pin id="11" dir="1" index="0" bw="1" slack="0"/>
</pin_list>
<bind>
<StgValue><ssdm name=""/></StgValue>
</bind>
</comp>

<comp id="12" class="1001" name="const_12">
<pin_list>
<pin id="13" dir="1" index="0" bw="1" slack="0"/>
</pin_list>
<bind>
<StgValue><ssdm name=""/></StgValue>
</bind>
</comp>

<comp id="14" class="1001" name="const_14">
<pin_list>
<pin id="15" dir="1" index="0" bw="1" slack="0"/>
</pin_list>
<bind>
<StgValue><ssdm name=""/></StgValue>
</bind>
</comp>

<comp id="16" class="1001" name="const_16">
<pin_list>
<pin id="17" dir="1" index="0" bw="1" slack="0"/>
</pin_list>
<bind>
<StgValue><ssdm name="_ssdm_op_Read.ap_auto.i64"/></StgValue>
</bind>
</comp>

<comp id="18" class="1001" name="const_18">
<pin_list>
<pin id="19" dir="1" index="0" bw="1" slack="0"/>
</pin_list>
<bind>
<StgValue><ssdm name="_ssdm_op_PartSelect.i61.i64.i32.i32"/></StgValue>
</bind>
</comp>

<comp id="20" class="1001" name="const_20">
<pin_list>
<pin id="21" dir="1" index="0" bw="1" slack="0"/>
</pin_list>
<bind>
<StgValue><ssdm name=""/></StgValue>
</bind>
</comp>

<comp id="22" class="1001" name="const_22">
<pin_list>
<pin id="23" dir="1" index="0" bw="1" slack="0"/>
</pin_list>
<bind>
<StgValue><ssdm name=""/></StgValue>
</bind>
</comp>

<comp id="24" class="1001" name="const_24">
<pin_list>
<pin id="25" dir="1" index="0" bw="1" slack="0"/>
</pin_list>
<bind>
<StgValue><ssdm name="_ssdm_op_ReadReq.m_axi.p1i64"/></StgValue>
</bind>
</comp>

<comp id="26" class="1001" name="const_26">
<pin_list>
<pin id="27" dir="1" index="0" bw="1" slack="2147483647"/>
</pin_list>
<bind>
<StgValue><ssdm name="_ssdm_op_SpecInterface"/></StgValue>
</bind>
</comp>

<comp id="28" class="1001" name="const_28">
<pin_list>
<pin id="29" dir="1" index="0" bw="1" slack="2147483647"/>
</pin_list>
<bind>
<StgValue><ssdm name="empty_3"/></StgValue>
</bind>
</comp>

<comp id="30" class="1001" name="const_30">
<pin_list>
<pin id="31" dir="1" index="0" bw="1" slack="2147483647"/>
</pin_list>
<bind>
<StgValue><ssdm name="empty_4"/></StgValue>
</bind>
</comp>

<comp id="32" class="1001" name="const_32">
<pin_list>
<pin id="33" dir="1" index="0" bw="1" slack="2147483647"/>
</pin_list>
<bind>
<StgValue><ssdm name=""/></StgValue>
</bind>
</comp>

<comp id="34" class="1001" name="const_34">
<pin_list>
<pin id="35" dir="1" index="0" bw="1" slack="2147483647"/>
</pin_list>
<bind>
<StgValue><ssdm name="empty_5"/></StgValue>
</bind>
</comp>

<comp id="36" class="1001" name="const_36">
<pin_list>
<pin id="37" dir="1" index="0" bw="1" slack="2147483647"/>
</pin_list>
<bind>
<StgValue><ssdm name="empty_6"/></StgValue>
</bind>
</comp>

<comp id="38" class="1001" name="const_38">
<pin_list>
<pin id="39" dir="1" index="0" bw="1" slack="2147483647"/>
</pin_list>
<bind>
<StgValue><ssdm name=""/></StgValue>
</bind>
</comp>

<comp id="40" class="1001" name="const_40">
<pin_list>
<pin id="41" dir="1" index="0" bw="1" slack="2147483647"/>
</pin_list>
<bind>
<StgValue><ssdm name=""/></StgValue>
</bind>
</comp>

<comp id="42" class="1001" name="const_42">
<pin_list>
<pin id="43" dir="1" index="0" bw="1" slack="2147483647"/>
</pin_list>
<bind>
<StgValue><ssdm name="_ssdm_op_SpecPipeline"/></StgValue>
</bind>
</comp>

<comp id="44" class="1001" name="const_44">
<pin_list>
<pin id="45" dir="1" index="0" bw="1" slack="0"/>
</pin_list>
<bind>
<StgValue><ssdm name=""/></StgValue>
</bind>
</comp>

<comp id="46" class="1001" name="const_46">
<pin_list>
<pin id="47" dir="1" index="0" bw="1" slack="0"/>
</pin_list>
<bind>
<StgValue><ssdm name="_ssdm_op_Read.m_axi.p1i64"/></StgValue>
</bind>
</comp>

<comp id="48" class="1001" name="const_48">
<pin_list>
<pin id="49" dir="1" index="0" bw="1" slack="0"/>
</pin_list>
<bind>
<StgValue><ssdm name=""/></StgValue>
</bind>
</comp>

<comp id="50" class="1001" name="const_50">
<pin_list>
<pin id="51" dir="1" index="0" bw="1" slack="2147483647"/>
</pin_list>
<bind>
<StgValue><ssdm name="_ssdm_op_SpecLoopName"/></StgValue>
</bind>
</comp>

<comp id="52" class="1001" name="const_52">
<pin_list>
<pin id="53" dir="1" index="0" bw="1" slack="2147483647"/>
</pin_list>
<bind>
<StgValue><ssdm name="empty_13"/></StgValue>
</bind>
</comp>

<comp id="54" class="1004" name="S_fu_54">
<pin_list>
<pin id="55" dir="0" index="0" bw="1" slack="0"/>
<pin id="56" dir="1" index="1" bw="64" slack="0"/>
</pin_list>
<bind>
<opcode="alloca(26) " fcode="alloca"/>
<opset="S/1 "/>
</bind>
</comp>

<comp id="58" class="1004" name="i_fu_58">
<pin_list>
<pin id="59" dir="0" index="0" bw="1" slack="0"/>
<pin id="60" dir="1" index="1" bw="31" slack="0"/>
</pin_list>
<bind>
<opcode="alloca(26) " fcode="alloca"/>
<opset="i/1 "/>
</bind>
</comp>

<comp id="62" class="1004" name="size_read_read_fu_62">
<pin_list>
<pin id="63" dir="0" index="0" bw="32" slack="0"/>
<pin id="64" dir="0" index="1" bw="32" slack="0"/>
<pin id="65" dir="1" index="2" bw="32" slack="0"/>
</pin_list>
<bind>
<opcode="read(1150) " fcode="read"/>
<opset="size_read/1 "/>
</bind>
</comp>

<comp id="68" class="1004" name="arrsig_read_read_fu_68">
<pin_list>
<pin id="69" dir="0" index="0" bw="64" slack="0"/>
<pin id="70" dir="0" index="1" bw="64" slack="0"/>
<pin id="71" dir="1" index="2" bw="64" slack="0"/>
</pin_list>
<bind>
<opcode="read(1150) " fcode="read"/>
<opset="arrsig_read/2 "/>
</bind>
</comp>

<comp id="74" class="1004" name="grp_readreq_fu_74">
<pin_list>
<pin id="75" dir="0" index="0" bw="1" slack="0"/>
<pin id="76" dir="0" index="1" bw="64" slack="0"/>
<pin id="77" dir="0" index="2" bw="31" slack="0"/>
<pin id="78" dir="1" index="3" bw="1" slack="2147483647"/>
</pin_list>
<bind>
<opcode="readreq(1154) " fcode="readreq"/>
<opset="empty_24/2 "/>
</bind>
</comp>

<comp id="80" class="1004" name="gmem_addr_read_read_fu_80">
<pin_list>
<pin id="81" dir="0" index="0" bw="64" slack="0"/>
<pin id="82" dir="0" index="1" bw="64" slack="72"/>
<pin id="83" dir="1" index="2" bw="64" slack="1"/>
</pin_list>
<bind>
<opcode="read(1150) " fcode="read"/>
<opset="gmem_addr_read/74 "/>
</bind>
</comp>

<comp id="85" class="1004" name="grp_fu_85">
<pin_list>
<pin id="86" dir="0" index="0" bw="64" slack="0"/>
<pin id="87" dir="0" index="1" bw="64" slack="1"/>
<pin id="88" dir="1" index="2" bw="64" slack="0"/>
</pin_list>
<bind>
<opcode="dadd(508) " fcode="dadd"/>
<opset="S_1/94 "/>
</bind>
</comp>

<comp id="89" class="1004" name="grp_fu_89">
<pin_list>
<pin id="90" dir="0" index="0" bw="64" slack="1"/>
<pin id="91" dir="0" index="1" bw="64" slack="1"/>
<pin id="92" dir="1" index="2" bw="64" slack="1"/>
</pin_list>
<bind>
<opcode="dmul(510) " fcode="dmul"/>
<opset="mul/90 "/>
</bind>
</comp>

<comp id="93" class="1004" name="grp_fu_93">
<pin_list>
<pin id="94" dir="0" index="0" bw="64" slack="0"/>
<pin id="95" dir="0" index="1" bw="64" slack="1"/>
<pin id="96" dir="1" index="2" bw="64" slack="1"/>
</pin_list>
<bind>
<opcode="ddiv(511) " fcode="ddiv"/>
<opset="overSig/77 "/>
</bind>
</comp>

<comp id="98" class="1004" name="grp_fu_98">
<pin_list>
<pin id="99" dir="0" index="0" bw="64" slack="1"/>
<pin id="100" dir="1" index="1" bw="64" slack="1"/>
</pin_list>
<bind>
<opcode="sitodp(517) " fcode="sitodp"/>
<opset="sig/75 "/>
</bind>
</comp>

<comp id="101" class="1004" name="grp_load_fu_101">
<pin_list>
<pin id="102" dir="0" index="0" bw="64" slack="72"/>
<pin id="103" dir="1" index="1" bw="64" slack="0"/>
</pin_list>
<bind>
<opcode="load(27) " fcode="load"/>
<opset="S_load_1/73 S_load/94 "/>
</bind>
</comp>

<comp id="105" class="1004" name="empty_fu_105">
<pin_list>
<pin id="106" dir="0" index="0" bw="32" slack="0"/>
<pin id="107" dir="1" index="1" bw="31" slack="0"/>
</pin_list>
<bind>
<opcode="trunc(33) " fcode="trunc"/>
<opset="empty/1 "/>
</bind>
</comp>

<comp id="109" class="1004" name="icmp_ln103_fu_109">
<pin_list>
<pin id="110" dir="0" index="0" bw="32" slack="0"/>
<pin id="111" dir="0" index="1" bw="32" slack="0"/>
<pin id="112" dir="1" index="2" bw="1" slack="0"/>
</pin_list>
<bind>
<opcode="icmp(45) " fcode="icmp"/>
<opset="icmp_ln103/1 "/>
</bind>
</comp>

<comp id="115" class="1004" name="empty_23_fu_115">
<pin_list>
<pin id="116" dir="0" index="0" bw="1" slack="0"/>
<pin id="117" dir="0" index="1" bw="31" slack="0"/>
<pin id="118" dir="0" index="2" bw="31" slack="0"/>
<pin id="119" dir="1" index="3" bw="31" slack="1"/>
</pin_list>
<bind>
<opcode="select(49) " fcode="select"/>
<opset="empty_23/1 "/>
</bind>
</comp>

<comp id="123" class="1004" name="store_ln103_store_fu_123">
<pin_list>
<pin id="124" dir="0" index="0" bw="1" slack="0"/>
<pin id="125" dir="0" index="1" bw="31" slack="0"/>
<pin id="126" dir="1" index="2" bw="0" slack="2147483647"/>
</pin_list>
<bind>
<opcode="store(28) " fcode="store"/>
<opset="store_ln103/1 "/>
</bind>
</comp>

<comp id="128" class="1004" name="store_ln103_store_fu_128">
<pin_list>
<pin id="129" dir="0" index="0" bw="64" slack="0"/>
<pin id="130" dir="0" index="1" bw="64" slack="0"/>
<pin id="131" dir="1" index="2" bw="0" slack="2147483647"/>
</pin_list>
<bind>
<opcode="store(28) " fcode="store"/>
<opset="store_ln103/1 "/>
</bind>
</comp>

<comp id="133" class="1004" name="trunc_ln_fu_133">
<pin_list>
<pin id="134" dir="0" index="0" bw="61" slack="0"/>
<pin id="135" dir="0" index="1" bw="64" slack="0"/>
<pin id="136" dir="0" index="2" bw="3" slack="0"/>
<pin id="137" dir="0" index="3" bw="7" slack="0"/>
<pin id="138" dir="1" index="4" bw="61" slack="0"/>
</pin_list>
<bind>
<opcode="partselect(1002) " fcode="partselect"/>
<opset="trunc_ln/2 "/>
</bind>
</comp>

<comp id="143" class="1004" name="sext_ln103_fu_143">
<pin_list>
<pin id="144" dir="0" index="0" bw="61" slack="0"/>
<pin id="145" dir="1" index="1" bw="64" slack="0"/>
</pin_list>
<bind>
<opcode="sext(35) " fcode="sext"/>
<opset="sext_ln103/2 "/>
</bind>
</comp>

<comp id="147" class="1004" name="gmem_addr_fu_147">
<pin_list>
<pin id="148" dir="0" index="0" bw="64" slack="0"/>
<pin id="149" dir="0" index="1" bw="64" slack="0"/>
<pin id="150" dir="1" index="2" bw="64" slack="0"/>
</pin_list>
<bind>
<opcode="getelementptr(29) " fcode="getelementptr"/>
<opset="gmem_addr/2 "/>
</bind>
</comp>

<comp id="154" class="1004" name="zext_ln103_fu_154">
<pin_list>
<pin id="155" dir="0" index="0" bw="31" slack="1"/>
<pin id="156" dir="1" index="1" bw="32" slack="0"/>
</pin_list>
<bind>
<opcode="zext(34) " fcode="zext"/>
<opset="zext_ln103/2 "/>
</bind>
</comp>

<comp id="158" class="1004" name="i_2_load_fu_158">
<pin_list>
<pin id="159" dir="0" index="0" bw="31" slack="72"/>
<pin id="160" dir="1" index="1" bw="31" slack="0"/>
</pin_list>
<bind>
<opcode="load(27) " fcode="load"/>
<opset="i_2/73 "/>
</bind>
</comp>

<comp id="161" class="1004" name="zext_ln103_1_fu_161">
<pin_list>
<pin id="162" dir="0" index="0" bw="31" slack="0"/>
<pin id="163" dir="1" index="1" bw="32" slack="0"/>
</pin_list>
<bind>
<opcode="zext(34) " fcode="zext"/>
<opset="zext_ln103_1/73 "/>
</bind>
</comp>

<comp id="165" class="1004" name="icmp_ln103_1_fu_165">
<pin_list>
<pin id="166" dir="0" index="0" bw="32" slack="0"/>
<pin id="167" dir="0" index="1" bw="32" slack="72"/>
<pin id="168" dir="1" index="2" bw="1" slack="2147483647"/>
</pin_list>
<bind>
<opcode="icmp(45) " fcode="icmp"/>
<opset="icmp_ln103_1/73 "/>
</bind>
</comp>

<comp id="170" class="1004" name="add_ln103_fu_170">
<pin_list>
<pin id="171" dir="0" index="0" bw="31" slack="0"/>
<pin id="172" dir="0" index="1" bw="1" slack="0"/>
<pin id="173" dir="1" index="2" bw="31" slack="0"/>
</pin_list>
<bind>
<opcode="add(8) " fcode="add"/>
<opset="add_ln103/73 "/>
</bind>
</comp>

<comp id="176" class="1004" name="store_ln103_store_fu_176">
<pin_list>
<pin id="177" dir="0" index="0" bw="31" slack="0"/>
<pin id="178" dir="0" index="1" bw="31" slack="72"/>
<pin id="179" dir="1" index="2" bw="0" slack="2147483647"/>
</pin_list>
<bind>
<opcode="store(28) " fcode="store"/>
<opset="store_ln103/73 "/>
</bind>
</comp>

<comp id="181" class="1004" name="store_ln103_store_fu_181">
<pin_list>
<pin id="182" dir="0" index="0" bw="64" slack="0"/>
<pin id="183" dir="0" index="1" bw="64" slack="96"/>
<pin id="184" dir="1" index="2" bw="0" slack="2147483647"/>
</pin_list>
<bind>
<opcode="store(28) " fcode="store"/>
<opset="store_ln103/97 "/>
</bind>
</comp>

<comp id="186" class="1005" name="S_reg_186">
<pin_list>
<pin id="187" dir="0" index="0" bw="64" slack="0"/>
<pin id="188" dir="1" index="1" bw="64" slack="0"/>
</pin_list>
<bind>
<opset="S "/>
</bind>
</comp>

<comp id="193" class="1005" name="i_reg_193">
<pin_list>
<pin id="194" dir="0" index="0" bw="31" slack="0"/>
<pin id="195" dir="1" index="1" bw="31" slack="0"/>
</pin_list>
<bind>
<opset="i "/>
</bind>
</comp>

<comp id="200" class="1005" name="size_read_reg_200">
<pin_list>
<pin id="201" dir="0" index="0" bw="32" slack="72"/>
<pin id="202" dir="1" index="1" bw="32" slack="72"/>
</pin_list>
<bind>
<opset="size_read "/>
</bind>
</comp>

<comp id="205" class="1005" name="empty_23_reg_205">
<pin_list>
<pin id="206" dir="0" index="0" bw="31" slack="1"/>
<pin id="207" dir="1" index="1" bw="31" slack="1"/>
</pin_list>
<bind>
<opset="empty_23 "/>
</bind>
</comp>

<comp id="210" class="1005" name="gmem_addr_reg_210">
<pin_list>
<pin id="211" dir="0" index="0" bw="64" slack="1"/>
<pin id="212" dir="1" index="1" bw="64" slack="1"/>
</pin_list>
<bind>
<opset="gmem_addr "/>
</bind>
</comp>

<comp id="216" class="1005" name="zext_ln103_reg_216">
<pin_list>
<pin id="217" dir="0" index="0" bw="32" slack="1"/>
<pin id="218" dir="1" index="1" bw="32" slack="1"/>
</pin_list>
<bind>
<opset="zext_ln103 "/>
</bind>
</comp>

<comp id="224" class="1005" name="gmem_addr_read_reg_224">
<pin_list>
<pin id="225" dir="0" index="0" bw="64" slack="1"/>
<pin id="226" dir="1" index="1" bw="64" slack="1"/>
</pin_list>
<bind>
<opset="gmem_addr_read "/>
</bind>
</comp>

<comp id="229" class="1005" name="sig_reg_229">
<pin_list>
<pin id="230" dir="0" index="0" bw="64" slack="1"/>
<pin id="231" dir="1" index="1" bw="64" slack="1"/>
</pin_list>
<bind>
<opset="sig "/>
</bind>
</comp>

<comp id="234" class="1005" name="overSig_reg_234">
<pin_list>
<pin id="235" dir="0" index="0" bw="64" slack="1"/>
<pin id="236" dir="1" index="1" bw="64" slack="1"/>
</pin_list>
<bind>
<opset="overSig "/>
</bind>
</comp>

<comp id="240" class="1005" name="mul_reg_240">
<pin_list>
<pin id="241" dir="0" index="0" bw="64" slack="1"/>
<pin id="242" dir="1" index="1" bw="64" slack="1"/>
</pin_list>
<bind>
<opset="mul "/>
</bind>
</comp>

<comp id="245" class="1005" name="S_load_reg_245">
<pin_list>
<pin id="246" dir="0" index="0" bw="64" slack="1"/>
<pin id="247" dir="1" index="1" bw="64" slack="1"/>
</pin_list>
<bind>
<opset="S_load "/>
</bind>
</comp>

</comp_list>

<net_list>
<net id="57"><net_src comp="6" pin="0"/><net_sink comp="54" pin=0"/></net>

<net id="61"><net_src comp="6" pin="0"/><net_sink comp="58" pin=0"/></net>

<net id="66"><net_src comp="8" pin="0"/><net_sink comp="62" pin=0"/></net>

<net id="67"><net_src comp="4" pin="0"/><net_sink comp="62" pin=1"/></net>

<net id="72"><net_src comp="16" pin="0"/><net_sink comp="68" pin=0"/></net>

<net id="73"><net_src comp="2" pin="0"/><net_sink comp="68" pin=1"/></net>

<net id="79"><net_src comp="24" pin="0"/><net_sink comp="74" pin=0"/></net>

<net id="84"><net_src comp="46" pin="0"/><net_sink comp="80" pin=0"/></net>

<net id="97"><net_src comp="48" pin="0"/><net_sink comp="93" pin=0"/></net>

<net id="104"><net_src comp="101" pin="1"/><net_sink comp="85" pin=0"/></net>

<net id="108"><net_src comp="62" pin="2"/><net_sink comp="105" pin=0"/></net>

<net id="113"><net_src comp="62" pin="2"/><net_sink comp="109" pin=0"/></net>

<net id="114"><net_src comp="10" pin="0"/><net_sink comp="109" pin=1"/></net>

<net id="120"><net_src comp="109" pin="2"/><net_sink comp="115" pin=0"/></net>

<net id="121"><net_src comp="105" pin="1"/><net_sink comp="115" pin=1"/></net>

<net id="122"><net_src comp="12" pin="0"/><net_sink comp="115" pin=2"/></net>

<net id="127"><net_src comp="12" pin="0"/><net_sink comp="123" pin=0"/></net>

<net id="132"><net_src comp="14" pin="0"/><net_sink comp="128" pin=0"/></net>

<net id="139"><net_src comp="18" pin="0"/><net_sink comp="133" pin=0"/></net>

<net id="140"><net_src comp="68" pin="2"/><net_sink comp="133" pin=1"/></net>

<net id="141"><net_src comp="20" pin="0"/><net_sink comp="133" pin=2"/></net>

<net id="142"><net_src comp="22" pin="0"/><net_sink comp="133" pin=3"/></net>

<net id="146"><net_src comp="133" pin="4"/><net_sink comp="143" pin=0"/></net>

<net id="151"><net_src comp="0" pin="0"/><net_sink comp="147" pin=0"/></net>

<net id="152"><net_src comp="143" pin="1"/><net_sink comp="147" pin=1"/></net>

<net id="153"><net_src comp="147" pin="2"/><net_sink comp="74" pin=1"/></net>

<net id="157"><net_src comp="154" pin="1"/><net_sink comp="74" pin=2"/></net>

<net id="164"><net_src comp="158" pin="1"/><net_sink comp="161" pin=0"/></net>

<net id="169"><net_src comp="161" pin="1"/><net_sink comp="165" pin=0"/></net>

<net id="174"><net_src comp="158" pin="1"/><net_sink comp="170" pin=0"/></net>

<net id="175"><net_src comp="44" pin="0"/><net_sink comp="170" pin=1"/></net>

<net id="180"><net_src comp="170" pin="2"/><net_sink comp="176" pin=0"/></net>

<net id="185"><net_src comp="85" pin="2"/><net_sink comp="181" pin=0"/></net>

<net id="189"><net_src comp="54" pin="1"/><net_sink comp="186" pin=0"/></net>

<net id="190"><net_src comp="186" pin="1"/><net_sink comp="128" pin=1"/></net>

<net id="191"><net_src comp="186" pin="1"/><net_sink comp="101" pin=0"/></net>

<net id="192"><net_src comp="186" pin="1"/><net_sink comp="181" pin=1"/></net>

<net id="196"><net_src comp="58" pin="1"/><net_sink comp="193" pin=0"/></net>

<net id="197"><net_src comp="193" pin="1"/><net_sink comp="123" pin=1"/></net>

<net id="198"><net_src comp="193" pin="1"/><net_sink comp="158" pin=0"/></net>

<net id="199"><net_src comp="193" pin="1"/><net_sink comp="176" pin=1"/></net>

<net id="203"><net_src comp="62" pin="2"/><net_sink comp="200" pin=0"/></net>

<net id="204"><net_src comp="200" pin="1"/><net_sink comp="165" pin=1"/></net>

<net id="208"><net_src comp="115" pin="3"/><net_sink comp="205" pin=0"/></net>

<net id="209"><net_src comp="205" pin="1"/><net_sink comp="154" pin=0"/></net>

<net id="213"><net_src comp="147" pin="2"/><net_sink comp="210" pin=0"/></net>

<net id="214"><net_src comp="210" pin="1"/><net_sink comp="74" pin=1"/></net>

<net id="215"><net_src comp="210" pin="1"/><net_sink comp="80" pin=1"/></net>

<net id="219"><net_src comp="154" pin="1"/><net_sink comp="216" pin=0"/></net>

<net id="220"><net_src comp="216" pin="1"/><net_sink comp="74" pin=2"/></net>

<net id="227"><net_src comp="80" pin="2"/><net_sink comp="224" pin=0"/></net>

<net id="228"><net_src comp="224" pin="1"/><net_sink comp="98" pin=0"/></net>

<net id="232"><net_src comp="98" pin="1"/><net_sink comp="229" pin=0"/></net>

<net id="233"><net_src comp="229" pin="1"/><net_sink comp="93" pin=1"/></net>

<net id="237"><net_src comp="93" pin="2"/><net_sink comp="234" pin=0"/></net>

<net id="238"><net_src comp="234" pin="1"/><net_sink comp="89" pin=0"/></net>

<net id="239"><net_src comp="234" pin="1"/><net_sink comp="89" pin=1"/></net>

<net id="243"><net_src comp="89" pin="2"/><net_sink comp="240" pin=0"/></net>

<net id="244"><net_src comp="240" pin="1"/><net_sink comp="85" pin=1"/></net>

<net id="248"><net_src comp="101" pin="1"/><net_sink comp="245" pin=0"/></net>

<net id="249"><net_src comp="245" pin="1"/><net_sink comp="85" pin=0"/></net>

</net_list>

</model> 
---------------- Datapath Model END ------------------

* FSMD analyzer results:
  - Output states:
	Port: gmem | {}
 - Input state : 
	Port: calc_ovr_sig_sqrd.1 : gmem | {2 3 4 5 6 7 8 9 10 11 12 13 14 15 16 17 18 19 20 21 22 23 24 25 26 27 28 29 30 31 32 33 34 35 36 37 38 39 40 41 42 43 44 45 46 47 48 49 50 51 52 53 54 55 56 57 58 59 60 61 62 63 64 65 66 67 68 69 70 71 72 74 }
	Port: calc_ovr_sig_sqrd.1 : arrsig | {2 }
	Port: calc_ovr_sig_sqrd.1 : size | {1 }
  - Chain level:
	State 1
		empty_23 : 1
		store_ln103 : 1
		store_ln103 : 1
	State 2
		sext_ln103 : 1
		gmem_addr : 2
		empty_24 : 3
	State 3
	State 4
	State 5
	State 6
	State 7
	State 8
	State 9
	State 10
	State 11
	State 12
	State 13
	State 14
	State 15
	State 16
	State 17
	State 18
	State 19
	State 20
	State 21
	State 22
	State 23
	State 24
	State 25
	State 26
	State 27
	State 28
	State 29
	State 30
	State 31
	State 32
	State 33
	State 34
	State 35
	State 36
	State 37
	State 38
	State 39
	State 40
	State 41
	State 42
	State 43
	State 44
	State 45
	State 46
	State 47
	State 48
	State 49
	State 50
	State 51
	State 52
	State 53
	State 54
	State 55
	State 56
	State 57
	State 58
	State 59
	State 60
	State 61
	State 62
	State 63
	State 64
	State 65
	State 66
	State 67
	State 68
	State 69
	State 70
	State 71
	State 72
	State 73
		zext_ln103_1 : 1
		icmp_ln103_1 : 2
		add_ln103 : 1
		br_ln103 : 3
		store_ln103 : 2
		ret_ln110 : 1
	State 74
	State 75
	State 76
	State 77
	State 78
	State 79
	State 80
	State 81
	State 82
	State 83
	State 84
	State 85
	State 86
	State 87
	State 88
	State 89
	State 90
	State 91
	State 92
	State 93
	State 94
		S_1 : 1
	State 95
	State 96
	State 97
		store_ln103 : 1


============================================================
+ Verbose Summary: Datapath Resource usage 
============================================================

* Functional unit list:
|----------|---------------------------|---------|---------|---------|
| Operation|      Functional Unit      |   DSP   |    FF   |   LUT   |
|----------|---------------------------|---------|---------|---------|
|   dadd   |         grp_fu_85         |    3    |   430   |   710   |
|----------|---------------------------|---------|---------|---------|
|   dmul   |         grp_fu_89         |    8    |   275   |   107   |
|----------|---------------------------|---------|---------|---------|
|   icmp   |     icmp_ln103_fu_109     |    0    |    0    |    39   |
|          |    icmp_ln103_1_fu_165    |    0    |    0    |    39   |
|----------|---------------------------|---------|---------|---------|
|    add   |      add_ln103_fu_170     |    0    |    0    |    38   |
|----------|---------------------------|---------|---------|---------|
|  select  |      empty_23_fu_115      |    0    |    0    |    31   |
|----------|---------------------------|---------|---------|---------|
|          |    size_read_read_fu_62   |    0    |    0    |    0    |
|   read   |   arrsig_read_read_fu_68  |    0    |    0    |    0    |
|          | gmem_addr_read_read_fu_80 |    0    |    0    |    0    |
|----------|---------------------------|---------|---------|---------|
|  readreq |     grp_readreq_fu_74     |    0    |    0    |    0    |
|----------|---------------------------|---------|---------|---------|
|   ddiv   |         grp_fu_93         |    0    |    0    |    0    |
|----------|---------------------------|---------|---------|---------|
|  sitodp  |         grp_fu_98         |    0    |    0    |    0    |
|----------|---------------------------|---------|---------|---------|
|   trunc  |        empty_fu_105       |    0    |    0    |    0    |
|----------|---------------------------|---------|---------|---------|
|partselect|      trunc_ln_fu_133      |    0    |    0    |    0    |
|----------|---------------------------|---------|---------|---------|
|   sext   |     sext_ln103_fu_143     |    0    |    0    |    0    |
|----------|---------------------------|---------|---------|---------|
|   zext   |     zext_ln103_fu_154     |    0    |    0    |    0    |
|          |    zext_ln103_1_fu_161    |    0    |    0    |    0    |
|----------|---------------------------|---------|---------|---------|
|   Total  |                           |    11   |   705   |   964   |
|----------|---------------------------|---------|---------|---------|

Memories:
N/A

* Register list:
+----------------------+--------+
|                      |   FF   |
+----------------------+--------+
|    S_load_reg_245    |   64   |
|       S_reg_186      |   64   |
|   empty_23_reg_205   |   31   |
|gmem_addr_read_reg_224|   64   |
|   gmem_addr_reg_210  |   64   |
|       i_reg_193      |   31   |
|      mul_reg_240     |   64   |
|    overSig_reg_234   |   64   |
|      sig_reg_229     |   64   |
|   size_read_reg_200  |   32   |
|  zext_ln103_reg_216  |   32   |
+----------------------+--------+
|         Total        |   574  |
+----------------------+--------+

* Multiplexer (MUX) list: 
|-------------------|------|------|------|--------||---------||---------|
|        Comp       |  Pin | Size |  BW  | S x BW ||  Delay  ||   LUT   |
|-------------------|------|------|------|--------||---------||---------|
| grp_readreq_fu_74 |  p1  |   2  |  64  |   128  ||    9    |
| grp_readreq_fu_74 |  p2  |   2  |  31  |   62   ||    9    |
|     grp_fu_85     |  p0  |   2  |  64  |   128  ||    9    |
|-------------------|------|------|------|--------||---------||---------|
|       Total       |      |      |      |   318  ||   1.38  ||    27   |
|-------------------|------|------|------|--------||---------||---------|



* Summary:
+-----------+--------+--------+--------+--------+
|           |   DSP  |  Delay |   FF   |   LUT  |
+-----------+--------+--------+--------+--------+
|  Function |   11   |    -   |   705  |   964  |
|   Memory  |    -   |    -   |    -   |    -   |
|Multiplexer|    -   |    1   |    -   |   27   |
|  Register |    -   |    -   |   574  |    -   |
+-----------+--------+--------+--------+--------+
|   Total   |   11   |    1   |  1279  |   991  |
+-----------+--------+--------+--------+--------+
