

================================================================
== Vitis HLS Report for 'fit'
================================================================
* Date:           Thu Feb 27 22:08:31 2025

* Version:        2023.1 (Build 3854077 on May  4 2023)
* Project:        hls_fit
* Solution:       solution2 (Vitis Kernel Flow Target)
* Product family: virtexuplus
* Target device:  xcvu11p-flga2577-1-e


================================================================
== Performance Estimates
================================================================
+ Timing: 
    * Summary: 
    +--------+----------+----------+------------+
    |  Clock |  Target  | Estimated| Uncertainty|
    +--------+----------+----------+------------+
    |ap_clk  |  10.00 ns|  7.300 ns|     2.70 ns|
    +--------+----------+----------+------------+

+ Latency: 
    * Summary: 
    +---------+---------+----------+----------+-----+-----+---------+
    |  Latency (cycles) |  Latency (absolute) |  Interval | Pipeline|
    |   min   |   max   |    min   |    max   | min | max |   Type  |
    +---------+---------+----------+----------+-----+-----+---------+
    |        ?|        ?|         ?|         ?|    ?|    ?|       no|
    +---------+---------+----------+----------+-----+-----+---------+

    + Detail: 
        * Instance: 
        N/A

        * Loop: 
        N/A

============================================================
+ Verbose Summary: Synthesis Manager
============================================================
InlineROM: 1
ExposeGlobal: 0
============================================================
+ Verbose Summary: CDFG Model
============================================================
IsTopModel: 1
ResetActiveHigh: 1
IsCombinational: 0
IsDatapathOnly: 0
HasWiredReturn: 1
HasMFsm: 0
HasVarLatency: 1
IsPipeline: 0
IsRtlPipelined: 0
IsInstanceOverlapped: 0
IsDontTouch: 0
HasImplIP: 0
IsGatedGlobalClock: 0


============================================================
+ Verbose Summary: Schedule
============================================================
* Number of FSM states : 20
* Pipeline : 0
* Dataflow Pipeline: 0

* FSM state transitions: 
1 --> 2 
2 --> 3 
3 --> 4 
4 --> 5 
5 --> 6 
6 --> 7 
7 --> 8 
8 --> 9 
9 --> 10 
10 --> 11 
11 --> 12 
12 --> 13 
13 --> 14 
14 --> 15 
15 --> 16 
16 --> 17 
17 --> 18 
18 --> 19 
19 --> 20 
20 --> 

* FSM state operations: 

State 1 <SV = 0> <Delay = 2.60>
ST_1 : Operation 21 [1/1] (1.00ns)   --->   "%size_read = read i32 @_ssdm_op_Read.ap_none.i32, i32 %size" [main.cpp:246]   --->   Operation 21 'read' 'size_read' <Predicate = true> <Delay = 1.00> <CoreInst = "s_axilite">   --->   Core 122 's_axilite' <Latency = 0> <II = 1> <Delay = 1.00> <Adapter> <Opcode : 'read' 'write'>
ST_1 : Operation 22 [1/1] (1.00ns)   --->   "%arry_read = read i64 @_ssdm_op_Read.ap_none.i64, i64 %arry" [main.cpp:246]   --->   Operation 22 'read' 'arry_read' <Predicate = true> <Delay = 1.00> <CoreInst = "s_axilite">   --->   Core 122 's_axilite' <Latency = 0> <II = 1> <Delay = 1.00> <Adapter> <Opcode : 'read' 'write'>
ST_1 : Operation 23 [1/1] (1.00ns)   --->   "%arrx_read = read i64 @_ssdm_op_Read.ap_none.i64, i64 %arrx" [main.cpp:246]   --->   Operation 23 'read' 'arrx_read' <Predicate = true> <Delay = 1.00> <CoreInst = "s_axilite">   --->   Core 122 's_axilite' <Latency = 0> <II = 1> <Delay = 1.00> <Adapter> <Opcode : 'read' 'write'>
ST_1 : Operation 24 [2/2] (1.60ns)   --->   "%call_ret = call i256 @add_nums.1, i64 %gmem, i64 %arrx_read, i64 %arry_read, i32 %size_read" [main.cpp:261]   --->   Operation 24 'call' 'call_ret' <Predicate = true> <Delay = 1.60> <CoreType = "Generic">   --->   Core 0 '' <Latency = 0> <II = 1> <Delay = 1.00> <Generic> <Opcode : >

State 2 <SV = 1> <Delay = 5.47>
ST_2 : Operation 25 [1/2] (0.00ns)   --->   "%call_ret = call i256 @add_nums.1, i64 %gmem, i64 %arrx_read, i64 %arry_read, i32 %size_read" [main.cpp:261]   --->   Operation 25 'call' 'call_ret' <Predicate = true> <Delay = 0.00> <CoreType = "Generic">   --->   Core 0 '' <Latency = 0> <II = 1> <Delay = 1.00> <Generic> <Opcode : >
ST_2 : Operation 26 [1/1] (0.00ns)   --->   "%sx = extractvalue i256 %call_ret" [main.cpp:261]   --->   Operation 26 'extractvalue' 'sx' <Predicate = true> <Delay = 0.00>
ST_2 : Operation 27 [1/1] (0.00ns)   --->   "%sy = extractvalue i256 %call_ret" [main.cpp:261]   --->   Operation 27 'extractvalue' 'sy' <Predicate = true> <Delay = 0.00>
ST_2 : Operation 28 [1/1] (0.00ns)   --->   "%sxy = extractvalue i256 %call_ret" [main.cpp:261]   --->   Operation 28 'extractvalue' 'sxy' <Predicate = true> <Delay = 0.00>
ST_2 : Operation 29 [1/1] (0.00ns)   --->   "%sxx = extractvalue i256 %call_ret" [main.cpp:261]   --->   Operation 29 'extractvalue' 'sxx' <Predicate = true> <Delay = 0.00>
ST_2 : [1/1] (0.62ns)   --->   Input mux for Operation 30 '%sx2 = mul i64 %sx, i64 %sx'
ST_2 : Operation 30 [1/1] (4.84ns)   --->   "%sx2 = mul i64 %sx, i64 %sx" [main.cpp:262]   --->   Operation 30 'mul' 'sx2' <Predicate = true> <Delay = 4.84> <CoreInst = "Multiplier">   --->   Core 3 'Multiplier' <Latency = 0> <II = 1> <Delay = 5.47> <FuncUnit> <Opcode : 'mul'> <InPorts = 2> <OutPorts = 1>
ST_2 : [1/1] (0.62ns)   --->   Input mux for Operation 31 '%mul_ln264 = mul i64 %sxx, i64 %sy'
ST_2 : Operation 31 [1/1] (4.84ns)   --->   "%mul_ln264 = mul i64 %sxx, i64 %sy" [main.cpp:264]   --->   Operation 31 'mul' 'mul_ln264' <Predicate = true> <Delay = 4.84> <CoreInst = "Multiplier">   --->   Core 3 'Multiplier' <Latency = 0> <II = 1> <Delay = 5.47> <FuncUnit> <Opcode : 'mul'> <InPorts = 2> <OutPorts = 1>
ST_2 : [1/1] (0.62ns)   --->   Input mux for Operation 32 '%mul_ln264_1 = mul i64 %sxy, i64 %sx'
ST_2 : Operation 32 [1/1] (4.84ns)   --->   "%mul_ln264_1 = mul i64 %sxy, i64 %sx" [main.cpp:264]   --->   Operation 32 'mul' 'mul_ln264_1' <Predicate = true> <Delay = 4.84> <CoreInst = "Multiplier">   --->   Core 3 'Multiplier' <Latency = 0> <II = 1> <Delay = 5.47> <FuncUnit> <Opcode : 'mul'> <InPorts = 2> <OutPorts = 1>
ST_2 : Operation 33 [1/1] (0.00ns)   --->   "%sext_ln265 = sext i32 %size_read" [main.cpp:265]   --->   Operation 33 'sext' 'sext_ln265' <Predicate = true> <Delay = 0.00>
ST_2 : [1/1] (0.46ns)   --->   Input mux for Operation 34 '%mul_ln265 = mul i64 %sxx, i64 %sext_ln265'
ST_2 : Operation 34 [1/1] (5.01ns)   --->   "%mul_ln265 = mul i64 %sxx, i64 %sext_ln265" [main.cpp:265]   --->   Operation 34 'mul' 'mul_ln265' <Predicate = true> <Delay = 5.01> <CoreInst = "Multiplier">   --->   Core 3 'Multiplier' <Latency = 0> <II = 1> <Delay = 5.47> <FuncUnit> <Opcode : 'mul'> <InPorts = 2> <OutPorts = 1>
ST_2 : [1/1] (0.46ns)   --->   Input mux for Operation 35 '%mul_ln269 = mul i64 %sxy, i64 %sext_ln265'
ST_2 : Operation 35 [1/1] (5.01ns)   --->   "%mul_ln269 = mul i64 %sxy, i64 %sext_ln265" [main.cpp:269]   --->   Operation 35 'mul' 'mul_ln269' <Predicate = true> <Delay = 5.01> <CoreInst = "Multiplier">   --->   Core 3 'Multiplier' <Latency = 0> <II = 1> <Delay = 5.47> <FuncUnit> <Opcode : 'mul'> <InPorts = 2> <OutPorts = 1>
ST_2 : [1/1] (0.62ns)   --->   Input mux for Operation 36 '%mul_ln269_1 = mul i64 %sy, i64 %sx'
ST_2 : Operation 36 [1/1] (4.84ns)   --->   "%mul_ln269_1 = mul i64 %sy, i64 %sx" [main.cpp:269]   --->   Operation 36 'mul' 'mul_ln269_1' <Predicate = true> <Delay = 4.84> <CoreInst = "Multiplier">   --->   Core 3 'Multiplier' <Latency = 0> <II = 1> <Delay = 5.47> <FuncUnit> <Opcode : 'mul'> <InPorts = 2> <OutPorts = 1>

State 3 <SV = 2> <Delay = 7.01>
ST_3 : Operation 37 [1/1] (1.36ns)   --->   "%a1 = sub i64 %mul_ln264, i64 %mul_ln264_1" [main.cpp:264]   --->   Operation 37 'sub' 'a1' <Predicate = true> <Delay = 1.36> <CoreInst = "Adder">   --->   Core 1 'Adder' <Latency = 0> <II = 1> <Delay = 1.36> <FuncUnit> <Opcode : 'add' 'sub'> <InPorts = 2> <OutPorts = 1>
ST_3 : Operation 38 [1/1] (1.36ns)   --->   "%a2 = sub i64 %mul_ln265, i64 %sx2" [main.cpp:265]   --->   Operation 38 'sub' 'a2' <Predicate = true> <Delay = 1.36> <CoreInst = "Adder">   --->   Core 1 'Adder' <Latency = 0> <II = 1> <Delay = 1.36> <FuncUnit> <Opcode : 'add' 'sub'> <InPorts = 2> <OutPorts = 1>
ST_3 : [1/1] (0.75ns)   --->   Input mux for Operation 39 '%conv5 = sitodp i64 %a1'
ST_3 : Operation 39 [2/2] (4.89ns)   --->   "%conv5 = sitodp i64 %a1" [main.cpp:266]   --->   Operation 39 'sitodp' 'conv5' <Predicate = true> <Delay = 4.89> <CoreInst = "Int2Double">   --->   Core 66 'Int2Double' <Latency = 1> <II = 1> <Delay = 5.65> <FuncUnit> <Opcode : 'sitodp' 'uitodp'> <InPorts = 1> <OutPorts = 1>
ST_3 : [1/1] (0.75ns)   --->   Input mux for Operation 40 '%conv6 = sitodp i64 %a2'
ST_3 : Operation 40 [2/2] (4.89ns)   --->   "%conv6 = sitodp i64 %a2" [main.cpp:266]   --->   Operation 40 'sitodp' 'conv6' <Predicate = true> <Delay = 4.89> <CoreInst = "Int2Double">   --->   Core 66 'Int2Double' <Latency = 1> <II = 1> <Delay = 5.65> <FuncUnit> <Opcode : 'sitodp' 'uitodp'> <InPorts = 1> <OutPorts = 1>
ST_3 : Operation 41 [1/1] (1.36ns)   --->   "%b1 = sub i64 %mul_ln269, i64 %mul_ln269_1" [main.cpp:269]   --->   Operation 41 'sub' 'b1' <Predicate = true> <Delay = 1.36> <CoreInst = "Adder">   --->   Core 1 'Adder' <Latency = 0> <II = 1> <Delay = 1.36> <FuncUnit> <Opcode : 'add' 'sub'> <InPorts = 2> <OutPorts = 1>
ST_3 : [1/1] (0.75ns)   --->   Input mux for Operation 42 '%conv = sitodp i64 %b1'
ST_3 : Operation 42 [2/2] (4.89ns)   --->   "%conv = sitodp i64 %b1" [main.cpp:271]   --->   Operation 42 'sitodp' 'conv' <Predicate = true> <Delay = 4.89> <CoreInst = "Int2Double">   --->   Core 66 'Int2Double' <Latency = 1> <II = 1> <Delay = 5.65> <FuncUnit> <Opcode : 'sitodp' 'uitodp'> <InPorts = 1> <OutPorts = 1>

State 4 <SV = 3> <Delay = 5.65>
ST_4 : Operation 43 [1/2] (5.65ns)   --->   "%conv5 = sitodp i64 %a1" [main.cpp:266]   --->   Operation 43 'sitodp' 'conv5' <Predicate = true> <Delay = 5.65> <CoreInst = "Int2Double">   --->   Core 66 'Int2Double' <Latency = 1> <II = 1> <Delay = 5.65> <FuncUnit> <Opcode : 'sitodp' 'uitodp'> <InPorts = 1> <OutPorts = 1>
ST_4 : Operation 44 [1/2] (5.65ns)   --->   "%conv6 = sitodp i64 %a2" [main.cpp:266]   --->   Operation 44 'sitodp' 'conv6' <Predicate = true> <Delay = 5.65> <CoreInst = "Int2Double">   --->   Core 66 'Int2Double' <Latency = 1> <II = 1> <Delay = 5.65> <FuncUnit> <Opcode : 'sitodp' 'uitodp'> <InPorts = 1> <OutPorts = 1>
ST_4 : Operation 45 [1/2] (5.65ns)   --->   "%conv = sitodp i64 %b1" [main.cpp:271]   --->   Operation 45 'sitodp' 'conv' <Predicate = true> <Delay = 5.65> <CoreInst = "Int2Double">   --->   Core 66 'Int2Double' <Latency = 1> <II = 1> <Delay = 5.65> <FuncUnit> <Opcode : 'sitodp' 'uitodp'> <InPorts = 1> <OutPorts = 1>

State 5 <SV = 4> <Delay = 7.15>
ST_5 : [1/1] (0.71ns)   --->   Input mux for Operation 46 '%a = ddiv i64 %conv5, i64 %conv6'
ST_5 : Operation 46 [13/13] (6.44ns)   --->   "%a = ddiv i64 %conv5, i64 %conv6" [main.cpp:266]   --->   Operation 46 'ddiv' 'a' <Predicate = true> <Delay = 6.44> <CoreInst = "DDiv">   --->   Core 39 'DDiv' <Latency = 12> <II = 1> <Delay = 7.15> <FuncUnit> <Opcode : 'ddiv' 'drem'> <InPorts = 2> <OutPorts = 1>
ST_5 : [1/1] (0.71ns)   --->   Input mux for Operation 47 '%b = ddiv i64 %conv, i64 %conv6'
ST_5 : Operation 47 [13/13] (6.44ns)   --->   "%b = ddiv i64 %conv, i64 %conv6" [main.cpp:271]   --->   Operation 47 'ddiv' 'b' <Predicate = true> <Delay = 6.44> <CoreInst = "DDiv">   --->   Core 39 'DDiv' <Latency = 12> <II = 1> <Delay = 7.15> <FuncUnit> <Opcode : 'ddiv' 'drem'> <InPorts = 2> <OutPorts = 1>

State 6 <SV = 5> <Delay = 7.15>
ST_6 : Operation 48 [12/13] (7.15ns)   --->   "%a = ddiv i64 %conv5, i64 %conv6" [main.cpp:266]   --->   Operation 48 'ddiv' 'a' <Predicate = true> <Delay = 7.15> <CoreInst = "DDiv">   --->   Core 39 'DDiv' <Latency = 12> <II = 1> <Delay = 7.15> <FuncUnit> <Opcode : 'ddiv' 'drem'> <InPorts = 2> <OutPorts = 1>
ST_6 : Operation 49 [12/13] (7.15ns)   --->   "%b = ddiv i64 %conv, i64 %conv6" [main.cpp:271]   --->   Operation 49 'ddiv' 'b' <Predicate = true> <Delay = 7.15> <CoreInst = "DDiv">   --->   Core 39 'DDiv' <Latency = 12> <II = 1> <Delay = 7.15> <FuncUnit> <Opcode : 'ddiv' 'drem'> <InPorts = 2> <OutPorts = 1>

State 7 <SV = 6> <Delay = 7.15>
ST_7 : Operation 50 [11/13] (7.15ns)   --->   "%a = ddiv i64 %conv5, i64 %conv6" [main.cpp:266]   --->   Operation 50 'ddiv' 'a' <Predicate = true> <Delay = 7.15> <CoreInst = "DDiv">   --->   Core 39 'DDiv' <Latency = 12> <II = 1> <Delay = 7.15> <FuncUnit> <Opcode : 'ddiv' 'drem'> <InPorts = 2> <OutPorts = 1>
ST_7 : Operation 51 [11/13] (7.15ns)   --->   "%b = ddiv i64 %conv, i64 %conv6" [main.cpp:271]   --->   Operation 51 'ddiv' 'b' <Predicate = true> <Delay = 7.15> <CoreInst = "DDiv">   --->   Core 39 'DDiv' <Latency = 12> <II = 1> <Delay = 7.15> <FuncUnit> <Opcode : 'ddiv' 'drem'> <InPorts = 2> <OutPorts = 1>

State 8 <SV = 7> <Delay = 7.15>
ST_8 : Operation 52 [10/13] (7.15ns)   --->   "%a = ddiv i64 %conv5, i64 %conv6" [main.cpp:266]   --->   Operation 52 'ddiv' 'a' <Predicate = true> <Delay = 7.15> <CoreInst = "DDiv">   --->   Core 39 'DDiv' <Latency = 12> <II = 1> <Delay = 7.15> <FuncUnit> <Opcode : 'ddiv' 'drem'> <InPorts = 2> <OutPorts = 1>
ST_8 : Operation 53 [10/13] (7.15ns)   --->   "%b = ddiv i64 %conv, i64 %conv6" [main.cpp:271]   --->   Operation 53 'ddiv' 'b' <Predicate = true> <Delay = 7.15> <CoreInst = "DDiv">   --->   Core 39 'DDiv' <Latency = 12> <II = 1> <Delay = 7.15> <FuncUnit> <Opcode : 'ddiv' 'drem'> <InPorts = 2> <OutPorts = 1>

State 9 <SV = 8> <Delay = 7.15>
ST_9 : Operation 54 [9/13] (7.15ns)   --->   "%a = ddiv i64 %conv5, i64 %conv6" [main.cpp:266]   --->   Operation 54 'ddiv' 'a' <Predicate = true> <Delay = 7.15> <CoreInst = "DDiv">   --->   Core 39 'DDiv' <Latency = 12> <II = 1> <Delay = 7.15> <FuncUnit> <Opcode : 'ddiv' 'drem'> <InPorts = 2> <OutPorts = 1>
ST_9 : Operation 55 [9/13] (7.15ns)   --->   "%b = ddiv i64 %conv, i64 %conv6" [main.cpp:271]   --->   Operation 55 'ddiv' 'b' <Predicate = true> <Delay = 7.15> <CoreInst = "DDiv">   --->   Core 39 'DDiv' <Latency = 12> <II = 1> <Delay = 7.15> <FuncUnit> <Opcode : 'ddiv' 'drem'> <InPorts = 2> <OutPorts = 1>

State 10 <SV = 9> <Delay = 7.15>
ST_10 : Operation 56 [8/13] (7.15ns)   --->   "%a = ddiv i64 %conv5, i64 %conv6" [main.cpp:266]   --->   Operation 56 'ddiv' 'a' <Predicate = true> <Delay = 7.15> <CoreInst = "DDiv">   --->   Core 39 'DDiv' <Latency = 12> <II = 1> <Delay = 7.15> <FuncUnit> <Opcode : 'ddiv' 'drem'> <InPorts = 2> <OutPorts = 1>
ST_10 : Operation 57 [8/13] (7.15ns)   --->   "%b = ddiv i64 %conv, i64 %conv6" [main.cpp:271]   --->   Operation 57 'ddiv' 'b' <Predicate = true> <Delay = 7.15> <CoreInst = "DDiv">   --->   Core 39 'DDiv' <Latency = 12> <II = 1> <Delay = 7.15> <FuncUnit> <Opcode : 'ddiv' 'drem'> <InPorts = 2> <OutPorts = 1>

State 11 <SV = 10> <Delay = 7.15>
ST_11 : Operation 58 [7/13] (7.15ns)   --->   "%a = ddiv i64 %conv5, i64 %conv6" [main.cpp:266]   --->   Operation 58 'ddiv' 'a' <Predicate = true> <Delay = 7.15> <CoreInst = "DDiv">   --->   Core 39 'DDiv' <Latency = 12> <II = 1> <Delay = 7.15> <FuncUnit> <Opcode : 'ddiv' 'drem'> <InPorts = 2> <OutPorts = 1>
ST_11 : Operation 59 [7/13] (7.15ns)   --->   "%b = ddiv i64 %conv, i64 %conv6" [main.cpp:271]   --->   Operation 59 'ddiv' 'b' <Predicate = true> <Delay = 7.15> <CoreInst = "DDiv">   --->   Core 39 'DDiv' <Latency = 12> <II = 1> <Delay = 7.15> <FuncUnit> <Opcode : 'ddiv' 'drem'> <InPorts = 2> <OutPorts = 1>

State 12 <SV = 11> <Delay = 7.15>
ST_12 : Operation 60 [6/13] (7.15ns)   --->   "%a = ddiv i64 %conv5, i64 %conv6" [main.cpp:266]   --->   Operation 60 'ddiv' 'a' <Predicate = true> <Delay = 7.15> <CoreInst = "DDiv">   --->   Core 39 'DDiv' <Latency = 12> <II = 1> <Delay = 7.15> <FuncUnit> <Opcode : 'ddiv' 'drem'> <InPorts = 2> <OutPorts = 1>
ST_12 : Operation 61 [6/13] (7.15ns)   --->   "%b = ddiv i64 %conv, i64 %conv6" [main.cpp:271]   --->   Operation 61 'ddiv' 'b' <Predicate = true> <Delay = 7.15> <CoreInst = "DDiv">   --->   Core 39 'DDiv' <Latency = 12> <II = 1> <Delay = 7.15> <FuncUnit> <Opcode : 'ddiv' 'drem'> <InPorts = 2> <OutPorts = 1>

State 13 <SV = 12> <Delay = 7.15>
ST_13 : Operation 62 [5/13] (7.15ns)   --->   "%a = ddiv i64 %conv5, i64 %conv6" [main.cpp:266]   --->   Operation 62 'ddiv' 'a' <Predicate = true> <Delay = 7.15> <CoreInst = "DDiv">   --->   Core 39 'DDiv' <Latency = 12> <II = 1> <Delay = 7.15> <FuncUnit> <Opcode : 'ddiv' 'drem'> <InPorts = 2> <OutPorts = 1>
ST_13 : Operation 63 [5/13] (7.15ns)   --->   "%b = ddiv i64 %conv, i64 %conv6" [main.cpp:271]   --->   Operation 63 'ddiv' 'b' <Predicate = true> <Delay = 7.15> <CoreInst = "DDiv">   --->   Core 39 'DDiv' <Latency = 12> <II = 1> <Delay = 7.15> <FuncUnit> <Opcode : 'ddiv' 'drem'> <InPorts = 2> <OutPorts = 1>

State 14 <SV = 13> <Delay = 7.15>
ST_14 : Operation 64 [4/13] (7.15ns)   --->   "%a = ddiv i64 %conv5, i64 %conv6" [main.cpp:266]   --->   Operation 64 'ddiv' 'a' <Predicate = true> <Delay = 7.15> <CoreInst = "DDiv">   --->   Core 39 'DDiv' <Latency = 12> <II = 1> <Delay = 7.15> <FuncUnit> <Opcode : 'ddiv' 'drem'> <InPorts = 2> <OutPorts = 1>
ST_14 : Operation 65 [4/13] (7.15ns)   --->   "%b = ddiv i64 %conv, i64 %conv6" [main.cpp:271]   --->   Operation 65 'ddiv' 'b' <Predicate = true> <Delay = 7.15> <CoreInst = "DDiv">   --->   Core 39 'DDiv' <Latency = 12> <II = 1> <Delay = 7.15> <FuncUnit> <Opcode : 'ddiv' 'drem'> <InPorts = 2> <OutPorts = 1>

State 15 <SV = 14> <Delay = 7.15>
ST_15 : Operation 66 [3/13] (7.15ns)   --->   "%a = ddiv i64 %conv5, i64 %conv6" [main.cpp:266]   --->   Operation 66 'ddiv' 'a' <Predicate = true> <Delay = 7.15> <CoreInst = "DDiv">   --->   Core 39 'DDiv' <Latency = 12> <II = 1> <Delay = 7.15> <FuncUnit> <Opcode : 'ddiv' 'drem'> <InPorts = 2> <OutPorts = 1>
ST_15 : Operation 67 [3/13] (7.15ns)   --->   "%b = ddiv i64 %conv, i64 %conv6" [main.cpp:271]   --->   Operation 67 'ddiv' 'b' <Predicate = true> <Delay = 7.15> <CoreInst = "DDiv">   --->   Core 39 'DDiv' <Latency = 12> <II = 1> <Delay = 7.15> <FuncUnit> <Opcode : 'ddiv' 'drem'> <InPorts = 2> <OutPorts = 1>

State 16 <SV = 15> <Delay = 7.15>
ST_16 : Operation 68 [2/13] (7.15ns)   --->   "%a = ddiv i64 %conv5, i64 %conv6" [main.cpp:266]   --->   Operation 68 'ddiv' 'a' <Predicate = true> <Delay = 7.15> <CoreInst = "DDiv">   --->   Core 39 'DDiv' <Latency = 12> <II = 1> <Delay = 7.15> <FuncUnit> <Opcode : 'ddiv' 'drem'> <InPorts = 2> <OutPorts = 1>
ST_16 : Operation 69 [2/13] (7.15ns)   --->   "%b = ddiv i64 %conv, i64 %conv6" [main.cpp:271]   --->   Operation 69 'ddiv' 'b' <Predicate = true> <Delay = 7.15> <CoreInst = "DDiv">   --->   Core 39 'DDiv' <Latency = 12> <II = 1> <Delay = 7.15> <FuncUnit> <Opcode : 'ddiv' 'drem'> <InPorts = 2> <OutPorts = 1>

State 17 <SV = 16> <Delay = 7.15>
ST_17 : Operation 70 [1/13] (7.15ns)   --->   "%a = ddiv i64 %conv5, i64 %conv6" [main.cpp:266]   --->   Operation 70 'ddiv' 'a' <Predicate = true> <Delay = 7.15> <CoreInst = "DDiv">   --->   Core 39 'DDiv' <Latency = 12> <II = 1> <Delay = 7.15> <FuncUnit> <Opcode : 'ddiv' 'drem'> <InPorts = 2> <OutPorts = 1>
ST_17 : Operation 71 [1/13] (7.15ns)   --->   "%b = ddiv i64 %conv, i64 %conv6" [main.cpp:271]   --->   Operation 71 'ddiv' 'b' <Predicate = true> <Delay = 7.15> <CoreInst = "DDiv">   --->   Core 39 'DDiv' <Latency = 12> <II = 1> <Delay = 7.15> <FuncUnit> <Opcode : 'ddiv' 'drem'> <InPorts = 2> <OutPorts = 1>
ST_17 : Operation 72 [2/2] (0.00ns)   --->   "%f = call i64 @calc_distance.1, i64 %a, i64 %b, i64 %gmem, i64 %arrx_read, i64 %arry_read, i32 %size_read" [main.cpp:279]   --->   Operation 72 'call' 'f' <Predicate = true> <Delay = 0.00> <CoreType = "Generic">   --->   Core 0 '' <Latency = 0> <II = 1> <Delay = 1.00> <Generic> <Opcode : >

State 18 <SV = 17> <Delay = 1.00>
ST_18 : Operation 73 [1/1] (1.00ns)   --->   "%arrsigs_read = read i64 @_ssdm_op_Read.ap_none.i64, i64 %arrsigs" [main.cpp:246]   --->   Operation 73 'read' 'arrsigs_read' <Predicate = true> <Delay = 1.00> <CoreInst = "s_axilite">   --->   Core 122 's_axilite' <Latency = 0> <II = 1> <Delay = 1.00> <Adapter> <Opcode : 'read' 'write'>
ST_18 : Operation 74 [1/1] (0.00ns)   --->   "%bitcast_ln30 = bitcast i64 %a" [/opt/metis/el8/contrib/amdtools/xilinx-2023.1/Vitis_HLS/2023.1/common/technology/autopilot/hls_print.h:30->main.cpp:274]   --->   Operation 74 'bitcast' 'bitcast_ln30' <Predicate = true> <Delay = 0.00>
ST_18 : Operation 75 [1/1] (1.00ns)   --->   "%printdouble_ln30 = printdouble i32 0, i64 %bitcast_ln30" [/opt/metis/el8/contrib/amdtools/xilinx-2023.1/Vitis_HLS/2023.1/common/technology/autopilot/hls_print.h:30->main.cpp:274]   --->   Operation 75 'printdouble' 'printdouble_ln30' <Predicate = true> <Delay = 1.00> <CoreInst = "hlsPrintDouble">   --->   Core 139 'hlsPrintDouble' <Latency = 0> <II = 1> <Delay = 1.00> <FuncUnit> <Opcode : 'printdouble'> <InPorts = 0> <OutPorts = 0>
ST_18 : Operation 76 [1/1] (0.00ns)   --->   "%bitcast_ln30_1 = bitcast i64 %b" [/opt/metis/el8/contrib/amdtools/xilinx-2023.1/Vitis_HLS/2023.1/common/technology/autopilot/hls_print.h:30->main.cpp:275]   --->   Operation 76 'bitcast' 'bitcast_ln30_1' <Predicate = true> <Delay = 0.00>
ST_18 : Operation 77 [1/1] (1.00ns)   --->   "%printdouble_ln30 = printdouble i32 1, i64 %bitcast_ln30_1" [/opt/metis/el8/contrib/amdtools/xilinx-2023.1/Vitis_HLS/2023.1/common/technology/autopilot/hls_print.h:30->main.cpp:275]   --->   Operation 77 'printdouble' 'printdouble_ln30' <Predicate = true> <Delay = 1.00> <CoreInst = "hlsPrintDouble">   --->   Core 139 'hlsPrintDouble' <Latency = 0> <II = 1> <Delay = 1.00> <FuncUnit> <Opcode : 'printdouble'> <InPorts = 0> <OutPorts = 0>
ST_18 : Operation 78 [1/2] (0.00ns)   --->   "%f = call i64 @calc_distance.1, i64 %a, i64 %b, i64 %gmem, i64 %arrx_read, i64 %arry_read, i32 %size_read" [main.cpp:279]   --->   Operation 78 'call' 'f' <Predicate = true> <Delay = 0.00> <CoreType = "Generic">   --->   Core 0 '' <Latency = 0> <II = 1> <Delay = 1.00> <Generic> <Opcode : >
ST_18 : Operation 79 [1/1] (0.00ns)   --->   "%bitcast_ln30_2 = bitcast i64 %f" [/opt/metis/el8/contrib/amdtools/xilinx-2023.1/Vitis_HLS/2023.1/common/technology/autopilot/hls_print.h:30->main.cpp:286]   --->   Operation 79 'bitcast' 'bitcast_ln30_2' <Predicate = true> <Delay = 0.00>
ST_18 : Operation 80 [1/1] (1.00ns)   --->   "%printdouble_ln30 = printdouble i32 2, i64 %bitcast_ln30_2" [/opt/metis/el8/contrib/amdtools/xilinx-2023.1/Vitis_HLS/2023.1/common/technology/autopilot/hls_print.h:30->main.cpp:286]   --->   Operation 80 'printdouble' 'printdouble_ln30' <Predicate = true> <Delay = 1.00> <CoreInst = "hlsPrintDouble">   --->   Core 139 'hlsPrintDouble' <Latency = 0> <II = 1> <Delay = 1.00> <FuncUnit> <Opcode : 'printdouble'> <InPorts = 0> <OutPorts = 0>

State 19 <SV = 18> <Delay = 7.30>
ST_19 : Operation 81 [2/2] (7.30ns)   --->   "%gof = call i64 @calc_chi_squared.1, i64 %a, i64 %b, i64 %gmem, i64 %arrx_read, i64 %arry_read, i64 %arrsigs_read, i32 %size_read" [main.cpp:283]   --->   Operation 81 'call' 'gof' <Predicate = true> <Delay = 7.30> <CoreType = "Generic">   --->   Core 0 '' <Latency = 0> <II = 1> <Delay = 1.00> <Generic> <Opcode : >

State 20 <SV = 19> <Delay = 6.58>
ST_20 : Operation 82 [1/1] (0.00ns)   --->   "%spectopmodule_ln246 = spectopmodule void @_ssdm_op_SpecTopModule, void @empty_10" [main.cpp:246]   --->   Operation 82 'spectopmodule' 'spectopmodule_ln246' <Predicate = true> <Delay = 0.00>
ST_20 : Operation 83 [1/1] (0.00ns)   --->   "%specinterface_ln246 = specinterface void @_ssdm_op_SpecInterface, i32 0, void @empty, i32 0, i32 0, void @empty_4, i32 0, i32 0, void @empty_4, void @empty_4, void @empty_4, i32 0, i32 0, i32 0, i32 0, void @empty_4, void @empty_4, i32 4294967295, i32 0" [main.cpp:246]   --->   Operation 83 'specinterface' 'specinterface_ln246' <Predicate = true> <Delay = 0.00>
ST_20 : Operation 84 [1/1] (0.00ns)   --->   "%specinterface_ln0 = specinterface void @_ssdm_op_SpecInterface, i64 %gmem, void @empty_3, i32 0, i32 0, void @empty_4, i32 64, i32 0, void @empty_5, void @empty_6, void @empty_4, i32 16, i32 16, i32 16, i32 16, void @empty_4, void @empty_4, i32 4294967295, i32 0"   --->   Operation 84 'specinterface' 'specinterface_ln0' <Predicate = true> <Delay = 0.00>
ST_20 : Operation 85 [1/1] (0.00ns)   --->   "%specbitsmap_ln0 = specbitsmap void @_ssdm_op_SpecBitsMap, i64 %gmem"   --->   Operation 85 'specbitsmap' 'specbitsmap_ln0' <Predicate = true> <Delay = 0.00>
ST_20 : Operation 86 [1/1] (0.00ns)   --->   "%specinterface_ln0 = specinterface void @_ssdm_op_SpecInterface, i64 %arrx, void @empty_11, i32 0, i32 0, void @empty_4, i32 0, i32 0, void @empty_7, void @empty_15, void @empty_4, i32 0, i32 0, i32 0, i32 0, void @empty_4, void @empty_16, i32 4294967295, i32 0"   --->   Operation 86 'specinterface' 'specinterface_ln0' <Predicate = true> <Delay = 0.00>
ST_20 : Operation 87 [1/1] (0.00ns)   --->   "%specinterface_ln0 = specinterface void @_ssdm_op_SpecInterface, i64 %arrx, void @empty_17, i32 0, i32 0, void @empty_4, i32 0, i32 0, void @empty_4, void @empty_4, void @empty_4, i32 0, i32 0, i32 0, i32 0, void @empty_4, void @empty_16, i32 4294967295, i32 0"   --->   Operation 87 'specinterface' 'specinterface_ln0' <Predicate = true> <Delay = 0.00>
ST_20 : Operation 88 [1/1] (0.00ns)   --->   "%specinterface_ln0 = specinterface void @_ssdm_op_SpecInterface, i64 %arry, void @empty_11, i32 0, i32 0, void @empty_4, i32 0, i32 0, void @empty_7, void @empty_8, void @empty_4, i32 0, i32 0, i32 0, i32 0, void @empty_4, void @empty_16, i32 4294967295, i32 0"   --->   Operation 88 'specinterface' 'specinterface_ln0' <Predicate = true> <Delay = 0.00>
ST_20 : Operation 89 [1/1] (0.00ns)   --->   "%specinterface_ln0 = specinterface void @_ssdm_op_SpecInterface, i64 %arry, void @empty_17, i32 0, i32 0, void @empty_4, i32 0, i32 0, void @empty_4, void @empty_4, void @empty_4, i32 0, i32 0, i32 0, i32 0, void @empty_4, void @empty_16, i32 4294967295, i32 0"   --->   Operation 89 'specinterface' 'specinterface_ln0' <Predicate = true> <Delay = 0.00>
ST_20 : Operation 90 [1/1] (0.00ns)   --->   "%specinterface_ln0 = specinterface void @_ssdm_op_SpecInterface, i64 %arrsigs, void @empty_11, i32 0, i32 0, void @empty_4, i32 0, i32 0, void @empty_7, void @empty_9, void @empty_4, i32 0, i32 0, i32 0, i32 0, void @empty_4, void @empty_16, i32 4294967295, i32 0"   --->   Operation 90 'specinterface' 'specinterface_ln0' <Predicate = true> <Delay = 0.00>
ST_20 : Operation 91 [1/1] (0.00ns)   --->   "%specinterface_ln0 = specinterface void @_ssdm_op_SpecInterface, i64 %arrsigs, void @empty_17, i32 0, i32 0, void @empty_4, i32 0, i32 0, void @empty_4, void @empty_4, void @empty_4, i32 0, i32 0, i32 0, i32 0, void @empty_4, void @empty_16, i32 4294967295, i32 0"   --->   Operation 91 'specinterface' 'specinterface_ln0' <Predicate = true> <Delay = 0.00>
ST_20 : Operation 92 [1/1] (0.00ns)   --->   "%specbitsmap_ln0 = specbitsmap void @_ssdm_op_SpecBitsMap, i32 %size"   --->   Operation 92 'specbitsmap' 'specbitsmap_ln0' <Predicate = true> <Delay = 0.00>
ST_20 : Operation 93 [1/1] (0.00ns)   --->   "%specinterface_ln0 = specinterface void @_ssdm_op_SpecInterface, i32 %size, void @empty_11, i32 0, i32 0, void @empty_4, i32 0, i32 0, void @empty_7, void @empty_2, void @empty_4, i32 0, i32 0, i32 0, i32 0, void @empty_4, void @empty_4, i32 4294967295, i32 0"   --->   Operation 93 'specinterface' 'specinterface_ln0' <Predicate = true> <Delay = 0.00>
ST_20 : Operation 94 [1/1] (0.00ns)   --->   "%specinterface_ln0 = specinterface void @_ssdm_op_SpecInterface, i32 %size, void @empty_17, i32 0, i32 0, void @empty_4, i32 0, i32 0, void @empty_4, void @empty_4, void @empty_4, i32 0, i32 0, i32 0, i32 0, void @empty_4, void @empty_4, i32 4294967295, i32 0"   --->   Operation 94 'specinterface' 'specinterface_ln0' <Predicate = true> <Delay = 0.00>
ST_20 : Operation 95 [1/1] (0.00ns)   --->   "%specinterface_ln0 = specinterface void @_ssdm_op_SpecInterface, i32 0, void @empty_11, i32 0, i32 0, void @empty_4, i32 0, i32 0, void @empty_7, void @empty_4, void @empty_4, i32 0, i32 0, i32 0, i32 0, void @empty_4, void @empty_4, i32 4294967295, i32 0"   --->   Operation 95 'specinterface' 'specinterface_ln0' <Predicate = true> <Delay = 0.00>
ST_20 : Operation 96 [1/2] (5.58ns)   --->   "%gof = call i64 @calc_chi_squared.1, i64 %a, i64 %b, i64 %gmem, i64 %arrx_read, i64 %arry_read, i64 %arrsigs_read, i32 %size_read" [main.cpp:283]   --->   Operation 96 'call' 'gof' <Predicate = true> <Delay = 5.58> <CoreType = "Generic">   --->   Core 0 '' <Latency = 0> <II = 1> <Delay = 1.00> <Generic> <Opcode : >
ST_20 : Operation 97 [1/1] (0.00ns)   --->   "%bitcast_ln30_3 = bitcast i64 %gof" [/opt/metis/el8/contrib/amdtools/xilinx-2023.1/Vitis_HLS/2023.1/common/technology/autopilot/hls_print.h:30->main.cpp:287]   --->   Operation 97 'bitcast' 'bitcast_ln30_3' <Predicate = true> <Delay = 0.00>
ST_20 : Operation 98 [1/1] (1.00ns)   --->   "%printdouble_ln30 = printdouble i32 3, i64 %bitcast_ln30_3" [/opt/metis/el8/contrib/amdtools/xilinx-2023.1/Vitis_HLS/2023.1/common/technology/autopilot/hls_print.h:30->main.cpp:287]   --->   Operation 98 'printdouble' 'printdouble_ln30' <Predicate = true> <Delay = 1.00> <CoreInst = "hlsPrintDouble">   --->   Core 139 'hlsPrintDouble' <Latency = 0> <II = 1> <Delay = 1.00> <FuncUnit> <Opcode : 'printdouble'> <InPorts = 0> <OutPorts = 0>
ST_20 : Operation 99 [1/1] (0.00ns)   --->   "%ret_ln288 = ret" [main.cpp:288]   --->   Operation 99 'ret' 'ret_ln288' <Predicate = true> <Delay = 0.00>


============================================================
+ Verbose Summary: Timing violations
============================================================
Target clock period: 10.000ns, clock uncertainty: 2.700ns.

 <State 1>: 2.602ns
The critical path consists of the following:
	wire read operation ('size', main.cpp:246) on port 'size' (main.cpp:246) [20]  (1.000 ns)
	'call' operation ('call_ret', main.cpp:261) to 'add_nums.1' [24]  (1.602 ns)

 <State 2>: 5.470ns
The critical path consists of the following:
	'call' operation ('call_ret', main.cpp:261) to 'add_nums.1' [24]  (0.000 ns)
	multiplexor before operation 'mul' with delay (0.629 ns)
'mul' operation ('sx2', main.cpp:262) [29]  (4.841 ns)

 <State 3>: 7.014ns
The critical path consists of the following:
	'sub' operation ('a1', main.cpp:264) [32]  (1.362 ns)
	multiplexor before operation 'sitodp' with delay (0.755 ns)
'sitodp' operation ('conv5', main.cpp:266) [36]  (4.897 ns)

 <State 4>: 5.652ns
The critical path consists of the following:
	'sitodp' operation ('conv5', main.cpp:266) [36]  (5.652 ns)

 <State 5>: 7.158ns
The critical path consists of the following:
	multiplexor before operation 'ddiv' with delay (0.713 ns)
'ddiv' operation ('a', main.cpp:266) [38]  (6.445 ns)

 <State 6>: 7.158ns
The critical path consists of the following:
	'ddiv' operation ('a', main.cpp:266) [38]  (7.158 ns)

 <State 7>: 7.158ns
The critical path consists of the following:
	'ddiv' operation ('a', main.cpp:266) [38]  (7.158 ns)

 <State 8>: 7.158ns
The critical path consists of the following:
	'ddiv' operation ('a', main.cpp:266) [38]  (7.158 ns)

 <State 9>: 7.158ns
The critical path consists of the following:
	'ddiv' operation ('a', main.cpp:266) [38]  (7.158 ns)

 <State 10>: 7.158ns
The critical path consists of the following:
	'ddiv' operation ('a', main.cpp:266) [38]  (7.158 ns)

 <State 11>: 7.158ns
The critical path consists of the following:
	'ddiv' operation ('a', main.cpp:266) [38]  (7.158 ns)

 <State 12>: 7.158ns
The critical path consists of the following:
	'ddiv' operation ('a', main.cpp:266) [38]  (7.158 ns)

 <State 13>: 7.158ns
The critical path consists of the following:
	'ddiv' operation ('a', main.cpp:266) [38]  (7.158 ns)

 <State 14>: 7.158ns
The critical path consists of the following:
	'ddiv' operation ('a', main.cpp:266) [38]  (7.158 ns)

 <State 15>: 7.158ns
The critical path consists of the following:
	'ddiv' operation ('a', main.cpp:266) [38]  (7.158 ns)

 <State 16>: 7.158ns
The critical path consists of the following:
	'ddiv' operation ('a', main.cpp:266) [38]  (7.158 ns)

 <State 17>: 7.158ns
The critical path consists of the following:
	'ddiv' operation ('a', main.cpp:266) [38]  (7.158 ns)

 <State 18>: 1.000ns
The critical path consists of the following:
	wire read operation ('arrsigs', main.cpp:246) on port 'arrsigs' (main.cpp:246) [21]  (1.000 ns)

 <State 19>: 7.300ns
The critical path consists of the following:
	'call' operation ('gof', main.cpp:283) to 'calc_chi_squared.1' [49]  (7.300 ns)

 <State 20>: 6.580ns
The critical path consists of the following:
	'call' operation ('gof', main.cpp:283) to 'calc_chi_squared.1' [49]  (5.580 ns)
	'printdouble' operation ('printdouble_ln30', /opt/metis/el8/contrib/amdtools/xilinx-2023.1/Vitis_HLS/2023.1/common/technology/autopilot/hls_print.h:30->main.cpp:287) [53]  (1.000 ns)


============================================================
+ Verbose Summary: Binding
============================================================
N/A
* FSMD analyzer results:
  - Output states:
 - Input state : 
  - Chain level:
	State 1
	State 2
	State 3
	State 4
	State 5
	State 6
	State 7
	State 8
	State 9
	State 10
	State 11
	State 12
	State 13
	State 14
	State 15
	State 16
	State 17
	State 18
	State 19
	State 20


============================================================
+ Verbose Summary: Datapath Resource usage 
============================================================
N/A
