

================================================================
== Vitis HLS Report for 'fit'
================================================================
* Date:           Thu Feb 27 22:08:33 2025

* Version:        2023.1 (Build 3854077 on May  4 2023)
* Project:        hls_fit
* Solution:       solution2 (Vitis Kernel Flow Target)
* Product family: virtexuplus
* Target device:  xcvu11p-flga2577-1-e


================================================================
== Performance Estimates
================================================================
+ Timing: 
    * Summary: 
    +--------+----------+----------+------------+
    |  Clock |  Target  | Estimated| Uncertainty|
    +--------+----------+----------+------------+
    |ap_clk  |  10.00 ns|  7.300 ns|     2.70 ns|
    +--------+----------+----------+------------+

+ Latency: 
    * Summary: 
    +---------+---------+----------+----------+-----+-----+---------+
    |  Latency (cycles) |  Latency (absolute) |  Interval | Pipeline|
    |   min   |   max   |    min   |    max   | min | max |   Type  |
    +---------+---------+----------+----------+-----+-----+---------+
    |        ?|        ?|         ?|         ?|    ?|    ?|       no|
    +---------+---------+----------+----------+-----+-----+---------+

    + Detail: 
        * Instance: 
        +-------------------------------+--------------------+---------+---------+-----------+----------+-----+-----+---------+
        |                               |                    |  Latency (cycles) |  Latency (absolute)  |  Interval | Pipeline|
        |            Instance           |       Module       |   min   |   max   |    min    |    max   | min | max |   Type  |
        +-------------------------------+--------------------+---------+---------+-----------+----------+-----+-----+---------+
        |grp_add_nums_1_fu_92           |add_nums_1          |        1|        ?|  10.000 ns|         ?|    1|    ?|       no|
        |grp_calc_distance_1_fu_104     |calc_distance_1     |        ?|        ?|          ?|         ?|    ?|    ?|       no|
        |grp_calc_chi_squared_1_fu_115  |calc_chi_squared_1  |        ?|        ?|          ?|         ?|    ?|    ?|       no|
        +-------------------------------+--------------------+---------+---------+-----------+----------+-----+-----+---------+

        * Loop: 
        N/A



================================================================
== Utilization Estimates
================================================================
* Summary: 
+---------------------+---------+------+---------+---------+-----+
|         Name        | BRAM_18K|  DSP |    FF   |   LUT   | URAM|
+---------------------+---------+------+---------+---------+-----+
|DSP                  |        -|     -|        -|        -|    -|
|Expression           |        -|     -|        0|      215|    -|
|FIFO                 |        -|     -|        -|        -|    -|
|Instance             |        8|    86|     7941|     8406|    0|
|Memory               |        -|     -|        -|        -|    -|
|Multiplexer          |        -|     -|        -|      399|    -|
|Register             |        -|     -|      731|        -|    -|
+---------------------+---------+------+---------+---------+-----+
|Total                |        8|    86|     8672|     9020|    0|
+---------------------+---------+------+---------+---------+-----+
|Available SLR        |     1344|  3072|   864000|   432000|  320|
+---------------------+---------+------+---------+---------+-----+
|Utilization SLR (%)  |       ~0|     2|        1|        2|    0|
+---------------------+---------+------+---------+---------+-----+
|Available            |     4032|  9216|  2592000|  1296000|  960|
+---------------------+---------+------+---------+---------+-----+
|Utilization (%)      |       ~0|    ~0|       ~0|       ~0|    0|
+---------------------+---------+------+---------+---------+-----+

+ Detail: 
    * Instance: 
    +----------------------------------------+------------------------------------+---------+----+------+------+-----+
    |                Instance                |               Module               | BRAM_18K| DSP|  FF  |  LUT | URAM|
    +----------------------------------------+------------------------------------+---------+----+------+------+-----+
    |grp_add_nums_1_fu_92                    |add_nums_1                          |        0|  10|  1348|  1115|    0|
    |grp_calc_chi_squared_1_fu_115           |calc_chi_squared_1                  |        0|  11|  3900|  4013|    0|
    |grp_calc_distance_1_fu_104              |calc_distance_1                     |        0|   0|   820|   823|    0|
    |control_s_axi_U                         |control_s_axi                       |        0|   0|   284|   488|    0|
    |dadddsub_64ns_64ns_64_4_full_dsp_1_U66  |dadddsub_64ns_64ns_64_4_full_dsp_1  |        0|   3|   430|   710|    0|
    |ddiv_64ns_64ns_64_13_no_dsp_1_U51       |ddiv_64ns_64ns_64_13_no_dsp_1       |        0|   0|     0|     0|    0|
    |ddiv_64ns_64ns_64_13_no_dsp_1_U52       |ddiv_64ns_64ns_64_13_no_dsp_1       |        0|   0|     0|     0|    0|
    |dmul_64ns_64ns_64_4_max_dsp_1_U67       |dmul_64ns_64ns_64_4_max_dsp_1       |        0|   8|   275|   107|    0|
    |gmem_m_axi_U                            |gmem_m_axi                          |        8|   0|   884|   880|    0|
    |mul_64s_32s_64_1_1_U56                  |mul_64s_32s_64_1_1                  |        0|   7|     0|    45|    0|
    |mul_64s_32s_64_1_1_U57                  |mul_64s_32s_64_1_1                  |        0|   7|     0|    45|    0|
    |mul_64s_64s_64_1_1_U58                  |mul_64s_64s_64_1_1                  |        0|  10|     0|    45|    0|
    |mul_64s_64s_64_1_1_U59                  |mul_64s_64s_64_1_1                  |        0|  10|     0|    45|    0|
    |mul_64s_64s_64_1_1_U60                  |mul_64s_64s_64_1_1                  |        0|  10|     0|    45|    0|
    |mul_64s_64s_64_1_1_U61                  |mul_64s_64s_64_1_1                  |        0|  10|     0|    45|    0|
    |printdouble_U62                         |printdouble                         |        0|   0|     0|     0|    0|
    |printdouble_U63                         |printdouble                         |        0|   0|     0|     0|    0|
    |printdouble_U64                         |printdouble                         |        0|   0|     0|     0|    0|
    |printdouble_U65                         |printdouble                         |        0|   0|     0|     0|    0|
    |sitodp_64ns_64_2_no_dsp_1_U53           |sitodp_64ns_64_2_no_dsp_1           |        0|   0|     0|     0|    0|
    |sitodp_64ns_64_2_no_dsp_1_U54           |sitodp_64ns_64_2_no_dsp_1           |        0|   0|     0|     0|    0|
    |sitodp_64ns_64_2_no_dsp_1_U55           |sitodp_64ns_64_2_no_dsp_1           |        0|   0|     0|     0|    0|
    +----------------------------------------+------------------------------------+---------+----+------+------+-----+
    |Total                                   |                                    |        8|  86|  7941|  8406|    0|
    +----------------------------------------+------------------------------------+---------+----+------+------+-----+

    * DSP: 
    N/A

    * Memory: 
    N/A

    * FIFO: 
    N/A

    * Expression: 
    +-----------------+----------+----+---+----+------------+------------+
    |  Variable Name  | Operation| DSP| FF| LUT| Bitwidth P0| Bitwidth P1|
    +-----------------+----------+----+---+----+------------+------------+
    |a1_fu_201_p2     |         -|   0|  0|  71|          64|          64|
    |grp_fu_140_p0    |         -|   0|  0|  71|          64|          64|
    |grp_fu_143_p0    |         -|   0|  0|  71|          64|          64|
    |ap_block_state1  |        or|   0|  0|   2|           1|           1|
    +-----------------+----------+----+---+----+------------+------------+
    |Total            |          |   0|  0| 215|         193|         193|
    +-----------------+----------+----+---+----+------------+------------+

    * Multiplexer: 
    +-------------------+-----+-----------+-----+-----------+
    |        Name       | LUT | Input Size| Bits| Total Bits|
    +-------------------+-----+-----------+-----+-----------+
    |ap_NS_fsm          |  104|         21|    1|         21|
    |ap_done            |    9|          2|    1|          2|
    |gmem_ARADDR        |   20|          4|   64|        256|
    |gmem_ARLEN         |   20|          4|   32|        128|
    |gmem_ARVALID       |   20|          4|    1|          4|
    |gmem_RREADY        |   20|          4|    1|          4|
    |grp_fu_127_ce      |    9|          2|    1|          2|
    |grp_fu_127_p0      |   14|          3|   64|        192|
    |grp_fu_127_p1      |   14|          3|   64|        192|
    |grp_fu_132_ce      |    9|          2|    1|          2|
    |grp_fu_132_p0      |   14|          3|   64|        192|
    |grp_fu_132_p1      |   14|          3|   64|        192|
    |grp_fu_137_ce      |   14|          3|    1|          3|
    |grp_fu_137_p0      |   20|          4|   64|        256|
    |grp_fu_356_ce      |   14|          3|    1|          3|
    |grp_fu_356_opcode  |   14|          3|    2|          6|
    |grp_fu_356_p0      |   14|          3|   64|        192|
    |grp_fu_356_p1      |   14|          3|   64|        192|
    |grp_fu_360_ce      |   14|          3|    1|          3|
    |grp_fu_360_p0      |   14|          3|   64|        192|
    |grp_fu_360_p1      |   14|          3|   64|        192|
    +-------------------+-----+-----------+-----+-----------+
    |Total              |  399|         83|  683|       2226|
    +-------------------+-----+-----------+-----+-----------+

    * Register: 
    +--------------------------------------------+----+----+-----+-----------+
    |                    Name                    | FF | LUT| Bits| Const Bits|
    +--------------------------------------------+----+----+-----+-----------+
    |a_reg_337                                   |  64|   0|   64|          0|
    |ap_CS_fsm                                   |  20|   0|   20|          0|
    |ap_done_reg                                 |   1|   0|    1|          0|
    |ap_rst_n_inv                                |   1|   0|    1|          0|
    |ap_rst_reg_1                                |   1|   0|    1|          0|
    |ap_rst_reg_2                                |   1|   0|    1|          0|
    |b_reg_344                                   |  64|   0|   64|          0|
    |conv5_reg_321                               |  64|   0|   64|          0|
    |conv6_reg_326                               |  64|   0|   64|          0|
    |conv_reg_332                                |  64|   0|   64|          0|
    |grp_add_nums_1_fu_92_ap_start_reg           |   1|   0|    1|          0|
    |grp_calc_chi_squared_1_fu_115_ap_start_reg  |   1|   0|    1|          0|
    |grp_calc_distance_1_fu_104_ap_start_reg     |   1|   0|    1|          0|
    |mul_ln264_1_reg_286                         |  64|   0|   64|          0|
    |mul_ln264_reg_281                           |  64|   0|   64|          0|
    |mul_ln265_reg_291                           |  64|   0|   64|          0|
    |mul_ln269_1_reg_301                         |  64|   0|   64|          0|
    |mul_ln269_reg_296                           |  64|   0|   64|          0|
    |sx2_reg_276                                 |  64|   0|   64|          0|
    +--------------------------------------------+----+----+-----+-----------+
    |Total                                       | 731|   0|  731|          0|
    +--------------------------------------------+----+----+-----+-----------+



================================================================
== Interface
================================================================
* Summary: 
+-----------------------+-----+-----+---------------+--------------+--------------+
|       RTL Ports       | Dir | Bits|    Protocol   | Source Object|    C Type    |
+-----------------------+-----+-----+---------------+--------------+--------------+
|s_axi_control_AWVALID  |   in|    1|          s_axi|       control|        scalar|
|s_axi_control_AWREADY  |  out|    1|          s_axi|       control|        scalar|
|s_axi_control_AWADDR   |   in|    6|          s_axi|       control|        scalar|
|s_axi_control_WVALID   |   in|    1|          s_axi|       control|        scalar|
|s_axi_control_WREADY   |  out|    1|          s_axi|       control|        scalar|
|s_axi_control_WDATA    |   in|   32|          s_axi|       control|        scalar|
|s_axi_control_WSTRB    |   in|    4|          s_axi|       control|        scalar|
|s_axi_control_ARVALID  |   in|    1|          s_axi|       control|        scalar|
|s_axi_control_ARREADY  |  out|    1|          s_axi|       control|        scalar|
|s_axi_control_ARADDR   |   in|    6|          s_axi|       control|        scalar|
|s_axi_control_RVALID   |  out|    1|          s_axi|       control|        scalar|
|s_axi_control_RREADY   |   in|    1|          s_axi|       control|        scalar|
|s_axi_control_RDATA    |  out|   32|          s_axi|       control|        scalar|
|s_axi_control_RRESP    |  out|    2|          s_axi|       control|        scalar|
|s_axi_control_BVALID   |  out|    1|          s_axi|       control|        scalar|
|s_axi_control_BREADY   |   in|    1|          s_axi|       control|        scalar|
|s_axi_control_BRESP    |  out|    2|          s_axi|       control|        scalar|
|ap_clk                 |   in|    1|  ap_ctrl_chain|           fit|  return value|
|ap_rst_n               |   in|    1|  ap_ctrl_chain|           fit|  return value|
|interrupt              |  out|    1|  ap_ctrl_chain|           fit|  return value|
|m_axi_gmem_AWVALID     |  out|    1|          m_axi|          gmem|       pointer|
|m_axi_gmem_AWREADY     |   in|    1|          m_axi|          gmem|       pointer|
|m_axi_gmem_AWADDR      |  out|   64|          m_axi|          gmem|       pointer|
|m_axi_gmem_AWID        |  out|    1|          m_axi|          gmem|       pointer|
|m_axi_gmem_AWLEN       |  out|    8|          m_axi|          gmem|       pointer|
|m_axi_gmem_AWSIZE      |  out|    3|          m_axi|          gmem|       pointer|
|m_axi_gmem_AWBURST     |  out|    2|          m_axi|          gmem|       pointer|
|m_axi_gmem_AWLOCK      |  out|    2|          m_axi|          gmem|       pointer|
|m_axi_gmem_AWCACHE     |  out|    4|          m_axi|          gmem|       pointer|
|m_axi_gmem_AWPROT      |  out|    3|          m_axi|          gmem|       pointer|
|m_axi_gmem_AWQOS       |  out|    4|          m_axi|          gmem|       pointer|
|m_axi_gmem_AWREGION    |  out|    4|          m_axi|          gmem|       pointer|
|m_axi_gmem_AWUSER      |  out|    1|          m_axi|          gmem|       pointer|
|m_axi_gmem_WVALID      |  out|    1|          m_axi|          gmem|       pointer|
|m_axi_gmem_WREADY      |   in|    1|          m_axi|          gmem|       pointer|
|m_axi_gmem_WDATA       |  out|   64|          m_axi|          gmem|       pointer|
|m_axi_gmem_WSTRB       |  out|    8|          m_axi|          gmem|       pointer|
|m_axi_gmem_WLAST       |  out|    1|          m_axi|          gmem|       pointer|
|m_axi_gmem_WID         |  out|    1|          m_axi|          gmem|       pointer|
|m_axi_gmem_WUSER       |  out|    1|          m_axi|          gmem|       pointer|
|m_axi_gmem_ARVALID     |  out|    1|          m_axi|          gmem|       pointer|
|m_axi_gmem_ARREADY     |   in|    1|          m_axi|          gmem|       pointer|
|m_axi_gmem_ARADDR      |  out|   64|          m_axi|          gmem|       pointer|
|m_axi_gmem_ARID        |  out|    1|          m_axi|          gmem|       pointer|
|m_axi_gmem_ARLEN       |  out|    8|          m_axi|          gmem|       pointer|
|m_axi_gmem_ARSIZE      |  out|    3|          m_axi|          gmem|       pointer|
|m_axi_gmem_ARBURST     |  out|    2|          m_axi|          gmem|       pointer|
|m_axi_gmem_ARLOCK      |  out|    2|          m_axi|          gmem|       pointer|
|m_axi_gmem_ARCACHE     |  out|    4|          m_axi|          gmem|       pointer|
|m_axi_gmem_ARPROT      |  out|    3|          m_axi|          gmem|       pointer|
|m_axi_gmem_ARQOS       |  out|    4|          m_axi|          gmem|       pointer|
|m_axi_gmem_ARREGION    |  out|    4|          m_axi|          gmem|       pointer|
|m_axi_gmem_ARUSER      |  out|    1|          m_axi|          gmem|       pointer|
|m_axi_gmem_RVALID      |   in|    1|          m_axi|          gmem|       pointer|
|m_axi_gmem_RREADY      |  out|    1|          m_axi|          gmem|       pointer|
|m_axi_gmem_RDATA       |   in|   64|          m_axi|          gmem|       pointer|
|m_axi_gmem_RLAST       |   in|    1|          m_axi|          gmem|       pointer|
|m_axi_gmem_RID         |   in|    1|          m_axi|          gmem|       pointer|
|m_axi_gmem_RUSER       |   in|    1|          m_axi|          gmem|       pointer|
|m_axi_gmem_RRESP       |   in|    2|          m_axi|          gmem|       pointer|
|m_axi_gmem_BVALID      |   in|    1|          m_axi|          gmem|       pointer|
|m_axi_gmem_BREADY      |  out|    1|          m_axi|          gmem|       pointer|
|m_axi_gmem_BRESP       |   in|    2|          m_axi|          gmem|       pointer|
|m_axi_gmem_BID         |   in|    1|          m_axi|          gmem|       pointer|
|m_axi_gmem_BUSER       |   in|    1|          m_axi|          gmem|       pointer|
+-----------------------+-----+-----+---------------+--------------+--------------+

============================================================
+ Verbose Summary: Synthesis Manager
============================================================
InlineROM: 1
ExposeGlobal: 0
============================================================
+ Verbose Summary: CDFG Model
============================================================
IsTopModel: 1
ResetActiveHigh: 1
IsCombinational: 2
IsDatapathOnly: 2
HasWiredReturn: 1
HasMFsm: 0
HasVarLatency: 1
IsPipeline: 0
IsRtlPipelined: 0
IsInstanceOverlapped: 0
IsDontTouch: 0
HasImplIP: 0
IsGatedGlobalClock: 0


============================================================
+ Verbose Summary: Schedule
============================================================
* Number of FSM states : 20
* Pipeline : 0
* Dataflow Pipeline: 0

* FSM state transitions: 
1 --> 2 
2 --> 3 
3 --> 4 
4 --> 5 
5 --> 6 
6 --> 7 
7 --> 8 
8 --> 9 
9 --> 10 
10 --> 11 
11 --> 12 
12 --> 13 
13 --> 14 
14 --> 15 
15 --> 16 
16 --> 17 
17 --> 18 
18 --> 19 
19 --> 20 
20 --> 

* FSM state operations: 

State 1 <SV = 0> <Delay = 2.60>
ST_1 : Operation 21 [1/1] (1.00ns)   --->   "%size_read = read i32 @_ssdm_op_Read.ap_none.i32, i32 %size" [main.cpp:246]   --->   Operation 21 'read' 'size_read' <Predicate = true> <Delay = 1.00> <CoreInst = "s_axilite">   --->   Core 122 's_axilite' <Latency = 0> <II = 1> <Delay = 1.00> <Adapter> <Opcode : 'read' 'write'>
ST_1 : Operation 22 [1/1] (1.00ns)   --->   "%arry_read = read i64 @_ssdm_op_Read.ap_none.i64, i64 %arry" [main.cpp:246]   --->   Operation 22 'read' 'arry_read' <Predicate = true> <Delay = 1.00> <CoreInst = "s_axilite">   --->   Core 122 's_axilite' <Latency = 0> <II = 1> <Delay = 1.00> <Adapter> <Opcode : 'read' 'write'>
ST_1 : Operation 23 [1/1] (1.00ns)   --->   "%arrx_read = read i64 @_ssdm_op_Read.ap_none.i64, i64 %arrx" [main.cpp:246]   --->   Operation 23 'read' 'arrx_read' <Predicate = true> <Delay = 1.00> <CoreInst = "s_axilite">   --->   Core 122 's_axilite' <Latency = 0> <II = 1> <Delay = 1.00> <Adapter> <Opcode : 'read' 'write'>
ST_1 : Operation 24 [2/2] (1.60ns)   --->   "%call_ret = call i256 @add_nums.1, i64 %gmem, i64 %arrx_read, i64 %arry_read, i32 %size_read" [main.cpp:261]   --->   Operation 24 'call' 'call_ret' <Predicate = true> <Delay = 1.60> <CoreType = "Generic">   --->   Core 0 '' <Latency = 0> <II = 1> <Delay = 1.00> <Generic> <Opcode : >

State 2 <SV = 1> <Delay = 5.47>
ST_2 : Operation 25 [1/2] (0.00ns)   --->   "%call_ret = call i256 @add_nums.1, i64 %gmem, i64 %arrx_read, i64 %arry_read, i32 %size_read" [main.cpp:261]   --->   Operation 25 'call' 'call_ret' <Predicate = true> <Delay = 0.00> <CoreType = "Generic">   --->   Core 0 '' <Latency = 0> <II = 1> <Delay = 1.00> <Generic> <Opcode : >
ST_2 : Operation 26 [1/1] (0.00ns)   --->   "%sx = extractvalue i256 %call_ret" [main.cpp:261]   --->   Operation 26 'extractvalue' 'sx' <Predicate = true> <Delay = 0.00>
ST_2 : Operation 27 [1/1] (0.00ns)   --->   "%sy = extractvalue i256 %call_ret" [main.cpp:261]   --->   Operation 27 'extractvalue' 'sy' <Predicate = true> <Delay = 0.00>
ST_2 : Operation 28 [1/1] (0.00ns)   --->   "%sxy = extractvalue i256 %call_ret" [main.cpp:261]   --->   Operation 28 'extractvalue' 'sxy' <Predicate = true> <Delay = 0.00>
ST_2 : Operation 29 [1/1] (0.00ns)   --->   "%sxx = extractvalue i256 %call_ret" [main.cpp:261]   --->   Operation 29 'extractvalue' 'sxx' <Predicate = true> <Delay = 0.00>
ST_2 : [1/1] (0.62ns)   --->   Input mux for Operation 30 '%sx2 = mul i64 %sx, i64 %sx'
ST_2 : Operation 30 [1/1] (4.84ns)   --->   "%sx2 = mul i64 %sx, i64 %sx" [main.cpp:262]   --->   Operation 30 'mul' 'sx2' <Predicate = true> <Delay = 4.84> <CoreInst = "Multiplier">   --->   Core 3 'Multiplier' <Latency = 0> <II = 1> <Delay = 5.47> <FuncUnit> <Opcode : 'mul'> <InPorts = 2> <OutPorts = 1>
ST_2 : [1/1] (0.62ns)   --->   Input mux for Operation 31 '%mul_ln264 = mul i64 %sxx, i64 %sy'
ST_2 : Operation 31 [1/1] (4.84ns)   --->   "%mul_ln264 = mul i64 %sxx, i64 %sy" [main.cpp:264]   --->   Operation 31 'mul' 'mul_ln264' <Predicate = true> <Delay = 4.84> <CoreInst = "Multiplier">   --->   Core 3 'Multiplier' <Latency = 0> <II = 1> <Delay = 5.47> <FuncUnit> <Opcode : 'mul'> <InPorts = 2> <OutPorts = 1>
ST_2 : [1/1] (0.62ns)   --->   Input mux for Operation 32 '%mul_ln264_1 = mul i64 %sxy, i64 %sx'
ST_2 : Operation 32 [1/1] (4.84ns)   --->   "%mul_ln264_1 = mul i64 %sxy, i64 %sx" [main.cpp:264]   --->   Operation 32 'mul' 'mul_ln264_1' <Predicate = true> <Delay = 4.84> <CoreInst = "Multiplier">   --->   Core 3 'Multiplier' <Latency = 0> <II = 1> <Delay = 5.47> <FuncUnit> <Opcode : 'mul'> <InPorts = 2> <OutPorts = 1>
ST_2 : Operation 33 [1/1] (0.00ns)   --->   "%sext_ln265 = sext i32 %size_read" [main.cpp:265]   --->   Operation 33 'sext' 'sext_ln265' <Predicate = true> <Delay = 0.00>
ST_2 : [1/1] (0.46ns)   --->   Input mux for Operation 34 '%mul_ln265 = mul i64 %sxx, i64 %sext_ln265'
ST_2 : Operation 34 [1/1] (5.01ns)   --->   "%mul_ln265 = mul i64 %sxx, i64 %sext_ln265" [main.cpp:265]   --->   Operation 34 'mul' 'mul_ln265' <Predicate = true> <Delay = 5.01> <CoreInst = "Multiplier">   --->   Core 3 'Multiplier' <Latency = 0> <II = 1> <Delay = 5.47> <FuncUnit> <Opcode : 'mul'> <InPorts = 2> <OutPorts = 1>
ST_2 : [1/1] (0.46ns)   --->   Input mux for Operation 35 '%mul_ln269 = mul i64 %sxy, i64 %sext_ln265'
ST_2 : Operation 35 [1/1] (5.01ns)   --->   "%mul_ln269 = mul i64 %sxy, i64 %sext_ln265" [main.cpp:269]   --->   Operation 35 'mul' 'mul_ln269' <Predicate = true> <Delay = 5.01> <CoreInst = "Multiplier">   --->   Core 3 'Multiplier' <Latency = 0> <II = 1> <Delay = 5.47> <FuncUnit> <Opcode : 'mul'> <InPorts = 2> <OutPorts = 1>
ST_2 : [1/1] (0.62ns)   --->   Input mux for Operation 36 '%mul_ln269_1 = mul i64 %sy, i64 %sx'
ST_2 : Operation 36 [1/1] (4.84ns)   --->   "%mul_ln269_1 = mul i64 %sy, i64 %sx" [main.cpp:269]   --->   Operation 36 'mul' 'mul_ln269_1' <Predicate = true> <Delay = 4.84> <CoreInst = "Multiplier">   --->   Core 3 'Multiplier' <Latency = 0> <II = 1> <Delay = 5.47> <FuncUnit> <Opcode : 'mul'> <InPorts = 2> <OutPorts = 1>

State 3 <SV = 2> <Delay = 7.01>
ST_3 : Operation 37 [1/1] (1.36ns)   --->   "%a1 = sub i64 %mul_ln264, i64 %mul_ln264_1" [main.cpp:264]   --->   Operation 37 'sub' 'a1' <Predicate = true> <Delay = 1.36> <CoreInst = "Adder">   --->   Core 1 'Adder' <Latency = 0> <II = 1> <Delay = 1.36> <FuncUnit> <Opcode : 'add' 'sub'> <InPorts = 2> <OutPorts = 1>
ST_3 : Operation 38 [1/1] (1.36ns)   --->   "%a2 = sub i64 %mul_ln265, i64 %sx2" [main.cpp:265]   --->   Operation 38 'sub' 'a2' <Predicate = true> <Delay = 1.36> <CoreInst = "Adder">   --->   Core 1 'Adder' <Latency = 0> <II = 1> <Delay = 1.36> <FuncUnit> <Opcode : 'add' 'sub'> <InPorts = 2> <OutPorts = 1>
ST_3 : [1/1] (0.75ns)   --->   Input mux for Operation 39 '%conv5 = sitodp i64 %a1'
ST_3 : Operation 39 [2/2] (4.89ns)   --->   "%conv5 = sitodp i64 %a1" [main.cpp:266]   --->   Operation 39 'sitodp' 'conv5' <Predicate = true> <Delay = 4.89> <CoreInst = "Int2Double">   --->   Core 66 'Int2Double' <Latency = 1> <II = 1> <Delay = 5.65> <FuncUnit> <Opcode : 'sitodp' 'uitodp'> <InPorts = 1> <OutPorts = 1>
ST_3 : [1/1] (0.75ns)   --->   Input mux for Operation 40 '%conv6 = sitodp i64 %a2'
ST_3 : Operation 40 [2/2] (4.89ns)   --->   "%conv6 = sitodp i64 %a2" [main.cpp:266]   --->   Operation 40 'sitodp' 'conv6' <Predicate = true> <Delay = 4.89> <CoreInst = "Int2Double">   --->   Core 66 'Int2Double' <Latency = 1> <II = 1> <Delay = 5.65> <FuncUnit> <Opcode : 'sitodp' 'uitodp'> <InPorts = 1> <OutPorts = 1>
ST_3 : Operation 41 [1/1] (1.36ns)   --->   "%b1 = sub i64 %mul_ln269, i64 %mul_ln269_1" [main.cpp:269]   --->   Operation 41 'sub' 'b1' <Predicate = true> <Delay = 1.36> <CoreInst = "Adder">   --->   Core 1 'Adder' <Latency = 0> <II = 1> <Delay = 1.36> <FuncUnit> <Opcode : 'add' 'sub'> <InPorts = 2> <OutPorts = 1>
ST_3 : [1/1] (0.75ns)   --->   Input mux for Operation 42 '%conv = sitodp i64 %b1'
ST_3 : Operation 42 [2/2] (4.89ns)   --->   "%conv = sitodp i64 %b1" [main.cpp:271]   --->   Operation 42 'sitodp' 'conv' <Predicate = true> <Delay = 4.89> <CoreInst = "Int2Double">   --->   Core 66 'Int2Double' <Latency = 1> <II = 1> <Delay = 5.65> <FuncUnit> <Opcode : 'sitodp' 'uitodp'> <InPorts = 1> <OutPorts = 1>

State 4 <SV = 3> <Delay = 5.65>
ST_4 : Operation 43 [1/2] (5.65ns)   --->   "%conv5 = sitodp i64 %a1" [main.cpp:266]   --->   Operation 43 'sitodp' 'conv5' <Predicate = true> <Delay = 5.65> <CoreInst = "Int2Double">   --->   Core 66 'Int2Double' <Latency = 1> <II = 1> <Delay = 5.65> <FuncUnit> <Opcode : 'sitodp' 'uitodp'> <InPorts = 1> <OutPorts = 1>
ST_4 : Operation 44 [1/2] (5.65ns)   --->   "%conv6 = sitodp i64 %a2" [main.cpp:266]   --->   Operation 44 'sitodp' 'conv6' <Predicate = true> <Delay = 5.65> <CoreInst = "Int2Double">   --->   Core 66 'Int2Double' <Latency = 1> <II = 1> <Delay = 5.65> <FuncUnit> <Opcode : 'sitodp' 'uitodp'> <InPorts = 1> <OutPorts = 1>
ST_4 : Operation 45 [1/2] (5.65ns)   --->   "%conv = sitodp i64 %b1" [main.cpp:271]   --->   Operation 45 'sitodp' 'conv' <Predicate = true> <Delay = 5.65> <CoreInst = "Int2Double">   --->   Core 66 'Int2Double' <Latency = 1> <II = 1> <Delay = 5.65> <FuncUnit> <Opcode : 'sitodp' 'uitodp'> <InPorts = 1> <OutPorts = 1>

State 5 <SV = 4> <Delay = 7.15>
ST_5 : [1/1] (0.71ns)   --->   Input mux for Operation 46 '%a = ddiv i64 %conv5, i64 %conv6'
ST_5 : Operation 46 [13/13] (6.44ns)   --->   "%a = ddiv i64 %conv5, i64 %conv6" [main.cpp:266]   --->   Operation 46 'ddiv' 'a' <Predicate = true> <Delay = 6.44> <CoreInst = "DDiv">   --->   Core 39 'DDiv' <Latency = 12> <II = 1> <Delay = 7.15> <FuncUnit> <Opcode : 'ddiv' 'drem'> <InPorts = 2> <OutPorts = 1>
ST_5 : [1/1] (0.71ns)   --->   Input mux for Operation 47 '%b = ddiv i64 %conv, i64 %conv6'
ST_5 : Operation 47 [13/13] (6.44ns)   --->   "%b = ddiv i64 %conv, i64 %conv6" [main.cpp:271]   --->   Operation 47 'ddiv' 'b' <Predicate = true> <Delay = 6.44> <CoreInst = "DDiv">   --->   Core 39 'DDiv' <Latency = 12> <II = 1> <Delay = 7.15> <FuncUnit> <Opcode : 'ddiv' 'drem'> <InPorts = 2> <OutPorts = 1>

State 6 <SV = 5> <Delay = 7.15>
ST_6 : Operation 48 [12/13] (7.15ns)   --->   "%a = ddiv i64 %conv5, i64 %conv6" [main.cpp:266]   --->   Operation 48 'ddiv' 'a' <Predicate = true> <Delay = 7.15> <CoreInst = "DDiv">   --->   Core 39 'DDiv' <Latency = 12> <II = 1> <Delay = 7.15> <FuncUnit> <Opcode : 'ddiv' 'drem'> <InPorts = 2> <OutPorts = 1>
ST_6 : Operation 49 [12/13] (7.15ns)   --->   "%b = ddiv i64 %conv, i64 %conv6" [main.cpp:271]   --->   Operation 49 'ddiv' 'b' <Predicate = true> <Delay = 7.15> <CoreInst = "DDiv">   --->   Core 39 'DDiv' <Latency = 12> <II = 1> <Delay = 7.15> <FuncUnit> <Opcode : 'ddiv' 'drem'> <InPorts = 2> <OutPorts = 1>

State 7 <SV = 6> <Delay = 7.15>
ST_7 : Operation 50 [11/13] (7.15ns)   --->   "%a = ddiv i64 %conv5, i64 %conv6" [main.cpp:266]   --->   Operation 50 'ddiv' 'a' <Predicate = true> <Delay = 7.15> <CoreInst = "DDiv">   --->   Core 39 'DDiv' <Latency = 12> <II = 1> <Delay = 7.15> <FuncUnit> <Opcode : 'ddiv' 'drem'> <InPorts = 2> <OutPorts = 1>
ST_7 : Operation 51 [11/13] (7.15ns)   --->   "%b = ddiv i64 %conv, i64 %conv6" [main.cpp:271]   --->   Operation 51 'ddiv' 'b' <Predicate = true> <Delay = 7.15> <CoreInst = "DDiv">   --->   Core 39 'DDiv' <Latency = 12> <II = 1> <Delay = 7.15> <FuncUnit> <Opcode : 'ddiv' 'drem'> <InPorts = 2> <OutPorts = 1>

State 8 <SV = 7> <Delay = 7.15>
ST_8 : Operation 52 [10/13] (7.15ns)   --->   "%a = ddiv i64 %conv5, i64 %conv6" [main.cpp:266]   --->   Operation 52 'ddiv' 'a' <Predicate = true> <Delay = 7.15> <CoreInst = "DDiv">   --->   Core 39 'DDiv' <Latency = 12> <II = 1> <Delay = 7.15> <FuncUnit> <Opcode : 'ddiv' 'drem'> <InPorts = 2> <OutPorts = 1>
ST_8 : Operation 53 [10/13] (7.15ns)   --->   "%b = ddiv i64 %conv, i64 %conv6" [main.cpp:271]   --->   Operation 53 'ddiv' 'b' <Predicate = true> <Delay = 7.15> <CoreInst = "DDiv">   --->   Core 39 'DDiv' <Latency = 12> <II = 1> <Delay = 7.15> <FuncUnit> <Opcode : 'ddiv' 'drem'> <InPorts = 2> <OutPorts = 1>

State 9 <SV = 8> <Delay = 7.15>
ST_9 : Operation 54 [9/13] (7.15ns)   --->   "%a = ddiv i64 %conv5, i64 %conv6" [main.cpp:266]   --->   Operation 54 'ddiv' 'a' <Predicate = true> <Delay = 7.15> <CoreInst = "DDiv">   --->   Core 39 'DDiv' <Latency = 12> <II = 1> <Delay = 7.15> <FuncUnit> <Opcode : 'ddiv' 'drem'> <InPorts = 2> <OutPorts = 1>
ST_9 : Operation 55 [9/13] (7.15ns)   --->   "%b = ddiv i64 %conv, i64 %conv6" [main.cpp:271]   --->   Operation 55 'ddiv' 'b' <Predicate = true> <Delay = 7.15> <CoreInst = "DDiv">   --->   Core 39 'DDiv' <Latency = 12> <II = 1> <Delay = 7.15> <FuncUnit> <Opcode : 'ddiv' 'drem'> <InPorts = 2> <OutPorts = 1>

State 10 <SV = 9> <Delay = 7.15>
ST_10 : Operation 56 [8/13] (7.15ns)   --->   "%a = ddiv i64 %conv5, i64 %conv6" [main.cpp:266]   --->   Operation 56 'ddiv' 'a' <Predicate = true> <Delay = 7.15> <CoreInst = "DDiv">   --->   Core 39 'DDiv' <Latency = 12> <II = 1> <Delay = 7.15> <FuncUnit> <Opcode : 'ddiv' 'drem'> <InPorts = 2> <OutPorts = 1>
ST_10 : Operation 57 [8/13] (7.15ns)   --->   "%b = ddiv i64 %conv, i64 %conv6" [main.cpp:271]   --->   Operation 57 'ddiv' 'b' <Predicate = true> <Delay = 7.15> <CoreInst = "DDiv">   --->   Core 39 'DDiv' <Latency = 12> <II = 1> <Delay = 7.15> <FuncUnit> <Opcode : 'ddiv' 'drem'> <InPorts = 2> <OutPorts = 1>

State 11 <SV = 10> <Delay = 7.15>
ST_11 : Operation 58 [7/13] (7.15ns)   --->   "%a = ddiv i64 %conv5, i64 %conv6" [main.cpp:266]   --->   Operation 58 'ddiv' 'a' <Predicate = true> <Delay = 7.15> <CoreInst = "DDiv">   --->   Core 39 'DDiv' <Latency = 12> <II = 1> <Delay = 7.15> <FuncUnit> <Opcode : 'ddiv' 'drem'> <InPorts = 2> <OutPorts = 1>
ST_11 : Operation 59 [7/13] (7.15ns)   --->   "%b = ddiv i64 %conv, i64 %conv6" [main.cpp:271]   --->   Operation 59 'ddiv' 'b' <Predicate = true> <Delay = 7.15> <CoreInst = "DDiv">   --->   Core 39 'DDiv' <Latency = 12> <II = 1> <Delay = 7.15> <FuncUnit> <Opcode : 'ddiv' 'drem'> <InPorts = 2> <OutPorts = 1>

State 12 <SV = 11> <Delay = 7.15>
ST_12 : Operation 60 [6/13] (7.15ns)   --->   "%a = ddiv i64 %conv5, i64 %conv6" [main.cpp:266]   --->   Operation 60 'ddiv' 'a' <Predicate = true> <Delay = 7.15> <CoreInst = "DDiv">   --->   Core 39 'DDiv' <Latency = 12> <II = 1> <Delay = 7.15> <FuncUnit> <Opcode : 'ddiv' 'drem'> <InPorts = 2> <OutPorts = 1>
ST_12 : Operation 61 [6/13] (7.15ns)   --->   "%b = ddiv i64 %conv, i64 %conv6" [main.cpp:271]   --->   Operation 61 'ddiv' 'b' <Predicate = true> <Delay = 7.15> <CoreInst = "DDiv">   --->   Core 39 'DDiv' <Latency = 12> <II = 1> <Delay = 7.15> <FuncUnit> <Opcode : 'ddiv' 'drem'> <InPorts = 2> <OutPorts = 1>

State 13 <SV = 12> <Delay = 7.15>
ST_13 : Operation 62 [5/13] (7.15ns)   --->   "%a = ddiv i64 %conv5, i64 %conv6" [main.cpp:266]   --->   Operation 62 'ddiv' 'a' <Predicate = true> <Delay = 7.15> <CoreInst = "DDiv">   --->   Core 39 'DDiv' <Latency = 12> <II = 1> <Delay = 7.15> <FuncUnit> <Opcode : 'ddiv' 'drem'> <InPorts = 2> <OutPorts = 1>
ST_13 : Operation 63 [5/13] (7.15ns)   --->   "%b = ddiv i64 %conv, i64 %conv6" [main.cpp:271]   --->   Operation 63 'ddiv' 'b' <Predicate = true> <Delay = 7.15> <CoreInst = "DDiv">   --->   Core 39 'DDiv' <Latency = 12> <II = 1> <Delay = 7.15> <FuncUnit> <Opcode : 'ddiv' 'drem'> <InPorts = 2> <OutPorts = 1>

State 14 <SV = 13> <Delay = 7.15>
ST_14 : Operation 64 [4/13] (7.15ns)   --->   "%a = ddiv i64 %conv5, i64 %conv6" [main.cpp:266]   --->   Operation 64 'ddiv' 'a' <Predicate = true> <Delay = 7.15> <CoreInst = "DDiv">   --->   Core 39 'DDiv' <Latency = 12> <II = 1> <Delay = 7.15> <FuncUnit> <Opcode : 'ddiv' 'drem'> <InPorts = 2> <OutPorts = 1>
ST_14 : Operation 65 [4/13] (7.15ns)   --->   "%b = ddiv i64 %conv, i64 %conv6" [main.cpp:271]   --->   Operation 65 'ddiv' 'b' <Predicate = true> <Delay = 7.15> <CoreInst = "DDiv">   --->   Core 39 'DDiv' <Latency = 12> <II = 1> <Delay = 7.15> <FuncUnit> <Opcode : 'ddiv' 'drem'> <InPorts = 2> <OutPorts = 1>

State 15 <SV = 14> <Delay = 7.15>
ST_15 : Operation 66 [3/13] (7.15ns)   --->   "%a = ddiv i64 %conv5, i64 %conv6" [main.cpp:266]   --->   Operation 66 'ddiv' 'a' <Predicate = true> <Delay = 7.15> <CoreInst = "DDiv">   --->   Core 39 'DDiv' <Latency = 12> <II = 1> <Delay = 7.15> <FuncUnit> <Opcode : 'ddiv' 'drem'> <InPorts = 2> <OutPorts = 1>
ST_15 : Operation 67 [3/13] (7.15ns)   --->   "%b = ddiv i64 %conv, i64 %conv6" [main.cpp:271]   --->   Operation 67 'ddiv' 'b' <Predicate = true> <Delay = 7.15> <CoreInst = "DDiv">   --->   Core 39 'DDiv' <Latency = 12> <II = 1> <Delay = 7.15> <FuncUnit> <Opcode : 'ddiv' 'drem'> <InPorts = 2> <OutPorts = 1>

State 16 <SV = 15> <Delay = 7.15>
ST_16 : Operation 68 [2/13] (7.15ns)   --->   "%a = ddiv i64 %conv5, i64 %conv6" [main.cpp:266]   --->   Operation 68 'ddiv' 'a' <Predicate = true> <Delay = 7.15> <CoreInst = "DDiv">   --->   Core 39 'DDiv' <Latency = 12> <II = 1> <Delay = 7.15> <FuncUnit> <Opcode : 'ddiv' 'drem'> <InPorts = 2> <OutPorts = 1>
ST_16 : Operation 69 [2/13] (7.15ns)   --->   "%b = ddiv i64 %conv, i64 %conv6" [main.cpp:271]   --->   Operation 69 'ddiv' 'b' <Predicate = true> <Delay = 7.15> <CoreInst = "DDiv">   --->   Core 39 'DDiv' <Latency = 12> <II = 1> <Delay = 7.15> <FuncUnit> <Opcode : 'ddiv' 'drem'> <InPorts = 2> <OutPorts = 1>

State 17 <SV = 16> <Delay = 7.15>
ST_17 : Operation 70 [1/13] (7.15ns)   --->   "%a = ddiv i64 %conv5, i64 %conv6" [main.cpp:266]   --->   Operation 70 'ddiv' 'a' <Predicate = true> <Delay = 7.15> <CoreInst = "DDiv">   --->   Core 39 'DDiv' <Latency = 12> <II = 1> <Delay = 7.15> <FuncUnit> <Opcode : 'ddiv' 'drem'> <InPorts = 2> <OutPorts = 1>
ST_17 : Operation 71 [1/13] (7.15ns)   --->   "%b = ddiv i64 %conv, i64 %conv6" [main.cpp:271]   --->   Operation 71 'ddiv' 'b' <Predicate = true> <Delay = 7.15> <CoreInst = "DDiv">   --->   Core 39 'DDiv' <Latency = 12> <II = 1> <Delay = 7.15> <FuncUnit> <Opcode : 'ddiv' 'drem'> <InPorts = 2> <OutPorts = 1>
ST_17 : Operation 72 [2/2] (0.00ns)   --->   "%f = call i64 @calc_distance.1, i64 %a, i64 %b, i64 %gmem, i64 %arrx_read, i64 %arry_read, i32 %size_read" [main.cpp:279]   --->   Operation 72 'call' 'f' <Predicate = true> <Delay = 0.00> <CoreType = "Generic">   --->   Core 0 '' <Latency = 0> <II = 1> <Delay = 1.00> <Generic> <Opcode : >

State 18 <SV = 17> <Delay = 1.00>
ST_18 : Operation 73 [1/1] (1.00ns)   --->   "%arrsigs_read = read i64 @_ssdm_op_Read.ap_none.i64, i64 %arrsigs" [main.cpp:246]   --->   Operation 73 'read' 'arrsigs_read' <Predicate = true> <Delay = 1.00> <CoreInst = "s_axilite">   --->   Core 122 's_axilite' <Latency = 0> <II = 1> <Delay = 1.00> <Adapter> <Opcode : 'read' 'write'>
ST_18 : Operation 74 [1/1] (0.00ns)   --->   "%bitcast_ln30 = bitcast i64 %a" [/opt/metis/el8/contrib/amdtools/xilinx-2023.1/Vitis_HLS/2023.1/common/technology/autopilot/hls_print.h:30->main.cpp:274]   --->   Operation 74 'bitcast' 'bitcast_ln30' <Predicate = true> <Delay = 0.00>
ST_18 : Operation 75 [1/1] (1.00ns)   --->   "%printdouble_ln30 = printdouble i32 0, i64 %bitcast_ln30" [/opt/metis/el8/contrib/amdtools/xilinx-2023.1/Vitis_HLS/2023.1/common/technology/autopilot/hls_print.h:30->main.cpp:274]   --->   Operation 75 'printdouble' 'printdouble_ln30' <Predicate = true> <Delay = 1.00> <CoreInst = "hlsPrintDouble">   --->   Core 139 'hlsPrintDouble' <Latency = 0> <II = 1> <Delay = 1.00> <FuncUnit> <Opcode : 'printdouble'> <InPorts = 0> <OutPorts = 0>
ST_18 : Operation 76 [1/1] (0.00ns)   --->   "%bitcast_ln30_1 = bitcast i64 %b" [/opt/metis/el8/contrib/amdtools/xilinx-2023.1/Vitis_HLS/2023.1/common/technology/autopilot/hls_print.h:30->main.cpp:275]   --->   Operation 76 'bitcast' 'bitcast_ln30_1' <Predicate = true> <Delay = 0.00>
ST_18 : Operation 77 [1/1] (1.00ns)   --->   "%printdouble_ln30 = printdouble i32 1, i64 %bitcast_ln30_1" [/opt/metis/el8/contrib/amdtools/xilinx-2023.1/Vitis_HLS/2023.1/common/technology/autopilot/hls_print.h:30->main.cpp:275]   --->   Operation 77 'printdouble' 'printdouble_ln30' <Predicate = true> <Delay = 1.00> <CoreInst = "hlsPrintDouble">   --->   Core 139 'hlsPrintDouble' <Latency = 0> <II = 1> <Delay = 1.00> <FuncUnit> <Opcode : 'printdouble'> <InPorts = 0> <OutPorts = 0>
ST_18 : Operation 78 [1/2] (0.00ns)   --->   "%f = call i64 @calc_distance.1, i64 %a, i64 %b, i64 %gmem, i64 %arrx_read, i64 %arry_read, i32 %size_read" [main.cpp:279]   --->   Operation 78 'call' 'f' <Predicate = true> <Delay = 0.00> <CoreType = "Generic">   --->   Core 0 '' <Latency = 0> <II = 1> <Delay = 1.00> <Generic> <Opcode : >
ST_18 : Operation 79 [1/1] (0.00ns)   --->   "%bitcast_ln30_2 = bitcast i64 %f" [/opt/metis/el8/contrib/amdtools/xilinx-2023.1/Vitis_HLS/2023.1/common/technology/autopilot/hls_print.h:30->main.cpp:286]   --->   Operation 79 'bitcast' 'bitcast_ln30_2' <Predicate = true> <Delay = 0.00>
ST_18 : Operation 80 [1/1] (1.00ns)   --->   "%printdouble_ln30 = printdouble i32 2, i64 %bitcast_ln30_2" [/opt/metis/el8/contrib/amdtools/xilinx-2023.1/Vitis_HLS/2023.1/common/technology/autopilot/hls_print.h:30->main.cpp:286]   --->   Operation 80 'printdouble' 'printdouble_ln30' <Predicate = true> <Delay = 1.00> <CoreInst = "hlsPrintDouble">   --->   Core 139 'hlsPrintDouble' <Latency = 0> <II = 1> <Delay = 1.00> <FuncUnit> <Opcode : 'printdouble'> <InPorts = 0> <OutPorts = 0>

State 19 <SV = 18> <Delay = 7.30>
ST_19 : Operation 81 [2/2] (7.30ns)   --->   "%gof = call i64 @calc_chi_squared.1, i64 %a, i64 %b, i64 %gmem, i64 %arrx_read, i64 %arry_read, i64 %arrsigs_read, i32 %size_read" [main.cpp:283]   --->   Operation 81 'call' 'gof' <Predicate = true> <Delay = 7.30> <CoreType = "Generic">   --->   Core 0 '' <Latency = 0> <II = 1> <Delay = 1.00> <Generic> <Opcode : >

State 20 <SV = 19> <Delay = 6.58>
ST_20 : Operation 82 [1/1] (0.00ns)   --->   "%spectopmodule_ln246 = spectopmodule void @_ssdm_op_SpecTopModule, void @empty_10" [main.cpp:246]   --->   Operation 82 'spectopmodule' 'spectopmodule_ln246' <Predicate = true> <Delay = 0.00>
ST_20 : Operation 83 [1/1] (0.00ns)   --->   "%specinterface_ln246 = specinterface void @_ssdm_op_SpecInterface, i32 0, void @empty, i32 0, i32 0, void @empty_4, i32 0, i32 0, void @empty_4, void @empty_4, void @empty_4, i32 0, i32 0, i32 0, i32 0, void @empty_4, void @empty_4, i32 4294967295, i32 0" [main.cpp:246]   --->   Operation 83 'specinterface' 'specinterface_ln246' <Predicate = true> <Delay = 0.00>
ST_20 : Operation 84 [1/1] (0.00ns)   --->   "%specinterface_ln0 = specinterface void @_ssdm_op_SpecInterface, i64 %gmem, void @empty_3, i32 0, i32 0, void @empty_4, i32 64, i32 0, void @empty_5, void @empty_6, void @empty_4, i32 16, i32 16, i32 16, i32 16, void @empty_4, void @empty_4, i32 4294967295, i32 0"   --->   Operation 84 'specinterface' 'specinterface_ln0' <Predicate = true> <Delay = 0.00>
ST_20 : Operation 85 [1/1] (0.00ns)   --->   "%specbitsmap_ln0 = specbitsmap void @_ssdm_op_SpecBitsMap, i64 %gmem"   --->   Operation 85 'specbitsmap' 'specbitsmap_ln0' <Predicate = true> <Delay = 0.00>
ST_20 : Operation 86 [1/1] (0.00ns)   --->   "%specinterface_ln0 = specinterface void @_ssdm_op_SpecInterface, i64 %arrx, void @empty_11, i32 0, i32 0, void @empty_4, i32 0, i32 0, void @empty_7, void @empty_15, void @empty_4, i32 0, i32 0, i32 0, i32 0, void @empty_4, void @empty_16, i32 4294967295, i32 0"   --->   Operation 86 'specinterface' 'specinterface_ln0' <Predicate = true> <Delay = 0.00>
ST_20 : Operation 87 [1/1] (0.00ns)   --->   "%specinterface_ln0 = specinterface void @_ssdm_op_SpecInterface, i64 %arrx, void @empty_17, i32 0, i32 0, void @empty_4, i32 0, i32 0, void @empty_4, void @empty_4, void @empty_4, i32 0, i32 0, i32 0, i32 0, void @empty_4, void @empty_16, i32 4294967295, i32 0"   --->   Operation 87 'specinterface' 'specinterface_ln0' <Predicate = true> <Delay = 0.00>
ST_20 : Operation 88 [1/1] (0.00ns)   --->   "%specinterface_ln0 = specinterface void @_ssdm_op_SpecInterface, i64 %arry, void @empty_11, i32 0, i32 0, void @empty_4, i32 0, i32 0, void @empty_7, void @empty_8, void @empty_4, i32 0, i32 0, i32 0, i32 0, void @empty_4, void @empty_16, i32 4294967295, i32 0"   --->   Operation 88 'specinterface' 'specinterface_ln0' <Predicate = true> <Delay = 0.00>
ST_20 : Operation 89 [1/1] (0.00ns)   --->   "%specinterface_ln0 = specinterface void @_ssdm_op_SpecInterface, i64 %arry, void @empty_17, i32 0, i32 0, void @empty_4, i32 0, i32 0, void @empty_4, void @empty_4, void @empty_4, i32 0, i32 0, i32 0, i32 0, void @empty_4, void @empty_16, i32 4294967295, i32 0"   --->   Operation 89 'specinterface' 'specinterface_ln0' <Predicate = true> <Delay = 0.00>
ST_20 : Operation 90 [1/1] (0.00ns)   --->   "%specinterface_ln0 = specinterface void @_ssdm_op_SpecInterface, i64 %arrsigs, void @empty_11, i32 0, i32 0, void @empty_4, i32 0, i32 0, void @empty_7, void @empty_9, void @empty_4, i32 0, i32 0, i32 0, i32 0, void @empty_4, void @empty_16, i32 4294967295, i32 0"   --->   Operation 90 'specinterface' 'specinterface_ln0' <Predicate = true> <Delay = 0.00>
ST_20 : Operation 91 [1/1] (0.00ns)   --->   "%specinterface_ln0 = specinterface void @_ssdm_op_SpecInterface, i64 %arrsigs, void @empty_17, i32 0, i32 0, void @empty_4, i32 0, i32 0, void @empty_4, void @empty_4, void @empty_4, i32 0, i32 0, i32 0, i32 0, void @empty_4, void @empty_16, i32 4294967295, i32 0"   --->   Operation 91 'specinterface' 'specinterface_ln0' <Predicate = true> <Delay = 0.00>
ST_20 : Operation 92 [1/1] (0.00ns)   --->   "%specbitsmap_ln0 = specbitsmap void @_ssdm_op_SpecBitsMap, i32 %size"   --->   Operation 92 'specbitsmap' 'specbitsmap_ln0' <Predicate = true> <Delay = 0.00>
ST_20 : Operation 93 [1/1] (0.00ns)   --->   "%specinterface_ln0 = specinterface void @_ssdm_op_SpecInterface, i32 %size, void @empty_11, i32 0, i32 0, void @empty_4, i32 0, i32 0, void @empty_7, void @empty_2, void @empty_4, i32 0, i32 0, i32 0, i32 0, void @empty_4, void @empty_4, i32 4294967295, i32 0"   --->   Operation 93 'specinterface' 'specinterface_ln0' <Predicate = true> <Delay = 0.00>
ST_20 : Operation 94 [1/1] (0.00ns)   --->   "%specinterface_ln0 = specinterface void @_ssdm_op_SpecInterface, i32 %size, void @empty_17, i32 0, i32 0, void @empty_4, i32 0, i32 0, void @empty_4, void @empty_4, void @empty_4, i32 0, i32 0, i32 0, i32 0, void @empty_4, void @empty_4, i32 4294967295, i32 0"   --->   Operation 94 'specinterface' 'specinterface_ln0' <Predicate = true> <Delay = 0.00>
ST_20 : Operation 95 [1/1] (0.00ns)   --->   "%specinterface_ln0 = specinterface void @_ssdm_op_SpecInterface, i32 0, void @empty_11, i32 0, i32 0, void @empty_4, i32 0, i32 0, void @empty_7, void @empty_4, void @empty_4, i32 0, i32 0, i32 0, i32 0, void @empty_4, void @empty_4, i32 4294967295, i32 0"   --->   Operation 95 'specinterface' 'specinterface_ln0' <Predicate = true> <Delay = 0.00>
ST_20 : Operation 96 [1/2] (5.58ns)   --->   "%gof = call i64 @calc_chi_squared.1, i64 %a, i64 %b, i64 %gmem, i64 %arrx_read, i64 %arry_read, i64 %arrsigs_read, i32 %size_read" [main.cpp:283]   --->   Operation 96 'call' 'gof' <Predicate = true> <Delay = 5.58> <CoreType = "Generic">   --->   Core 0 '' <Latency = 0> <II = 1> <Delay = 1.00> <Generic> <Opcode : >
ST_20 : Operation 97 [1/1] (0.00ns)   --->   "%bitcast_ln30_3 = bitcast i64 %gof" [/opt/metis/el8/contrib/amdtools/xilinx-2023.1/Vitis_HLS/2023.1/common/technology/autopilot/hls_print.h:30->main.cpp:287]   --->   Operation 97 'bitcast' 'bitcast_ln30_3' <Predicate = true> <Delay = 0.00>
ST_20 : Operation 98 [1/1] (1.00ns)   --->   "%printdouble_ln30 = printdouble i32 3, i64 %bitcast_ln30_3" [/opt/metis/el8/contrib/amdtools/xilinx-2023.1/Vitis_HLS/2023.1/common/technology/autopilot/hls_print.h:30->main.cpp:287]   --->   Operation 98 'printdouble' 'printdouble_ln30' <Predicate = true> <Delay = 1.00> <CoreInst = "hlsPrintDouble">   --->   Core 139 'hlsPrintDouble' <Latency = 0> <II = 1> <Delay = 1.00> <FuncUnit> <Opcode : 'printdouble'> <InPorts = 0> <OutPorts = 0>
ST_20 : Operation 99 [1/1] (0.00ns)   --->   "%ret_ln288 = ret" [main.cpp:288]   --->   Operation 99 'ret' 'ret_ln288' <Predicate = true> <Delay = 0.00>


============================================================
+ Verbose Summary: Binding
============================================================
STG Binding: 
---------------- STG Properties BEGIN ----------------
- Is combinational: 0
- Is one-state seq: 0
- Is datapath-only: 0
- Is pipelined: 0
- Is top level: 1
Port [ Return ] is wired: 1; IO mode=ap_ctrl_chain:ce=0
Port [ gmem]:  wired=1; compound=1; hidden=0; nouse=0; global=0; static=0; extern=0; dir=0; type=4; pingpong=0; private_global=0; IO mode=m_axi:ce=0
Port [ arrx]:  wired=1; compound=0; hidden=0; nouse=0; global=0; static=0; extern=0; dir=0; type=0; pingpong=0; private_global=0; IO mode=ap_none:ce=0
Port [ arry]:  wired=1; compound=0; hidden=0; nouse=0; global=0; static=0; extern=0; dir=0; type=0; pingpong=0; private_global=0; IO mode=ap_none:ce=0
Port [ arrsigs]:  wired=1; compound=0; hidden=0; nouse=0; global=0; static=0; extern=0; dir=0; type=0; pingpong=0; private_global=0; IO mode=ap_none:ce=0
Port [ size]:  wired=1; compound=0; hidden=0; nouse=0; global=0; static=0; extern=0; dir=0; type=0; pingpong=0; private_global=0; IO mode=ap_none:ce=0
---------------- STG Properties END ------------------

---------------- Datapath Model BEGIN ----------------

<LifeTime>
<method=bitvector/>
size_read           (read         ) [ 001111111111111111111]
arry_read           (read         ) [ 001111111111111111111]
arrx_read           (read         ) [ 001111111111111111111]
call_ret            (call         ) [ 000000000000000000000]
sx                  (extractvalue ) [ 000000000000000000000]
sy                  (extractvalue ) [ 000000000000000000000]
sxy                 (extractvalue ) [ 000000000000000000000]
sxx                 (extractvalue ) [ 000000000000000000000]
sx2                 (mul          ) [ 000100000000000000000]
mul_ln264           (mul          ) [ 000100000000000000000]
mul_ln264_1         (mul          ) [ 000100000000000000000]
sext_ln265          (sext         ) [ 000000000000000000000]
mul_ln265           (mul          ) [ 000100000000000000000]
mul_ln269           (mul          ) [ 000100000000000000000]
mul_ln269_1         (mul          ) [ 000100000000000000000]
a1                  (sub          ) [ 000010000000000000000]
a2                  (sub          ) [ 000010000000000000000]
b1                  (sub          ) [ 000010000000000000000]
conv5               (sitodp       ) [ 000001111111111111000]
conv6               (sitodp       ) [ 000001111111111111000]
conv                (sitodp       ) [ 000001111111111111000]
a                   (ddiv         ) [ 000000000000000000111]
b                   (ddiv         ) [ 000000000000000000111]
arrsigs_read        (read         ) [ 000000000000000000011]
bitcast_ln30        (bitcast      ) [ 000000000000000000000]
printdouble_ln30    (printdouble  ) [ 000000000000000000000]
bitcast_ln30_1      (bitcast      ) [ 000000000000000000000]
printdouble_ln30    (printdouble  ) [ 000000000000000000000]
f                   (call         ) [ 000000000000000000000]
bitcast_ln30_2      (bitcast      ) [ 000000000000000000000]
printdouble_ln30    (printdouble  ) [ 000000000000000000000]
spectopmodule_ln246 (spectopmodule) [ 000000000000000000000]
specinterface_ln246 (specinterface) [ 000000000000000000000]
specinterface_ln0   (specinterface) [ 000000000000000000000]
specbitsmap_ln0     (specbitsmap  ) [ 000000000000000000000]
specinterface_ln0   (specinterface) [ 000000000000000000000]
specinterface_ln0   (specinterface) [ 000000000000000000000]
specinterface_ln0   (specinterface) [ 000000000000000000000]
specinterface_ln0   (specinterface) [ 000000000000000000000]
specinterface_ln0   (specinterface) [ 000000000000000000000]
specinterface_ln0   (specinterface) [ 000000000000000000000]
specbitsmap_ln0     (specbitsmap  ) [ 000000000000000000000]
specinterface_ln0   (specinterface) [ 000000000000000000000]
specinterface_ln0   (specinterface) [ 000000000000000000000]
specinterface_ln0   (specinterface) [ 000000000000000000000]
gof                 (call         ) [ 000000000000000000000]
bitcast_ln30_3      (bitcast      ) [ 000000000000000000000]
printdouble_ln30    (printdouble  ) [ 000000000000000000000]
ret_ln288           (ret          ) [ 000000000000000000000]
</LifeTime>

<model>

<comp_list>
<comp id="0" class="1000" name="gmem">
<pin_list>
<pin id="1" dir="1" index="0" bw="1" slack="0"/>
</pin_list>
<bind>
<StgValue><ssdm name="gmem"/></StgValue>
</bind>
</comp>

<comp id="2" class="1000" name="arrx">
<pin_list>
<pin id="3" dir="1" index="0" bw="1" slack="0"/>
</pin_list>
<bind>
<StgValue><ssdm name="arrx"/></StgValue>
</bind>
</comp>

<comp id="4" class="1000" name="arry">
<pin_list>
<pin id="5" dir="1" index="0" bw="1" slack="0"/>
</pin_list>
<bind>
<StgValue><ssdm name="arry"/></StgValue>
</bind>
</comp>

<comp id="6" class="1000" name="arrsigs">
<pin_list>
<pin id="7" dir="1" index="0" bw="1" slack="0"/>
</pin_list>
<bind>
<StgValue><ssdm name="arrsigs"/></StgValue>
</bind>
</comp>

<comp id="8" class="1000" name="size">
<pin_list>
<pin id="9" dir="1" index="0" bw="1" slack="0"/>
</pin_list>
<bind>
<StgValue><ssdm name="size"/></StgValue>
</bind>
</comp>

<comp id="10" class="1001" name="const_10">
<pin_list>
<pin id="11" dir="1" index="0" bw="1" slack="0"/>
</pin_list>
<bind>
<StgValue><ssdm name="_ssdm_op_Read.ap_none.i32"/></StgValue>
</bind>
</comp>

<comp id="12" class="1001" name="const_12">
<pin_list>
<pin id="13" dir="1" index="0" bw="1" slack="0"/>
</pin_list>
<bind>
<StgValue><ssdm name="_ssdm_op_Read.ap_none.i64"/></StgValue>
</bind>
</comp>

<comp id="14" class="1001" name="const_14">
<pin_list>
<pin id="15" dir="1" index="0" bw="1" slack="0"/>
</pin_list>
<bind>
<StgValue><ssdm name="add_nums.1"/></StgValue>
</bind>
</comp>

<comp id="16" class="1001" name="const_16">
<pin_list>
<pin id="17" dir="1" index="0" bw="1" slack="0"/>
</pin_list>
<bind>
<StgValue><ssdm name="calc_distance.1"/></StgValue>
</bind>
</comp>

<comp id="18" class="1001" name="const_18">
<pin_list>
<pin id="19" dir="1" index="0" bw="1" slack="0"/>
</pin_list>
<bind>
<StgValue><ssdm name=""/></StgValue>
</bind>
</comp>

<comp id="20" class="1001" name="const_20">
<pin_list>
<pin id="21" dir="1" index="0" bw="1" slack="0"/>
</pin_list>
<bind>
<StgValue><ssdm name=""/></StgValue>
</bind>
</comp>

<comp id="22" class="1001" name="const_22">
<pin_list>
<pin id="23" dir="1" index="0" bw="1" slack="0"/>
</pin_list>
<bind>
<StgValue><ssdm name=""/></StgValue>
</bind>
</comp>

<comp id="24" class="1001" name="const_24">
<pin_list>
<pin id="25" dir="1" index="0" bw="1" slack="0"/>
</pin_list>
<bind>
<StgValue><ssdm name="calc_chi_squared.1"/></StgValue>
</bind>
</comp>

<comp id="26" class="1001" name="const_26">
<pin_list>
<pin id="27" dir="1" index="0" bw="1" slack="2147483647"/>
</pin_list>
<bind>
<StgValue><ssdm name="_ssdm_op_SpecTopModule"/></StgValue>
</bind>
</comp>

<comp id="28" class="1001" name="const_28">
<pin_list>
<pin id="29" dir="1" index="0" bw="1" slack="2147483647"/>
</pin_list>
<bind>
<StgValue><ssdm name="empty_10"/></StgValue>
</bind>
</comp>

<comp id="30" class="1001" name="const_30">
<pin_list>
<pin id="31" dir="1" index="0" bw="1" slack="2147483647"/>
</pin_list>
<bind>
<StgValue><ssdm name="_ssdm_op_SpecInterface"/></StgValue>
</bind>
</comp>

<comp id="32" class="1001" name="const_32">
<pin_list>
<pin id="33" dir="1" index="0" bw="1" slack="2147483647"/>
</pin_list>
<bind>
<StgValue><ssdm name="empty"/></StgValue>
</bind>
</comp>

<comp id="34" class="1001" name="const_34">
<pin_list>
<pin id="35" dir="1" index="0" bw="1" slack="2147483647"/>
</pin_list>
<bind>
<StgValue><ssdm name="empty_4"/></StgValue>
</bind>
</comp>

<comp id="36" class="1001" name="const_36">
<pin_list>
<pin id="37" dir="1" index="0" bw="1" slack="2147483647"/>
</pin_list>
<bind>
<StgValue><ssdm name=""/></StgValue>
</bind>
</comp>

<comp id="38" class="1001" name="const_38">
<pin_list>
<pin id="39" dir="1" index="0" bw="1" slack="2147483647"/>
</pin_list>
<bind>
<StgValue><ssdm name="empty_3"/></StgValue>
</bind>
</comp>

<comp id="40" class="1001" name="const_40">
<pin_list>
<pin id="41" dir="1" index="0" bw="1" slack="2147483647"/>
</pin_list>
<bind>
<StgValue><ssdm name=""/></StgValue>
</bind>
</comp>

<comp id="42" class="1001" name="const_42">
<pin_list>
<pin id="43" dir="1" index="0" bw="1" slack="2147483647"/>
</pin_list>
<bind>
<StgValue><ssdm name="empty_5"/></StgValue>
</bind>
</comp>

<comp id="44" class="1001" name="const_44">
<pin_list>
<pin id="45" dir="1" index="0" bw="1" slack="2147483647"/>
</pin_list>
<bind>
<StgValue><ssdm name="empty_6"/></StgValue>
</bind>
</comp>

<comp id="46" class="1001" name="const_46">
<pin_list>
<pin id="47" dir="1" index="0" bw="1" slack="2147483647"/>
</pin_list>
<bind>
<StgValue><ssdm name=""/></StgValue>
</bind>
</comp>

<comp id="48" class="1001" name="const_48">
<pin_list>
<pin id="49" dir="1" index="0" bw="1" slack="2147483647"/>
</pin_list>
<bind>
<StgValue><ssdm name="_ssdm_op_SpecBitsMap"/></StgValue>
</bind>
</comp>

<comp id="50" class="1001" name="const_50">
<pin_list>
<pin id="51" dir="1" index="0" bw="1" slack="2147483647"/>
</pin_list>
<bind>
<StgValue><ssdm name="empty_11"/></StgValue>
</bind>
</comp>

<comp id="52" class="1001" name="const_52">
<pin_list>
<pin id="53" dir="1" index="0" bw="1" slack="2147483647"/>
</pin_list>
<bind>
<StgValue><ssdm name="empty_7"/></StgValue>
</bind>
</comp>

<comp id="54" class="1001" name="const_54">
<pin_list>
<pin id="55" dir="1" index="0" bw="1" slack="2147483647"/>
</pin_list>
<bind>
<StgValue><ssdm name="empty_15"/></StgValue>
</bind>
</comp>

<comp id="56" class="1001" name="const_56">
<pin_list>
<pin id="57" dir="1" index="0" bw="1" slack="2147483647"/>
</pin_list>
<bind>
<StgValue><ssdm name="empty_16"/></StgValue>
</bind>
</comp>

<comp id="58" class="1001" name="const_58">
<pin_list>
<pin id="59" dir="1" index="0" bw="1" slack="2147483647"/>
</pin_list>
<bind>
<StgValue><ssdm name="empty_17"/></StgValue>
</bind>
</comp>

<comp id="60" class="1001" name="const_60">
<pin_list>
<pin id="61" dir="1" index="0" bw="1" slack="2147483647"/>
</pin_list>
<bind>
<StgValue><ssdm name="empty_8"/></StgValue>
</bind>
</comp>

<comp id="62" class="1001" name="const_62">
<pin_list>
<pin id="63" dir="1" index="0" bw="1" slack="2147483647"/>
</pin_list>
<bind>
<StgValue><ssdm name="empty_9"/></StgValue>
</bind>
</comp>

<comp id="64" class="1001" name="const_64">
<pin_list>
<pin id="65" dir="1" index="0" bw="1" slack="2147483647"/>
</pin_list>
<bind>
<StgValue><ssdm name="empty_2"/></StgValue>
</bind>
</comp>

<comp id="66" class="1001" name="const_66">
<pin_list>
<pin id="67" dir="1" index="0" bw="1" slack="0"/>
</pin_list>
<bind>
<StgValue><ssdm name=""/></StgValue>
</bind>
</comp>

<comp id="68" class="1004" name="size_read_read_fu_68">
<pin_list>
<pin id="69" dir="0" index="0" bw="32" slack="0"/>
<pin id="70" dir="0" index="1" bw="32" slack="0"/>
<pin id="71" dir="1" index="2" bw="32" slack="0"/>
</pin_list>
<bind>
<opcode="read(1150) " fcode="read"/>
<opset="size_read/1 "/>
</bind>
</comp>

<comp id="74" class="1004" name="arry_read_read_fu_74">
<pin_list>
<pin id="75" dir="0" index="0" bw="64" slack="0"/>
<pin id="76" dir="0" index="1" bw="64" slack="0"/>
<pin id="77" dir="1" index="2" bw="64" slack="0"/>
</pin_list>
<bind>
<opcode="read(1150) " fcode="read"/>
<opset="arry_read/1 "/>
</bind>
</comp>

<comp id="80" class="1004" name="arrx_read_read_fu_80">
<pin_list>
<pin id="81" dir="0" index="0" bw="64" slack="0"/>
<pin id="82" dir="0" index="1" bw="64" slack="0"/>
<pin id="83" dir="1" index="2" bw="64" slack="0"/>
</pin_list>
<bind>
<opcode="read(1150) " fcode="read"/>
<opset="arrx_read/1 "/>
</bind>
</comp>

<comp id="86" class="1004" name="arrsigs_read_read_fu_86">
<pin_list>
<pin id="87" dir="0" index="0" bw="64" slack="0"/>
<pin id="88" dir="0" index="1" bw="64" slack="0"/>
<pin id="89" dir="1" index="2" bw="64" slack="1"/>
</pin_list>
<bind>
<opcode="read(1150) " fcode="read"/>
<opset="arrsigs_read/18 "/>
</bind>
</comp>

<comp id="92" class="1004" name="grp_add_nums_1_fu_92">
<pin_list>
<pin id="93" dir="0" index="0" bw="256" slack="0"/>
<pin id="94" dir="0" index="1" bw="64" slack="0"/>
<pin id="95" dir="0" index="2" bw="64" slack="0"/>
<pin id="96" dir="0" index="3" bw="64" slack="0"/>
<pin id="97" dir="0" index="4" bw="32" slack="0"/>
<pin id="98" dir="1" index="5" bw="256" slack="0"/>
</pin_list>
<bind>
<opcode="call(48) " fcode="call"/>
<opset="call_ret/1 "/>
</bind>
</comp>

<comp id="104" class="1004" name="grp_calc_distance_1_fu_104">
<pin_list>
<pin id="105" dir="0" index="0" bw="64" slack="0"/>
<pin id="106" dir="0" index="1" bw="64" slack="0"/>
<pin id="107" dir="0" index="2" bw="64" slack="0"/>
<pin id="108" dir="0" index="3" bw="64" slack="0"/>
<pin id="109" dir="0" index="4" bw="64" slack="16"/>
<pin id="110" dir="0" index="5" bw="64" slack="16"/>
<pin id="111" dir="0" index="6" bw="32" slack="16"/>
<pin id="112" dir="1" index="7" bw="64" slack="0"/>
</pin_list>
<bind>
<opcode="call(48) " fcode="call"/>
<opset="f/17 "/>
</bind>
</comp>

<comp id="115" class="1004" name="grp_calc_chi_squared_1_fu_115">
<pin_list>
<pin id="116" dir="0" index="0" bw="64" slack="0"/>
<pin id="117" dir="0" index="1" bw="64" slack="2"/>
<pin id="118" dir="0" index="2" bw="64" slack="2"/>
<pin id="119" dir="0" index="3" bw="64" slack="0"/>
<pin id="120" dir="0" index="4" bw="64" slack="18"/>
<pin id="121" dir="0" index="5" bw="64" slack="18"/>
<pin id="122" dir="0" index="6" bw="64" slack="1"/>
<pin id="123" dir="0" index="7" bw="32" slack="18"/>
<pin id="124" dir="1" index="8" bw="64" slack="0"/>
</pin_list>
<bind>
<opcode="call(48) " fcode="call"/>
<opset="gof/19 "/>
</bind>
</comp>

<comp id="127" class="1004" name="grp_fu_127">
<pin_list>
<pin id="128" dir="0" index="0" bw="64" slack="1"/>
<pin id="129" dir="0" index="1" bw="64" slack="1"/>
<pin id="130" dir="1" index="2" bw="64" slack="0"/>
</pin_list>
<bind>
<opcode="ddiv(511) " fcode="ddiv"/>
<opset="a/5 term1/7 ob2/20 overSig/97 div/125 overSig/77 "/>
</bind>
</comp>

<comp id="132" class="1004" name="grp_fu_132">
<pin_list>
<pin id="133" dir="0" index="0" bw="64" slack="1"/>
<pin id="134" dir="0" index="1" bw="64" slack="1"/>
<pin id="135" dir="1" index="2" bw="64" slack="0"/>
</pin_list>
<bind>
<opcode="ddiv(511) " fcode="ddiv"/>
<opset="b/5 oneOverS/7 "/>
</bind>
</comp>

<comp id="137" class="1004" name="grp_fu_137">
<pin_list>
<pin id="138" dir="0" index="0" bw="64" slack="0"/>
<pin id="139" dir="1" index="1" bw="64" slack="1"/>
</pin_list>
<bind>
<opcode="sitodp(517) " fcode="sitodp"/>
<opset="conv5/3 x/75 y/76 conv/1 x/93 y/94 sig/95 sig/75 sig/75 conv3/88 "/>
</bind>
</comp>

<comp id="140" class="1004" name="grp_fu_140">
<pin_list>
<pin id="141" dir="0" index="0" bw="64" slack="0"/>
<pin id="142" dir="1" index="1" bw="64" slack="1"/>
</pin_list>
<bind>
<opcode="sitodp(517) " fcode="sitodp"/>
<opset="conv6/3 "/>
</bind>
</comp>

<comp id="143" class="1004" name="grp_fu_143">
<pin_list>
<pin id="144" dir="0" index="0" bw="64" slack="0"/>
<pin id="145" dir="1" index="1" bw="64" slack="1"/>
</pin_list>
<bind>
<opcode="sitodp(517) " fcode="sitodp"/>
<opset="conv/3 "/>
</bind>
</comp>

<comp id="146" class="1004" name="mul_ln265_fu_146">
<pin_list>
<pin id="147" dir="0" index="0" bw="64" slack="0"/>
<pin id="148" dir="0" index="1" bw="32" slack="0"/>
<pin id="149" dir="1" index="2" bw="64" slack="1"/>
</pin_list>
<bind>
<opcode="mul(12) " fcode="mul"/>
<opset="mul_ln265/2 "/>
</bind>
</comp>

<comp id="150" class="1004" name="mul_ln269_fu_150">
<pin_list>
<pin id="151" dir="0" index="0" bw="64" slack="0"/>
<pin id="152" dir="0" index="1" bw="32" slack="0"/>
<pin id="153" dir="1" index="2" bw="64" slack="1"/>
</pin_list>
<bind>
<opcode="mul(12) " fcode="mul"/>
<opset="mul_ln269/2 "/>
</bind>
</comp>

<comp id="154" class="1004" name="sx2_fu_154">
<pin_list>
<pin id="155" dir="0" index="0" bw="64" slack="0"/>
<pin id="156" dir="0" index="1" bw="64" slack="0"/>
<pin id="157" dir="1" index="2" bw="64" slack="1"/>
</pin_list>
<bind>
<opcode="mul(12) " fcode="mul"/>
<opset="sx2/2 "/>
</bind>
</comp>

<comp id="158" class="1004" name="mul_ln264_fu_158">
<pin_list>
<pin id="159" dir="0" index="0" bw="64" slack="0"/>
<pin id="160" dir="0" index="1" bw="64" slack="0"/>
<pin id="161" dir="1" index="2" bw="64" slack="1"/>
</pin_list>
<bind>
<opcode="mul(12) " fcode="mul"/>
<opset="mul_ln264/2 "/>
</bind>
</comp>

<comp id="162" class="1004" name="mul_ln264_1_fu_162">
<pin_list>
<pin id="163" dir="0" index="0" bw="64" slack="0"/>
<pin id="164" dir="0" index="1" bw="64" slack="0"/>
<pin id="165" dir="1" index="2" bw="64" slack="1"/>
</pin_list>
<bind>
<opcode="mul(12) " fcode="mul"/>
<opset="mul_ln264_1/2 "/>
</bind>
</comp>

<comp id="166" class="1004" name="mul_ln269_1_fu_166">
<pin_list>
<pin id="167" dir="0" index="0" bw="64" slack="0"/>
<pin id="168" dir="0" index="1" bw="64" slack="0"/>
<pin id="169" dir="1" index="2" bw="64" slack="1"/>
</pin_list>
<bind>
<opcode="mul(12) " fcode="mul"/>
<opset="mul_ln269_1/2 "/>
</bind>
</comp>

<comp id="170" class="1004" name="sx_fu_170">
<pin_list>
<pin id="171" dir="0" index="0" bw="256" slack="0"/>
<pin id="172" dir="1" index="1" bw="64" slack="0"/>
</pin_list>
<bind>
<opcode="extractvalue(56) " fcode="extractvalue"/>
<opset="sx/2 "/>
</bind>
</comp>

<comp id="178" class="1004" name="sy_fu_178">
<pin_list>
<pin id="179" dir="0" index="0" bw="256" slack="0"/>
<pin id="180" dir="1" index="1" bw="64" slack="0"/>
</pin_list>
<bind>
<opcode="extractvalue(56) " fcode="extractvalue"/>
<opset="sy/2 "/>
</bind>
</comp>

<comp id="184" class="1004" name="sxy_fu_184">
<pin_list>
<pin id="185" dir="0" index="0" bw="256" slack="0"/>
<pin id="186" dir="1" index="1" bw="64" slack="0"/>
</pin_list>
<bind>
<opcode="extractvalue(56) " fcode="extractvalue"/>
<opset="sxy/2 "/>
</bind>
</comp>

<comp id="190" class="1004" name="sxx_fu_190">
<pin_list>
<pin id="191" dir="0" index="0" bw="256" slack="0"/>
<pin id="192" dir="1" index="1" bw="64" slack="0"/>
</pin_list>
<bind>
<opcode="extractvalue(56) " fcode="extractvalue"/>
<opset="sxx/2 "/>
</bind>
</comp>

<comp id="196" class="1004" name="sext_ln265_fu_196">
<pin_list>
<pin id="197" dir="0" index="0" bw="32" slack="1"/>
<pin id="198" dir="1" index="1" bw="64" slack="0"/>
</pin_list>
<bind>
<opcode="sext(35) " fcode="sext"/>
<opset="sext_ln265/2 "/>
</bind>
</comp>

<comp id="201" class="1004" name="a1_fu_201">
<pin_list>
<pin id="202" dir="0" index="0" bw="64" slack="1"/>
<pin id="203" dir="0" index="1" bw="64" slack="1"/>
<pin id="204" dir="1" index="2" bw="64" slack="0"/>
</pin_list>
<bind>
<opcode="sub(10) " fcode="sub"/>
<opset="a1/3 "/>
</bind>
</comp>

<comp id="206" class="1004" name="a2_fu_206">
<pin_list>
<pin id="207" dir="0" index="0" bw="64" slack="1"/>
<pin id="208" dir="0" index="1" bw="64" slack="1"/>
<pin id="209" dir="1" index="2" bw="64" slack="0"/>
</pin_list>
<bind>
<opcode="sub(10) " fcode="sub"/>
<opset="a2/3 "/>
</bind>
</comp>

<comp id="211" class="1004" name="b1_fu_211">
<pin_list>
<pin id="212" dir="0" index="0" bw="64" slack="1"/>
<pin id="213" dir="0" index="1" bw="64" slack="1"/>
<pin id="214" dir="1" index="2" bw="64" slack="0"/>
</pin_list>
<bind>
<opcode="sub(10) " fcode="sub"/>
<opset="b1/3 "/>
</bind>
</comp>

<comp id="216" class="1004" name="bitcast_ln30_fu_216">
<pin_list>
<pin id="217" dir="0" index="0" bw="64" slack="1"/>
<pin id="218" dir="1" index="1" bw="64" slack="0"/>
</pin_list>
<bind>
<opcode="bitcast(44) " fcode="bitcast"/>
<opset="bitcast_ln30/18 "/>
</bind>
</comp>

<comp id="219" class="1004" name="printdouble_ln30_fu_219">
<pin_list>
<pin id="220" dir="0" index="0" bw="1" slack="0"/>
<pin id="221" dir="0" index="1" bw="64" slack="0"/>
<pin id="222" dir="1" index="2" bw="0" slack="2147483647"/>
</pin_list>
<bind>
<opcode="printdouble(1164) " fcode="printdouble"/>
<opset="printdouble_ln30/18 "/>
</bind>
</comp>

<comp id="225" class="1004" name="bitcast_ln30_1_fu_225">
<pin_list>
<pin id="226" dir="0" index="0" bw="64" slack="1"/>
<pin id="227" dir="1" index="1" bw="64" slack="0"/>
</pin_list>
<bind>
<opcode="bitcast(44) " fcode="bitcast"/>
<opset="bitcast_ln30_1/18 "/>
</bind>
</comp>

<comp id="228" class="1004" name="printdouble_ln30_fu_228">
<pin_list>
<pin id="229" dir="0" index="0" bw="1" slack="0"/>
<pin id="230" dir="0" index="1" bw="64" slack="0"/>
<pin id="231" dir="1" index="2" bw="0" slack="2147483647"/>
</pin_list>
<bind>
<opcode="printdouble(1164) " fcode="printdouble"/>
<opset="printdouble_ln30/18 "/>
</bind>
</comp>

<comp id="234" class="1004" name="bitcast_ln30_2_fu_234">
<pin_list>
<pin id="235" dir="0" index="0" bw="64" slack="0"/>
<pin id="236" dir="1" index="1" bw="64" slack="0"/>
</pin_list>
<bind>
<opcode="bitcast(44) " fcode="bitcast"/>
<opset="bitcast_ln30_2/18 "/>
</bind>
</comp>

<comp id="238" class="1004" name="printdouble_ln30_fu_238">
<pin_list>
<pin id="239" dir="0" index="0" bw="3" slack="0"/>
<pin id="240" dir="0" index="1" bw="64" slack="0"/>
<pin id="241" dir="1" index="2" bw="0" slack="2147483647"/>
</pin_list>
<bind>
<opcode="printdouble(1164) " fcode="printdouble"/>
<opset="printdouble_ln30/18 "/>
</bind>
</comp>

<comp id="244" class="1004" name="bitcast_ln30_3_fu_244">
<pin_list>
<pin id="245" dir="0" index="0" bw="64" slack="0"/>
<pin id="246" dir="1" index="1" bw="64" slack="0"/>
</pin_list>
<bind>
<opcode="bitcast(44) " fcode="bitcast"/>
<opset="bitcast_ln30_3/20 "/>
</bind>
</comp>

<comp id="248" class="1004" name="printdouble_ln30_fu_248">
<pin_list>
<pin id="249" dir="0" index="0" bw="3" slack="0"/>
<pin id="250" dir="0" index="1" bw="64" slack="0"/>
<pin id="251" dir="1" index="2" bw="0" slack="2147483647"/>
</pin_list>
<bind>
<opcode="printdouble(1164) " fcode="printdouble"/>
<opset="printdouble_ln30/20 "/>
</bind>
</comp>

<comp id="254" class="1005" name="size_read_reg_254">
<pin_list>
<pin id="255" dir="0" index="0" bw="32" slack="1"/>
<pin id="256" dir="1" index="1" bw="32" slack="1"/>
</pin_list>
<bind>
<opset="size_read "/>
</bind>
</comp>

<comp id="262" class="1005" name="arry_read_reg_262">
<pin_list>
<pin id="263" dir="0" index="0" bw="64" slack="1"/>
<pin id="264" dir="1" index="1" bw="64" slack="1"/>
</pin_list>
<bind>
<opset="arry_read "/>
</bind>
</comp>

<comp id="269" class="1005" name="arrx_read_reg_269">
<pin_list>
<pin id="270" dir="0" index="0" bw="64" slack="1"/>
<pin id="271" dir="1" index="1" bw="64" slack="1"/>
</pin_list>
<bind>
<opset="arrx_read "/>
</bind>
</comp>

<comp id="276" class="1005" name="sx2_reg_276">
<pin_list>
<pin id="277" dir="0" index="0" bw="64" slack="1"/>
<pin id="278" dir="1" index="1" bw="64" slack="1"/>
</pin_list>
<bind>
<opset="sx2 "/>
</bind>
</comp>

<comp id="281" class="1005" name="mul_ln264_reg_281">
<pin_list>
<pin id="282" dir="0" index="0" bw="64" slack="1"/>
<pin id="283" dir="1" index="1" bw="64" slack="1"/>
</pin_list>
<bind>
<opset="mul_ln264 "/>
</bind>
</comp>

<comp id="286" class="1005" name="mul_ln264_1_reg_286">
<pin_list>
<pin id="287" dir="0" index="0" bw="64" slack="1"/>
<pin id="288" dir="1" index="1" bw="64" slack="1"/>
</pin_list>
<bind>
<opset="mul_ln264_1 "/>
</bind>
</comp>

<comp id="291" class="1005" name="mul_ln265_reg_291">
<pin_list>
<pin id="292" dir="0" index="0" bw="64" slack="1"/>
<pin id="293" dir="1" index="1" bw="64" slack="1"/>
</pin_list>
<bind>
<opset="mul_ln265 "/>
</bind>
</comp>

<comp id="296" class="1005" name="mul_ln269_reg_296">
<pin_list>
<pin id="297" dir="0" index="0" bw="64" slack="1"/>
<pin id="298" dir="1" index="1" bw="64" slack="1"/>
</pin_list>
<bind>
<opset="mul_ln269 "/>
</bind>
</comp>

<comp id="301" class="1005" name="mul_ln269_1_reg_301">
<pin_list>
<pin id="302" dir="0" index="0" bw="64" slack="1"/>
<pin id="303" dir="1" index="1" bw="64" slack="1"/>
</pin_list>
<bind>
<opset="mul_ln269_1 "/>
</bind>
</comp>

<comp id="306" class="1005" name="a1_reg_306">
<pin_list>
<pin id="307" dir="0" index="0" bw="64" slack="1"/>
<pin id="308" dir="1" index="1" bw="64" slack="1"/>
</pin_list>
<bind>
<opset="a1 "/>
</bind>
</comp>

<comp id="311" class="1005" name="a2_reg_311">
<pin_list>
<pin id="312" dir="0" index="0" bw="64" slack="1"/>
<pin id="313" dir="1" index="1" bw="64" slack="1"/>
</pin_list>
<bind>
<opset="a2 "/>
</bind>
</comp>

<comp id="316" class="1005" name="b1_reg_316">
<pin_list>
<pin id="317" dir="0" index="0" bw="64" slack="1"/>
<pin id="318" dir="1" index="1" bw="64" slack="1"/>
</pin_list>
<bind>
<opset="b1 "/>
</bind>
</comp>

<comp id="321" class="1005" name="conv5_reg_321">
<pin_list>
<pin id="322" dir="0" index="0" bw="64" slack="1"/>
<pin id="323" dir="1" index="1" bw="64" slack="1"/>
</pin_list>
<bind>
<opset="conv5 "/>
</bind>
</comp>

<comp id="326" class="1005" name="conv6_reg_326">
<pin_list>
<pin id="327" dir="0" index="0" bw="64" slack="1"/>
<pin id="328" dir="1" index="1" bw="64" slack="1"/>
</pin_list>
<bind>
<opset="conv6 "/>
</bind>
</comp>

<comp id="332" class="1005" name="conv_reg_332">
<pin_list>
<pin id="333" dir="0" index="0" bw="64" slack="1"/>
<pin id="334" dir="1" index="1" bw="64" slack="1"/>
</pin_list>
<bind>
<opset="conv "/>
</bind>
</comp>

<comp id="337" class="1005" name="a_reg_337">
<pin_list>
<pin id="338" dir="0" index="0" bw="64" slack="1"/>
<pin id="339" dir="1" index="1" bw="64" slack="1"/>
</pin_list>
<bind>
<opset="a "/>
</bind>
</comp>

<comp id="344" class="1005" name="b_reg_344">
<pin_list>
<pin id="345" dir="0" index="0" bw="64" slack="1"/>
<pin id="346" dir="1" index="1" bw="64" slack="1"/>
</pin_list>
<bind>
<opset="b "/>
</bind>
</comp>

<comp id="351" class="1005" name="arrsigs_read_reg_351">
<pin_list>
<pin id="352" dir="0" index="0" bw="64" slack="1"/>
<pin id="353" dir="1" index="1" bw="64" slack="1"/>
</pin_list>
<bind>
<opset="arrsigs_read "/>
</bind>
</comp>

<comp id="356" class="1004" name="grp_fu_356">
<pin_list>
<pin id="357" dir="0" index="0" bw="64" slack="2147483647"/>
<pin id="358" dir="0" index="1" bw="64" slack="2147483647"/>
<pin id="359" dir="1" index="2" bw="64" slack="2147483647"/>
</pin_list>
<bind>
<opcode="dadd(508) dsub(509) " fcode="dadd"/>
<opset="sub/78 temp/82 f_1/90 sub/3 sub1/95 sub2/96 temp/100 Stt_1/118 add/138 "/>
</bind>
</comp>

<comp id="360" class="1004" name="grp_fu_360">
<pin_list>
<pin id="361" dir="0" index="0" bw="64" slack="2147483647"/>
<pin id="362" dir="0" index="1" bw="64" slack="2147483647"/>
<pin id="363" dir="1" index="2" bw="64" slack="2147483647"/>
</pin_list>
<bind>
<opcode="dmul(510) " fcode="dmul"/>
<opset="mul/77 tempSquared/86 Sx2/16 mul4/20 mul1/95 t/110 mul/114 oa2/142 mul/90 mul/90 mul4/94 "/>
</bind>
</comp>

</comp_list>

<net_list>
<net id="72"><net_src comp="10" pin="0"/><net_sink comp="68" pin=0"/></net>

<net id="73"><net_src comp="8" pin="0"/><net_sink comp="68" pin=1"/></net>

<net id="78"><net_src comp="12" pin="0"/><net_sink comp="74" pin=0"/></net>

<net id="79"><net_src comp="4" pin="0"/><net_sink comp="74" pin=1"/></net>

<net id="84"><net_src comp="12" pin="0"/><net_sink comp="80" pin=0"/></net>

<net id="85"><net_src comp="2" pin="0"/><net_sink comp="80" pin=1"/></net>

<net id="90"><net_src comp="12" pin="0"/><net_sink comp="86" pin=0"/></net>

<net id="91"><net_src comp="6" pin="0"/><net_sink comp="86" pin=1"/></net>

<net id="99"><net_src comp="14" pin="0"/><net_sink comp="92" pin=0"/></net>

<net id="100"><net_src comp="0" pin="0"/><net_sink comp="92" pin=1"/></net>

<net id="101"><net_src comp="80" pin="2"/><net_sink comp="92" pin=2"/></net>

<net id="102"><net_src comp="74" pin="2"/><net_sink comp="92" pin=3"/></net>

<net id="103"><net_src comp="68" pin="2"/><net_sink comp="92" pin=4"/></net>

<net id="113"><net_src comp="16" pin="0"/><net_sink comp="104" pin=0"/></net>

<net id="114"><net_src comp="0" pin="0"/><net_sink comp="104" pin=3"/></net>

<net id="125"><net_src comp="24" pin="0"/><net_sink comp="115" pin=0"/></net>

<net id="126"><net_src comp="0" pin="0"/><net_sink comp="115" pin=3"/></net>

<net id="131"><net_src comp="127" pin="2"/><net_sink comp="104" pin=1"/></net>

<net id="136"><net_src comp="132" pin="2"/><net_sink comp="104" pin=2"/></net>

<net id="173"><net_src comp="92" pin="5"/><net_sink comp="170" pin=0"/></net>

<net id="174"><net_src comp="170" pin="1"/><net_sink comp="154" pin=0"/></net>

<net id="175"><net_src comp="170" pin="1"/><net_sink comp="154" pin=1"/></net>

<net id="176"><net_src comp="170" pin="1"/><net_sink comp="162" pin=1"/></net>

<net id="177"><net_src comp="170" pin="1"/><net_sink comp="166" pin=1"/></net>

<net id="181"><net_src comp="92" pin="5"/><net_sink comp="178" pin=0"/></net>

<net id="182"><net_src comp="178" pin="1"/><net_sink comp="158" pin=1"/></net>

<net id="183"><net_src comp="178" pin="1"/><net_sink comp="166" pin=0"/></net>

<net id="187"><net_src comp="92" pin="5"/><net_sink comp="184" pin=0"/></net>

<net id="188"><net_src comp="184" pin="1"/><net_sink comp="162" pin=0"/></net>

<net id="189"><net_src comp="184" pin="1"/><net_sink comp="150" pin=0"/></net>

<net id="193"><net_src comp="92" pin="5"/><net_sink comp="190" pin=0"/></net>

<net id="194"><net_src comp="190" pin="1"/><net_sink comp="158" pin=0"/></net>

<net id="195"><net_src comp="190" pin="1"/><net_sink comp="146" pin=0"/></net>

<net id="199"><net_src comp="196" pin="1"/><net_sink comp="146" pin=1"/></net>

<net id="200"><net_src comp="196" pin="1"/><net_sink comp="150" pin=1"/></net>

<net id="205"><net_src comp="201" pin="2"/><net_sink comp="137" pin=0"/></net>

<net id="210"><net_src comp="206" pin="2"/><net_sink comp="140" pin=0"/></net>

<net id="215"><net_src comp="211" pin="2"/><net_sink comp="143" pin=0"/></net>

<net id="223"><net_src comp="18" pin="0"/><net_sink comp="219" pin=0"/></net>

<net id="224"><net_src comp="216" pin="1"/><net_sink comp="219" pin=1"/></net>

<net id="232"><net_src comp="20" pin="0"/><net_sink comp="228" pin=0"/></net>

<net id="233"><net_src comp="225" pin="1"/><net_sink comp="228" pin=1"/></net>

<net id="237"><net_src comp="104" pin="7"/><net_sink comp="234" pin=0"/></net>

<net id="242"><net_src comp="22" pin="0"/><net_sink comp="238" pin=0"/></net>

<net id="243"><net_src comp="234" pin="1"/><net_sink comp="238" pin=1"/></net>

<net id="247"><net_src comp="115" pin="8"/><net_sink comp="244" pin=0"/></net>

<net id="252"><net_src comp="66" pin="0"/><net_sink comp="248" pin=0"/></net>

<net id="253"><net_src comp="244" pin="1"/><net_sink comp="248" pin=1"/></net>

<net id="257"><net_src comp="68" pin="2"/><net_sink comp="254" pin=0"/></net>

<net id="258"><net_src comp="254" pin="1"/><net_sink comp="92" pin=4"/></net>

<net id="259"><net_src comp="254" pin="1"/><net_sink comp="196" pin=0"/></net>

<net id="260"><net_src comp="254" pin="1"/><net_sink comp="104" pin=6"/></net>

<net id="261"><net_src comp="254" pin="1"/><net_sink comp="115" pin=7"/></net>

<net id="265"><net_src comp="74" pin="2"/><net_sink comp="262" pin=0"/></net>

<net id="266"><net_src comp="262" pin="1"/><net_sink comp="92" pin=3"/></net>

<net id="267"><net_src comp="262" pin="1"/><net_sink comp="104" pin=5"/></net>

<net id="268"><net_src comp="262" pin="1"/><net_sink comp="115" pin=5"/></net>

<net id="272"><net_src comp="80" pin="2"/><net_sink comp="269" pin=0"/></net>

<net id="273"><net_src comp="269" pin="1"/><net_sink comp="92" pin=2"/></net>

<net id="274"><net_src comp="269" pin="1"/><net_sink comp="104" pin=4"/></net>

<net id="275"><net_src comp="269" pin="1"/><net_sink comp="115" pin=4"/></net>

<net id="279"><net_src comp="154" pin="2"/><net_sink comp="276" pin=0"/></net>

<net id="280"><net_src comp="276" pin="1"/><net_sink comp="206" pin=1"/></net>

<net id="284"><net_src comp="158" pin="2"/><net_sink comp="281" pin=0"/></net>

<net id="285"><net_src comp="281" pin="1"/><net_sink comp="201" pin=0"/></net>

<net id="289"><net_src comp="162" pin="2"/><net_sink comp="286" pin=0"/></net>

<net id="290"><net_src comp="286" pin="1"/><net_sink comp="201" pin=1"/></net>

<net id="294"><net_src comp="146" pin="2"/><net_sink comp="291" pin=0"/></net>

<net id="295"><net_src comp="291" pin="1"/><net_sink comp="206" pin=0"/></net>

<net id="299"><net_src comp="150" pin="2"/><net_sink comp="296" pin=0"/></net>

<net id="300"><net_src comp="296" pin="1"/><net_sink comp="211" pin=0"/></net>

<net id="304"><net_src comp="166" pin="2"/><net_sink comp="301" pin=0"/></net>

<net id="305"><net_src comp="301" pin="1"/><net_sink comp="211" pin=1"/></net>

<net id="309"><net_src comp="201" pin="2"/><net_sink comp="306" pin=0"/></net>

<net id="310"><net_src comp="306" pin="1"/><net_sink comp="137" pin=0"/></net>

<net id="314"><net_src comp="206" pin="2"/><net_sink comp="311" pin=0"/></net>

<net id="315"><net_src comp="311" pin="1"/><net_sink comp="140" pin=0"/></net>

<net id="319"><net_src comp="211" pin="2"/><net_sink comp="316" pin=0"/></net>

<net id="320"><net_src comp="316" pin="1"/><net_sink comp="143" pin=0"/></net>

<net id="324"><net_src comp="137" pin="1"/><net_sink comp="321" pin=0"/></net>

<net id="325"><net_src comp="321" pin="1"/><net_sink comp="127" pin=0"/></net>

<net id="329"><net_src comp="140" pin="1"/><net_sink comp="326" pin=0"/></net>

<net id="330"><net_src comp="326" pin="1"/><net_sink comp="127" pin=1"/></net>

<net id="331"><net_src comp="326" pin="1"/><net_sink comp="132" pin=1"/></net>

<net id="335"><net_src comp="143" pin="1"/><net_sink comp="332" pin=0"/></net>

<net id="336"><net_src comp="332" pin="1"/><net_sink comp="132" pin=0"/></net>

<net id="340"><net_src comp="127" pin="2"/><net_sink comp="337" pin=0"/></net>

<net id="341"><net_src comp="337" pin="1"/><net_sink comp="216" pin=0"/></net>

<net id="342"><net_src comp="337" pin="1"/><net_sink comp="104" pin=1"/></net>

<net id="343"><net_src comp="337" pin="1"/><net_sink comp="115" pin=1"/></net>

<net id="347"><net_src comp="132" pin="2"/><net_sink comp="344" pin=0"/></net>

<net id="348"><net_src comp="344" pin="1"/><net_sink comp="225" pin=0"/></net>

<net id="349"><net_src comp="344" pin="1"/><net_sink comp="104" pin=2"/></net>

<net id="350"><net_src comp="344" pin="1"/><net_sink comp="115" pin=2"/></net>

<net id="354"><net_src comp="86" pin="2"/><net_sink comp="351" pin=0"/></net>

<net id="355"><net_src comp="351" pin="1"/><net_sink comp="115" pin=6"/></net>

</net_list>

</model> 
---------------- Datapath Model END ------------------

* FSMD analyzer results:
  - Output states:
 - Input state : 
	Port: fit : gmem | {1 2 17 18 19 20 }
	Port: fit : arrx | {1 }
	Port: fit : arry | {1 }
	Port: fit : arrsigs | {18 }
	Port: fit : size | {1 }
  - Chain level:
	State 1
	State 2
		sx : 1
		sy : 1
		sxy : 1
		sxx : 1
		sx2 : 2
		mul_ln264 : 2
		mul_ln264_1 : 2
		mul_ln265 : 2
		mul_ln269 : 2
		mul_ln269_1 : 2
	State 3
		conv5 : 1
		conv6 : 1
		conv : 1
	State 4
	State 5
	State 6
	State 7
	State 8
	State 9
	State 10
	State 11
	State 12
	State 13
	State 14
	State 15
	State 16
	State 17
		f : 1
	State 18
		printdouble_ln30 : 1
		printdouble_ln30 : 1
		bitcast_ln30_2 : 1
		printdouble_ln30 : 2
	State 19
	State 20
		bitcast_ln30_3 : 1
		printdouble_ln30 : 2


============================================================
+ Verbose Summary: Datapath Resource usage 
============================================================

* Functional unit list:
|----------|-------------------------------|---------|---------|---------|---------|
| Operation|        Functional Unit        |   DSP   |  Delay  |    FF   |   LUT   |
|----------|-------------------------------|---------|---------|---------|---------|
|          |      grp_add_nums_1_fu_92     |    10   |   1.38  |   1398  |   607   |
|   call   |   grp_calc_distance_1_fu_104  |    11   | 3.30429 |   1784  |   1104  |
|          | grp_calc_chi_squared_1_fu_115 |    44   | 12.0514 |   6630  |   4252  |
|----------|-------------------------------|---------|---------|---------|---------|
|   dadd   |           grp_fu_356          |    3    |    0    |   430   |   710   |
|----------|-------------------------------|---------|---------|---------|---------|
|   dmul   |           grp_fu_360          |    8    |    0    |   275   |   107   |
|----------|-------------------------------|---------|---------|---------|---------|
|          |        mul_ln265_fu_146       |    7    |    0    |    0    |    45   |
|          |        mul_ln269_fu_150       |    7    |    0    |    0    |    45   |
|    mul   |           sx2_fu_154          |    10   |    0    |    0    |    45   |
|          |        mul_ln264_fu_158       |    10   |    0    |    0    |    45   |
|          |       mul_ln264_1_fu_162      |    10   |    0    |    0    |    45   |
|          |       mul_ln269_1_fu_166      |    10   |    0    |    0    |    45   |
|----------|-------------------------------|---------|---------|---------|---------|
|          |           a1_fu_201           |    0    |    0    |    0    |    71   |
|    sub   |           a2_fu_206           |    0    |    0    |    0    |    71   |
|          |           b1_fu_211           |    0    |    0    |    0    |    71   |
|----------|-------------------------------|---------|---------|---------|---------|
|          |      size_read_read_fu_68     |    0    |    0    |    0    |    0    |
|   read   |      arry_read_read_fu_74     |    0    |    0    |    0    |    0    |
|          |      arrx_read_read_fu_80     |    0    |    0    |    0    |    0    |
|          |    arrsigs_read_read_fu_86    |    0    |    0    |    0    |    0    |
|----------|-------------------------------|---------|---------|---------|---------|
|   ddiv   |           grp_fu_127          |    0    |    0    |    0    |    0    |
|          |           grp_fu_132          |    0    |    0    |    0    |    0    |
|----------|-------------------------------|---------|---------|---------|---------|
|          |           grp_fu_137          |    0    |    0    |    0    |    0    |
|  sitodp  |           grp_fu_140          |    0    |    0    |    0    |    0    |
|          |           grp_fu_143          |    0    |    0    |    0    |    0    |
|----------|-------------------------------|---------|---------|---------|---------|
|          |           sx_fu_170           |    0    |    0    |    0    |    0    |
|extractvalue|           sy_fu_178           |    0    |    0    |    0    |    0    |
|          |           sxy_fu_184          |    0    |    0    |    0    |    0    |
|          |           sxx_fu_190          |    0    |    0    |    0    |    0    |
|----------|-------------------------------|---------|---------|---------|---------|
|   sext   |       sext_ln265_fu_196       |    0    |    0    |    0    |    0    |
|----------|-------------------------------|---------|---------|---------|---------|
|          |    printdouble_ln30_fu_219    |    0    |    0    |    0    |    0    |
|printdouble|    printdouble_ln30_fu_228    |    0    |    0    |    0    |    0    |
|          |    printdouble_ln30_fu_238    |    0    |    0    |    0    |    0    |
|          |    printdouble_ln30_fu_248    |    0    |    0    |    0    |    0    |
|----------|-------------------------------|---------|---------|---------|---------|
|   Total  |                               |   130   | 16.7357 |  10517  |   7263  |
|----------|-------------------------------|---------|---------|---------|---------|

Memories:
N/A

* Register list:
+--------------------+--------+
|                    |   FF   |
+--------------------+--------+
|     a1_reg_306     |   64   |
|     a2_reg_311     |   64   |
|      a_reg_337     |   64   |
|arrsigs_read_reg_351|   64   |
|  arrx_read_reg_269 |   64   |
|  arry_read_reg_262 |   64   |
|     b1_reg_316     |   64   |
|      b_reg_344     |   64   |
|    conv5_reg_321   |   64   |
|    conv6_reg_326   |   64   |
|    conv_reg_332    |   64   |
| mul_ln264_1_reg_286|   64   |
|  mul_ln264_reg_281 |   64   |
|  mul_ln265_reg_291 |   64   |
| mul_ln269_1_reg_301|   64   |
|  mul_ln269_reg_296 |   64   |
|  size_read_reg_254 |   32   |
|     sx2_reg_276    |   64   |
+--------------------+--------+
|        Total       |  1120  |
+--------------------+--------+

* Multiplexer (MUX) list: 
|----------------------------|------|------|------|--------||---------||---------|
|            Comp            |  Pin | Size |  BW  | S x BW ||  Delay  ||   LUT   |
|----------------------------|------|------|------|--------||---------||---------|
|    grp_add_nums_1_fu_92    |  p2  |   2  |  64  |   128  ||    9    |
|    grp_add_nums_1_fu_92    |  p3  |   2  |  64  |   128  ||    9    |
|    grp_add_nums_1_fu_92    |  p4  |   2  |  32  |   64   ||    9    |
| grp_calc_distance_1_fu_104 |  p1  |   2  |  64  |   128  ||    9    |
| grp_calc_distance_1_fu_104 |  p2  |   2  |  64  |   128  ||    9    |
|         grp_fu_137         |  p0  |   2  |  64  |   128  ||    9    |
|         grp_fu_140         |  p0  |   2  |  64  |   128  ||    9    |
|         grp_fu_143         |  p0  |   2  |  64  |   128  ||    9    |
|----------------------------|------|------|------|--------||---------||---------|
|            Total           |      |      |      |   960  ||   3.68  ||    72   |
|----------------------------|------|------|------|--------||---------||---------|



* Summary:
+-----------+--------+--------+--------+--------+
|           |   DSP  |  Delay |   FF   |   LUT  |
+-----------+--------+--------+--------+--------+
|  Function |   130  |   16   |  10517 |  7263  |
|   Memory  |    -   |    -   |    -   |    -   |
|Multiplexer|    -   |    3   |    -   |   72   |
|  Register |    -   |    -   |  1120  |    -   |
+-----------+--------+--------+--------+--------+
|   Total   |   130  |   20   |  11637 |  7335  |
+-----------+--------+--------+--------+--------+
