/nfs/ihfs/home_metis/akraus/HW3-dir/hw/hls_fit/solution2/.autopilot/db/main.pp.0.cpp:3175:2: warning: Added loop label VITIS_LOOP_28_1:   [xilinx-label-all-loops]
 for(int i = 0; i < size; i++){
 ^~~
 VITIS_LOOP_28_1: 
/nfs/ihfs/home_metis/akraus/HW3-dir/hw/hls_fit/solution2/.autopilot/db/main.pp.0.cpp:3175:2: note: FIX-IT applied suggested code changes
/nfs/ihfs/home_metis/akraus/HW3-dir/hw/hls_fit/solution2/.autopilot/db/main.pp.0.cpp:3194:2: warning: Added loop label VITIS_LOOP_55_1:   [xilinx-label-all-loops]
 for(int i = 0; i < size; i++) {
 ^~~
 VITIS_LOOP_55_1: 
/nfs/ihfs/home_metis/akraus/HW3-dir/hw/hls_fit/solution2/.autopilot/db/main.pp.0.cpp:3194:2: note: FIX-IT applied suggested code changes
/nfs/ihfs/home_metis/akraus/HW3-dir/hw/hls_fit/solution2/.autopilot/db/main.pp.0.cpp:3211:2: warning: Added loop label VITIS_LOOP_79_1:   [xilinx-label-all-loops]
 for(int i = 0; i < size; i++) {
 ^~~
 VITIS_LOOP_79_1: 
/nfs/ihfs/home_metis/akraus/HW3-dir/hw/hls_fit/solution2/.autopilot/db/main.pp.0.cpp:3211:2: note: FIX-IT applied suggested code changes
/nfs/ihfs/home_metis/akraus/HW3-dir/hw/hls_fit/solution2/.autopilot/db/main.pp.0.cpp:3227:2: warning: Added loop label VITIS_LOOP_103_1:   [xilinx-label-all-loops]
 for(int i = 0; i < size; i++) {
 ^~~
 VITIS_LOOP_103_1: 
/nfs/ihfs/home_metis/akraus/HW3-dir/hw/hls_fit/solution2/.autopilot/db/main.pp.0.cpp:3227:2: note: FIX-IT applied suggested code changes
/nfs/ihfs/home_metis/akraus/HW3-dir/hw/hls_fit/solution2/.autopilot/db/main.pp.0.cpp:3269:2: warning: Added loop label VITIS_LOOP_152_1:   [xilinx-label-all-loops]
 for(int i = 0; i < size; i++) {
 ^~~
 VITIS_LOOP_152_1: 
/nfs/ihfs/home_metis/akraus/HW3-dir/hw/hls_fit/solution2/.autopilot/db/main.pp.0.cpp:3269:2: note: FIX-IT applied suggested code changes
/nfs/ihfs/home_metis/akraus/HW3-dir/hw/hls_fit/solution2/.autopilot/db/main.pp.0.cpp:3320:2: warning: Added loop label VITIS_LOOP_210_1:   [xilinx-label-all-loops]
 for(int i = 0; i < size; i++) {
 ^~~
 VITIS_LOOP_210_1: 
/nfs/ihfs/home_metis/akraus/HW3-dir/hw/hls_fit/solution2/.autopilot/db/main.pp.0.cpp:3320:2: note: FIX-IT applied suggested code changes
/nfs/ihfs/home_metis/akraus/HW3-dir/hw/hls_fit/solution2/.autopilot/db/main.pp.0.cpp:3423:2: warning: Added loop label VITIS_LOOP_312_1:   [xilinx-label-all-loops]
 for(int i = 0; i < tempN; i++) {
 ^~~
 VITIS_LOOP_312_1: 
/nfs/ihfs/home_metis/akraus/HW3-dir/hw/hls_fit/solution2/.autopilot/db/main.pp.0.cpp:3423:2: note: FIX-IT applied suggested code changes
/nfs/ihfs/home_metis/akraus/HW3-dir/hw/hls_fit/solution2/.autopilot/db/main.pp.0.cpp:3437:4: warning: Added loop label VITIS_LOOP_326_2:   [xilinx-label-all-loops]
   for (int k = 0; k < arrsize; k++) {
   ^~~
   VITIS_LOOP_326_2: 
/nfs/ihfs/home_metis/akraus/HW3-dir/hw/hls_fit/solution2/.autopilot/db/main.pp.0.cpp:3437:4: note: FIX-IT applied suggested code changes
