

================================================================
== Vitis HLS Report for 'fit'
================================================================
* Date:           Thu Feb 27 15:25:26 2025

* Version:        2023.1 (Build 3854077 on May  4 2023)
* Project:        hls_fit
* Solution:       solution1 (Vitis Kernel Flow Target)
* Product family: virtexuplus
* Target device:  xcvu11p-flga2577-1-e


================================================================
== Performance Estimates
================================================================
+ Timing: 
    * Summary: 
    +--------+----------+----------+------------+
    |  Clock |  Target  | Estimated| Uncertainty|
    +--------+----------+----------+------------+
    |ap_clk  |  10.00 ns|  7.158 ns|     2.70 ns|
    +--------+----------+----------+------------+

+ Latency: 
    * Summary: 
    +---------+---------+-----------+-----------+------+------+---------+
    |  Latency (cycles) |   Latency (absolute)  |   Interval  | Pipeline|
    |   min   |   max   |    min    |    max    |  min |  max |   Type  |
    +---------+---------+-----------+-----------+------+------+---------+
    |     5087|     8219|  50.870 us|  82.190 us|  5087|  8219|       no|
    +---------+---------+-----------+-----------+------+------+---------+

    + Detail: 
        * Instance: 
        N/A

        * Loop: 
        N/A

============================================================
+ Verbose Summary: Synthesis Manager
============================================================
InlineROM: 1
ExposeGlobal: 0
============================================================
+ Verbose Summary: CDFG Model
============================================================
IsTopModel: 0
ResetActiveHigh: 1
IsCombinational: 0
IsDatapathOnly: 0
HasWiredReturn: 1
HasMFsm: 0
HasVarLatency: 1
IsPipeline: 0
IsRtlPipelined: 0
IsInstanceOverlapped: 0
IsDontTouch: 0
HasImplIP: 0
IsGatedGlobalClock: 0


============================================================
+ Verbose Summary: Schedule
============================================================
* Number of FSM states : 61
* Pipeline : 0
* Dataflow Pipeline: 0

* FSM state transitions: 
1 --> 2 
2 --> 3 
3 --> 4 
4 --> 5 
5 --> 6 
6 --> 7 
7 --> 8 
8 --> 9 
9 --> 10 
10 --> 11 
11 --> 12 
12 --> 13 
13 --> 14 
14 --> 15 
15 --> 16 
16 --> 17 
17 --> 18 
18 --> 19 
19 --> 20 
20 --> 21 
21 --> 22 
22 --> 23 
23 --> 24 
24 --> 25 
25 --> 26 
26 --> 27 
27 --> 28 
28 --> 29 
29 --> 30 
30 --> 31 
31 --> 32 
32 --> 33 
33 --> 34 
34 --> 35 
35 --> 36 
36 --> 37 
37 --> 38 
38 --> 39 
39 --> 40 
40 --> 41 
41 --> 42 
42 --> 43 
43 --> 44 
44 --> 45 
45 --> 46 
46 --> 47 
47 --> 48 
48 --> 49 
49 --> 50 
50 --> 51 
51 --> 52 
52 --> 53 
53 --> 54 
54 --> 55 
55 --> 56 
56 --> 57 
57 --> 58 
58 --> 59 
59 --> 60 
60 --> 61 
61 --> 

* FSM state operations: 

State 1 <SV = 0> <Delay = 1.36>
ST_1 : Operation 62 [1/1] (0.00ns)   --->   "%size_read = read i9 @_ssdm_op_Read.ap_auto.i9, i9 %size"   --->   Operation 62 'read' 'size_read' <Predicate = true> <Delay = 0.00>
ST_1 : Operation 63 [1/1] (0.00ns)   --->   "%term2_loc = alloca i64 1"   --->   Operation 63 'alloca' 'term2_loc' <Predicate = true> <Delay = 0.00>
ST_1 : Operation 64 [1/1] (0.00ns)   --->   "%Stt_loc = alloca i64 1"   --->   Operation 64 'alloca' 'Stt_loc' <Predicate = true> <Delay = 0.00>
ST_1 : Operation 65 [1/1] (0.00ns)   --->   "%Sx_1_loc = alloca i64 1"   --->   Operation 65 'alloca' 'Sx_1_loc' <Predicate = true> <Delay = 0.00>
ST_1 : Operation 66 [1/1] (0.00ns)   --->   "%S_loc = alloca i64 1"   --->   Operation 66 'alloca' 'S_loc' <Predicate = true> <Delay = 0.00>
ST_1 : Operation 67 [1/1] (0.00ns)   --->   "%f_loc = alloca i64 1"   --->   Operation 67 'alloca' 'f_loc' <Predicate = true> <Delay = 0.00>
ST_1 : Operation 68 [1/1] (0.00ns)   --->   "%p_loc6 = alloca i64 1"   --->   Operation 68 'alloca' 'p_loc6' <Predicate = true> <Delay = 0.00>
ST_1 : Operation 69 [1/1] (0.00ns)   --->   "%p_loc5 = alloca i64 1"   --->   Operation 69 'alloca' 'p_loc5' <Predicate = true> <Delay = 0.00>
ST_1 : Operation 70 [1/1] (0.00ns)   --->   "%p_loc4 = alloca i64 1"   --->   Operation 70 'alloca' 'p_loc4' <Predicate = true> <Delay = 0.00>
ST_1 : Operation 71 [1/1] (0.00ns)   --->   "%p_loc = alloca i64 1"   --->   Operation 71 'alloca' 'p_loc' <Predicate = true> <Delay = 0.00>
ST_1 : Operation 72 [2/2] (1.36ns)   --->   "%call_ln0 = call void @fit_Pipeline_VITIS_LOOP_28_1, i9 %size_read, i7 %arrx, i12 %arry, i64 %p_loc, i64 %p_loc4, i64 %p_loc5, i64 %p_loc6"   --->   Operation 72 'call' 'call_ln0' <Predicate = true> <Delay = 1.36> <CoreType = "Generic">   --->   Core 0 '' <Latency = 0> <II = 1> <Delay = 1.00> <Generic> <Opcode : >
ST_1 : Operation 73 [2/2] (1.36ns)   --->   "%call_ln0 = call void @fit_Pipeline_VITIS_LOOP_100_1, i9 %size_read, i6 %arrsigs, i64 %S_loc"   --->   Operation 73 'call' 'call_ln0' <Predicate = true> <Delay = 1.36> <CoreType = "Generic">   --->   Core 0 '' <Latency = 0> <II = 1> <Delay = 1.00> <Generic> <Opcode : >

State 2 <SV = 1> <Delay = 1.36>
ST_2 : Operation 74 [1/2] (1.36ns)   --->   "%call_ln0 = call void @fit_Pipeline_VITIS_LOOP_28_1, i9 %size_read, i7 %arrx, i12 %arry, i64 %p_loc, i64 %p_loc4, i64 %p_loc5, i64 %p_loc6"   --->   Operation 74 'call' 'call_ln0' <Predicate = true> <Delay = 1.36> <CoreType = "Generic">   --->   Core 0 '' <Latency = 0> <II = 1> <Delay = 1.00> <Generic> <Opcode : >
ST_2 : Operation 75 [1/2] (0.00ns)   --->   "%call_ln0 = call void @fit_Pipeline_VITIS_LOOP_100_1, i9 %size_read, i6 %arrsigs, i64 %S_loc"   --->   Operation 75 'call' 'call_ln0' <Predicate = true> <Delay = 0.00> <CoreType = "Generic">   --->   Core 0 '' <Latency = 0> <II = 1> <Delay = 1.00> <Generic> <Opcode : >

State 3 <SV = 2> <Delay = 5.47>
ST_3 : Operation 76 [1/1] (0.00ns)   --->   "%zext_ln28 = zext i9 %size_read" [main.cpp:28->main.cpp:250]   --->   Operation 76 'zext' 'zext_ln28' <Predicate = true> <Delay = 0.00>
ST_3 : Operation 77 [1/1] (0.00ns)   --->   "%p_loc_load = load i64 %p_loc"   --->   Operation 77 'load' 'p_loc_load' <Predicate = true> <Delay = 0.00>
ST_3 : Operation 78 [1/1] (0.00ns)   --->   "%p_loc4_load = load i64 %p_loc4"   --->   Operation 78 'load' 'p_loc4_load' <Predicate = true> <Delay = 0.00>
ST_3 : Operation 79 [1/1] (0.00ns)   --->   "%p_loc5_load = load i64 %p_loc5"   --->   Operation 79 'load' 'p_loc5_load' <Predicate = true> <Delay = 0.00>
ST_3 : Operation 80 [1/1] (0.00ns)   --->   "%p_loc6_load = load i64 %p_loc6"   --->   Operation 80 'load' 'p_loc6_load' <Predicate = true> <Delay = 0.00>
ST_3 : [1/1] (0.54ns)   --->   Input mux for Operation 81 '%sx2 = mul i64 %p_loc6_load, i64 %p_loc6_load'
ST_3 : Operation 81 [1/1] (4.92ns)   --->   "%sx2 = mul i64 %p_loc6_load, i64 %p_loc6_load" [main.cpp:251]   --->   Operation 81 'mul' 'sx2' <Predicate = true> <Delay = 4.92> <CoreInst = "Multiplier">   --->   Core 3 'Multiplier' <Latency = 0> <II = 1> <Delay = 5.47> <FuncUnit> <Opcode : 'mul'> <InPorts = 2> <OutPorts = 1>
ST_3 : [1/1] (0.54ns)   --->   Input mux for Operation 82 '%mul_ln253 = mul i64 %p_loc_load, i64 %p_loc5_load'
ST_3 : Operation 82 [1/1] (4.92ns)   --->   "%mul_ln253 = mul i64 %p_loc_load, i64 %p_loc5_load" [main.cpp:253]   --->   Operation 82 'mul' 'mul_ln253' <Predicate = true> <Delay = 4.92> <CoreInst = "Multiplier">   --->   Core 3 'Multiplier' <Latency = 0> <II = 1> <Delay = 5.47> <FuncUnit> <Opcode : 'mul'> <InPorts = 2> <OutPorts = 1>
ST_3 : [1/1] (0.54ns)   --->   Input mux for Operation 83 '%mul_ln253_1 = mul i64 %p_loc4_load, i64 %p_loc6_load'
ST_3 : Operation 83 [1/1] (4.92ns)   --->   "%mul_ln253_1 = mul i64 %p_loc4_load, i64 %p_loc6_load" [main.cpp:253]   --->   Operation 83 'mul' 'mul_ln253_1' <Predicate = true> <Delay = 4.92> <CoreInst = "Multiplier">   --->   Core 3 'Multiplier' <Latency = 0> <II = 1> <Delay = 5.47> <FuncUnit> <Opcode : 'mul'> <InPorts = 2> <OutPorts = 1>
ST_3 : [1/1] (0.46ns)   --->   Input mux for Operation 84 '%mul_ln254 = mul i64 %p_loc_load, i64 %zext_ln28'
ST_3 : Operation 84 [1/1] (5.01ns)   --->   "%mul_ln254 = mul i64 %p_loc_load, i64 %zext_ln28" [main.cpp:254]   --->   Operation 84 'mul' 'mul_ln254' <Predicate = true> <Delay = 5.01> <CoreInst = "Multiplier">   --->   Core 3 'Multiplier' <Latency = 0> <II = 1> <Delay = 5.47> <FuncUnit> <Opcode : 'mul'> <InPorts = 2> <OutPorts = 1>
ST_3 : [1/1] (0.46ns)   --->   Input mux for Operation 85 '%mul_ln258 = mul i64 %p_loc4_load, i64 %zext_ln28'
ST_3 : Operation 85 [1/1] (5.01ns)   --->   "%mul_ln258 = mul i64 %p_loc4_load, i64 %zext_ln28" [main.cpp:258]   --->   Operation 85 'mul' 'mul_ln258' <Predicate = true> <Delay = 5.01> <CoreInst = "Multiplier">   --->   Core 3 'Multiplier' <Latency = 0> <II = 1> <Delay = 5.47> <FuncUnit> <Opcode : 'mul'> <InPorts = 2> <OutPorts = 1>
ST_3 : [1/1] (0.54ns)   --->   Input mux for Operation 86 '%mul_ln258_1 = mul i64 %p_loc5_load, i64 %p_loc6_load'
ST_3 : Operation 86 [1/1] (4.92ns)   --->   "%mul_ln258_1 = mul i64 %p_loc5_load, i64 %p_loc6_load" [main.cpp:258]   --->   Operation 86 'mul' 'mul_ln258_1' <Predicate = true> <Delay = 4.92> <CoreInst = "Multiplier">   --->   Core 3 'Multiplier' <Latency = 0> <II = 1> <Delay = 5.47> <FuncUnit> <Opcode : 'mul'> <InPorts = 2> <OutPorts = 1>

State 4 <SV = 3> <Delay = 7.01>
ST_4 : Operation 87 [1/1] (1.36ns)   --->   "%a1 = sub i64 %mul_ln253, i64 %mul_ln253_1" [main.cpp:253]   --->   Operation 87 'sub' 'a1' <Predicate = true> <Delay = 1.36> <CoreInst = "Adder">   --->   Core 1 'Adder' <Latency = 0> <II = 1> <Delay = 1.36> <FuncUnit> <Opcode : 'add' 'sub'> <InPorts = 2> <OutPorts = 1>
ST_4 : Operation 88 [1/1] (1.36ns)   --->   "%a2 = sub i64 %mul_ln254, i64 %sx2" [main.cpp:254]   --->   Operation 88 'sub' 'a2' <Predicate = true> <Delay = 1.36> <CoreInst = "Adder">   --->   Core 1 'Adder' <Latency = 0> <II = 1> <Delay = 1.36> <FuncUnit> <Opcode : 'add' 'sub'> <InPorts = 2> <OutPorts = 1>
ST_4 : [1/1] (0.75ns)   --->   Input mux for Operation 89 '%conv5 = sitodp i64 %a1'
ST_4 : Operation 89 [2/2] (4.89ns)   --->   "%conv5 = sitodp i64 %a1" [main.cpp:255]   --->   Operation 89 'sitodp' 'conv5' <Predicate = true> <Delay = 4.89> <CoreInst = "Int2Double">   --->   Core 66 'Int2Double' <Latency = 1> <II = 1> <Delay = 5.65> <FuncUnit> <Opcode : 'sitodp' 'uitodp'> <InPorts = 1> <OutPorts = 1>
ST_4 : [1/1] (0.75ns)   --->   Input mux for Operation 90 '%conv6 = sitodp i64 %a2'
ST_4 : Operation 90 [2/2] (4.89ns)   --->   "%conv6 = sitodp i64 %a2" [main.cpp:255]   --->   Operation 90 'sitodp' 'conv6' <Predicate = true> <Delay = 4.89> <CoreInst = "Int2Double">   --->   Core 66 'Int2Double' <Latency = 1> <II = 1> <Delay = 5.65> <FuncUnit> <Opcode : 'sitodp' 'uitodp'> <InPorts = 1> <OutPorts = 1>
ST_4 : Operation 91 [1/1] (1.36ns)   --->   "%b1 = sub i64 %mul_ln258, i64 %mul_ln258_1" [main.cpp:258]   --->   Operation 91 'sub' 'b1' <Predicate = true> <Delay = 1.36> <CoreInst = "Adder">   --->   Core 1 'Adder' <Latency = 0> <II = 1> <Delay = 1.36> <FuncUnit> <Opcode : 'add' 'sub'> <InPorts = 2> <OutPorts = 1>
ST_4 : [1/1] (0.75ns)   --->   Input mux for Operation 92 '%conv = sitodp i64 %b1'
ST_4 : Operation 92 [2/2] (4.89ns)   --->   "%conv = sitodp i64 %b1" [main.cpp:260]   --->   Operation 92 'sitodp' 'conv' <Predicate = true> <Delay = 4.89> <CoreInst = "Int2Double">   --->   Core 66 'Int2Double' <Latency = 1> <II = 1> <Delay = 5.65> <FuncUnit> <Opcode : 'sitodp' 'uitodp'> <InPorts = 1> <OutPorts = 1>

State 5 <SV = 4> <Delay = 5.65>
ST_5 : Operation 93 [1/2] (5.65ns)   --->   "%conv5 = sitodp i64 %a1" [main.cpp:255]   --->   Operation 93 'sitodp' 'conv5' <Predicate = true> <Delay = 5.65> <CoreInst = "Int2Double">   --->   Core 66 'Int2Double' <Latency = 1> <II = 1> <Delay = 5.65> <FuncUnit> <Opcode : 'sitodp' 'uitodp'> <InPorts = 1> <OutPorts = 1>
ST_5 : Operation 94 [1/2] (5.65ns)   --->   "%conv6 = sitodp i64 %a2" [main.cpp:255]   --->   Operation 94 'sitodp' 'conv6' <Predicate = true> <Delay = 5.65> <CoreInst = "Int2Double">   --->   Core 66 'Int2Double' <Latency = 1> <II = 1> <Delay = 5.65> <FuncUnit> <Opcode : 'sitodp' 'uitodp'> <InPorts = 1> <OutPorts = 1>
ST_5 : Operation 95 [1/2] (5.65ns)   --->   "%conv = sitodp i64 %b1" [main.cpp:260]   --->   Operation 95 'sitodp' 'conv' <Predicate = true> <Delay = 5.65> <CoreInst = "Int2Double">   --->   Core 66 'Int2Double' <Latency = 1> <II = 1> <Delay = 5.65> <FuncUnit> <Opcode : 'sitodp' 'uitodp'> <InPorts = 1> <OutPorts = 1>

State 6 <SV = 5> <Delay = 7.15>
ST_6 : [1/1] (0.75ns)   --->   Input mux for Operation 96 '%tmp = ddiv i64 %conv5, i64 %conv6'
ST_6 : Operation 96 [13/13] (6.40ns)   --->   "%tmp = ddiv i64 %conv5, i64 %conv6" [main.cpp:255]   --->   Operation 96 'ddiv' 'tmp' <Predicate = true> <Delay = 6.40> <CoreInst = "DDiv">   --->   Core 39 'DDiv' <Latency = 12> <II = 1> <Delay = 7.15> <FuncUnit> <Opcode : 'ddiv' 'drem'> <InPorts = 2> <OutPorts = 1>
ST_6 : [1/1] (0.75ns)   --->   Input mux for Operation 97 '%tmp_1 = ddiv i64 %conv, i64 %conv6'
ST_6 : Operation 97 [13/13] (6.40ns)   --->   "%tmp_1 = ddiv i64 %conv, i64 %conv6" [main.cpp:260]   --->   Operation 97 'ddiv' 'tmp_1' <Predicate = true> <Delay = 6.40> <CoreInst = "DDiv">   --->   Core 39 'DDiv' <Latency = 12> <II = 1> <Delay = 7.15> <FuncUnit> <Opcode : 'ddiv' 'drem'> <InPorts = 2> <OutPorts = 1>

State 7 <SV = 6> <Delay = 7.15>
ST_7 : Operation 98 [12/13] (7.15ns)   --->   "%tmp = ddiv i64 %conv5, i64 %conv6" [main.cpp:255]   --->   Operation 98 'ddiv' 'tmp' <Predicate = true> <Delay = 7.15> <CoreInst = "DDiv">   --->   Core 39 'DDiv' <Latency = 12> <II = 1> <Delay = 7.15> <FuncUnit> <Opcode : 'ddiv' 'drem'> <InPorts = 2> <OutPorts = 1>
ST_7 : Operation 99 [12/13] (7.15ns)   --->   "%tmp_1 = ddiv i64 %conv, i64 %conv6" [main.cpp:260]   --->   Operation 99 'ddiv' 'tmp_1' <Predicate = true> <Delay = 7.15> <CoreInst = "DDiv">   --->   Core 39 'DDiv' <Latency = 12> <II = 1> <Delay = 7.15> <FuncUnit> <Opcode : 'ddiv' 'drem'> <InPorts = 2> <OutPorts = 1>

State 8 <SV = 7> <Delay = 7.15>
ST_8 : Operation 100 [11/13] (7.15ns)   --->   "%tmp = ddiv i64 %conv5, i64 %conv6" [main.cpp:255]   --->   Operation 100 'ddiv' 'tmp' <Predicate = true> <Delay = 7.15> <CoreInst = "DDiv">   --->   Core 39 'DDiv' <Latency = 12> <II = 1> <Delay = 7.15> <FuncUnit> <Opcode : 'ddiv' 'drem'> <InPorts = 2> <OutPorts = 1>
ST_8 : Operation 101 [11/13] (7.15ns)   --->   "%tmp_1 = ddiv i64 %conv, i64 %conv6" [main.cpp:260]   --->   Operation 101 'ddiv' 'tmp_1' <Predicate = true> <Delay = 7.15> <CoreInst = "DDiv">   --->   Core 39 'DDiv' <Latency = 12> <II = 1> <Delay = 7.15> <FuncUnit> <Opcode : 'ddiv' 'drem'> <InPorts = 2> <OutPorts = 1>

State 9 <SV = 8> <Delay = 7.15>
ST_9 : Operation 102 [10/13] (7.15ns)   --->   "%tmp = ddiv i64 %conv5, i64 %conv6" [main.cpp:255]   --->   Operation 102 'ddiv' 'tmp' <Predicate = true> <Delay = 7.15> <CoreInst = "DDiv">   --->   Core 39 'DDiv' <Latency = 12> <II = 1> <Delay = 7.15> <FuncUnit> <Opcode : 'ddiv' 'drem'> <InPorts = 2> <OutPorts = 1>
ST_9 : Operation 103 [10/13] (7.15ns)   --->   "%tmp_1 = ddiv i64 %conv, i64 %conv6" [main.cpp:260]   --->   Operation 103 'ddiv' 'tmp_1' <Predicate = true> <Delay = 7.15> <CoreInst = "DDiv">   --->   Core 39 'DDiv' <Latency = 12> <II = 1> <Delay = 7.15> <FuncUnit> <Opcode : 'ddiv' 'drem'> <InPorts = 2> <OutPorts = 1>

State 10 <SV = 9> <Delay = 7.15>
ST_10 : Operation 104 [9/13] (7.15ns)   --->   "%tmp = ddiv i64 %conv5, i64 %conv6" [main.cpp:255]   --->   Operation 104 'ddiv' 'tmp' <Predicate = true> <Delay = 7.15> <CoreInst = "DDiv">   --->   Core 39 'DDiv' <Latency = 12> <II = 1> <Delay = 7.15> <FuncUnit> <Opcode : 'ddiv' 'drem'> <InPorts = 2> <OutPorts = 1>
ST_10 : Operation 105 [9/13] (7.15ns)   --->   "%tmp_1 = ddiv i64 %conv, i64 %conv6" [main.cpp:260]   --->   Operation 105 'ddiv' 'tmp_1' <Predicate = true> <Delay = 7.15> <CoreInst = "DDiv">   --->   Core 39 'DDiv' <Latency = 12> <II = 1> <Delay = 7.15> <FuncUnit> <Opcode : 'ddiv' 'drem'> <InPorts = 2> <OutPorts = 1>

State 11 <SV = 10> <Delay = 7.15>
ST_11 : Operation 106 [8/13] (7.15ns)   --->   "%tmp = ddiv i64 %conv5, i64 %conv6" [main.cpp:255]   --->   Operation 106 'ddiv' 'tmp' <Predicate = true> <Delay = 7.15> <CoreInst = "DDiv">   --->   Core 39 'DDiv' <Latency = 12> <II = 1> <Delay = 7.15> <FuncUnit> <Opcode : 'ddiv' 'drem'> <InPorts = 2> <OutPorts = 1>
ST_11 : Operation 107 [8/13] (7.15ns)   --->   "%tmp_1 = ddiv i64 %conv, i64 %conv6" [main.cpp:260]   --->   Operation 107 'ddiv' 'tmp_1' <Predicate = true> <Delay = 7.15> <CoreInst = "DDiv">   --->   Core 39 'DDiv' <Latency = 12> <II = 1> <Delay = 7.15> <FuncUnit> <Opcode : 'ddiv' 'drem'> <InPorts = 2> <OutPorts = 1>

State 12 <SV = 11> <Delay = 7.15>
ST_12 : Operation 108 [7/13] (7.15ns)   --->   "%tmp = ddiv i64 %conv5, i64 %conv6" [main.cpp:255]   --->   Operation 108 'ddiv' 'tmp' <Predicate = true> <Delay = 7.15> <CoreInst = "DDiv">   --->   Core 39 'DDiv' <Latency = 12> <II = 1> <Delay = 7.15> <FuncUnit> <Opcode : 'ddiv' 'drem'> <InPorts = 2> <OutPorts = 1>
ST_12 : Operation 109 [7/13] (7.15ns)   --->   "%tmp_1 = ddiv i64 %conv, i64 %conv6" [main.cpp:260]   --->   Operation 109 'ddiv' 'tmp_1' <Predicate = true> <Delay = 7.15> <CoreInst = "DDiv">   --->   Core 39 'DDiv' <Latency = 12> <II = 1> <Delay = 7.15> <FuncUnit> <Opcode : 'ddiv' 'drem'> <InPorts = 2> <OutPorts = 1>

State 13 <SV = 12> <Delay = 7.15>
ST_13 : Operation 110 [6/13] (7.15ns)   --->   "%tmp = ddiv i64 %conv5, i64 %conv6" [main.cpp:255]   --->   Operation 110 'ddiv' 'tmp' <Predicate = true> <Delay = 7.15> <CoreInst = "DDiv">   --->   Core 39 'DDiv' <Latency = 12> <II = 1> <Delay = 7.15> <FuncUnit> <Opcode : 'ddiv' 'drem'> <InPorts = 2> <OutPorts = 1>
ST_13 : Operation 111 [6/13] (7.15ns)   --->   "%tmp_1 = ddiv i64 %conv, i64 %conv6" [main.cpp:260]   --->   Operation 111 'ddiv' 'tmp_1' <Predicate = true> <Delay = 7.15> <CoreInst = "DDiv">   --->   Core 39 'DDiv' <Latency = 12> <II = 1> <Delay = 7.15> <FuncUnit> <Opcode : 'ddiv' 'drem'> <InPorts = 2> <OutPorts = 1>

State 14 <SV = 13> <Delay = 7.15>
ST_14 : Operation 112 [5/13] (7.15ns)   --->   "%tmp = ddiv i64 %conv5, i64 %conv6" [main.cpp:255]   --->   Operation 112 'ddiv' 'tmp' <Predicate = true> <Delay = 7.15> <CoreInst = "DDiv">   --->   Core 39 'DDiv' <Latency = 12> <II = 1> <Delay = 7.15> <FuncUnit> <Opcode : 'ddiv' 'drem'> <InPorts = 2> <OutPorts = 1>
ST_14 : Operation 113 [5/13] (7.15ns)   --->   "%tmp_1 = ddiv i64 %conv, i64 %conv6" [main.cpp:260]   --->   Operation 113 'ddiv' 'tmp_1' <Predicate = true> <Delay = 7.15> <CoreInst = "DDiv">   --->   Core 39 'DDiv' <Latency = 12> <II = 1> <Delay = 7.15> <FuncUnit> <Opcode : 'ddiv' 'drem'> <InPorts = 2> <OutPorts = 1>

State 15 <SV = 14> <Delay = 7.15>
ST_15 : Operation 114 [4/13] (7.15ns)   --->   "%tmp = ddiv i64 %conv5, i64 %conv6" [main.cpp:255]   --->   Operation 114 'ddiv' 'tmp' <Predicate = true> <Delay = 7.15> <CoreInst = "DDiv">   --->   Core 39 'DDiv' <Latency = 12> <II = 1> <Delay = 7.15> <FuncUnit> <Opcode : 'ddiv' 'drem'> <InPorts = 2> <OutPorts = 1>
ST_15 : Operation 115 [4/13] (7.15ns)   --->   "%tmp_1 = ddiv i64 %conv, i64 %conv6" [main.cpp:260]   --->   Operation 115 'ddiv' 'tmp_1' <Predicate = true> <Delay = 7.15> <CoreInst = "DDiv">   --->   Core 39 'DDiv' <Latency = 12> <II = 1> <Delay = 7.15> <FuncUnit> <Opcode : 'ddiv' 'drem'> <InPorts = 2> <OutPorts = 1>

State 16 <SV = 15> <Delay = 7.15>
ST_16 : Operation 116 [3/13] (7.15ns)   --->   "%tmp = ddiv i64 %conv5, i64 %conv6" [main.cpp:255]   --->   Operation 116 'ddiv' 'tmp' <Predicate = true> <Delay = 7.15> <CoreInst = "DDiv">   --->   Core 39 'DDiv' <Latency = 12> <II = 1> <Delay = 7.15> <FuncUnit> <Opcode : 'ddiv' 'drem'> <InPorts = 2> <OutPorts = 1>
ST_16 : Operation 117 [3/13] (7.15ns)   --->   "%tmp_1 = ddiv i64 %conv, i64 %conv6" [main.cpp:260]   --->   Operation 117 'ddiv' 'tmp_1' <Predicate = true> <Delay = 7.15> <CoreInst = "DDiv">   --->   Core 39 'DDiv' <Latency = 12> <II = 1> <Delay = 7.15> <FuncUnit> <Opcode : 'ddiv' 'drem'> <InPorts = 2> <OutPorts = 1>

State 17 <SV = 16> <Delay = 7.15>
ST_17 : Operation 118 [2/13] (7.15ns)   --->   "%tmp = ddiv i64 %conv5, i64 %conv6" [main.cpp:255]   --->   Operation 118 'ddiv' 'tmp' <Predicate = true> <Delay = 7.15> <CoreInst = "DDiv">   --->   Core 39 'DDiv' <Latency = 12> <II = 1> <Delay = 7.15> <FuncUnit> <Opcode : 'ddiv' 'drem'> <InPorts = 2> <OutPorts = 1>
ST_17 : Operation 119 [2/13] (7.15ns)   --->   "%tmp_1 = ddiv i64 %conv, i64 %conv6" [main.cpp:260]   --->   Operation 119 'ddiv' 'tmp_1' <Predicate = true> <Delay = 7.15> <CoreInst = "DDiv">   --->   Core 39 'DDiv' <Latency = 12> <II = 1> <Delay = 7.15> <FuncUnit> <Opcode : 'ddiv' 'drem'> <InPorts = 2> <OutPorts = 1>

State 18 <SV = 17> <Delay = 7.15>
ST_18 : Operation 120 [1/13] (7.15ns)   --->   "%tmp = ddiv i64 %conv5, i64 %conv6" [main.cpp:255]   --->   Operation 120 'ddiv' 'tmp' <Predicate = true> <Delay = 7.15> <CoreInst = "DDiv">   --->   Core 39 'DDiv' <Latency = 12> <II = 1> <Delay = 7.15> <FuncUnit> <Opcode : 'ddiv' 'drem'> <InPorts = 2> <OutPorts = 1>
ST_18 : Operation 121 [1/13] (7.15ns)   --->   "%tmp_1 = ddiv i64 %conv, i64 %conv6" [main.cpp:260]   --->   Operation 121 'ddiv' 'tmp_1' <Predicate = true> <Delay = 7.15> <CoreInst = "DDiv">   --->   Core 39 'DDiv' <Latency = 12> <II = 1> <Delay = 7.15> <FuncUnit> <Opcode : 'ddiv' 'drem'> <InPorts = 2> <OutPorts = 1>
ST_18 : Operation 122 [2/2] (0.00ns)   --->   "%call_ln255 = call void @fit_Pipeline_VITIS_LOOP_204_1, i7 %arrx, i12 %arry, i64 %tmp, i64 %tmp_1, i64 %f_loc" [main.cpp:255]   --->   Operation 122 'call' 'call_ln255' <Predicate = true> <Delay = 0.00> <CoreType = "Generic">   --->   Core 0 '' <Latency = 0> <II = 1> <Delay = 1.00> <Generic> <Opcode : >

State 19 <SV = 18> <Delay = 1.00>
ST_19 : Operation 123 [1/1] (0.00ns)   --->   "%bitcast_ln30 = bitcast i64 %tmp" [/opt/metis/el8/contrib/amdtools/xilinx-2023.1/Vitis_HLS/2023.1/common/technology/autopilot/hls_print.h:30->main.cpp:263]   --->   Operation 123 'bitcast' 'bitcast_ln30' <Predicate = true> <Delay = 0.00>
ST_19 : Operation 124 [1/1] (1.00ns)   --->   "%printdouble_ln30 = printdouble i32 13, i64 %bitcast_ln30" [/opt/metis/el8/contrib/amdtools/xilinx-2023.1/Vitis_HLS/2023.1/common/technology/autopilot/hls_print.h:30->main.cpp:263]   --->   Operation 124 'printdouble' 'printdouble_ln30' <Predicate = true> <Delay = 1.00> <CoreInst = "hlsPrintDouble">   --->   Core 139 'hlsPrintDouble' <Latency = 0> <II = 1> <Delay = 1.00> <FuncUnit> <Opcode : 'printdouble'> <InPorts = 0> <OutPorts = 0>
ST_19 : Operation 125 [1/1] (0.00ns)   --->   "%bitcast_ln30_1 = bitcast i64 %tmp_1" [/opt/metis/el8/contrib/amdtools/xilinx-2023.1/Vitis_HLS/2023.1/common/technology/autopilot/hls_print.h:30->main.cpp:264]   --->   Operation 125 'bitcast' 'bitcast_ln30_1' <Predicate = true> <Delay = 0.00>
ST_19 : Operation 126 [1/1] (1.00ns)   --->   "%printdouble_ln30 = printdouble i32 14, i64 %bitcast_ln30_1" [/opt/metis/el8/contrib/amdtools/xilinx-2023.1/Vitis_HLS/2023.1/common/technology/autopilot/hls_print.h:30->main.cpp:264]   --->   Operation 126 'printdouble' 'printdouble_ln30' <Predicate = true> <Delay = 1.00> <CoreInst = "hlsPrintDouble">   --->   Core 139 'hlsPrintDouble' <Latency = 0> <II = 1> <Delay = 1.00> <FuncUnit> <Opcode : 'printdouble'> <InPorts = 0> <OutPorts = 0>
ST_19 : Operation 127 [1/2] (0.00ns)   --->   "%call_ln255 = call void @fit_Pipeline_VITIS_LOOP_204_1, i7 %arrx, i12 %arry, i64 %tmp, i64 %tmp_1, i64 %f_loc" [main.cpp:255]   --->   Operation 127 'call' 'call_ln255' <Predicate = true> <Delay = 0.00> <CoreType = "Generic">   --->   Core 0 '' <Latency = 0> <II = 1> <Delay = 1.00> <Generic> <Opcode : >

State 20 <SV = 19> <Delay = 1.36>
ST_20 : Operation 128 [2/2] (1.36ns)   --->   "%call_ln0 = call void @fit_Pipeline_VITIS_LOOP_53_1, i9 %size_read, i6 %arrsigs, i7 %arrx, i64 %Sx_1_loc"   --->   Operation 128 'call' 'call_ln0' <Predicate = true> <Delay = 1.36> <CoreType = "Generic">   --->   Core 0 '' <Latency = 0> <II = 1> <Delay = 1.00> <Generic> <Opcode : >

State 21 <SV = 20> <Delay = 0.00>
ST_21 : Operation 129 [1/2] (0.00ns)   --->   "%call_ln0 = call void @fit_Pipeline_VITIS_LOOP_53_1, i9 %size_read, i6 %arrsigs, i7 %arrx, i64 %Sx_1_loc"   --->   Operation 129 'call' 'call_ln0' <Predicate = true> <Delay = 0.00> <CoreType = "Generic">   --->   Core 0 '' <Latency = 0> <II = 1> <Delay = 1.00> <Generic> <Opcode : >

State 22 <SV = 21> <Delay = 7.15>
ST_22 : Operation 130 [1/1] (0.00ns)   --->   "%size_cast14 = zext i9 %size_read"   --->   Operation 130 'zext' 'size_cast14' <Predicate = true> <Delay = 0.00>
ST_22 : Operation 131 [1/1] (0.00ns)   --->   "%S_loc_load = load i64 %S_loc"   --->   Operation 131 'load' 'S_loc_load' <Predicate = true> <Delay = 0.00>
ST_22 : Operation 132 [1/1] (0.00ns)   --->   "%Sx_1_loc_load = load i64 %Sx_1_loc"   --->   Operation 132 'load' 'Sx_1_loc_load' <Predicate = true> <Delay = 0.00>
ST_22 : [1/1] (0.75ns)   --->   Input mux for Operation 133 '%SxoS = ddiv i64 %Sx_1_loc_load, i64 %S_loc_load'
ST_22 : Operation 133 [13/13] (6.40ns)   --->   "%SxoS = ddiv i64 %Sx_1_loc_load, i64 %S_loc_load" [main.cpp:143->main.cpp:272]   --->   Operation 133 'ddiv' 'SxoS' <Predicate = true> <Delay = 6.40> <CoreInst = "DDiv">   --->   Core 39 'DDiv' <Latency = 12> <II = 1> <Delay = 7.15> <FuncUnit> <Opcode : 'ddiv' 'drem'> <InPorts = 2> <OutPorts = 1>
ST_22 : Operation 134 [1/1] (0.90ns)   --->   "%add_ln127 = add i10 %size_cast14, i10 1022" [main.cpp:127->main.cpp:272]   --->   Operation 134 'add' 'add_ln127' <Predicate = true> <Delay = 0.90> <CoreInst = "Adder">   --->   Core 1 'Adder' <Latency = 0> <II = 1> <Delay = 0.90> <FuncUnit> <Opcode : 'add' 'sub'> <InPorts = 2> <OutPorts = 1>
ST_22 : Operation 135 [1/1] (0.00ns)   --->   "%zext_ln127 = zext i10 %add_ln127" [main.cpp:127->main.cpp:272]   --->   Operation 135 'zext' 'zext_ln127' <Predicate = true> <Delay = 0.00>
ST_22 : [1/1] (0.75ns)   --->   Input mux for Operation 136 '%sub_i1 = sitodp i32 %zext_ln127'
ST_22 : Operation 136 [2/2] (4.89ns)   --->   "%sub_i1 = sitodp i32 %zext_ln127" [main.cpp:127->main.cpp:272]   --->   Operation 136 'sitodp' 'sub_i1' <Predicate = true> <Delay = 4.89> <CoreInst = "Int2Double">   --->   Core 66 'Int2Double' <Latency = 1> <II = 1> <Delay = 5.65> <FuncUnit> <Opcode : 'sitodp' 'uitodp'> <InPorts = 1> <OutPorts = 1>

State 23 <SV = 22> <Delay = 7.15>
ST_23 : Operation 137 [12/13] (7.15ns)   --->   "%SxoS = ddiv i64 %Sx_1_loc_load, i64 %S_loc_load" [main.cpp:143->main.cpp:272]   --->   Operation 137 'ddiv' 'SxoS' <Predicate = true> <Delay = 7.15> <CoreInst = "DDiv">   --->   Core 39 'DDiv' <Latency = 12> <II = 1> <Delay = 7.15> <FuncUnit> <Opcode : 'ddiv' 'drem'> <InPorts = 2> <OutPorts = 1>
ST_23 : Operation 138 [1/2] (5.65ns)   --->   "%sub_i1 = sitodp i32 %zext_ln127" [main.cpp:127->main.cpp:272]   --->   Operation 138 'sitodp' 'sub_i1' <Predicate = true> <Delay = 5.65> <CoreInst = "Int2Double">   --->   Core 66 'Int2Double' <Latency = 1> <II = 1> <Delay = 5.65> <FuncUnit> <Opcode : 'sitodp' 'uitodp'> <InPorts = 1> <OutPorts = 1>

State 24 <SV = 23> <Delay = 7.15>
ST_24 : Operation 139 [11/13] (7.15ns)   --->   "%SxoS = ddiv i64 %Sx_1_loc_load, i64 %S_loc_load" [main.cpp:143->main.cpp:272]   --->   Operation 139 'ddiv' 'SxoS' <Predicate = true> <Delay = 7.15> <CoreInst = "DDiv">   --->   Core 39 'DDiv' <Latency = 12> <II = 1> <Delay = 7.15> <FuncUnit> <Opcode : 'ddiv' 'drem'> <InPorts = 2> <OutPorts = 1>
ST_24 : [1/1] (0.75ns)   --->   Input mux for Operation 140 '%term1 = ddiv i64 1, i64 %sub_i1'
ST_24 : Operation 140 [13/13] (6.40ns)   --->   "%term1 = ddiv i64 1, i64 %sub_i1" [main.cpp:127->main.cpp:272]   --->   Operation 140 'ddiv' 'term1' <Predicate = true> <Delay = 6.40> <CoreInst = "DDiv">   --->   Core 39 'DDiv' <Latency = 12> <II = 1> <Delay = 7.15> <FuncUnit> <Opcode : 'ddiv' 'drem'> <InPorts = 2> <OutPorts = 1>

State 25 <SV = 24> <Delay = 7.15>
ST_25 : Operation 141 [10/13] (7.15ns)   --->   "%SxoS = ddiv i64 %Sx_1_loc_load, i64 %S_loc_load" [main.cpp:143->main.cpp:272]   --->   Operation 141 'ddiv' 'SxoS' <Predicate = true> <Delay = 7.15> <CoreInst = "DDiv">   --->   Core 39 'DDiv' <Latency = 12> <II = 1> <Delay = 7.15> <FuncUnit> <Opcode : 'ddiv' 'drem'> <InPorts = 2> <OutPorts = 1>
ST_25 : Operation 142 [12/13] (7.15ns)   --->   "%term1 = ddiv i64 1, i64 %sub_i1" [main.cpp:127->main.cpp:272]   --->   Operation 142 'ddiv' 'term1' <Predicate = true> <Delay = 7.15> <CoreInst = "DDiv">   --->   Core 39 'DDiv' <Latency = 12> <II = 1> <Delay = 7.15> <FuncUnit> <Opcode : 'ddiv' 'drem'> <InPorts = 2> <OutPorts = 1>

State 26 <SV = 25> <Delay = 7.15>
ST_26 : Operation 143 [9/13] (7.15ns)   --->   "%SxoS = ddiv i64 %Sx_1_loc_load, i64 %S_loc_load" [main.cpp:143->main.cpp:272]   --->   Operation 143 'ddiv' 'SxoS' <Predicate = true> <Delay = 7.15> <CoreInst = "DDiv">   --->   Core 39 'DDiv' <Latency = 12> <II = 1> <Delay = 7.15> <FuncUnit> <Opcode : 'ddiv' 'drem'> <InPorts = 2> <OutPorts = 1>
ST_26 : Operation 144 [11/13] (7.15ns)   --->   "%term1 = ddiv i64 1, i64 %sub_i1" [main.cpp:127->main.cpp:272]   --->   Operation 144 'ddiv' 'term1' <Predicate = true> <Delay = 7.15> <CoreInst = "DDiv">   --->   Core 39 'DDiv' <Latency = 12> <II = 1> <Delay = 7.15> <FuncUnit> <Opcode : 'ddiv' 'drem'> <InPorts = 2> <OutPorts = 1>

State 27 <SV = 26> <Delay = 7.15>
ST_27 : Operation 145 [8/13] (7.15ns)   --->   "%SxoS = ddiv i64 %Sx_1_loc_load, i64 %S_loc_load" [main.cpp:143->main.cpp:272]   --->   Operation 145 'ddiv' 'SxoS' <Predicate = true> <Delay = 7.15> <CoreInst = "DDiv">   --->   Core 39 'DDiv' <Latency = 12> <II = 1> <Delay = 7.15> <FuncUnit> <Opcode : 'ddiv' 'drem'> <InPorts = 2> <OutPorts = 1>
ST_27 : Operation 146 [10/13] (7.15ns)   --->   "%term1 = ddiv i64 1, i64 %sub_i1" [main.cpp:127->main.cpp:272]   --->   Operation 146 'ddiv' 'term1' <Predicate = true> <Delay = 7.15> <CoreInst = "DDiv">   --->   Core 39 'DDiv' <Latency = 12> <II = 1> <Delay = 7.15> <FuncUnit> <Opcode : 'ddiv' 'drem'> <InPorts = 2> <OutPorts = 1>

State 28 <SV = 27> <Delay = 7.15>
ST_28 : Operation 147 [7/13] (7.15ns)   --->   "%SxoS = ddiv i64 %Sx_1_loc_load, i64 %S_loc_load" [main.cpp:143->main.cpp:272]   --->   Operation 147 'ddiv' 'SxoS' <Predicate = true> <Delay = 7.15> <CoreInst = "DDiv">   --->   Core 39 'DDiv' <Latency = 12> <II = 1> <Delay = 7.15> <FuncUnit> <Opcode : 'ddiv' 'drem'> <InPorts = 2> <OutPorts = 1>
ST_28 : Operation 148 [9/13] (7.15ns)   --->   "%term1 = ddiv i64 1, i64 %sub_i1" [main.cpp:127->main.cpp:272]   --->   Operation 148 'ddiv' 'term1' <Predicate = true> <Delay = 7.15> <CoreInst = "DDiv">   --->   Core 39 'DDiv' <Latency = 12> <II = 1> <Delay = 7.15> <FuncUnit> <Opcode : 'ddiv' 'drem'> <InPorts = 2> <OutPorts = 1>

State 29 <SV = 28> <Delay = 7.15>
ST_29 : Operation 149 [6/13] (7.15ns)   --->   "%SxoS = ddiv i64 %Sx_1_loc_load, i64 %S_loc_load" [main.cpp:143->main.cpp:272]   --->   Operation 149 'ddiv' 'SxoS' <Predicate = true> <Delay = 7.15> <CoreInst = "DDiv">   --->   Core 39 'DDiv' <Latency = 12> <II = 1> <Delay = 7.15> <FuncUnit> <Opcode : 'ddiv' 'drem'> <InPorts = 2> <OutPorts = 1>
ST_29 : Operation 150 [8/13] (7.15ns)   --->   "%term1 = ddiv i64 1, i64 %sub_i1" [main.cpp:127->main.cpp:272]   --->   Operation 150 'ddiv' 'term1' <Predicate = true> <Delay = 7.15> <CoreInst = "DDiv">   --->   Core 39 'DDiv' <Latency = 12> <II = 1> <Delay = 7.15> <FuncUnit> <Opcode : 'ddiv' 'drem'> <InPorts = 2> <OutPorts = 1>

State 30 <SV = 29> <Delay = 7.15>
ST_30 : Operation 151 [5/13] (7.15ns)   --->   "%SxoS = ddiv i64 %Sx_1_loc_load, i64 %S_loc_load" [main.cpp:143->main.cpp:272]   --->   Operation 151 'ddiv' 'SxoS' <Predicate = true> <Delay = 7.15> <CoreInst = "DDiv">   --->   Core 39 'DDiv' <Latency = 12> <II = 1> <Delay = 7.15> <FuncUnit> <Opcode : 'ddiv' 'drem'> <InPorts = 2> <OutPorts = 1>
ST_30 : Operation 152 [7/13] (7.15ns)   --->   "%term1 = ddiv i64 1, i64 %sub_i1" [main.cpp:127->main.cpp:272]   --->   Operation 152 'ddiv' 'term1' <Predicate = true> <Delay = 7.15> <CoreInst = "DDiv">   --->   Core 39 'DDiv' <Latency = 12> <II = 1> <Delay = 7.15> <FuncUnit> <Opcode : 'ddiv' 'drem'> <InPorts = 2> <OutPorts = 1>

State 31 <SV = 30> <Delay = 7.15>
ST_31 : Operation 153 [4/13] (7.15ns)   --->   "%SxoS = ddiv i64 %Sx_1_loc_load, i64 %S_loc_load" [main.cpp:143->main.cpp:272]   --->   Operation 153 'ddiv' 'SxoS' <Predicate = true> <Delay = 7.15> <CoreInst = "DDiv">   --->   Core 39 'DDiv' <Latency = 12> <II = 1> <Delay = 7.15> <FuncUnit> <Opcode : 'ddiv' 'drem'> <InPorts = 2> <OutPorts = 1>
ST_31 : Operation 154 [6/13] (7.15ns)   --->   "%term1 = ddiv i64 1, i64 %sub_i1" [main.cpp:127->main.cpp:272]   --->   Operation 154 'ddiv' 'term1' <Predicate = true> <Delay = 7.15> <CoreInst = "DDiv">   --->   Core 39 'DDiv' <Latency = 12> <II = 1> <Delay = 7.15> <FuncUnit> <Opcode : 'ddiv' 'drem'> <InPorts = 2> <OutPorts = 1>

State 32 <SV = 31> <Delay = 7.15>
ST_32 : Operation 155 [3/13] (7.15ns)   --->   "%SxoS = ddiv i64 %Sx_1_loc_load, i64 %S_loc_load" [main.cpp:143->main.cpp:272]   --->   Operation 155 'ddiv' 'SxoS' <Predicate = true> <Delay = 7.15> <CoreInst = "DDiv">   --->   Core 39 'DDiv' <Latency = 12> <II = 1> <Delay = 7.15> <FuncUnit> <Opcode : 'ddiv' 'drem'> <InPorts = 2> <OutPorts = 1>
ST_32 : Operation 156 [5/13] (7.15ns)   --->   "%term1 = ddiv i64 1, i64 %sub_i1" [main.cpp:127->main.cpp:272]   --->   Operation 156 'ddiv' 'term1' <Predicate = true> <Delay = 7.15> <CoreInst = "DDiv">   --->   Core 39 'DDiv' <Latency = 12> <II = 1> <Delay = 7.15> <FuncUnit> <Opcode : 'ddiv' 'drem'> <InPorts = 2> <OutPorts = 1>

State 33 <SV = 32> <Delay = 7.15>
ST_33 : Operation 157 [2/13] (7.15ns)   --->   "%SxoS = ddiv i64 %Sx_1_loc_load, i64 %S_loc_load" [main.cpp:143->main.cpp:272]   --->   Operation 157 'ddiv' 'SxoS' <Predicate = true> <Delay = 7.15> <CoreInst = "DDiv">   --->   Core 39 'DDiv' <Latency = 12> <II = 1> <Delay = 7.15> <FuncUnit> <Opcode : 'ddiv' 'drem'> <InPorts = 2> <OutPorts = 1>
ST_33 : Operation 158 [4/13] (7.15ns)   --->   "%term1 = ddiv i64 1, i64 %sub_i1" [main.cpp:127->main.cpp:272]   --->   Operation 158 'ddiv' 'term1' <Predicate = true> <Delay = 7.15> <CoreInst = "DDiv">   --->   Core 39 'DDiv' <Latency = 12> <II = 1> <Delay = 7.15> <FuncUnit> <Opcode : 'ddiv' 'drem'> <InPorts = 2> <OutPorts = 1>

State 34 <SV = 33> <Delay = 7.15>
ST_34 : Operation 159 [1/13] (7.15ns)   --->   "%SxoS = ddiv i64 %Sx_1_loc_load, i64 %S_loc_load" [main.cpp:143->main.cpp:272]   --->   Operation 159 'ddiv' 'SxoS' <Predicate = true> <Delay = 7.15> <CoreInst = "DDiv">   --->   Core 39 'DDiv' <Latency = 12> <II = 1> <Delay = 7.15> <FuncUnit> <Opcode : 'ddiv' 'drem'> <InPorts = 2> <OutPorts = 1>
ST_34 : Operation 160 [3/13] (7.15ns)   --->   "%term1 = ddiv i64 1, i64 %sub_i1" [main.cpp:127->main.cpp:272]   --->   Operation 160 'ddiv' 'term1' <Predicate = true> <Delay = 7.15> <CoreInst = "DDiv">   --->   Core 39 'DDiv' <Latency = 12> <II = 1> <Delay = 7.15> <FuncUnit> <Opcode : 'ddiv' 'drem'> <InPorts = 2> <OutPorts = 1>

State 35 <SV = 34> <Delay = 7.15>
ST_35 : Operation 161 [2/2] (1.36ns)   --->   "%call_ln143 = call void @fit_Pipeline_VITIS_LOOP_148_1, i9 %size_read, i7 %arrx, i12 %arry, i6 %arrsigs, i64 %SxoS, i64 %tmp, i64 %tmp_1, i64 %Stt_loc, i64 %term2_loc" [main.cpp:143->main.cpp:272]   --->   Operation 161 'call' 'call_ln143' <Predicate = true> <Delay = 1.36> <CoreType = "Generic">   --->   Core 0 '' <Latency = 0> <II = 1> <Delay = 1.00> <Generic> <Opcode : >
ST_35 : Operation 162 [2/13] (7.15ns)   --->   "%term1 = ddiv i64 1, i64 %sub_i1" [main.cpp:127->main.cpp:272]   --->   Operation 162 'ddiv' 'term1' <Predicate = true> <Delay = 7.15> <CoreInst = "DDiv">   --->   Core 39 'DDiv' <Latency = 12> <II = 1> <Delay = 7.15> <FuncUnit> <Opcode : 'ddiv' 'drem'> <InPorts = 2> <OutPorts = 1>

State 36 <SV = 35> <Delay = 7.15>
ST_36 : Operation 163 [1/2] (0.00ns)   --->   "%call_ln143 = call void @fit_Pipeline_VITIS_LOOP_148_1, i9 %size_read, i7 %arrx, i12 %arry, i6 %arrsigs, i64 %SxoS, i64 %tmp, i64 %tmp_1, i64 %Stt_loc, i64 %term2_loc" [main.cpp:143->main.cpp:272]   --->   Operation 163 'call' 'call_ln143' <Predicate = true> <Delay = 0.00> <CoreType = "Generic">   --->   Core 0 '' <Latency = 0> <II = 1> <Delay = 1.00> <Generic> <Opcode : >
ST_36 : Operation 164 [1/13] (7.15ns)   --->   "%term1 = ddiv i64 1, i64 %sub_i1" [main.cpp:127->main.cpp:272]   --->   Operation 164 'ddiv' 'term1' <Predicate = true> <Delay = 7.15> <CoreInst = "DDiv">   --->   Core 39 'DDiv' <Latency = 12> <II = 1> <Delay = 7.15> <FuncUnit> <Opcode : 'ddiv' 'drem'> <InPorts = 2> <OutPorts = 1>

State 37 <SV = 36> <Delay = 7.15>
ST_37 : Operation 165 [1/1] (0.00ns)   --->   "%Stt_loc_load = load i64 %Stt_loc"   --->   Operation 165 'load' 'Stt_loc_load' <Predicate = true> <Delay = 0.00>
ST_37 : Operation 166 [1/1] (0.00ns)   --->   "%term2_loc_load = load i64 %term2_loc"   --->   Operation 166 'load' 'term2_loc_load' <Predicate = true> <Delay = 0.00>
ST_37 : [1/1] (0.65ns)   --->   Input mux for Operation 167 '%Sx2 = dmul i64 %Sx_1_loc_load, i64 %Sx_1_loc_load'
ST_37 : Operation 167 [4/4] (4.92ns)   --->   "%Sx2 = dmul i64 %Sx_1_loc_load, i64 %Sx_1_loc_load" [main.cpp:145->main.cpp:272]   --->   Operation 167 'dmul' 'Sx2' <Predicate = true> <Delay = 4.92> <CoreInst = "DMul_maxdsp">   --->   Core 49 'DMul_maxdsp' <Latency = 3> <II = 1> <Delay = 5.58> <FuncUnit> <Opcode : 'dmul'> <InPorts = 2> <OutPorts = 1>
ST_37 : [1/1] (0.65ns)   --->   Input mux for Operation 168 '%mul21_i = dmul i64 %S_loc_load, i64 %Stt_loc_load'
ST_37 : Operation 168 [4/4] (4.92ns)   --->   "%mul21_i = dmul i64 %S_loc_load, i64 %Stt_loc_load" [main.cpp:173->main.cpp:272]   --->   Operation 168 'dmul' 'mul21_i' <Predicate = true> <Delay = 4.92> <CoreInst = "DMul_maxdsp">   --->   Core 49 'DMul_maxdsp' <Latency = 3> <II = 1> <Delay = 5.58> <FuncUnit> <Opcode : 'dmul'> <InPorts = 2> <OutPorts = 1>
ST_37 : [1/1] (0.75ns)   --->   Input mux for Operation 169 '%ob2 = ddiv i64 1, i64 %Stt_loc_load'
ST_37 : Operation 169 [13/13] (6.40ns)   --->   "%ob2 = ddiv i64 1, i64 %Stt_loc_load" [main.cpp:174->main.cpp:272]   --->   Operation 169 'ddiv' 'ob2' <Predicate = true> <Delay = 6.40> <CoreInst = "DDiv">   --->   Core 39 'DDiv' <Latency = 12> <II = 1> <Delay = 7.15> <FuncUnit> <Opcode : 'ddiv' 'drem'> <InPorts = 2> <OutPorts = 1>
ST_37 : [1/1] (0.65ns)   --->   Input mux for Operation 170 '%gof = dmul i64 %term1, i64 %term2_loc_load'
ST_37 : Operation 170 [4/4] (4.92ns)   --->   "%gof = dmul i64 %term1, i64 %term2_loc_load" [main.cpp:179->main.cpp:272]   --->   Operation 170 'dmul' 'gof' <Predicate = true> <Delay = 4.92> <CoreInst = "DMul_maxdsp">   --->   Core 49 'DMul_maxdsp' <Latency = 3> <II = 1> <Delay = 5.58> <FuncUnit> <Opcode : 'dmul'> <InPorts = 2> <OutPorts = 1>

State 38 <SV = 37> <Delay = 7.15>
ST_38 : Operation 171 [3/4] (5.58ns)   --->   "%Sx2 = dmul i64 %Sx_1_loc_load, i64 %Sx_1_loc_load" [main.cpp:145->main.cpp:272]   --->   Operation 171 'dmul' 'Sx2' <Predicate = true> <Delay = 5.58> <CoreInst = "DMul_maxdsp">   --->   Core 49 'DMul_maxdsp' <Latency = 3> <II = 1> <Delay = 5.58> <FuncUnit> <Opcode : 'dmul'> <InPorts = 2> <OutPorts = 1>
ST_38 : Operation 172 [3/4] (5.58ns)   --->   "%mul21_i = dmul i64 %S_loc_load, i64 %Stt_loc_load" [main.cpp:173->main.cpp:272]   --->   Operation 172 'dmul' 'mul21_i' <Predicate = true> <Delay = 5.58> <CoreInst = "DMul_maxdsp">   --->   Core 49 'DMul_maxdsp' <Latency = 3> <II = 1> <Delay = 5.58> <FuncUnit> <Opcode : 'dmul'> <InPorts = 2> <OutPorts = 1>
ST_38 : Operation 173 [12/13] (7.15ns)   --->   "%ob2 = ddiv i64 1, i64 %Stt_loc_load" [main.cpp:174->main.cpp:272]   --->   Operation 173 'ddiv' 'ob2' <Predicate = true> <Delay = 7.15> <CoreInst = "DDiv">   --->   Core 39 'DDiv' <Latency = 12> <II = 1> <Delay = 7.15> <FuncUnit> <Opcode : 'ddiv' 'drem'> <InPorts = 2> <OutPorts = 1>
ST_38 : Operation 174 [3/4] (5.58ns)   --->   "%gof = dmul i64 %term1, i64 %term2_loc_load" [main.cpp:179->main.cpp:272]   --->   Operation 174 'dmul' 'gof' <Predicate = true> <Delay = 5.58> <CoreInst = "DMul_maxdsp">   --->   Core 49 'DMul_maxdsp' <Latency = 3> <II = 1> <Delay = 5.58> <FuncUnit> <Opcode : 'dmul'> <InPorts = 2> <OutPorts = 1>

State 39 <SV = 38> <Delay = 7.15>
ST_39 : Operation 175 [2/4] (5.58ns)   --->   "%Sx2 = dmul i64 %Sx_1_loc_load, i64 %Sx_1_loc_load" [main.cpp:145->main.cpp:272]   --->   Operation 175 'dmul' 'Sx2' <Predicate = true> <Delay = 5.58> <CoreInst = "DMul_maxdsp">   --->   Core 49 'DMul_maxdsp' <Latency = 3> <II = 1> <Delay = 5.58> <FuncUnit> <Opcode : 'dmul'> <InPorts = 2> <OutPorts = 1>
ST_39 : Operation 176 [2/4] (5.58ns)   --->   "%mul21_i = dmul i64 %S_loc_load, i64 %Stt_loc_load" [main.cpp:173->main.cpp:272]   --->   Operation 176 'dmul' 'mul21_i' <Predicate = true> <Delay = 5.58> <CoreInst = "DMul_maxdsp">   --->   Core 49 'DMul_maxdsp' <Latency = 3> <II = 1> <Delay = 5.58> <FuncUnit> <Opcode : 'dmul'> <InPorts = 2> <OutPorts = 1>
ST_39 : Operation 177 [11/13] (7.15ns)   --->   "%ob2 = ddiv i64 1, i64 %Stt_loc_load" [main.cpp:174->main.cpp:272]   --->   Operation 177 'ddiv' 'ob2' <Predicate = true> <Delay = 7.15> <CoreInst = "DDiv">   --->   Core 39 'DDiv' <Latency = 12> <II = 1> <Delay = 7.15> <FuncUnit> <Opcode : 'ddiv' 'drem'> <InPorts = 2> <OutPorts = 1>
ST_39 : Operation 178 [2/4] (5.58ns)   --->   "%gof = dmul i64 %term1, i64 %term2_loc_load" [main.cpp:179->main.cpp:272]   --->   Operation 178 'dmul' 'gof' <Predicate = true> <Delay = 5.58> <CoreInst = "DMul_maxdsp">   --->   Core 49 'DMul_maxdsp' <Latency = 3> <II = 1> <Delay = 5.58> <FuncUnit> <Opcode : 'dmul'> <InPorts = 2> <OutPorts = 1>

State 40 <SV = 39> <Delay = 7.15>
ST_40 : Operation 179 [1/4] (5.58ns)   --->   "%Sx2 = dmul i64 %Sx_1_loc_load, i64 %Sx_1_loc_load" [main.cpp:145->main.cpp:272]   --->   Operation 179 'dmul' 'Sx2' <Predicate = true> <Delay = 5.58> <CoreInst = "DMul_maxdsp">   --->   Core 49 'DMul_maxdsp' <Latency = 3> <II = 1> <Delay = 5.58> <FuncUnit> <Opcode : 'dmul'> <InPorts = 2> <OutPorts = 1>
ST_40 : Operation 180 [1/4] (5.58ns)   --->   "%mul21_i = dmul i64 %S_loc_load, i64 %Stt_loc_load" [main.cpp:173->main.cpp:272]   --->   Operation 180 'dmul' 'mul21_i' <Predicate = true> <Delay = 5.58> <CoreInst = "DMul_maxdsp">   --->   Core 49 'DMul_maxdsp' <Latency = 3> <II = 1> <Delay = 5.58> <FuncUnit> <Opcode : 'dmul'> <InPorts = 2> <OutPorts = 1>
ST_40 : Operation 181 [10/13] (7.15ns)   --->   "%ob2 = ddiv i64 1, i64 %Stt_loc_load" [main.cpp:174->main.cpp:272]   --->   Operation 181 'ddiv' 'ob2' <Predicate = true> <Delay = 7.15> <CoreInst = "DDiv">   --->   Core 39 'DDiv' <Latency = 12> <II = 1> <Delay = 7.15> <FuncUnit> <Opcode : 'ddiv' 'drem'> <InPorts = 2> <OutPorts = 1>
ST_40 : Operation 182 [1/4] (5.58ns)   --->   "%gof = dmul i64 %term1, i64 %term2_loc_load" [main.cpp:179->main.cpp:272]   --->   Operation 182 'dmul' 'gof' <Predicate = true> <Delay = 5.58> <CoreInst = "DMul_maxdsp">   --->   Core 49 'DMul_maxdsp' <Latency = 3> <II = 1> <Delay = 5.58> <FuncUnit> <Opcode : 'dmul'> <InPorts = 2> <OutPorts = 1>
ST_40 : Operation 183 [1/1] (0.00ns)   --->   "%bitcast_ln30_5 = bitcast i64 %gof" [/opt/metis/el8/contrib/amdtools/xilinx-2023.1/Vitis_HLS/2023.1/common/technology/autopilot/hls_print.h:30->main.cpp:276]   --->   Operation 183 'bitcast' 'bitcast_ln30_5' <Predicate = true> <Delay = 0.00>
ST_40 : Operation 184 [1/1] (1.00ns)   --->   "%printdouble_ln30 = printdouble i32 18, i64 %bitcast_ln30_5" [/opt/metis/el8/contrib/amdtools/xilinx-2023.1/Vitis_HLS/2023.1/common/technology/autopilot/hls_print.h:30->main.cpp:276]   --->   Operation 184 'printdouble' 'printdouble_ln30' <Predicate = true> <Delay = 1.00> <CoreInst = "hlsPrintDouble">   --->   Core 139 'hlsPrintDouble' <Latency = 0> <II = 1> <Delay = 1.00> <FuncUnit> <Opcode : 'printdouble'> <InPorts = 0> <OutPorts = 0>

State 41 <SV = 40> <Delay = 7.15>
ST_41 : [1/1] (0.75ns)   --->   Input mux for Operation 185 '%div22_i = ddiv i64 %Sx2, i64 %mul21_i'
ST_41 : Operation 185 [13/13] (6.40ns)   --->   "%div22_i = ddiv i64 %Sx2, i64 %mul21_i" [main.cpp:173->main.cpp:272]   --->   Operation 185 'ddiv' 'div22_i' <Predicate = true> <Delay = 6.40> <CoreInst = "DDiv">   --->   Core 39 'DDiv' <Latency = 12> <II = 1> <Delay = 7.15> <FuncUnit> <Opcode : 'ddiv' 'drem'> <InPorts = 2> <OutPorts = 1>
ST_41 : Operation 186 [9/13] (7.15ns)   --->   "%ob2 = ddiv i64 1, i64 %Stt_loc_load" [main.cpp:174->main.cpp:272]   --->   Operation 186 'ddiv' 'ob2' <Predicate = true> <Delay = 7.15> <CoreInst = "DDiv">   --->   Core 39 'DDiv' <Latency = 12> <II = 1> <Delay = 7.15> <FuncUnit> <Opcode : 'ddiv' 'drem'> <InPorts = 2> <OutPorts = 1>

State 42 <SV = 41> <Delay = 7.15>
ST_42 : Operation 187 [12/13] (7.15ns)   --->   "%div22_i = ddiv i64 %Sx2, i64 %mul21_i" [main.cpp:173->main.cpp:272]   --->   Operation 187 'ddiv' 'div22_i' <Predicate = true> <Delay = 7.15> <CoreInst = "DDiv">   --->   Core 39 'DDiv' <Latency = 12> <II = 1> <Delay = 7.15> <FuncUnit> <Opcode : 'ddiv' 'drem'> <InPorts = 2> <OutPorts = 1>
ST_42 : Operation 188 [8/13] (7.15ns)   --->   "%ob2 = ddiv i64 1, i64 %Stt_loc_load" [main.cpp:174->main.cpp:272]   --->   Operation 188 'ddiv' 'ob2' <Predicate = true> <Delay = 7.15> <CoreInst = "DDiv">   --->   Core 39 'DDiv' <Latency = 12> <II = 1> <Delay = 7.15> <FuncUnit> <Opcode : 'ddiv' 'drem'> <InPorts = 2> <OutPorts = 1>

State 43 <SV = 42> <Delay = 7.15>
ST_43 : Operation 189 [11/13] (7.15ns)   --->   "%div22_i = ddiv i64 %Sx2, i64 %mul21_i" [main.cpp:173->main.cpp:272]   --->   Operation 189 'ddiv' 'div22_i' <Predicate = true> <Delay = 7.15> <CoreInst = "DDiv">   --->   Core 39 'DDiv' <Latency = 12> <II = 1> <Delay = 7.15> <FuncUnit> <Opcode : 'ddiv' 'drem'> <InPorts = 2> <OutPorts = 1>
ST_43 : Operation 190 [7/13] (7.15ns)   --->   "%ob2 = ddiv i64 1, i64 %Stt_loc_load" [main.cpp:174->main.cpp:272]   --->   Operation 190 'ddiv' 'ob2' <Predicate = true> <Delay = 7.15> <CoreInst = "DDiv">   --->   Core 39 'DDiv' <Latency = 12> <II = 1> <Delay = 7.15> <FuncUnit> <Opcode : 'ddiv' 'drem'> <InPorts = 2> <OutPorts = 1>

State 44 <SV = 43> <Delay = 7.15>
ST_44 : Operation 191 [10/13] (7.15ns)   --->   "%div22_i = ddiv i64 %Sx2, i64 %mul21_i" [main.cpp:173->main.cpp:272]   --->   Operation 191 'ddiv' 'div22_i' <Predicate = true> <Delay = 7.15> <CoreInst = "DDiv">   --->   Core 39 'DDiv' <Latency = 12> <II = 1> <Delay = 7.15> <FuncUnit> <Opcode : 'ddiv' 'drem'> <InPorts = 2> <OutPorts = 1>
ST_44 : Operation 192 [6/13] (7.15ns)   --->   "%ob2 = ddiv i64 1, i64 %Stt_loc_load" [main.cpp:174->main.cpp:272]   --->   Operation 192 'ddiv' 'ob2' <Predicate = true> <Delay = 7.15> <CoreInst = "DDiv">   --->   Core 39 'DDiv' <Latency = 12> <II = 1> <Delay = 7.15> <FuncUnit> <Opcode : 'ddiv' 'drem'> <InPorts = 2> <OutPorts = 1>

State 45 <SV = 44> <Delay = 7.15>
ST_45 : [1/1] (0.75ns)   --->   Input mux for Operation 193 '%oneOverS = ddiv i64 1, i64 %S_loc_load'
ST_45 : Operation 193 [13/13] (6.40ns)   --->   "%oneOverS = ddiv i64 1, i64 %S_loc_load" [main.cpp:135->main.cpp:272]   --->   Operation 193 'ddiv' 'oneOverS' <Predicate = true> <Delay = 6.40> <CoreInst = "DDiv">   --->   Core 39 'DDiv' <Latency = 12> <II = 1> <Delay = 7.15> <FuncUnit> <Opcode : 'ddiv' 'drem'> <InPorts = 2> <OutPorts = 1>
ST_45 : Operation 194 [9/13] (7.15ns)   --->   "%div22_i = ddiv i64 %Sx2, i64 %mul21_i" [main.cpp:173->main.cpp:272]   --->   Operation 194 'ddiv' 'div22_i' <Predicate = true> <Delay = 7.15> <CoreInst = "DDiv">   --->   Core 39 'DDiv' <Latency = 12> <II = 1> <Delay = 7.15> <FuncUnit> <Opcode : 'ddiv' 'drem'> <InPorts = 2> <OutPorts = 1>
ST_45 : Operation 195 [5/13] (7.15ns)   --->   "%ob2 = ddiv i64 1, i64 %Stt_loc_load" [main.cpp:174->main.cpp:272]   --->   Operation 195 'ddiv' 'ob2' <Predicate = true> <Delay = 7.15> <CoreInst = "DDiv">   --->   Core 39 'DDiv' <Latency = 12> <II = 1> <Delay = 7.15> <FuncUnit> <Opcode : 'ddiv' 'drem'> <InPorts = 2> <OutPorts = 1>

State 46 <SV = 45> <Delay = 7.15>
ST_46 : Operation 196 [12/13] (7.15ns)   --->   "%oneOverS = ddiv i64 1, i64 %S_loc_load" [main.cpp:135->main.cpp:272]   --->   Operation 196 'ddiv' 'oneOverS' <Predicate = true> <Delay = 7.15> <CoreInst = "DDiv">   --->   Core 39 'DDiv' <Latency = 12> <II = 1> <Delay = 7.15> <FuncUnit> <Opcode : 'ddiv' 'drem'> <InPorts = 2> <OutPorts = 1>
ST_46 : Operation 197 [8/13] (7.15ns)   --->   "%div22_i = ddiv i64 %Sx2, i64 %mul21_i" [main.cpp:173->main.cpp:272]   --->   Operation 197 'ddiv' 'div22_i' <Predicate = true> <Delay = 7.15> <CoreInst = "DDiv">   --->   Core 39 'DDiv' <Latency = 12> <II = 1> <Delay = 7.15> <FuncUnit> <Opcode : 'ddiv' 'drem'> <InPorts = 2> <OutPorts = 1>
ST_46 : Operation 198 [4/13] (7.15ns)   --->   "%ob2 = ddiv i64 1, i64 %Stt_loc_load" [main.cpp:174->main.cpp:272]   --->   Operation 198 'ddiv' 'ob2' <Predicate = true> <Delay = 7.15> <CoreInst = "DDiv">   --->   Core 39 'DDiv' <Latency = 12> <II = 1> <Delay = 7.15> <FuncUnit> <Opcode : 'ddiv' 'drem'> <InPorts = 2> <OutPorts = 1>

State 47 <SV = 46> <Delay = 7.15>
ST_47 : Operation 199 [11/13] (7.15ns)   --->   "%oneOverS = ddiv i64 1, i64 %S_loc_load" [main.cpp:135->main.cpp:272]   --->   Operation 199 'ddiv' 'oneOverS' <Predicate = true> <Delay = 7.15> <CoreInst = "DDiv">   --->   Core 39 'DDiv' <Latency = 12> <II = 1> <Delay = 7.15> <FuncUnit> <Opcode : 'ddiv' 'drem'> <InPorts = 2> <OutPorts = 1>
ST_47 : Operation 200 [7/13] (7.15ns)   --->   "%div22_i = ddiv i64 %Sx2, i64 %mul21_i" [main.cpp:173->main.cpp:272]   --->   Operation 200 'ddiv' 'div22_i' <Predicate = true> <Delay = 7.15> <CoreInst = "DDiv">   --->   Core 39 'DDiv' <Latency = 12> <II = 1> <Delay = 7.15> <FuncUnit> <Opcode : 'ddiv' 'drem'> <InPorts = 2> <OutPorts = 1>
ST_47 : Operation 201 [3/13] (7.15ns)   --->   "%ob2 = ddiv i64 1, i64 %Stt_loc_load" [main.cpp:174->main.cpp:272]   --->   Operation 201 'ddiv' 'ob2' <Predicate = true> <Delay = 7.15> <CoreInst = "DDiv">   --->   Core 39 'DDiv' <Latency = 12> <II = 1> <Delay = 7.15> <FuncUnit> <Opcode : 'ddiv' 'drem'> <InPorts = 2> <OutPorts = 1>

State 48 <SV = 47> <Delay = 7.15>
ST_48 : Operation 202 [10/13] (7.15ns)   --->   "%oneOverS = ddiv i64 1, i64 %S_loc_load" [main.cpp:135->main.cpp:272]   --->   Operation 202 'ddiv' 'oneOverS' <Predicate = true> <Delay = 7.15> <CoreInst = "DDiv">   --->   Core 39 'DDiv' <Latency = 12> <II = 1> <Delay = 7.15> <FuncUnit> <Opcode : 'ddiv' 'drem'> <InPorts = 2> <OutPorts = 1>
ST_48 : Operation 203 [6/13] (7.15ns)   --->   "%div22_i = ddiv i64 %Sx2, i64 %mul21_i" [main.cpp:173->main.cpp:272]   --->   Operation 203 'ddiv' 'div22_i' <Predicate = true> <Delay = 7.15> <CoreInst = "DDiv">   --->   Core 39 'DDiv' <Latency = 12> <II = 1> <Delay = 7.15> <FuncUnit> <Opcode : 'ddiv' 'drem'> <InPorts = 2> <OutPorts = 1>
ST_48 : Operation 204 [2/13] (7.15ns)   --->   "%ob2 = ddiv i64 1, i64 %Stt_loc_load" [main.cpp:174->main.cpp:272]   --->   Operation 204 'ddiv' 'ob2' <Predicate = true> <Delay = 7.15> <CoreInst = "DDiv">   --->   Core 39 'DDiv' <Latency = 12> <II = 1> <Delay = 7.15> <FuncUnit> <Opcode : 'ddiv' 'drem'> <InPorts = 2> <OutPorts = 1>

State 49 <SV = 48> <Delay = 7.15>
ST_49 : Operation 205 [9/13] (7.15ns)   --->   "%oneOverS = ddiv i64 1, i64 %S_loc_load" [main.cpp:135->main.cpp:272]   --->   Operation 205 'ddiv' 'oneOverS' <Predicate = true> <Delay = 7.15> <CoreInst = "DDiv">   --->   Core 39 'DDiv' <Latency = 12> <II = 1> <Delay = 7.15> <FuncUnit> <Opcode : 'ddiv' 'drem'> <InPorts = 2> <OutPorts = 1>
ST_49 : Operation 206 [5/13] (7.15ns)   --->   "%div22_i = ddiv i64 %Sx2, i64 %mul21_i" [main.cpp:173->main.cpp:272]   --->   Operation 206 'ddiv' 'div22_i' <Predicate = true> <Delay = 7.15> <CoreInst = "DDiv">   --->   Core 39 'DDiv' <Latency = 12> <II = 1> <Delay = 7.15> <FuncUnit> <Opcode : 'ddiv' 'drem'> <InPorts = 2> <OutPorts = 1>
ST_49 : Operation 207 [1/13] (7.15ns)   --->   "%ob2 = ddiv i64 1, i64 %Stt_loc_load" [main.cpp:174->main.cpp:272]   --->   Operation 207 'ddiv' 'ob2' <Predicate = true> <Delay = 7.15> <CoreInst = "DDiv">   --->   Core 39 'DDiv' <Latency = 12> <II = 1> <Delay = 7.15> <FuncUnit> <Opcode : 'ddiv' 'drem'> <InPorts = 2> <OutPorts = 1>

State 50 <SV = 49> <Delay = 7.15>
ST_50 : Operation 208 [8/13] (7.15ns)   --->   "%oneOverS = ddiv i64 1, i64 %S_loc_load" [main.cpp:135->main.cpp:272]   --->   Operation 208 'ddiv' 'oneOverS' <Predicate = true> <Delay = 7.15> <CoreInst = "DDiv">   --->   Core 39 'DDiv' <Latency = 12> <II = 1> <Delay = 7.15> <FuncUnit> <Opcode : 'ddiv' 'drem'> <InPorts = 2> <OutPorts = 1>
ST_50 : Operation 209 [4/13] (7.15ns)   --->   "%div22_i = ddiv i64 %Sx2, i64 %mul21_i" [main.cpp:173->main.cpp:272]   --->   Operation 209 'ddiv' 'div22_i' <Predicate = true> <Delay = 7.15> <CoreInst = "DDiv">   --->   Core 39 'DDiv' <Latency = 12> <II = 1> <Delay = 7.15> <FuncUnit> <Opcode : 'ddiv' 'drem'> <InPorts = 2> <OutPorts = 1>
ST_50 : Operation 210 [1/1] (0.00ns)   --->   "%bitcast_ln30_3 = bitcast i64 %ob2" [/opt/metis/el8/contrib/amdtools/xilinx-2023.1/Vitis_HLS/2023.1/common/technology/autopilot/hls_print.h:30->main.cpp:177->main.cpp:272]   --->   Operation 210 'bitcast' 'bitcast_ln30_3' <Predicate = true> <Delay = 0.00>
ST_50 : Operation 211 [1/1] (1.00ns)   --->   "%printdouble_ln30 = printdouble i32 16, i64 %bitcast_ln30_3" [/opt/metis/el8/contrib/amdtools/xilinx-2023.1/Vitis_HLS/2023.1/common/technology/autopilot/hls_print.h:30->main.cpp:177->main.cpp:272]   --->   Operation 211 'printdouble' 'printdouble_ln30' <Predicate = true> <Delay = 1.00> <CoreInst = "hlsPrintDouble">   --->   Core 139 'hlsPrintDouble' <Latency = 0> <II = 1> <Delay = 1.00> <FuncUnit> <Opcode : 'printdouble'> <InPorts = 0> <OutPorts = 0>

State 51 <SV = 50> <Delay = 7.15>
ST_51 : Operation 212 [7/13] (7.15ns)   --->   "%oneOverS = ddiv i64 1, i64 %S_loc_load" [main.cpp:135->main.cpp:272]   --->   Operation 212 'ddiv' 'oneOverS' <Predicate = true> <Delay = 7.15> <CoreInst = "DDiv">   --->   Core 39 'DDiv' <Latency = 12> <II = 1> <Delay = 7.15> <FuncUnit> <Opcode : 'ddiv' 'drem'> <InPorts = 2> <OutPorts = 1>
ST_51 : Operation 213 [3/13] (7.15ns)   --->   "%div22_i = ddiv i64 %Sx2, i64 %mul21_i" [main.cpp:173->main.cpp:272]   --->   Operation 213 'ddiv' 'div22_i' <Predicate = true> <Delay = 7.15> <CoreInst = "DDiv">   --->   Core 39 'DDiv' <Latency = 12> <II = 1> <Delay = 7.15> <FuncUnit> <Opcode : 'ddiv' 'drem'> <InPorts = 2> <OutPorts = 1>

State 52 <SV = 51> <Delay = 7.15>
ST_52 : Operation 214 [6/13] (7.15ns)   --->   "%oneOverS = ddiv i64 1, i64 %S_loc_load" [main.cpp:135->main.cpp:272]   --->   Operation 214 'ddiv' 'oneOverS' <Predicate = true> <Delay = 7.15> <CoreInst = "DDiv">   --->   Core 39 'DDiv' <Latency = 12> <II = 1> <Delay = 7.15> <FuncUnit> <Opcode : 'ddiv' 'drem'> <InPorts = 2> <OutPorts = 1>
ST_52 : Operation 215 [2/13] (7.15ns)   --->   "%div22_i = ddiv i64 %Sx2, i64 %mul21_i" [main.cpp:173->main.cpp:272]   --->   Operation 215 'ddiv' 'div22_i' <Predicate = true> <Delay = 7.15> <CoreInst = "DDiv">   --->   Core 39 'DDiv' <Latency = 12> <II = 1> <Delay = 7.15> <FuncUnit> <Opcode : 'ddiv' 'drem'> <InPorts = 2> <OutPorts = 1>

State 53 <SV = 52> <Delay = 7.15>
ST_53 : Operation 216 [5/13] (7.15ns)   --->   "%oneOverS = ddiv i64 1, i64 %S_loc_load" [main.cpp:135->main.cpp:272]   --->   Operation 216 'ddiv' 'oneOverS' <Predicate = true> <Delay = 7.15> <CoreInst = "DDiv">   --->   Core 39 'DDiv' <Latency = 12> <II = 1> <Delay = 7.15> <FuncUnit> <Opcode : 'ddiv' 'drem'> <InPorts = 2> <OutPorts = 1>
ST_53 : Operation 217 [1/13] (7.15ns)   --->   "%div22_i = ddiv i64 %Sx2, i64 %mul21_i" [main.cpp:173->main.cpp:272]   --->   Operation 217 'ddiv' 'div22_i' <Predicate = true> <Delay = 7.15> <CoreInst = "DDiv">   --->   Core 39 'DDiv' <Latency = 12> <II = 1> <Delay = 7.15> <FuncUnit> <Opcode : 'ddiv' 'drem'> <InPorts = 2> <OutPorts = 1>

State 54 <SV = 53> <Delay = 7.15>
ST_54 : Operation 218 [4/13] (7.15ns)   --->   "%oneOverS = ddiv i64 1, i64 %S_loc_load" [main.cpp:135->main.cpp:272]   --->   Operation 218 'ddiv' 'oneOverS' <Predicate = true> <Delay = 7.15> <CoreInst = "DDiv">   --->   Core 39 'DDiv' <Latency = 12> <II = 1> <Delay = 7.15> <FuncUnit> <Opcode : 'ddiv' 'drem'> <InPorts = 2> <OutPorts = 1>
ST_54 : [1/1] (0.62ns)   --->   Input mux for Operation 219 '%add23_i = dadd i64 %div22_i, i64 1'
ST_54 : Operation 219 [4/4] (4.52ns)   --->   "%add23_i = dadd i64 %div22_i, i64 1" [main.cpp:173->main.cpp:272]   --->   Operation 219 'dadd' 'add23_i' <Predicate = true> <Delay = 4.52> <CoreInst = "DAddSub_fulldsp">   --->   Core 37 'DAddSub_fulldsp' <Latency = 3> <II = 1> <Delay = 5.15> <FuncUnit> <Opcode : 'dadd' 'dsub'> <InPorts = 2> <OutPorts = 1>

State 55 <SV = 54> <Delay = 7.15>
ST_55 : Operation 220 [3/13] (7.15ns)   --->   "%oneOverS = ddiv i64 1, i64 %S_loc_load" [main.cpp:135->main.cpp:272]   --->   Operation 220 'ddiv' 'oneOverS' <Predicate = true> <Delay = 7.15> <CoreInst = "DDiv">   --->   Core 39 'DDiv' <Latency = 12> <II = 1> <Delay = 7.15> <FuncUnit> <Opcode : 'ddiv' 'drem'> <InPorts = 2> <OutPorts = 1>
ST_55 : Operation 221 [3/4] (5.15ns)   --->   "%add23_i = dadd i64 %div22_i, i64 1" [main.cpp:173->main.cpp:272]   --->   Operation 221 'dadd' 'add23_i' <Predicate = true> <Delay = 5.15> <CoreInst = "DAddSub_fulldsp">   --->   Core 37 'DAddSub_fulldsp' <Latency = 3> <II = 1> <Delay = 5.15> <FuncUnit> <Opcode : 'dadd' 'dsub'> <InPorts = 2> <OutPorts = 1>

State 56 <SV = 55> <Delay = 7.15>
ST_56 : Operation 222 [2/13] (7.15ns)   --->   "%oneOverS = ddiv i64 1, i64 %S_loc_load" [main.cpp:135->main.cpp:272]   --->   Operation 222 'ddiv' 'oneOverS' <Predicate = true> <Delay = 7.15> <CoreInst = "DDiv">   --->   Core 39 'DDiv' <Latency = 12> <II = 1> <Delay = 7.15> <FuncUnit> <Opcode : 'ddiv' 'drem'> <InPorts = 2> <OutPorts = 1>
ST_56 : Operation 223 [2/4] (5.15ns)   --->   "%add23_i = dadd i64 %div22_i, i64 1" [main.cpp:173->main.cpp:272]   --->   Operation 223 'dadd' 'add23_i' <Predicate = true> <Delay = 5.15> <CoreInst = "DAddSub_fulldsp">   --->   Core 37 'DAddSub_fulldsp' <Latency = 3> <II = 1> <Delay = 5.15> <FuncUnit> <Opcode : 'dadd' 'dsub'> <InPorts = 2> <OutPorts = 1>

State 57 <SV = 56> <Delay = 7.15>
ST_57 : Operation 224 [1/13] (7.15ns)   --->   "%oneOverS = ddiv i64 1, i64 %S_loc_load" [main.cpp:135->main.cpp:272]   --->   Operation 224 'ddiv' 'oneOverS' <Predicate = true> <Delay = 7.15> <CoreInst = "DDiv">   --->   Core 39 'DDiv' <Latency = 12> <II = 1> <Delay = 7.15> <FuncUnit> <Opcode : 'ddiv' 'drem'> <InPorts = 2> <OutPorts = 1>
ST_57 : Operation 225 [1/4] (5.15ns)   --->   "%add23_i = dadd i64 %div22_i, i64 1" [main.cpp:173->main.cpp:272]   --->   Operation 225 'dadd' 'add23_i' <Predicate = true> <Delay = 5.15> <CoreInst = "DAddSub_fulldsp">   --->   Core 37 'DAddSub_fulldsp' <Latency = 3> <II = 1> <Delay = 5.15> <FuncUnit> <Opcode : 'dadd' 'dsub'> <InPorts = 2> <OutPorts = 1>

State 58 <SV = 57> <Delay = 5.58>
ST_58 : [1/1] (0.65ns)   --->   Input mux for Operation 226 '%oa2 = dmul i64 %oneOverS, i64 %add23_i'
ST_58 : Operation 226 [4/4] (4.92ns)   --->   "%oa2 = dmul i64 %oneOverS, i64 %add23_i" [main.cpp:173->main.cpp:272]   --->   Operation 226 'dmul' 'oa2' <Predicate = true> <Delay = 4.92> <CoreInst = "DMul_maxdsp">   --->   Core 49 'DMul_maxdsp' <Latency = 3> <II = 1> <Delay = 5.58> <FuncUnit> <Opcode : 'dmul'> <InPorts = 2> <OutPorts = 1>

State 59 <SV = 58> <Delay = 5.58>
ST_59 : Operation 227 [3/4] (5.58ns)   --->   "%oa2 = dmul i64 %oneOverS, i64 %add23_i" [main.cpp:173->main.cpp:272]   --->   Operation 227 'dmul' 'oa2' <Predicate = true> <Delay = 5.58> <CoreInst = "DMul_maxdsp">   --->   Core 49 'DMul_maxdsp' <Latency = 3> <II = 1> <Delay = 5.58> <FuncUnit> <Opcode : 'dmul'> <InPorts = 2> <OutPorts = 1>

State 60 <SV = 59> <Delay = 5.58>
ST_60 : Operation 228 [2/4] (5.58ns)   --->   "%oa2 = dmul i64 %oneOverS, i64 %add23_i" [main.cpp:173->main.cpp:272]   --->   Operation 228 'dmul' 'oa2' <Predicate = true> <Delay = 5.58> <CoreInst = "DMul_maxdsp">   --->   Core 49 'DMul_maxdsp' <Latency = 3> <II = 1> <Delay = 5.58> <FuncUnit> <Opcode : 'dmul'> <InPorts = 2> <OutPorts = 1>

State 61 <SV = 60> <Delay = 6.58>
ST_61 : Operation 229 [1/1] (1.00ns)   --->   "%printnone_ln19 = printnone i32 0" [/opt/metis/el8/contrib/amdtools/xilinx-2023.1/Vitis_HLS/2023.1/common/technology/autopilot/hls_print.h:19->main.cpp:27->main.cpp:250]   --->   Operation 229 'printnone' 'printnone_ln19' <Predicate = true> <Delay = 1.00> <CoreInst = "hlsPrintNone">   --->   Core 137 'hlsPrintNone' <Latency = 0> <II = 1> <Delay = 1.00> <FuncUnit> <Opcode : 'printnone'> <InPorts = 0> <OutPorts = 0>
ST_61 : Operation 230 [1/1] (0.00ns)   --->   "%f_loc_load = load i64 %f_loc"   --->   Operation 230 'load' 'f_loc_load' <Predicate = true> <Delay = 0.00>
ST_61 : Operation 231 [1/4] (5.58ns)   --->   "%oa2 = dmul i64 %oneOverS, i64 %add23_i" [main.cpp:173->main.cpp:272]   --->   Operation 231 'dmul' 'oa2' <Predicate = true> <Delay = 5.58> <CoreInst = "DMul_maxdsp">   --->   Core 49 'DMul_maxdsp' <Latency = 3> <II = 1> <Delay = 5.58> <FuncUnit> <Opcode : 'dmul'> <InPorts = 2> <OutPorts = 1>
ST_61 : Operation 232 [1/1] (0.00ns)   --->   "%bitcast_ln30_2 = bitcast i64 %oa2" [/opt/metis/el8/contrib/amdtools/xilinx-2023.1/Vitis_HLS/2023.1/common/technology/autopilot/hls_print.h:30->main.cpp:176->main.cpp:272]   --->   Operation 232 'bitcast' 'bitcast_ln30_2' <Predicate = true> <Delay = 0.00>
ST_61 : Operation 233 [1/1] (1.00ns)   --->   "%printdouble_ln30 = printdouble i32 15, i64 %bitcast_ln30_2" [/opt/metis/el8/contrib/amdtools/xilinx-2023.1/Vitis_HLS/2023.1/common/technology/autopilot/hls_print.h:30->main.cpp:176->main.cpp:272]   --->   Operation 233 'printdouble' 'printdouble_ln30' <Predicate = true> <Delay = 1.00> <CoreInst = "hlsPrintDouble">   --->   Core 139 'hlsPrintDouble' <Latency = 0> <II = 1> <Delay = 1.00> <FuncUnit> <Opcode : 'printdouble'> <InPorts = 0> <OutPorts = 0>
ST_61 : Operation 234 [1/1] (0.00ns)   --->   "%bitcast_ln30_4 = bitcast i64 %f_loc_load" [/opt/metis/el8/contrib/amdtools/xilinx-2023.1/Vitis_HLS/2023.1/common/technology/autopilot/hls_print.h:30->main.cpp:275]   --->   Operation 234 'bitcast' 'bitcast_ln30_4' <Predicate = true> <Delay = 0.00>
ST_61 : Operation 235 [1/1] (1.00ns)   --->   "%printdouble_ln30 = printdouble i32 17, i64 %bitcast_ln30_4" [/opt/metis/el8/contrib/amdtools/xilinx-2023.1/Vitis_HLS/2023.1/common/technology/autopilot/hls_print.h:30->main.cpp:275]   --->   Operation 235 'printdouble' 'printdouble_ln30' <Predicate = true> <Delay = 1.00> <CoreInst = "hlsPrintDouble">   --->   Core 139 'hlsPrintDouble' <Latency = 0> <II = 1> <Delay = 1.00> <FuncUnit> <Opcode : 'printdouble'> <InPorts = 0> <OutPorts = 0>
ST_61 : Operation 236 [1/1] (0.00ns)   --->   "%ret_ln277 = ret" [main.cpp:277]   --->   Operation 236 'ret' 'ret_ln277' <Predicate = true> <Delay = 0.00>


============================================================
+ Verbose Summary: Timing violations
============================================================
Target clock period: 10.000ns, clock uncertainty: 2.700ns.

 <State 1>: 1.362ns
The critical path consists of the following:
	wire read operation ('size_read') on port 'size' [5]  (0.000 ns)
	'call' operation ('call_ln0') to 'fit_Pipeline_VITIS_LOOP_28_1' [18]  (1.362 ns)

 <State 2>: 1.362ns
The critical path consists of the following:
	'call' operation ('call_ln0') to 'fit_Pipeline_VITIS_LOOP_28_1' [18]  (1.362 ns)

 <State 3>: 5.470ns
The critical path consists of the following:
	'load' operation ('p_loc6_load') on local variable 'p_loc6' [22]  (0.000 ns)
	multiplexor before operation 'mul' with delay (0.544 ns)
'mul' operation ('sx2', main.cpp:251) [23]  (4.926 ns)

 <State 4>: 7.014ns
The critical path consists of the following:
	'sub' operation ('a1', main.cpp:253) [26]  (1.362 ns)
	multiplexor before operation 'sitodp' with delay (0.755 ns)
'sitodp' operation ('conv5', main.cpp:255) [29]  (4.897 ns)

 <State 5>: 5.652ns
The critical path consists of the following:
	'sitodp' operation ('conv5', main.cpp:255) [29]  (5.652 ns)

 <State 6>: 7.158ns
The critical path consists of the following:
	multiplexor before operation 'ddiv' with delay (0.755 ns)
'ddiv' operation ('a', main.cpp:255) [31]  (6.403 ns)

 <State 7>: 7.158ns
The critical path consists of the following:
	'ddiv' operation ('a', main.cpp:255) [31]  (7.158 ns)

 <State 8>: 7.158ns
The critical path consists of the following:
	'ddiv' operation ('a', main.cpp:255) [31]  (7.158 ns)

 <State 9>: 7.158ns
The critical path consists of the following:
	'ddiv' operation ('a', main.cpp:255) [31]  (7.158 ns)

 <State 10>: 7.158ns
The critical path consists of the following:
	'ddiv' operation ('a', main.cpp:255) [31]  (7.158 ns)

 <State 11>: 7.158ns
The critical path consists of the following:
	'ddiv' operation ('a', main.cpp:255) [31]  (7.158 ns)

 <State 12>: 7.158ns
The critical path consists of the following:
	'ddiv' operation ('a', main.cpp:255) [31]  (7.158 ns)

 <State 13>: 7.158ns
The critical path consists of the following:
	'ddiv' operation ('a', main.cpp:255) [31]  (7.158 ns)

 <State 14>: 7.158ns
The critical path consists of the following:
	'ddiv' operation ('a', main.cpp:255) [31]  (7.158 ns)

 <State 15>: 7.158ns
The critical path consists of the following:
	'ddiv' operation ('a', main.cpp:255) [31]  (7.158 ns)

 <State 16>: 7.158ns
The critical path consists of the following:
	'ddiv' operation ('a', main.cpp:255) [31]  (7.158 ns)

 <State 17>: 7.158ns
The critical path consists of the following:
	'ddiv' operation ('a', main.cpp:255) [31]  (7.158 ns)

 <State 18>: 7.158ns
The critical path consists of the following:
	'ddiv' operation ('a', main.cpp:255) [31]  (7.158 ns)

 <State 19>: 1.000ns
The critical path consists of the following:
	'printdouble' operation ('printdouble_ln30', /opt/metis/el8/contrib/amdtools/xilinx-2023.1/Vitis_HLS/2023.1/common/technology/autopilot/hls_print.h:30->main.cpp:263) [38]  (1.000 ns)

 <State 20>: 1.362ns
The critical path consists of the following:
	'call' operation ('call_ln0') to 'fit_Pipeline_VITIS_LOOP_53_1' [45]  (1.362 ns)

 <State 21>: 0.000ns
The critical path consists of the following:

 <State 22>: 7.158ns
The critical path consists of the following:
	'load' operation ('S_loc_load') on local variable 'S_loc' [44]  (0.000 ns)
	multiplexor before operation 'ddiv' with delay (0.755 ns)
'ddiv' operation ('SxoS', main.cpp:143->main.cpp:272) [47]  (6.403 ns)

 <State 23>: 7.158ns
The critical path consists of the following:
	'ddiv' operation ('SxoS', main.cpp:143->main.cpp:272) [47]  (7.158 ns)

 <State 24>: 7.158ns
The critical path consists of the following:
	'ddiv' operation ('SxoS', main.cpp:143->main.cpp:272) [47]  (7.158 ns)

 <State 25>: 7.158ns
The critical path consists of the following:
	'ddiv' operation ('SxoS', main.cpp:143->main.cpp:272) [47]  (7.158 ns)

 <State 26>: 7.158ns
The critical path consists of the following:
	'ddiv' operation ('SxoS', main.cpp:143->main.cpp:272) [47]  (7.158 ns)

 <State 27>: 7.158ns
The critical path consists of the following:
	'ddiv' operation ('SxoS', main.cpp:143->main.cpp:272) [47]  (7.158 ns)

 <State 28>: 7.158ns
The critical path consists of the following:
	'ddiv' operation ('SxoS', main.cpp:143->main.cpp:272) [47]  (7.158 ns)

 <State 29>: 7.158ns
The critical path consists of the following:
	'ddiv' operation ('SxoS', main.cpp:143->main.cpp:272) [47]  (7.158 ns)

 <State 30>: 7.158ns
The critical path consists of the following:
	'ddiv' operation ('SxoS', main.cpp:143->main.cpp:272) [47]  (7.158 ns)

 <State 31>: 7.158ns
The critical path consists of the following:
	'ddiv' operation ('SxoS', main.cpp:143->main.cpp:272) [47]  (7.158 ns)

 <State 32>: 7.158ns
The critical path consists of the following:
	'ddiv' operation ('SxoS', main.cpp:143->main.cpp:272) [47]  (7.158 ns)

 <State 33>: 7.158ns
The critical path consists of the following:
	'ddiv' operation ('SxoS', main.cpp:143->main.cpp:272) [47]  (7.158 ns)

 <State 34>: 7.158ns
The critical path consists of the following:
	'ddiv' operation ('SxoS', main.cpp:143->main.cpp:272) [47]  (7.158 ns)

 <State 35>: 7.158ns
The critical path consists of the following:
	'ddiv' operation ('term1', main.cpp:127->main.cpp:272) [54]  (7.158 ns)

 <State 36>: 7.158ns
The critical path consists of the following:
	'ddiv' operation ('term1', main.cpp:127->main.cpp:272) [54]  (7.158 ns)

 <State 37>: 7.158ns
The critical path consists of the following:
	'load' operation ('Stt_loc_load') on local variable 'Stt_loc' [49]  (0.000 ns)
	multiplexor before operation 'ddiv' with delay (0.755 ns)
'ddiv' operation ('ob2', main.cpp:174->main.cpp:272) [61]  (6.403 ns)

 <State 38>: 7.158ns
The critical path consists of the following:
	'ddiv' operation ('ob2', main.cpp:174->main.cpp:272) [61]  (7.158 ns)

 <State 39>: 7.158ns
The critical path consists of the following:
	'ddiv' operation ('ob2', main.cpp:174->main.cpp:272) [61]  (7.158 ns)

 <State 40>: 7.158ns
The critical path consists of the following:
	'ddiv' operation ('ob2', main.cpp:174->main.cpp:272) [61]  (7.158 ns)

 <State 41>: 7.158ns
The critical path consists of the following:
	multiplexor before operation 'ddiv' with delay (0.755 ns)
'ddiv' operation ('div22_i', main.cpp:173->main.cpp:272) [58]  (6.403 ns)

 <State 42>: 7.158ns
The critical path consists of the following:
	'ddiv' operation ('div22_i', main.cpp:173->main.cpp:272) [58]  (7.158 ns)

 <State 43>: 7.158ns
The critical path consists of the following:
	'ddiv' operation ('div22_i', main.cpp:173->main.cpp:272) [58]  (7.158 ns)

 <State 44>: 7.158ns
The critical path consists of the following:
	'ddiv' operation ('div22_i', main.cpp:173->main.cpp:272) [58]  (7.158 ns)

 <State 45>: 7.158ns
The critical path consists of the following:
	multiplexor before operation 'ddiv' with delay (0.755 ns)
'ddiv' operation ('oneOverS', main.cpp:135->main.cpp:272) [55]  (6.403 ns)

 <State 46>: 7.158ns
The critical path consists of the following:
	'ddiv' operation ('oneOverS', main.cpp:135->main.cpp:272) [55]  (7.158 ns)

 <State 47>: 7.158ns
The critical path consists of the following:
	'ddiv' operation ('oneOverS', main.cpp:135->main.cpp:272) [55]  (7.158 ns)

 <State 48>: 7.158ns
The critical path consists of the following:
	'ddiv' operation ('oneOverS', main.cpp:135->main.cpp:272) [55]  (7.158 ns)

 <State 49>: 7.158ns
The critical path consists of the following:
	'ddiv' operation ('oneOverS', main.cpp:135->main.cpp:272) [55]  (7.158 ns)

 <State 50>: 7.158ns
The critical path consists of the following:
	'ddiv' operation ('oneOverS', main.cpp:135->main.cpp:272) [55]  (7.158 ns)

 <State 51>: 7.158ns
The critical path consists of the following:
	'ddiv' operation ('oneOverS', main.cpp:135->main.cpp:272) [55]  (7.158 ns)

 <State 52>: 7.158ns
The critical path consists of the following:
	'ddiv' operation ('oneOverS', main.cpp:135->main.cpp:272) [55]  (7.158 ns)

 <State 53>: 7.158ns
The critical path consists of the following:
	'ddiv' operation ('oneOverS', main.cpp:135->main.cpp:272) [55]  (7.158 ns)

 <State 54>: 7.158ns
The critical path consists of the following:
	'ddiv' operation ('oneOverS', main.cpp:135->main.cpp:272) [55]  (7.158 ns)

 <State 55>: 7.158ns
The critical path consists of the following:
	'ddiv' operation ('oneOverS', main.cpp:135->main.cpp:272) [55]  (7.158 ns)

 <State 56>: 7.158ns
The critical path consists of the following:
	'ddiv' operation ('oneOverS', main.cpp:135->main.cpp:272) [55]  (7.158 ns)

 <State 57>: 7.158ns
The critical path consists of the following:
	'ddiv' operation ('oneOverS', main.cpp:135->main.cpp:272) [55]  (7.158 ns)

 <State 58>: 5.580ns
The critical path consists of the following:
	multiplexor before operation 'dmul' with delay (0.657 ns)
'dmul' operation ('oa2', main.cpp:173->main.cpp:272) [60]  (4.923 ns)

 <State 59>: 5.580ns
The critical path consists of the following:
	'dmul' operation ('oa2', main.cpp:173->main.cpp:272) [60]  (5.580 ns)

 <State 60>: 5.580ns
The critical path consists of the following:
	'dmul' operation ('oa2', main.cpp:173->main.cpp:272) [60]  (5.580 ns)

 <State 61>: 6.580ns
The critical path consists of the following:
	'dmul' operation ('oa2', main.cpp:173->main.cpp:272) [60]  (5.580 ns)
	'printdouble' operation ('printdouble_ln30', /opt/metis/el8/contrib/amdtools/xilinx-2023.1/Vitis_HLS/2023.1/common/technology/autopilot/hls_print.h:30->main.cpp:176->main.cpp:272) [63]  (1.000 ns)


============================================================
+ Verbose Summary: Binding
============================================================
N/A
* FSMD analyzer results:
  - Output states:
 - Input state : 
  - Chain level:
	State 1
	State 2
	State 3
	State 4
	State 5
	State 6
	State 7
	State 8
	State 9
	State 10
	State 11
	State 12
	State 13
	State 14
	State 15
	State 16
	State 17
	State 18
	State 19
	State 20
	State 21
	State 22
	State 23
	State 24
	State 25
	State 26
	State 27
	State 28
	State 29
	State 30
	State 31
	State 32
	State 33
	State 34
	State 35
	State 36
	State 37
	State 38
	State 39
	State 40
	State 41
	State 42
	State 43
	State 44
	State 45
	State 46
	State 47
	State 48
	State 49
	State 50
	State 51
	State 52
	State 53
	State 54
	State 55
	State 56
	State 57
	State 58
	State 59
	State 60
	State 61


============================================================
+ Verbose Summary: Datapath Resource usage 
============================================================
N/A
