

================================================================
== Vitis HLS Report for 'fit_Pipeline_VITIS_LOOP_100_1'
================================================================
* Date:           Thu Feb 27 15:25:43 2025

* Version:        2023.1 (Build 3854077 on May  4 2023)
* Project:        hls_fit
* Solution:       solution1 (Vitis Kernel Flow Target)
* Product family: virtexuplus
* Target device:  xcvu11p-flga2577-1-e


================================================================
== Performance Estimates
================================================================
+ Timing: 
    * Summary: 
    +--------+----------+----------+------------+
    |  Clock |  Target  | Estimated| Uncertainty|
    +--------+----------+----------+------------+
    |ap_clk  |  10.00 ns|  7.158 ns|     2.70 ns|
    +--------+----------+----------+------------+

+ Latency: 
    * Summary: 
    +---------+---------+----------+-----------+-----+------+---------+
    |  Latency (cycles) |  Latency (absolute)  |  Interval  | Pipeline|
    |   min   |   max   |    min   |    max    | min |  max |   Type  |
    +---------+---------+----------+-----------+-----+------+---------+
    |      304|     1348|  3.040 us|  13.480 us|  304|  1348|       no|
    +---------+---------+----------+-----------+-----+------+---------+

    + Detail: 
        * Instance: 
        N/A

        * Loop: 
        +--------------------+---------+---------+----------+-----------+-----------+----------+----------+
        |                    |  Latency (cycles) | Iteration|  Initiation Interval  |   Trip   |          |
        |      Loop Name     |   min   |   max   |  Latency |  achieved |   target  |   Count  | Pipelined|
        +--------------------+---------+---------+----------+-----------+-----------+----------+----------+
        |- VITIS_LOOP_100_1  |      302|     1346|        24|          3|          1|  94 ~ 442|       yes|
        +--------------------+---------+---------+----------+-----------+-----------+----------+----------+



================================================================
== Utilization Estimates
================================================================
* Summary: 
+---------------------+---------+------+---------+---------+-----+
|         Name        | BRAM_18K|  DSP |    FF   |   LUT   | URAM|
+---------------------+---------+------+---------+---------+-----+
|DSP                  |        -|     -|        -|        -|    -|
|Expression           |        -|     -|        0|       34|    -|
|FIFO                 |        -|     -|        -|        -|    -|
|Instance             |        -|     -|        -|        -|    -|
|Memory               |        -|     -|        -|        -|    -|
|Multiplexer          |        -|     -|        -|       83|    -|
|Register             |        -|     -|      348|       32|    -|
+---------------------+---------+------+---------+---------+-----+
|Total                |        0|     0|      348|      149|    0|
+---------------------+---------+------+---------+---------+-----+
|Available SLR        |     1344|  3072|   864000|   432000|  320|
+---------------------+---------+------+---------+---------+-----+
|Utilization SLR (%)  |        0|     0|       ~0|       ~0|    0|
+---------------------+---------+------+---------+---------+-----+
|Available            |     4032|  9216|  2592000|  1296000|  960|
+---------------------+---------+------+---------+---------+-----+
|Utilization (%)      |        0|     0|       ~0|       ~0|    0|
+---------------------+---------+------+---------+---------+-----+

+ Detail: 
    * Instance: 
    +-------------------------------+---------------------------+---------+----+---+----+-----+
    |            Instance           |           Module          | BRAM_18K| DSP| FF| LUT| URAM|
    +-------------------------------+---------------------------+---------+----+---+----+-----+
    |sitodp_64ns_64_2_no_dsp_1_U23  |sitodp_64ns_64_2_no_dsp_1  |        0|   0|  0|   0|    0|
    +-------------------------------+---------------------------+---------+----+---+----+-----+
    |Total                          |                           |        0|   0|  0|   0|    0|
    +-------------------------------+---------------------------+---------+----+---+----+-----+

    * DSP: 
    N/A

    * Memory: 
    N/A

    * FIFO: 
    N/A

    * Expression: 
    +----------------------+----------+----+---+----+------------+------------+
    |     Variable Name    | Operation| DSP| FF| LUT| Bitwidth P0| Bitwidth P1|
    +----------------------+----------+----+---+----+------------+------------+
    |add_ln100_fu_109_p2   |         +|   0|  0|  16|           9|           1|
    |icmp_ln100_fu_103_p2  |      icmp|   0|  0|  16|           9|           9|
    |ap_enable_pp0         |       xor|   0|  0|   2|           1|           2|
    +----------------------+----------+----+---+----+------------+------------+
    |Total                 |          |   0|  0|  34|          19|          12|
    +----------------------+----------+----+---+----+------------+------------+

    * Multiplexer: 
    +-------------------------+----+-----------+-----+-----------+
    |           Name          | LUT| Input Size| Bits| Total Bits|
    +-------------------------+----+-----------+-----+-----------+
    |S_fu_40                  |   9|          2|   64|        128|
    |ap_NS_fsm                |  20|          4|    1|          4|
    |ap_done_int              |   9|          2|    1|          2|
    |ap_enable_reg_pp0_iter0  |   9|          2|    1|          2|
    |ap_enable_reg_pp0_iter1  |   9|          2|    1|          2|
    |ap_sig_allocacmp_S_load  |   9|          2|   64|        128|
    |ap_sig_allocacmp_i       |   9|          2|    9|         18|
    |i_2_fu_44                |   9|          2|    9|         18|
    +-------------------------+----+-----------+-----+-----------+
    |Total                    |  83|         18|  150|        302|
    +-------------------------+----+-----------+-----+-----------+

    * Register: 
    +----------------------------------+----+----+-----+-----------+
    |               Name               | FF | LUT| Bits| Const Bits|
    +----------------------------------+----+----+-----+-----------+
    |S_fu_40                           |  64|   0|   64|          0|
    |ap_CS_fsm                         |   3|   0|    3|          0|
    |ap_done_reg                       |   1|   0|    1|          0|
    |ap_enable_reg_pp0_iter0_reg       |   1|   0|    1|          0|
    |ap_enable_reg_pp0_iter1           |   1|   0|    1|          0|
    |ap_enable_reg_pp0_iter2           |   1|   0|    1|          0|
    |ap_enable_reg_pp0_iter3           |   1|   0|    1|          0|
    |ap_enable_reg_pp0_iter4           |   1|   0|    1|          0|
    |ap_enable_reg_pp0_iter5           |   1|   0|    1|          0|
    |ap_enable_reg_pp0_iter6           |   1|   0|    1|          0|
    |ap_enable_reg_pp0_iter7           |   1|   0|    1|          0|
    |ap_loop_exit_ready_pp0_iter1_reg  |   1|   0|    1|          0|
    |ap_loop_exit_ready_pp0_iter2_reg  |   1|   0|    1|          0|
    |ap_loop_exit_ready_pp0_iter3_reg  |   1|   0|    1|          0|
    |ap_loop_exit_ready_pp0_iter4_reg  |   1|   0|    1|          0|
    |ap_loop_exit_ready_pp0_iter5_reg  |   1|   0|    1|          0|
    |ap_loop_exit_ready_pp0_iter6_reg  |   1|   0|    1|          0|
    |i_2_fu_44                         |   9|   0|    9|          0|
    |icmp_ln100_reg_158                |   1|   0|    1|          0|
    |mul_i_i_reg_183                   |  64|   0|   64|          0|
    |overSig_reg_177                   |  64|   0|   64|          0|
    |sig_reg_172                       |  64|   0|   64|          0|
    |icmp_ln100_reg_158                |  64|  32|    1|          0|
    +----------------------------------+----+----+-----+-----------+
    |Total                             | 348|  32|  285|          0|
    +----------------------------------+----+----+-----+-----------+



================================================================
== Interface
================================================================
* Summary: 
+---------------------+-----+-----+------------+-------------------------------+--------------+
|      RTL Ports      | Dir | Bits|  Protocol  |         Source Object         |    C Type    |
+---------------------+-----+-----+------------+-------------------------------+--------------+
|ap_clk               |   in|    1|  ap_ctrl_hs|  fit_Pipeline_VITIS_LOOP_100_1|  return value|
|ap_rst               |   in|    1|  ap_ctrl_hs|  fit_Pipeline_VITIS_LOOP_100_1|  return value|
|ap_start             |   in|    1|  ap_ctrl_hs|  fit_Pipeline_VITIS_LOOP_100_1|  return value|
|ap_done              |  out|    1|  ap_ctrl_hs|  fit_Pipeline_VITIS_LOOP_100_1|  return value|
|ap_idle              |  out|    1|  ap_ctrl_hs|  fit_Pipeline_VITIS_LOOP_100_1|  return value|
|ap_ready             |  out|    1|  ap_ctrl_hs|  fit_Pipeline_VITIS_LOOP_100_1|  return value|
|grp_fu_142_p_din0    |  out|   64|  ap_ctrl_hs|  fit_Pipeline_VITIS_LOOP_100_1|  return value|
|grp_fu_142_p_din1    |  out|   64|  ap_ctrl_hs|  fit_Pipeline_VITIS_LOOP_100_1|  return value|
|grp_fu_142_p_opcode  |  out|    1|  ap_ctrl_hs|  fit_Pipeline_VITIS_LOOP_100_1|  return value|
|grp_fu_142_p_dout0   |   in|   64|  ap_ctrl_hs|  fit_Pipeline_VITIS_LOOP_100_1|  return value|
|grp_fu_142_p_ce      |  out|    1|  ap_ctrl_hs|  fit_Pipeline_VITIS_LOOP_100_1|  return value|
|grp_fu_147_p_din0    |  out|   64|  ap_ctrl_hs|  fit_Pipeline_VITIS_LOOP_100_1|  return value|
|grp_fu_147_p_din1    |  out|   64|  ap_ctrl_hs|  fit_Pipeline_VITIS_LOOP_100_1|  return value|
|grp_fu_147_p_dout0   |   in|   64|  ap_ctrl_hs|  fit_Pipeline_VITIS_LOOP_100_1|  return value|
|grp_fu_147_p_ce      |  out|    1|  ap_ctrl_hs|  fit_Pipeline_VITIS_LOOP_100_1|  return value|
|grp_fu_164_p_din0    |  out|   64|  ap_ctrl_hs|  fit_Pipeline_VITIS_LOOP_100_1|  return value|
|grp_fu_164_p_din1    |  out|   64|  ap_ctrl_hs|  fit_Pipeline_VITIS_LOOP_100_1|  return value|
|grp_fu_164_p_dout0   |   in|   64|  ap_ctrl_hs|  fit_Pipeline_VITIS_LOOP_100_1|  return value|
|grp_fu_164_p_ce      |  out|    1|  ap_ctrl_hs|  fit_Pipeline_VITIS_LOOP_100_1|  return value|
|size                 |   in|    9|     ap_none|                           size|        scalar|
|arrsigs_address0     |  out|   10|   ap_memory|                        arrsigs|         array|
|arrsigs_ce0          |  out|    1|   ap_memory|                        arrsigs|         array|
|arrsigs_q0           |   in|    6|   ap_memory|                        arrsigs|         array|
|S_out                |  out|   64|      ap_vld|                          S_out|       pointer|
|S_out_ap_vld         |  out|    1|      ap_vld|                          S_out|       pointer|
+---------------------+-----+-----+------------+-------------------------------+--------------+

============================================================
+ Verbose Summary: Synthesis Manager
============================================================
InlineROM: 1
ExposeGlobal: 0
============================================================
+ Verbose Summary: CDFG Model
============================================================
IsTopModel: 0
ResetActiveHigh: 1
IsCombinational: 2
IsDatapathOnly: 2
HasWiredReturn: 1
HasMFsm: 2
HasVarLatency: 1
IsPipeline: 0
IsRtlPipelined: 0
IsInstanceOverlapped: 0
IsDontTouch: 0
HasImplIP: 0
IsGatedGlobalClock: 0

+ Individual pipeline summary: 
  * Pipeline-0: initiation interval (II) = 3, depth = 24


============================================================
+ Verbose Summary: Schedule
============================================================
* Number of FSM states : 24
* Pipeline : 1
  Pipeline-0 : II = 3, D = 24, States = { 1 2 3 4 5 6 7 8 9 10 11 12 13 14 15 16 17 18 19 20 21 22 23 24 }
* Dataflow Pipeline: 0

* FSM state transitions: 
1 --> 2 
2 --> 3 
3 --> 4 
4 --> 5 
5 --> 6 
6 --> 7 
7 --> 8 
8 --> 9 
9 --> 10 
10 --> 11 
11 --> 12 
12 --> 13 
13 --> 14 
14 --> 15 
15 --> 16 
16 --> 17 
17 --> 18 
18 --> 19 
19 --> 20 
20 --> 21 
21 --> 22 
22 --> 23 
23 --> 24 
24 --> 

* FSM state operations: 

State 1 <SV = 0> <Delay = 1.36>
ST_1 : Operation 27 [1/1] (0.00ns)   --->   "%S = alloca i32 1"   --->   Operation 27 'alloca' 'S' <Predicate = true> <Delay = 0.00>
ST_1 : Operation 28 [1/1] (0.00ns)   --->   "%i_2 = alloca i32 1"   --->   Operation 28 'alloca' 'i_2' <Predicate = true> <Delay = 0.00>
ST_1 : Operation 29 [1/1] (0.00ns)   --->   "%size_read = read i9 @_ssdm_op_Read.ap_auto.i9, i9 %size"   --->   Operation 29 'read' 'size_read' <Predicate = true> <Delay = 0.00>
ST_1 : Operation 30 [1/1] (0.46ns)   --->   "%store_ln0 = store i9 0, i9 %i_2"   --->   Operation 30 'store' 'store_ln0' <Predicate = true> <Delay = 0.46>
ST_1 : Operation 31 [1/1] (0.46ns)   --->   "%store_ln0 = store i64 0, i64 %S"   --->   Operation 31 'store' 'store_ln0' <Predicate = true> <Delay = 0.46>
ST_1 : Operation 32 [1/1] (0.00ns)   --->   "%br_ln0 = br void %for.inc.i.i"   --->   Operation 32 'br' 'br_ln0' <Predicate = true> <Delay = 0.00>
ST_1 : Operation 33 [1/1] (0.00ns)   --->   "%i = load i9 %i_2" [main.cpp:100->main.cpp:133->main.cpp:272]   --->   Operation 33 'load' 'i' <Predicate = true> <Delay = 0.00>
ST_1 : Operation 34 [1/1] (0.00ns)   --->   "%specpipeline_ln0 = specpipeline void @_ssdm_op_SpecPipeline, i32 4294967295, i32 0, i32 1, i32 0, void @p_str3"   --->   Operation 34 'specpipeline' 'specpipeline_ln0' <Predicate = true> <Delay = 0.00>
ST_1 : Operation 35 [1/1] (0.90ns)   --->   "%icmp_ln100 = icmp_eq  i9 %i, i9 %size_read" [main.cpp:100->main.cpp:133->main.cpp:272]   --->   Operation 35 'icmp' 'icmp_ln100' <Predicate = true> <Delay = 0.90> <CoreInst = "Cmp">   --->   Core 9 'Cmp' <Latency = 0> <II = 1> <Delay = 0.90> <FuncUnit> <Opcode : 'icmp'> <InPorts = 2> <OutPorts = 1>
ST_1 : Operation 36 [1/1] (0.00ns)   --->   "%speclooptripcount_ln0 = speclooptripcount void @_ssdm_op_SpecLoopTripCount, i64 94, i64 442, i64 0"   --->   Operation 36 'speclooptripcount' 'speclooptripcount_ln0' <Predicate = true> <Delay = 0.00>
ST_1 : Operation 37 [1/1] (0.90ns)   --->   "%add_ln100 = add i9 %i, i9 1" [main.cpp:100->main.cpp:133->main.cpp:272]   --->   Operation 37 'add' 'add_ln100' <Predicate = true> <Delay = 0.90> <CoreInst = "Adder">   --->   Core 1 'Adder' <Latency = 0> <II = 1> <Delay = 0.90> <FuncUnit> <Opcode : 'add' 'sub'> <InPorts = 2> <OutPorts = 1>
ST_1 : Operation 38 [1/1] (0.00ns)   --->   "%br_ln100 = br i1 %icmp_ln100, void %for.inc.i.i.split, void %for.inc.i17.i.preheader.exitStub" [main.cpp:100->main.cpp:133->main.cpp:272]   --->   Operation 38 'br' 'br_ln100' <Predicate = true> <Delay = 0.00>
ST_1 : Operation 39 [1/1] (0.00ns)   --->   "%i_2_cast = zext i9 %i" [main.cpp:100->main.cpp:133->main.cpp:272]   --->   Operation 39 'zext' 'i_2_cast' <Predicate = (!icmp_ln100)> <Delay = 0.00>
ST_1 : Operation 40 [1/1] (0.00ns)   --->   "%arrsigs_addr = getelementptr i6 %arrsigs, i64 0, i64 %i_2_cast" [main.cpp:101->main.cpp:133->main.cpp:272]   --->   Operation 40 'getelementptr' 'arrsigs_addr' <Predicate = (!icmp_ln100)> <Delay = 0.00>
ST_1 : Operation 41 [2/2] (1.29ns)   --->   "%arrsigs_load = load i10 %arrsigs_addr" [main.cpp:101->main.cpp:133->main.cpp:272]   --->   Operation 41 'load' 'arrsigs_load' <Predicate = (!icmp_ln100)> <Delay = 1.29> <CoreInst = "RAM">   --->   Core 83 'RAM' <Latency = 1> <II = 1> <Delay = 1.29> <Storage> <Opcode : 'load' 'store'> <Ports = 2> <Width = 6> <Depth = 1024> <RAM>
ST_1 : Operation 42 [1/1] (0.46ns)   --->   "%store_ln100 = store i9 %add_ln100, i9 %i_2" [main.cpp:100->main.cpp:133->main.cpp:272]   --->   Operation 42 'store' 'store_ln100' <Predicate = (!icmp_ln100)> <Delay = 0.46>

State 2 <SV = 1> <Delay = 6.94>
ST_2 : Operation 43 [1/2] (1.29ns)   --->   "%arrsigs_load = load i10 %arrsigs_addr" [main.cpp:101->main.cpp:133->main.cpp:272]   --->   Operation 43 'load' 'arrsigs_load' <Predicate = (!icmp_ln100)> <Delay = 1.29> <CoreInst = "RAM">   --->   Core 83 'RAM' <Latency = 1> <II = 1> <Delay = 1.29> <Storage> <Opcode : 'load' 'store'> <Ports = 2> <Width = 6> <Depth = 1024> <RAM>
ST_2 : Operation 44 [1/1] (0.00ns)   --->   "%zext_ln101 = zext i6 %arrsigs_load" [main.cpp:101->main.cpp:133->main.cpp:272]   --->   Operation 44 'zext' 'zext_ln101' <Predicate = (!icmp_ln100)> <Delay = 0.00>
ST_2 : [1/1] (0.75ns)   --->   Input mux for Operation 45 '%sig = sitodp i64 %zext_ln101'
ST_2 : Operation 45 [2/2] (4.89ns)   --->   "%sig = sitodp i64 %zext_ln101" [main.cpp:101->main.cpp:133->main.cpp:272]   --->   Operation 45 'sitodp' 'sig' <Predicate = (!icmp_ln100)> <Delay = 4.89> <CoreInst = "Int2Double">   --->   Core 66 'Int2Double' <Latency = 1> <II = 1> <Delay = 5.65> <FuncUnit> <Opcode : 'sitodp' 'uitodp'> <InPorts = 1> <OutPorts = 1>

State 3 <SV = 2> <Delay = 5.65>
ST_3 : Operation 46 [1/2] (5.65ns)   --->   "%sig = sitodp i64 %zext_ln101" [main.cpp:101->main.cpp:133->main.cpp:272]   --->   Operation 46 'sitodp' 'sig' <Predicate = (!icmp_ln100)> <Delay = 5.65> <CoreInst = "Int2Double">   --->   Core 66 'Int2Double' <Latency = 1> <II = 1> <Delay = 5.65> <FuncUnit> <Opcode : 'sitodp' 'uitodp'> <InPorts = 1> <OutPorts = 1>

State 4 <SV = 3> <Delay = 7.15>
ST_4 : [1/1] (0.75ns)   --->   Input mux for Operation 47 '%overSig = ddiv i64 1, i64 %sig'
ST_4 : Operation 47 [13/13] (6.40ns)   --->   "%overSig = ddiv i64 1, i64 %sig" [main.cpp:102->main.cpp:133->main.cpp:272]   --->   Operation 47 'ddiv' 'overSig' <Predicate = true> <Delay = 6.40> <CoreInst = "DDiv">   --->   Core 39 'DDiv' <Latency = 12> <II = 1> <Delay = 7.15> <FuncUnit> <Opcode : 'ddiv' 'drem'> <InPorts = 2> <OutPorts = 1>

State 5 <SV = 4> <Delay = 7.15>
ST_5 : Operation 48 [12/13] (7.15ns)   --->   "%overSig = ddiv i64 1, i64 %sig" [main.cpp:102->main.cpp:133->main.cpp:272]   --->   Operation 48 'ddiv' 'overSig' <Predicate = true> <Delay = 7.15> <CoreInst = "DDiv">   --->   Core 39 'DDiv' <Latency = 12> <II = 1> <Delay = 7.15> <FuncUnit> <Opcode : 'ddiv' 'drem'> <InPorts = 2> <OutPorts = 1>

State 6 <SV = 5> <Delay = 7.15>
ST_6 : Operation 49 [11/13] (7.15ns)   --->   "%overSig = ddiv i64 1, i64 %sig" [main.cpp:102->main.cpp:133->main.cpp:272]   --->   Operation 49 'ddiv' 'overSig' <Predicate = true> <Delay = 7.15> <CoreInst = "DDiv">   --->   Core 39 'DDiv' <Latency = 12> <II = 1> <Delay = 7.15> <FuncUnit> <Opcode : 'ddiv' 'drem'> <InPorts = 2> <OutPorts = 1>

State 7 <SV = 6> <Delay = 7.15>
ST_7 : Operation 50 [10/13] (7.15ns)   --->   "%overSig = ddiv i64 1, i64 %sig" [main.cpp:102->main.cpp:133->main.cpp:272]   --->   Operation 50 'ddiv' 'overSig' <Predicate = true> <Delay = 7.15> <CoreInst = "DDiv">   --->   Core 39 'DDiv' <Latency = 12> <II = 1> <Delay = 7.15> <FuncUnit> <Opcode : 'ddiv' 'drem'> <InPorts = 2> <OutPorts = 1>

State 8 <SV = 7> <Delay = 7.15>
ST_8 : Operation 51 [9/13] (7.15ns)   --->   "%overSig = ddiv i64 1, i64 %sig" [main.cpp:102->main.cpp:133->main.cpp:272]   --->   Operation 51 'ddiv' 'overSig' <Predicate = true> <Delay = 7.15> <CoreInst = "DDiv">   --->   Core 39 'DDiv' <Latency = 12> <II = 1> <Delay = 7.15> <FuncUnit> <Opcode : 'ddiv' 'drem'> <InPorts = 2> <OutPorts = 1>

State 9 <SV = 8> <Delay = 7.15>
ST_9 : Operation 52 [8/13] (7.15ns)   --->   "%overSig = ddiv i64 1, i64 %sig" [main.cpp:102->main.cpp:133->main.cpp:272]   --->   Operation 52 'ddiv' 'overSig' <Predicate = true> <Delay = 7.15> <CoreInst = "DDiv">   --->   Core 39 'DDiv' <Latency = 12> <II = 1> <Delay = 7.15> <FuncUnit> <Opcode : 'ddiv' 'drem'> <InPorts = 2> <OutPorts = 1>

State 10 <SV = 9> <Delay = 7.15>
ST_10 : Operation 53 [7/13] (7.15ns)   --->   "%overSig = ddiv i64 1, i64 %sig" [main.cpp:102->main.cpp:133->main.cpp:272]   --->   Operation 53 'ddiv' 'overSig' <Predicate = true> <Delay = 7.15> <CoreInst = "DDiv">   --->   Core 39 'DDiv' <Latency = 12> <II = 1> <Delay = 7.15> <FuncUnit> <Opcode : 'ddiv' 'drem'> <InPorts = 2> <OutPorts = 1>

State 11 <SV = 10> <Delay = 7.15>
ST_11 : Operation 54 [6/13] (7.15ns)   --->   "%overSig = ddiv i64 1, i64 %sig" [main.cpp:102->main.cpp:133->main.cpp:272]   --->   Operation 54 'ddiv' 'overSig' <Predicate = true> <Delay = 7.15> <CoreInst = "DDiv">   --->   Core 39 'DDiv' <Latency = 12> <II = 1> <Delay = 7.15> <FuncUnit> <Opcode : 'ddiv' 'drem'> <InPorts = 2> <OutPorts = 1>

State 12 <SV = 11> <Delay = 7.15>
ST_12 : Operation 55 [5/13] (7.15ns)   --->   "%overSig = ddiv i64 1, i64 %sig" [main.cpp:102->main.cpp:133->main.cpp:272]   --->   Operation 55 'ddiv' 'overSig' <Predicate = true> <Delay = 7.15> <CoreInst = "DDiv">   --->   Core 39 'DDiv' <Latency = 12> <II = 1> <Delay = 7.15> <FuncUnit> <Opcode : 'ddiv' 'drem'> <InPorts = 2> <OutPorts = 1>

State 13 <SV = 12> <Delay = 7.15>
ST_13 : Operation 56 [4/13] (7.15ns)   --->   "%overSig = ddiv i64 1, i64 %sig" [main.cpp:102->main.cpp:133->main.cpp:272]   --->   Operation 56 'ddiv' 'overSig' <Predicate = true> <Delay = 7.15> <CoreInst = "DDiv">   --->   Core 39 'DDiv' <Latency = 12> <II = 1> <Delay = 7.15> <FuncUnit> <Opcode : 'ddiv' 'drem'> <InPorts = 2> <OutPorts = 1>

State 14 <SV = 13> <Delay = 7.15>
ST_14 : Operation 57 [3/13] (7.15ns)   --->   "%overSig = ddiv i64 1, i64 %sig" [main.cpp:102->main.cpp:133->main.cpp:272]   --->   Operation 57 'ddiv' 'overSig' <Predicate = true> <Delay = 7.15> <CoreInst = "DDiv">   --->   Core 39 'DDiv' <Latency = 12> <II = 1> <Delay = 7.15> <FuncUnit> <Opcode : 'ddiv' 'drem'> <InPorts = 2> <OutPorts = 1>

State 15 <SV = 14> <Delay = 7.15>
ST_15 : Operation 58 [2/13] (7.15ns)   --->   "%overSig = ddiv i64 1, i64 %sig" [main.cpp:102->main.cpp:133->main.cpp:272]   --->   Operation 58 'ddiv' 'overSig' <Predicate = true> <Delay = 7.15> <CoreInst = "DDiv">   --->   Core 39 'DDiv' <Latency = 12> <II = 1> <Delay = 7.15> <FuncUnit> <Opcode : 'ddiv' 'drem'> <InPorts = 2> <OutPorts = 1>

State 16 <SV = 15> <Delay = 7.15>
ST_16 : Operation 59 [1/13] (7.15ns)   --->   "%overSig = ddiv i64 1, i64 %sig" [main.cpp:102->main.cpp:133->main.cpp:272]   --->   Operation 59 'ddiv' 'overSig' <Predicate = true> <Delay = 7.15> <CoreInst = "DDiv">   --->   Core 39 'DDiv' <Latency = 12> <II = 1> <Delay = 7.15> <FuncUnit> <Opcode : 'ddiv' 'drem'> <InPorts = 2> <OutPorts = 1>

State 17 <SV = 16> <Delay = 5.58>
ST_17 : [1/1] (0.65ns)   --->   Input mux for Operation 60 '%mul_i_i = dmul i64 %overSig, i64 %overSig'
ST_17 : Operation 60 [4/4] (4.92ns)   --->   "%mul_i_i = dmul i64 %overSig, i64 %overSig" [main.cpp:105->main.cpp:133->main.cpp:272]   --->   Operation 60 'dmul' 'mul_i_i' <Predicate = true> <Delay = 4.92> <CoreInst = "DMul_maxdsp">   --->   Core 49 'DMul_maxdsp' <Latency = 3> <II = 1> <Delay = 5.58> <FuncUnit> <Opcode : 'dmul'> <InPorts = 2> <OutPorts = 1>

State 18 <SV = 17> <Delay = 5.58>
ST_18 : Operation 61 [3/4] (5.58ns)   --->   "%mul_i_i = dmul i64 %overSig, i64 %overSig" [main.cpp:105->main.cpp:133->main.cpp:272]   --->   Operation 61 'dmul' 'mul_i_i' <Predicate = true> <Delay = 5.58> <CoreInst = "DMul_maxdsp">   --->   Core 49 'DMul_maxdsp' <Latency = 3> <II = 1> <Delay = 5.58> <FuncUnit> <Opcode : 'dmul'> <InPorts = 2> <OutPorts = 1>

State 19 <SV = 18> <Delay = 5.58>
ST_19 : Operation 62 [2/4] (5.58ns)   --->   "%mul_i_i = dmul i64 %overSig, i64 %overSig" [main.cpp:105->main.cpp:133->main.cpp:272]   --->   Operation 62 'dmul' 'mul_i_i' <Predicate = true> <Delay = 5.58> <CoreInst = "DMul_maxdsp">   --->   Core 49 'DMul_maxdsp' <Latency = 3> <II = 1> <Delay = 5.58> <FuncUnit> <Opcode : 'dmul'> <InPorts = 2> <OutPorts = 1>

State 20 <SV = 19> <Delay = 5.58>
ST_20 : Operation 63 [1/4] (5.58ns)   --->   "%mul_i_i = dmul i64 %overSig, i64 %overSig" [main.cpp:105->main.cpp:133->main.cpp:272]   --->   Operation 63 'dmul' 'mul_i_i' <Predicate = true> <Delay = 5.58> <CoreInst = "DMul_maxdsp">   --->   Core 49 'DMul_maxdsp' <Latency = 3> <II = 1> <Delay = 5.58> <FuncUnit> <Opcode : 'dmul'> <InPorts = 2> <OutPorts = 1>

State 21 <SV = 20> <Delay = 5.15>
ST_21 : Operation 64 [1/1] (0.00ns)   --->   "%S_load = load i64 %S" [main.cpp:105->main.cpp:133->main.cpp:272]   --->   Operation 64 'load' 'S_load' <Predicate = true> <Delay = 0.00>
ST_21 : [1/1] (0.62ns)   --->   Input mux for Operation 65 '%S_1 = dadd i64 %S_load, i64 %mul_i_i'
ST_21 : Operation 65 [4/4] (4.52ns)   --->   "%S_1 = dadd i64 %S_load, i64 %mul_i_i" [main.cpp:105->main.cpp:133->main.cpp:272]   --->   Operation 65 'dadd' 'S_1' <Predicate = true> <Delay = 4.52> <CoreInst = "DAddSub_fulldsp">   --->   Core 37 'DAddSub_fulldsp' <Latency = 3> <II = 1> <Delay = 5.15> <FuncUnit> <Opcode : 'dadd' 'dsub'> <InPorts = 2> <OutPorts = 1>
ST_21 : Operation 72 [1/1] (0.00ns)   --->   "%S_load_1 = load i64 %S"   --->   Operation 72 'load' 'S_load_1' <Predicate = (icmp_ln100)> <Delay = 0.00>
ST_21 : Operation 73 [1/1] (0.00ns)   --->   "%write_ln0 = write void @_ssdm_op_Write.ap_auto.doubleP0A, i64 %S_out, i64 %S_load_1"   --->   Operation 73 'write' 'write_ln0' <Predicate = (icmp_ln100)> <Delay = 0.00>
ST_21 : Operation 74 [1/1] (0.00ns)   --->   "%ret_ln0 = ret"   --->   Operation 74 'ret' 'ret_ln0' <Predicate = (icmp_ln100)> <Delay = 0.00>

State 22 <SV = 21> <Delay = 5.15>
ST_22 : Operation 66 [3/4] (5.15ns)   --->   "%S_1 = dadd i64 %S_load, i64 %mul_i_i" [main.cpp:105->main.cpp:133->main.cpp:272]   --->   Operation 66 'dadd' 'S_1' <Predicate = true> <Delay = 5.15> <CoreInst = "DAddSub_fulldsp">   --->   Core 37 'DAddSub_fulldsp' <Latency = 3> <II = 1> <Delay = 5.15> <FuncUnit> <Opcode : 'dadd' 'dsub'> <InPorts = 2> <OutPorts = 1>

State 23 <SV = 22> <Delay = 5.15>
ST_23 : Operation 67 [2/4] (5.15ns)   --->   "%S_1 = dadd i64 %S_load, i64 %mul_i_i" [main.cpp:105->main.cpp:133->main.cpp:272]   --->   Operation 67 'dadd' 'S_1' <Predicate = true> <Delay = 5.15> <CoreInst = "DAddSub_fulldsp">   --->   Core 37 'DAddSub_fulldsp' <Latency = 3> <II = 1> <Delay = 5.15> <FuncUnit> <Opcode : 'dadd' 'dsub'> <InPorts = 2> <OutPorts = 1>

State 24 <SV = 23> <Delay = 5.61>
ST_24 : Operation 68 [1/1] (0.00ns)   --->   "%specloopname_ln100 = specloopname void @_ssdm_op_SpecLoopName, void @empty_3" [main.cpp:100->main.cpp:133->main.cpp:272]   --->   Operation 68 'specloopname' 'specloopname_ln100' <Predicate = true> <Delay = 0.00>
ST_24 : Operation 69 [1/4] (5.15ns)   --->   "%S_1 = dadd i64 %S_load, i64 %mul_i_i" [main.cpp:105->main.cpp:133->main.cpp:272]   --->   Operation 69 'dadd' 'S_1' <Predicate = true> <Delay = 5.15> <CoreInst = "DAddSub_fulldsp">   --->   Core 37 'DAddSub_fulldsp' <Latency = 3> <II = 1> <Delay = 5.15> <FuncUnit> <Opcode : 'dadd' 'dsub'> <InPorts = 2> <OutPorts = 1>
ST_24 : Operation 70 [1/1] (0.46ns)   --->   "%store_ln100 = store i64 %S_1, i64 %S" [main.cpp:100->main.cpp:133->main.cpp:272]   --->   Operation 70 'store' 'store_ln100' <Predicate = true> <Delay = 0.46>
ST_24 : Operation 71 [1/1] (0.00ns)   --->   "%br_ln100 = br void %for.inc.i.i" [main.cpp:100->main.cpp:133->main.cpp:272]   --->   Operation 71 'br' 'br_ln100' <Predicate = true> <Delay = 0.00>


============================================================
+ Verbose Summary: Binding
============================================================
STG Binding: 
---------------- STG Properties BEGIN ----------------
- Is combinational: 0
- Is one-state seq: 0
- Is datapath-only: 0
- Is pipelined: 0
- Is top level: 0
Port [ Return ] is wired: 1; IO mode=ap_ctrl_hs:ce=0
Port [ size]:  wired=1; compound=0; hidden=0; nouse=0; global=0; static=0; extern=0; dir=0; type=0; pingpong=0; private_global=0; IO mode=ap_none:ce=0
Port [ arrsigs]:  wired=1; compound=1; hidden=0; nouse=0; global=0; static=0; extern=0; dir=0; type=1; pingpong=0; private_global=0; MemPort=[13]; IO mode=ap_memory:ce=0
Port [ S_out]:  wired=1; compound=0; hidden=0; nouse=0; global=0; static=0; extern=0; dir=1; type=0; pingpong=0; private_global=0; IO mode=ap_vld:ce=0
---------------- STG Properties END ------------------

---------------- Datapath Model BEGIN ----------------

<LifeTime>
<method=bitvector/>
S                     (alloca           ) [ 0111111111111111111111111]
i_2                   (alloca           ) [ 0100000000000000000000000]
size_read             (read             ) [ 0000000000000000000000000]
store_ln0             (store            ) [ 0000000000000000000000000]
store_ln0             (store            ) [ 0000000000000000000000000]
br_ln0                (br               ) [ 0000000000000000000000000]
i                     (load             ) [ 0000000000000000000000000]
specpipeline_ln0      (specpipeline     ) [ 0000000000000000000000000]
icmp_ln100            (icmp             ) [ 0111111111111111111111000]
speclooptripcount_ln0 (speclooptripcount) [ 0000000000000000000000000]
add_ln100             (add              ) [ 0000000000000000000000000]
br_ln100              (br               ) [ 0000000000000000000000000]
i_2_cast              (zext             ) [ 0000000000000000000000000]
arrsigs_addr          (getelementptr    ) [ 0010000000000000000000000]
store_ln100           (store            ) [ 0000000000000000000000000]
arrsigs_load          (load             ) [ 0000000000000000000000000]
zext_ln101            (zext             ) [ 0001000000000000000000000]
sig                   (sitodp           ) [ 0111111111111111100000000]
overSig               (ddiv             ) [ 0111000000000000011110000]
mul_i_i               (dmul             ) [ 0111000000000000000001111]
S_load                (load             ) [ 0111000000000000000000111]
specloopname_ln100    (specloopname     ) [ 0000000000000000000000000]
S_1                   (dadd             ) [ 0000000000000000000000000]
store_ln100           (store            ) [ 0000000000000000000000000]
br_ln100              (br               ) [ 0000000000000000000000000]
S_load_1              (load             ) [ 0000000000000000000000000]
write_ln0             (write            ) [ 0000000000000000000000000]
ret_ln0               (ret              ) [ 0000000000000000000000000]
</LifeTime>

<model>

<comp_list>
<comp id="0" class="1000" name="size">
<pin_list>
<pin id="1" dir="1" index="0" bw="1" slack="0"/>
</pin_list>
<bind>
<StgValue><ssdm name="size"/></StgValue>
</bind>
</comp>

<comp id="2" class="1000" name="arrsigs">
<pin_list>
<pin id="3" dir="1" index="0" bw="1" slack="0"/>
</pin_list>
<bind>
<StgValue><ssdm name="arrsigs"/><MemPortTyVec>1 3 </MemPortTyVec>
</StgValue>
</bind>
</comp>

<comp id="4" class="1000" name="S_out">
<pin_list>
<pin id="5" dir="1" index="0" bw="1" slack="0"/>
</pin_list>
<bind>
<StgValue><ssdm name="S_out"/></StgValue>
</bind>
</comp>

<comp id="6" class="1001" name="const_6">
<pin_list>
<pin id="7" dir="1" index="0" bw="1" slack="0"/>
</pin_list>
<bind>
<StgValue><ssdm name=""/></StgValue>
</bind>
</comp>

<comp id="8" class="1001" name="const_8">
<pin_list>
<pin id="9" dir="1" index="0" bw="1" slack="0"/>
</pin_list>
<bind>
<StgValue><ssdm name="_ssdm_op_Read.ap_auto.i9"/></StgValue>
</bind>
</comp>

<comp id="10" class="1001" name="const_10">
<pin_list>
<pin id="11" dir="1" index="0" bw="1" slack="0"/>
</pin_list>
<bind>
<StgValue><ssdm name=""/></StgValue>
</bind>
</comp>

<comp id="12" class="1001" name="const_12">
<pin_list>
<pin id="13" dir="1" index="0" bw="1" slack="0"/>
</pin_list>
<bind>
<StgValue><ssdm name=""/></StgValue>
</bind>
</comp>

<comp id="14" class="1001" name="const_14">
<pin_list>
<pin id="15" dir="1" index="0" bw="1" slack="2147483647"/>
</pin_list>
<bind>
<StgValue><ssdm name="_ssdm_op_SpecPipeline"/></StgValue>
</bind>
</comp>

<comp id="16" class="1001" name="const_16">
<pin_list>
<pin id="17" dir="1" index="0" bw="1" slack="2147483647"/>
</pin_list>
<bind>
<StgValue><ssdm name=""/></StgValue>
</bind>
</comp>

<comp id="18" class="1001" name="const_18">
<pin_list>
<pin id="19" dir="1" index="0" bw="1" slack="2147483647"/>
</pin_list>
<bind>
<StgValue><ssdm name=""/></StgValue>
</bind>
</comp>

<comp id="20" class="1001" name="const_20">
<pin_list>
<pin id="21" dir="1" index="0" bw="1" slack="2147483647"/>
</pin_list>
<bind>
<StgValue><ssdm name="p_str3"/></StgValue>
</bind>
</comp>

<comp id="22" class="1001" name="const_22">
<pin_list>
<pin id="23" dir="1" index="0" bw="1" slack="2147483647"/>
</pin_list>
<bind>
<StgValue><ssdm name="_ssdm_op_SpecLoopTripCount"/></StgValue>
</bind>
</comp>

<comp id="24" class="1001" name="const_24">
<pin_list>
<pin id="25" dir="1" index="0" bw="1" slack="2147483647"/>
</pin_list>
<bind>
<StgValue><ssdm name=""/></StgValue>
</bind>
</comp>

<comp id="26" class="1001" name="const_26">
<pin_list>
<pin id="27" dir="1" index="0" bw="1" slack="2147483647"/>
</pin_list>
<bind>
<StgValue><ssdm name=""/></StgValue>
</bind>
</comp>

<comp id="28" class="1001" name="const_28">
<pin_list>
<pin id="29" dir="1" index="0" bw="1" slack="0"/>
</pin_list>
<bind>
<StgValue><ssdm name=""/></StgValue>
</bind>
</comp>

<comp id="30" class="1001" name="const_30">
<pin_list>
<pin id="31" dir="1" index="0" bw="1" slack="0"/>
</pin_list>
<bind>
<StgValue><ssdm name=""/></StgValue>
</bind>
</comp>

<comp id="32" class="1001" name="const_32">
<pin_list>
<pin id="33" dir="1" index="0" bw="1" slack="0"/>
</pin_list>
<bind>
<StgValue><ssdm name=""/></StgValue>
</bind>
</comp>

<comp id="34" class="1001" name="const_34">
<pin_list>
<pin id="35" dir="1" index="0" bw="1" slack="2147483647"/>
</pin_list>
<bind>
<StgValue><ssdm name="_ssdm_op_SpecLoopName"/></StgValue>
</bind>
</comp>

<comp id="36" class="1001" name="const_36">
<pin_list>
<pin id="37" dir="1" index="0" bw="1" slack="2147483647"/>
</pin_list>
<bind>
<StgValue><ssdm name="empty_3"/></StgValue>
</bind>
</comp>

<comp id="38" class="1001" name="const_38">
<pin_list>
<pin id="39" dir="1" index="0" bw="1" slack="0"/>
</pin_list>
<bind>
<StgValue><ssdm name="_ssdm_op_Write.ap_auto.doubleP0A"/></StgValue>
</bind>
</comp>

<comp id="40" class="1004" name="S_fu_40">
<pin_list>
<pin id="41" dir="0" index="0" bw="1" slack="0"/>
<pin id="42" dir="1" index="1" bw="64" slack="0"/>
</pin_list>
<bind>
<opcode="alloca(26) " fcode="alloca"/>
<opset="S/1 "/>
</bind>
</comp>

<comp id="44" class="1004" name="i_2_fu_44">
<pin_list>
<pin id="45" dir="0" index="0" bw="1" slack="0"/>
<pin id="46" dir="1" index="1" bw="9" slack="0"/>
</pin_list>
<bind>
<opcode="alloca(26) " fcode="alloca"/>
<opset="i_2/1 "/>
</bind>
</comp>

<comp id="48" class="1004" name="size_read_read_fu_48">
<pin_list>
<pin id="49" dir="0" index="0" bw="9" slack="0"/>
<pin id="50" dir="0" index="1" bw="9" slack="0"/>
<pin id="51" dir="1" index="2" bw="9" slack="0"/>
</pin_list>
<bind>
<opcode="read(1150) " fcode="read"/>
<opset="size_read/1 "/>
</bind>
</comp>

<comp id="54" class="1004" name="write_ln0_write_fu_54">
<pin_list>
<pin id="55" dir="0" index="0" bw="0" slack="0"/>
<pin id="56" dir="0" index="1" bw="64" slack="0"/>
<pin id="57" dir="0" index="2" bw="64" slack="0"/>
<pin id="58" dir="1" index="3" bw="0" slack="2147483647"/>
</pin_list>
<bind>
<opcode="write(1151) " fcode="write"/>
<opset="write_ln0/21 "/>
</bind>
</comp>

<comp id="61" class="1004" name="arrsigs_addr_gep_fu_61">
<pin_list>
<pin id="62" dir="0" index="0" bw="6" slack="0"/>
<pin id="63" dir="0" index="1" bw="1" slack="0"/>
<pin id="64" dir="0" index="2" bw="9" slack="0"/>
<pin id="65" dir="1" index="3" bw="10" slack="0"/>
</pin_list>
<bind>
<opcode="getelementptr(29) " fcode="getelementptr"/>
<opset="arrsigs_addr/1 "/>
</bind>
</comp>

<comp id="68" class="1004" name="grp_access_fu_68">
<pin_list>
<pin id="69" dir="0" index="0" bw="10" slack="0"/>
<pin id="70" dir="0" index="1" bw="6" slack="2147483647"/>
<pin id="71" dir="0" index="2" bw="0" slack="2147483647"/>
<pin id="72" dir="1" index="3" bw="6" slack="0"/>
</pin_list>
<bind>
<opcode="load(27) " fcode="load"/>
<opset="arrsigs_load/1 "/>
</bind>
</comp>

<comp id="74" class="1004" name="grp_fu_74">
<pin_list>
<pin id="75" dir="0" index="0" bw="64" slack="0"/>
<pin id="76" dir="0" index="1" bw="64" slack="1"/>
<pin id="77" dir="1" index="2" bw="64" slack="0"/>
</pin_list>
<bind>
<opcode="dadd(508) " fcode="dadd"/>
<opset="S_1/21 "/>
</bind>
</comp>

<comp id="78" class="1004" name="grp_fu_78">
<pin_list>
<pin id="79" dir="0" index="0" bw="64" slack="1"/>
<pin id="80" dir="0" index="1" bw="64" slack="1"/>
<pin id="81" dir="1" index="2" bw="64" slack="1"/>
</pin_list>
<bind>
<opcode="dmul(510) " fcode="dmul"/>
<opset="mul_i_i/17 "/>
</bind>
</comp>

<comp id="82" class="1004" name="grp_fu_82">
<pin_list>
<pin id="83" dir="0" index="0" bw="64" slack="0"/>
<pin id="84" dir="0" index="1" bw="64" slack="1"/>
<pin id="85" dir="1" index="2" bw="64" slack="1"/>
</pin_list>
<bind>
<opcode="ddiv(511) " fcode="ddiv"/>
<opset="overSig/4 "/>
</bind>
</comp>

<comp id="87" class="1004" name="grp_fu_87">
<pin_list>
<pin id="88" dir="0" index="0" bw="6" slack="0"/>
<pin id="89" dir="1" index="1" bw="64" slack="1"/>
</pin_list>
<bind>
<opcode="sitodp(517) " fcode="sitodp"/>
<opset="sig/2 "/>
</bind>
</comp>

<comp id="90" class="1004" name="store_ln0_store_fu_90">
<pin_list>
<pin id="91" dir="0" index="0" bw="1" slack="0"/>
<pin id="92" dir="0" index="1" bw="9" slack="0"/>
<pin id="93" dir="1" index="2" bw="0" slack="2147483647"/>
</pin_list>
<bind>
<opcode="store(28) " fcode="store"/>
<opset="store_ln0/1 "/>
</bind>
</comp>

<comp id="95" class="1004" name="store_ln0_store_fu_95">
<pin_list>
<pin id="96" dir="0" index="0" bw="64" slack="0"/>
<pin id="97" dir="0" index="1" bw="64" slack="0"/>
<pin id="98" dir="1" index="2" bw="0" slack="2147483647"/>
</pin_list>
<bind>
<opcode="store(28) " fcode="store"/>
<opset="store_ln0/1 "/>
</bind>
</comp>

<comp id="100" class="1004" name="i_load_fu_100">
<pin_list>
<pin id="101" dir="0" index="0" bw="9" slack="0"/>
<pin id="102" dir="1" index="1" bw="9" slack="0"/>
</pin_list>
<bind>
<opcode="load(27) " fcode="load"/>
<opset="i/1 "/>
</bind>
</comp>

<comp id="103" class="1004" name="icmp_ln100_fu_103">
<pin_list>
<pin id="104" dir="0" index="0" bw="9" slack="0"/>
<pin id="105" dir="0" index="1" bw="9" slack="0"/>
<pin id="106" dir="1" index="2" bw="1" slack="1"/>
</pin_list>
<bind>
<opcode="icmp(45) " fcode="icmp"/>
<opset="icmp_ln100/1 "/>
</bind>
</comp>

<comp id="109" class="1004" name="add_ln100_fu_109">
<pin_list>
<pin id="110" dir="0" index="0" bw="9" slack="0"/>
<pin id="111" dir="0" index="1" bw="1" slack="0"/>
<pin id="112" dir="1" index="2" bw="9" slack="0"/>
</pin_list>
<bind>
<opcode="add(8) " fcode="add"/>
<opset="add_ln100/1 "/>
</bind>
</comp>

<comp id="115" class="1004" name="i_2_cast_fu_115">
<pin_list>
<pin id="116" dir="0" index="0" bw="9" slack="0"/>
<pin id="117" dir="1" index="1" bw="64" slack="0"/>
</pin_list>
<bind>
<opcode="zext(34) " fcode="zext"/>
<opset="i_2_cast/1 "/>
</bind>
</comp>

<comp id="120" class="1004" name="store_ln100_store_fu_120">
<pin_list>
<pin id="121" dir="0" index="0" bw="9" slack="0"/>
<pin id="122" dir="0" index="1" bw="9" slack="0"/>
<pin id="123" dir="1" index="2" bw="0" slack="2147483647"/>
</pin_list>
<bind>
<opcode="store(28) " fcode="store"/>
<opset="store_ln100/1 "/>
</bind>
</comp>

<comp id="125" class="1004" name="zext_ln101_fu_125">
<pin_list>
<pin id="126" dir="0" index="0" bw="6" slack="0"/>
<pin id="127" dir="1" index="1" bw="64" slack="0"/>
</pin_list>
<bind>
<opcode="zext(34) " fcode="zext"/>
<opset="zext_ln101/2 "/>
</bind>
</comp>

<comp id="130" class="1004" name="S_load_load_fu_130">
<pin_list>
<pin id="131" dir="0" index="0" bw="64" slack="20"/>
<pin id="132" dir="1" index="1" bw="64" slack="0"/>
</pin_list>
<bind>
<opcode="load(27) " fcode="load"/>
<opset="S_load/21 "/>
</bind>
</comp>

<comp id="134" class="1004" name="store_ln100_store_fu_134">
<pin_list>
<pin id="135" dir="0" index="0" bw="64" slack="0"/>
<pin id="136" dir="0" index="1" bw="64" slack="23"/>
<pin id="137" dir="1" index="2" bw="0" slack="2147483647"/>
</pin_list>
<bind>
<opcode="store(28) " fcode="store"/>
<opset="store_ln100/24 "/>
</bind>
</comp>

<comp id="139" class="1004" name="S_load_1_load_fu_139">
<pin_list>
<pin id="140" dir="0" index="0" bw="64" slack="20"/>
<pin id="141" dir="1" index="1" bw="64" slack="0"/>
</pin_list>
<bind>
<opcode="load(27) " fcode="load"/>
<opset="S_load_1/21 "/>
</bind>
</comp>

<comp id="143" class="1005" name="S_reg_143">
<pin_list>
<pin id="144" dir="0" index="0" bw="64" slack="0"/>
<pin id="145" dir="1" index="1" bw="64" slack="0"/>
</pin_list>
<bind>
<opset="S "/>
</bind>
</comp>

<comp id="151" class="1005" name="i_2_reg_151">
<pin_list>
<pin id="152" dir="0" index="0" bw="9" slack="0"/>
<pin id="153" dir="1" index="1" bw="9" slack="0"/>
</pin_list>
<bind>
<opset="i_2 "/>
</bind>
</comp>

<comp id="158" class="1005" name="icmp_ln100_reg_158">
<pin_list>
<pin id="159" dir="0" index="0" bw="1" slack="1"/>
<pin id="160" dir="1" index="1" bw="1" slack="2147483647"/>
</pin_list>
<bind>
<opset="icmp_ln100 "/>
</bind>
</comp>

<comp id="162" class="1005" name="arrsigs_addr_reg_162">
<pin_list>
<pin id="163" dir="0" index="0" bw="10" slack="1"/>
<pin id="164" dir="1" index="1" bw="10" slack="1"/>
</pin_list>
<bind>
<opset="arrsigs_addr "/>
</bind>
</comp>

<comp id="167" class="1005" name="zext_ln101_reg_167">
<pin_list>
<pin id="168" dir="0" index="0" bw="64" slack="1"/>
<pin id="169" dir="1" index="1" bw="64" slack="1"/>
</pin_list>
<bind>
<opset="zext_ln101 "/>
</bind>
</comp>

<comp id="172" class="1005" name="sig_reg_172">
<pin_list>
<pin id="173" dir="0" index="0" bw="64" slack="1"/>
<pin id="174" dir="1" index="1" bw="64" slack="1"/>
</pin_list>
<bind>
<opset="sig "/>
</bind>
</comp>

<comp id="177" class="1005" name="overSig_reg_177">
<pin_list>
<pin id="178" dir="0" index="0" bw="64" slack="1"/>
<pin id="179" dir="1" index="1" bw="64" slack="1"/>
</pin_list>
<bind>
<opset="overSig "/>
</bind>
</comp>

<comp id="183" class="1005" name="mul_i_i_reg_183">
<pin_list>
<pin id="184" dir="0" index="0" bw="64" slack="1"/>
<pin id="185" dir="1" index="1" bw="64" slack="1"/>
</pin_list>
<bind>
<opset="mul_i_i "/>
</bind>
</comp>

<comp id="188" class="1005" name="S_load_reg_188">
<pin_list>
<pin id="189" dir="0" index="0" bw="64" slack="1"/>
<pin id="190" dir="1" index="1" bw="64" slack="1"/>
</pin_list>
<bind>
<opset="S_load "/>
</bind>
</comp>

</comp_list>

<net_list>
<net id="43"><net_src comp="6" pin="0"/><net_sink comp="40" pin=0"/></net>

<net id="47"><net_src comp="6" pin="0"/><net_sink comp="44" pin=0"/></net>

<net id="52"><net_src comp="8" pin="0"/><net_sink comp="48" pin=0"/></net>

<net id="53"><net_src comp="0" pin="0"/><net_sink comp="48" pin=1"/></net>

<net id="59"><net_src comp="38" pin="0"/><net_sink comp="54" pin=0"/></net>

<net id="60"><net_src comp="4" pin="0"/><net_sink comp="54" pin=1"/></net>

<net id="66"><net_src comp="2" pin="0"/><net_sink comp="61" pin=0"/></net>

<net id="67"><net_src comp="28" pin="0"/><net_sink comp="61" pin=1"/></net>

<net id="73"><net_src comp="61" pin="3"/><net_sink comp="68" pin=0"/></net>

<net id="86"><net_src comp="32" pin="0"/><net_sink comp="82" pin=0"/></net>

<net id="94"><net_src comp="10" pin="0"/><net_sink comp="90" pin=0"/></net>

<net id="99"><net_src comp="12" pin="0"/><net_sink comp="95" pin=0"/></net>

<net id="107"><net_src comp="100" pin="1"/><net_sink comp="103" pin=0"/></net>

<net id="108"><net_src comp="48" pin="2"/><net_sink comp="103" pin=1"/></net>

<net id="113"><net_src comp="100" pin="1"/><net_sink comp="109" pin=0"/></net>

<net id="114"><net_src comp="30" pin="0"/><net_sink comp="109" pin=1"/></net>

<net id="118"><net_src comp="100" pin="1"/><net_sink comp="115" pin=0"/></net>

<net id="119"><net_src comp="115" pin="1"/><net_sink comp="61" pin=2"/></net>

<net id="124"><net_src comp="109" pin="2"/><net_sink comp="120" pin=0"/></net>

<net id="128"><net_src comp="68" pin="3"/><net_sink comp="125" pin=0"/></net>

<net id="129"><net_src comp="125" pin="1"/><net_sink comp="87" pin=0"/></net>

<net id="133"><net_src comp="130" pin="1"/><net_sink comp="74" pin=0"/></net>

<net id="138"><net_src comp="74" pin="2"/><net_sink comp="134" pin=0"/></net>

<net id="142"><net_src comp="139" pin="1"/><net_sink comp="54" pin=2"/></net>

<net id="146"><net_src comp="40" pin="1"/><net_sink comp="143" pin=0"/></net>

<net id="147"><net_src comp="143" pin="1"/><net_sink comp="95" pin=1"/></net>

<net id="148"><net_src comp="143" pin="1"/><net_sink comp="130" pin=0"/></net>

<net id="149"><net_src comp="143" pin="1"/><net_sink comp="134" pin=1"/></net>

<net id="150"><net_src comp="143" pin="1"/><net_sink comp="139" pin=0"/></net>

<net id="154"><net_src comp="44" pin="1"/><net_sink comp="151" pin=0"/></net>

<net id="155"><net_src comp="151" pin="1"/><net_sink comp="90" pin=1"/></net>

<net id="156"><net_src comp="151" pin="1"/><net_sink comp="100" pin=0"/></net>

<net id="157"><net_src comp="151" pin="1"/><net_sink comp="120" pin=1"/></net>

<net id="161"><net_src comp="103" pin="2"/><net_sink comp="158" pin=0"/></net>

<net id="165"><net_src comp="61" pin="3"/><net_sink comp="162" pin=0"/></net>

<net id="166"><net_src comp="162" pin="1"/><net_sink comp="68" pin=0"/></net>

<net id="170"><net_src comp="125" pin="1"/><net_sink comp="167" pin=0"/></net>

<net id="171"><net_src comp="167" pin="1"/><net_sink comp="87" pin=0"/></net>

<net id="175"><net_src comp="87" pin="1"/><net_sink comp="172" pin=0"/></net>

<net id="176"><net_src comp="172" pin="1"/><net_sink comp="82" pin=1"/></net>

<net id="180"><net_src comp="82" pin="2"/><net_sink comp="177" pin=0"/></net>

<net id="181"><net_src comp="177" pin="1"/><net_sink comp="78" pin=0"/></net>

<net id="182"><net_src comp="177" pin="1"/><net_sink comp="78" pin=1"/></net>

<net id="186"><net_src comp="78" pin="2"/><net_sink comp="183" pin=0"/></net>

<net id="187"><net_src comp="183" pin="1"/><net_sink comp="74" pin=1"/></net>

<net id="191"><net_src comp="130" pin="1"/><net_sink comp="188" pin=0"/></net>

<net id="192"><net_src comp="188" pin="1"/><net_sink comp="74" pin=0"/></net>

</net_list>

</model> 
---------------- Datapath Model END ------------------

* FSMD analyzer results:
  - Output states:
	Port: arrsigs | {}
	Port: S_out | {21 }
 - Input state : 
	Port: fit_Pipeline_VITIS_LOOP_100_1 : size | {1 }
	Port: fit_Pipeline_VITIS_LOOP_100_1 : arrsigs | {1 2 }
  - Chain level:
	State 1
		store_ln0 : 1
		store_ln0 : 1
		i : 1
		icmp_ln100 : 2
		add_ln100 : 2
		br_ln100 : 3
		i_2_cast : 2
		arrsigs_addr : 3
		arrsigs_load : 4
		store_ln100 : 3
	State 2
		zext_ln101 : 1
		sig : 2
	State 3
	State 4
	State 5
	State 6
	State 7
	State 8
	State 9
	State 10
	State 11
	State 12
	State 13
	State 14
	State 15
	State 16
	State 17
	State 18
	State 19
	State 20
	State 21
		S_1 : 1
		write_ln0 : 1
	State 22
	State 23
	State 24
		store_ln100 : 1


============================================================
+ Verbose Summary: Datapath Resource usage 
============================================================

* Functional unit list:
|----------|-----------------------|---------|---------|---------|
| Operation|    Functional Unit    |   DSP   |    FF   |   LUT   |
|----------|-----------------------|---------|---------|---------|
|   dadd   |       grp_fu_74       |    3    |   430   |   710   |
|----------|-----------------------|---------|---------|---------|
|   dmul   |       grp_fu_78       |    8    |   275   |   107   |
|----------|-----------------------|---------|---------|---------|
|   icmp   |   icmp_ln100_fu_103   |    0    |    0    |    16   |
|----------|-----------------------|---------|---------|---------|
|    add   |    add_ln100_fu_109   |    0    |    0    |    16   |
|----------|-----------------------|---------|---------|---------|
|   read   |  size_read_read_fu_48 |    0    |    0    |    0    |
|----------|-----------------------|---------|---------|---------|
|   write  | write_ln0_write_fu_54 |    0    |    0    |    0    |
|----------|-----------------------|---------|---------|---------|
|   ddiv   |       grp_fu_82       |    0    |    0    |    0    |
|----------|-----------------------|---------|---------|---------|
|  sitodp  |       grp_fu_87       |    0    |    0    |    0    |
|----------|-----------------------|---------|---------|---------|
|   zext   |    i_2_cast_fu_115    |    0    |    0    |    0    |
|          |   zext_ln101_fu_125   |    0    |    0    |    0    |
|----------|-----------------------|---------|---------|---------|
|   Total  |                       |    11   |   705   |   849   |
|----------|-----------------------|---------|---------|---------|

Memories:
N/A

* Register list:
+--------------------+--------+
|                    |   FF   |
+--------------------+--------+
|   S_load_reg_188   |   64   |
|      S_reg_143     |   64   |
|arrsigs_addr_reg_162|   10   |
|     i_2_reg_151    |    9   |
| icmp_ln100_reg_158 |    1   |
|   mul_i_i_reg_183  |   64   |
|   overSig_reg_177  |   64   |
|     sig_reg_172    |   64   |
| zext_ln101_reg_167 |   64   |
+--------------------+--------+
|        Total       |   404  |
+--------------------+--------+

* Multiplexer (MUX) list: 
|------------------|------|------|------|--------||---------||---------|
|       Comp       |  Pin | Size |  BW  | S x BW ||  Delay  ||   LUT   |
|------------------|------|------|------|--------||---------||---------|
| grp_access_fu_68 |  p0  |   2  |  10  |   20   ||    9    |
|     grp_fu_74    |  p0  |   2  |  64  |   128  ||    9    |
|     grp_fu_87    |  p0  |   2  |   6  |   12   ||    9    |
|------------------|------|------|------|--------||---------||---------|
|       Total      |      |      |      |   160  ||   1.38  ||    27   |
|------------------|------|------|------|--------||---------||---------|



* Summary:
+-----------+--------+--------+--------+--------+
|           |   DSP  |  Delay |   FF   |   LUT  |
+-----------+--------+--------+--------+--------+
|  Function |   11   |    -   |   705  |   849  |
|   Memory  |    -   |    -   |    -   |    -   |
|Multiplexer|    -   |    1   |    -   |   27   |
|  Register |    -   |    -   |   404  |    -   |
+-----------+--------+--------+--------+--------+
|   Total   |   11   |    1   |  1109  |   876  |
+-----------+--------+--------+--------+--------+
