

================================================================
== Vitis HLS Report for 'fit_Pipeline_VITIS_LOOP_100_1'
================================================================
* Date:           Thu Feb 27 15:25:24 2025

* Version:        2023.1 (Build 3854077 on May  4 2023)
* Project:        hls_fit
* Solution:       solution1 (Vitis Kernel Flow Target)
* Product family: virtexuplus
* Target device:  xcvu11p-flga2577-1-e


================================================================
== Performance Estimates
================================================================
+ Timing: 
    * Summary: 
    +--------+----------+----------+------------+
    |  Clock |  Target  | Estimated| Uncertainty|
    +--------+----------+----------+------------+
    |ap_clk  |  10.00 ns|  7.158 ns|     2.70 ns|
    +--------+----------+----------+------------+

+ Latency: 
    * Summary: 
    +---------+---------+----------+-----------+-----+------+---------+
    |  Latency (cycles) |  Latency (absolute)  |  Interval  | Pipeline|
    |   min   |   max   |    min   |    max    | min |  max |   Type  |
    +---------+---------+----------+-----------+-----+------+---------+
    |      304|     1348|  3.040 us|  13.480 us|  304|  1348|       no|
    +---------+---------+----------+-----------+-----+------+---------+

    + Detail: 
        * Instance: 
        N/A

        * Loop: 
        +--------------------+---------+---------+----------+-----------+-----------+----------+----------+
        |                    |  Latency (cycles) | Iteration|  Initiation Interval  |   Trip   |          |
        |      Loop Name     |   min   |   max   |  Latency |  achieved |   target  |   Count  | Pipelined|
        +--------------------+---------+---------+----------+-----------+-----------+----------+----------+
        |- VITIS_LOOP_100_1  |      302|     1346|        24|          3|          1|  94 ~ 442|       yes|
        +--------------------+---------+---------+----------+-----------+-----------+----------+----------+

============================================================
+ Verbose Summary: Synthesis Manager
============================================================
InlineROM: 1
ExposeGlobal: 0
============================================================
+ Verbose Summary: CDFG Model
============================================================
IsTopModel: 0
ResetActiveHigh: 1
IsCombinational: 0
IsDatapathOnly: 0
HasWiredReturn: 1
HasMFsm: 2
HasVarLatency: 1
IsPipeline: 0
IsRtlPipelined: 0
IsInstanceOverlapped: 0
IsDontTouch: 0
HasImplIP: 0
IsGatedGlobalClock: 0

+ Individual pipeline summary: 
  * Pipeline-0: initiation interval (II) = 3, depth = 24


============================================================
+ Verbose Summary: Schedule
============================================================
* Number of FSM states : 24
* Pipeline : 1
  Pipeline-0 : II = 3, D = 24, States = { 1 2 3 4 5 6 7 8 9 10 11 12 13 14 15 16 17 18 19 20 21 22 23 24 }
* Dataflow Pipeline: 0

* FSM state transitions: 
1 --> 2 
2 --> 3 
3 --> 4 
4 --> 5 
5 --> 6 
6 --> 7 
7 --> 8 
8 --> 9 
9 --> 10 
10 --> 11 
11 --> 12 
12 --> 13 
13 --> 14 
14 --> 15 
15 --> 16 
16 --> 17 
17 --> 18 
18 --> 19 
19 --> 20 
20 --> 21 
21 --> 22 
22 --> 23 
23 --> 24 
24 --> 

* FSM state operations: 

State 1 <SV = 0> <Delay = 1.36>
ST_1 : Operation 27 [1/1] (0.00ns)   --->   "%S = alloca i32 1"   --->   Operation 27 'alloca' 'S' <Predicate = true> <Delay = 0.00>
ST_1 : Operation 28 [1/1] (0.00ns)   --->   "%i_2 = alloca i32 1"   --->   Operation 28 'alloca' 'i_2' <Predicate = true> <Delay = 0.00>
ST_1 : Operation 29 [1/1] (0.00ns)   --->   "%size_read = read i9 @_ssdm_op_Read.ap_auto.i9, i9 %size"   --->   Operation 29 'read' 'size_read' <Predicate = true> <Delay = 0.00>
ST_1 : Operation 30 [1/1] (0.46ns)   --->   "%store_ln0 = store i9 0, i9 %i_2"   --->   Operation 30 'store' 'store_ln0' <Predicate = true> <Delay = 0.46>
ST_1 : Operation 31 [1/1] (0.46ns)   --->   "%store_ln0 = store i64 0, i64 %S"   --->   Operation 31 'store' 'store_ln0' <Predicate = true> <Delay = 0.46>
ST_1 : Operation 32 [1/1] (0.00ns)   --->   "%br_ln0 = br void %for.inc.i.i"   --->   Operation 32 'br' 'br_ln0' <Predicate = true> <Delay = 0.00>
ST_1 : Operation 33 [1/1] (0.00ns)   --->   "%i = load i9 %i_2" [main.cpp:100->main.cpp:133->main.cpp:272]   --->   Operation 33 'load' 'i' <Predicate = true> <Delay = 0.00>
ST_1 : Operation 34 [1/1] (0.00ns)   --->   "%specpipeline_ln0 = specpipeline void @_ssdm_op_SpecPipeline, i32 4294967295, i32 0, i32 1, i32 0, void @p_str3"   --->   Operation 34 'specpipeline' 'specpipeline_ln0' <Predicate = true> <Delay = 0.00>
ST_1 : Operation 35 [1/1] (0.90ns)   --->   "%icmp_ln100 = icmp_eq  i9 %i, i9 %size_read" [main.cpp:100->main.cpp:133->main.cpp:272]   --->   Operation 35 'icmp' 'icmp_ln100' <Predicate = true> <Delay = 0.90> <CoreInst = "Cmp">   --->   Core 9 'Cmp' <Latency = 0> <II = 1> <Delay = 0.90> <FuncUnit> <Opcode : 'icmp'> <InPorts = 2> <OutPorts = 1>
ST_1 : Operation 36 [1/1] (0.00ns)   --->   "%speclooptripcount_ln0 = speclooptripcount void @_ssdm_op_SpecLoopTripCount, i64 94, i64 442, i64 0"   --->   Operation 36 'speclooptripcount' 'speclooptripcount_ln0' <Predicate = true> <Delay = 0.00>
ST_1 : Operation 37 [1/1] (0.90ns)   --->   "%add_ln100 = add i9 %i, i9 1" [main.cpp:100->main.cpp:133->main.cpp:272]   --->   Operation 37 'add' 'add_ln100' <Predicate = true> <Delay = 0.90> <CoreInst = "Adder">   --->   Core 1 'Adder' <Latency = 0> <II = 1> <Delay = 0.90> <FuncUnit> <Opcode : 'add' 'sub'> <InPorts = 2> <OutPorts = 1>
ST_1 : Operation 38 [1/1] (0.00ns)   --->   "%br_ln100 = br i1 %icmp_ln100, void %for.inc.i.i.split, void %for.inc.i17.i.preheader.exitStub" [main.cpp:100->main.cpp:133->main.cpp:272]   --->   Operation 38 'br' 'br_ln100' <Predicate = true> <Delay = 0.00>
ST_1 : Operation 39 [1/1] (0.00ns)   --->   "%i_2_cast = zext i9 %i" [main.cpp:100->main.cpp:133->main.cpp:272]   --->   Operation 39 'zext' 'i_2_cast' <Predicate = (!icmp_ln100)> <Delay = 0.00>
ST_1 : Operation 40 [1/1] (0.00ns)   --->   "%arrsigs_addr = getelementptr i6 %arrsigs, i64 0, i64 %i_2_cast" [main.cpp:101->main.cpp:133->main.cpp:272]   --->   Operation 40 'getelementptr' 'arrsigs_addr' <Predicate = (!icmp_ln100)> <Delay = 0.00>
ST_1 : Operation 41 [2/2] (1.29ns)   --->   "%arrsigs_load = load i10 %arrsigs_addr" [main.cpp:101->main.cpp:133->main.cpp:272]   --->   Operation 41 'load' 'arrsigs_load' <Predicate = (!icmp_ln100)> <Delay = 1.29> <CoreInst = "RAM">   --->   Core 83 'RAM' <Latency = 1> <II = 1> <Delay = 1.29> <Storage> <Opcode : 'load' 'store'> <Ports = 2> <Width = 6> <Depth = 1024> <RAM>
ST_1 : Operation 42 [1/1] (0.46ns)   --->   "%store_ln100 = store i9 %add_ln100, i9 %i_2" [main.cpp:100->main.cpp:133->main.cpp:272]   --->   Operation 42 'store' 'store_ln100' <Predicate = (!icmp_ln100)> <Delay = 0.46>

State 2 <SV = 1> <Delay = 6.94>
ST_2 : Operation 43 [1/2] (1.29ns)   --->   "%arrsigs_load = load i10 %arrsigs_addr" [main.cpp:101->main.cpp:133->main.cpp:272]   --->   Operation 43 'load' 'arrsigs_load' <Predicate = (!icmp_ln100)> <Delay = 1.29> <CoreInst = "RAM">   --->   Core 83 'RAM' <Latency = 1> <II = 1> <Delay = 1.29> <Storage> <Opcode : 'load' 'store'> <Ports = 2> <Width = 6> <Depth = 1024> <RAM>
ST_2 : Operation 44 [1/1] (0.00ns)   --->   "%zext_ln101 = zext i6 %arrsigs_load" [main.cpp:101->main.cpp:133->main.cpp:272]   --->   Operation 44 'zext' 'zext_ln101' <Predicate = (!icmp_ln100)> <Delay = 0.00>
ST_2 : [1/1] (0.75ns)   --->   Input mux for Operation 45 '%sig = sitodp i64 %zext_ln101'
ST_2 : Operation 45 [2/2] (4.89ns)   --->   "%sig = sitodp i64 %zext_ln101" [main.cpp:101->main.cpp:133->main.cpp:272]   --->   Operation 45 'sitodp' 'sig' <Predicate = (!icmp_ln100)> <Delay = 4.89> <CoreInst = "Int2Double">   --->   Core 66 'Int2Double' <Latency = 1> <II = 1> <Delay = 5.65> <FuncUnit> <Opcode : 'sitodp' 'uitodp'> <InPorts = 1> <OutPorts = 1>

State 3 <SV = 2> <Delay = 5.65>
ST_3 : Operation 46 [1/2] (5.65ns)   --->   "%sig = sitodp i64 %zext_ln101" [main.cpp:101->main.cpp:133->main.cpp:272]   --->   Operation 46 'sitodp' 'sig' <Predicate = (!icmp_ln100)> <Delay = 5.65> <CoreInst = "Int2Double">   --->   Core 66 'Int2Double' <Latency = 1> <II = 1> <Delay = 5.65> <FuncUnit> <Opcode : 'sitodp' 'uitodp'> <InPorts = 1> <OutPorts = 1>

State 4 <SV = 3> <Delay = 7.15>
ST_4 : [1/1] (0.75ns)   --->   Input mux for Operation 47 '%overSig = ddiv i64 1, i64 %sig'
ST_4 : Operation 47 [13/13] (6.40ns)   --->   "%overSig = ddiv i64 1, i64 %sig" [main.cpp:102->main.cpp:133->main.cpp:272]   --->   Operation 47 'ddiv' 'overSig' <Predicate = true> <Delay = 6.40> <CoreInst = "DDiv">   --->   Core 39 'DDiv' <Latency = 12> <II = 1> <Delay = 7.15> <FuncUnit> <Opcode : 'ddiv' 'drem'> <InPorts = 2> <OutPorts = 1>

State 5 <SV = 4> <Delay = 7.15>
ST_5 : Operation 48 [12/13] (7.15ns)   --->   "%overSig = ddiv i64 1, i64 %sig" [main.cpp:102->main.cpp:133->main.cpp:272]   --->   Operation 48 'ddiv' 'overSig' <Predicate = true> <Delay = 7.15> <CoreInst = "DDiv">   --->   Core 39 'DDiv' <Latency = 12> <II = 1> <Delay = 7.15> <FuncUnit> <Opcode : 'ddiv' 'drem'> <InPorts = 2> <OutPorts = 1>

State 6 <SV = 5> <Delay = 7.15>
ST_6 : Operation 49 [11/13] (7.15ns)   --->   "%overSig = ddiv i64 1, i64 %sig" [main.cpp:102->main.cpp:133->main.cpp:272]   --->   Operation 49 'ddiv' 'overSig' <Predicate = true> <Delay = 7.15> <CoreInst = "DDiv">   --->   Core 39 'DDiv' <Latency = 12> <II = 1> <Delay = 7.15> <FuncUnit> <Opcode : 'ddiv' 'drem'> <InPorts = 2> <OutPorts = 1>

State 7 <SV = 6> <Delay = 7.15>
ST_7 : Operation 50 [10/13] (7.15ns)   --->   "%overSig = ddiv i64 1, i64 %sig" [main.cpp:102->main.cpp:133->main.cpp:272]   --->   Operation 50 'ddiv' 'overSig' <Predicate = true> <Delay = 7.15> <CoreInst = "DDiv">   --->   Core 39 'DDiv' <Latency = 12> <II = 1> <Delay = 7.15> <FuncUnit> <Opcode : 'ddiv' 'drem'> <InPorts = 2> <OutPorts = 1>

State 8 <SV = 7> <Delay = 7.15>
ST_8 : Operation 51 [9/13] (7.15ns)   --->   "%overSig = ddiv i64 1, i64 %sig" [main.cpp:102->main.cpp:133->main.cpp:272]   --->   Operation 51 'ddiv' 'overSig' <Predicate = true> <Delay = 7.15> <CoreInst = "DDiv">   --->   Core 39 'DDiv' <Latency = 12> <II = 1> <Delay = 7.15> <FuncUnit> <Opcode : 'ddiv' 'drem'> <InPorts = 2> <OutPorts = 1>

State 9 <SV = 8> <Delay = 7.15>
ST_9 : Operation 52 [8/13] (7.15ns)   --->   "%overSig = ddiv i64 1, i64 %sig" [main.cpp:102->main.cpp:133->main.cpp:272]   --->   Operation 52 'ddiv' 'overSig' <Predicate = true> <Delay = 7.15> <CoreInst = "DDiv">   --->   Core 39 'DDiv' <Latency = 12> <II = 1> <Delay = 7.15> <FuncUnit> <Opcode : 'ddiv' 'drem'> <InPorts = 2> <OutPorts = 1>

State 10 <SV = 9> <Delay = 7.15>
ST_10 : Operation 53 [7/13] (7.15ns)   --->   "%overSig = ddiv i64 1, i64 %sig" [main.cpp:102->main.cpp:133->main.cpp:272]   --->   Operation 53 'ddiv' 'overSig' <Predicate = true> <Delay = 7.15> <CoreInst = "DDiv">   --->   Core 39 'DDiv' <Latency = 12> <II = 1> <Delay = 7.15> <FuncUnit> <Opcode : 'ddiv' 'drem'> <InPorts = 2> <OutPorts = 1>

State 11 <SV = 10> <Delay = 7.15>
ST_11 : Operation 54 [6/13] (7.15ns)   --->   "%overSig = ddiv i64 1, i64 %sig" [main.cpp:102->main.cpp:133->main.cpp:272]   --->   Operation 54 'ddiv' 'overSig' <Predicate = true> <Delay = 7.15> <CoreInst = "DDiv">   --->   Core 39 'DDiv' <Latency = 12> <II = 1> <Delay = 7.15> <FuncUnit> <Opcode : 'ddiv' 'drem'> <InPorts = 2> <OutPorts = 1>

State 12 <SV = 11> <Delay = 7.15>
ST_12 : Operation 55 [5/13] (7.15ns)   --->   "%overSig = ddiv i64 1, i64 %sig" [main.cpp:102->main.cpp:133->main.cpp:272]   --->   Operation 55 'ddiv' 'overSig' <Predicate = true> <Delay = 7.15> <CoreInst = "DDiv">   --->   Core 39 'DDiv' <Latency = 12> <II = 1> <Delay = 7.15> <FuncUnit> <Opcode : 'ddiv' 'drem'> <InPorts = 2> <OutPorts = 1>

State 13 <SV = 12> <Delay = 7.15>
ST_13 : Operation 56 [4/13] (7.15ns)   --->   "%overSig = ddiv i64 1, i64 %sig" [main.cpp:102->main.cpp:133->main.cpp:272]   --->   Operation 56 'ddiv' 'overSig' <Predicate = true> <Delay = 7.15> <CoreInst = "DDiv">   --->   Core 39 'DDiv' <Latency = 12> <II = 1> <Delay = 7.15> <FuncUnit> <Opcode : 'ddiv' 'drem'> <InPorts = 2> <OutPorts = 1>

State 14 <SV = 13> <Delay = 7.15>
ST_14 : Operation 57 [3/13] (7.15ns)   --->   "%overSig = ddiv i64 1, i64 %sig" [main.cpp:102->main.cpp:133->main.cpp:272]   --->   Operation 57 'ddiv' 'overSig' <Predicate = true> <Delay = 7.15> <CoreInst = "DDiv">   --->   Core 39 'DDiv' <Latency = 12> <II = 1> <Delay = 7.15> <FuncUnit> <Opcode : 'ddiv' 'drem'> <InPorts = 2> <OutPorts = 1>

State 15 <SV = 14> <Delay = 7.15>
ST_15 : Operation 58 [2/13] (7.15ns)   --->   "%overSig = ddiv i64 1, i64 %sig" [main.cpp:102->main.cpp:133->main.cpp:272]   --->   Operation 58 'ddiv' 'overSig' <Predicate = true> <Delay = 7.15> <CoreInst = "DDiv">   --->   Core 39 'DDiv' <Latency = 12> <II = 1> <Delay = 7.15> <FuncUnit> <Opcode : 'ddiv' 'drem'> <InPorts = 2> <OutPorts = 1>

State 16 <SV = 15> <Delay = 7.15>
ST_16 : Operation 59 [1/13] (7.15ns)   --->   "%overSig = ddiv i64 1, i64 %sig" [main.cpp:102->main.cpp:133->main.cpp:272]   --->   Operation 59 'ddiv' 'overSig' <Predicate = true> <Delay = 7.15> <CoreInst = "DDiv">   --->   Core 39 'DDiv' <Latency = 12> <II = 1> <Delay = 7.15> <FuncUnit> <Opcode : 'ddiv' 'drem'> <InPorts = 2> <OutPorts = 1>

State 17 <SV = 16> <Delay = 5.58>
ST_17 : [1/1] (0.65ns)   --->   Input mux for Operation 60 '%mul_i_i = dmul i64 %overSig, i64 %overSig'
ST_17 : Operation 60 [4/4] (4.92ns)   --->   "%mul_i_i = dmul i64 %overSig, i64 %overSig" [main.cpp:105->main.cpp:133->main.cpp:272]   --->   Operation 60 'dmul' 'mul_i_i' <Predicate = true> <Delay = 4.92> <CoreInst = "DMul_maxdsp">   --->   Core 49 'DMul_maxdsp' <Latency = 3> <II = 1> <Delay = 5.58> <FuncUnit> <Opcode : 'dmul'> <InPorts = 2> <OutPorts = 1>

State 18 <SV = 17> <Delay = 5.58>
ST_18 : Operation 61 [3/4] (5.58ns)   --->   "%mul_i_i = dmul i64 %overSig, i64 %overSig" [main.cpp:105->main.cpp:133->main.cpp:272]   --->   Operation 61 'dmul' 'mul_i_i' <Predicate = true> <Delay = 5.58> <CoreInst = "DMul_maxdsp">   --->   Core 49 'DMul_maxdsp' <Latency = 3> <II = 1> <Delay = 5.58> <FuncUnit> <Opcode : 'dmul'> <InPorts = 2> <OutPorts = 1>

State 19 <SV = 18> <Delay = 5.58>
ST_19 : Operation 62 [2/4] (5.58ns)   --->   "%mul_i_i = dmul i64 %overSig, i64 %overSig" [main.cpp:105->main.cpp:133->main.cpp:272]   --->   Operation 62 'dmul' 'mul_i_i' <Predicate = true> <Delay = 5.58> <CoreInst = "DMul_maxdsp">   --->   Core 49 'DMul_maxdsp' <Latency = 3> <II = 1> <Delay = 5.58> <FuncUnit> <Opcode : 'dmul'> <InPorts = 2> <OutPorts = 1>

State 20 <SV = 19> <Delay = 5.58>
ST_20 : Operation 63 [1/4] (5.58ns)   --->   "%mul_i_i = dmul i64 %overSig, i64 %overSig" [main.cpp:105->main.cpp:133->main.cpp:272]   --->   Operation 63 'dmul' 'mul_i_i' <Predicate = true> <Delay = 5.58> <CoreInst = "DMul_maxdsp">   --->   Core 49 'DMul_maxdsp' <Latency = 3> <II = 1> <Delay = 5.58> <FuncUnit> <Opcode : 'dmul'> <InPorts = 2> <OutPorts = 1>

State 21 <SV = 20> <Delay = 5.15>
ST_21 : Operation 64 [1/1] (0.00ns)   --->   "%S_load = load i64 %S" [main.cpp:105->main.cpp:133->main.cpp:272]   --->   Operation 64 'load' 'S_load' <Predicate = true> <Delay = 0.00>
ST_21 : [1/1] (0.62ns)   --->   Input mux for Operation 65 '%S_1 = dadd i64 %S_load, i64 %mul_i_i'
ST_21 : Operation 65 [4/4] (4.52ns)   --->   "%S_1 = dadd i64 %S_load, i64 %mul_i_i" [main.cpp:105->main.cpp:133->main.cpp:272]   --->   Operation 65 'dadd' 'S_1' <Predicate = true> <Delay = 4.52> <CoreInst = "DAddSub_fulldsp">   --->   Core 37 'DAddSub_fulldsp' <Latency = 3> <II = 1> <Delay = 5.15> <FuncUnit> <Opcode : 'dadd' 'dsub'> <InPorts = 2> <OutPorts = 1>
ST_21 : Operation 72 [1/1] (0.00ns)   --->   "%S_load_1 = load i64 %S"   --->   Operation 72 'load' 'S_load_1' <Predicate = (icmp_ln100)> <Delay = 0.00>
ST_21 : Operation 73 [1/1] (0.00ns)   --->   "%write_ln0 = write void @_ssdm_op_Write.ap_auto.doubleP0A, i64 %S_out, i64 %S_load_1"   --->   Operation 73 'write' 'write_ln0' <Predicate = (icmp_ln100)> <Delay = 0.00>
ST_21 : Operation 74 [1/1] (0.00ns)   --->   "%ret_ln0 = ret"   --->   Operation 74 'ret' 'ret_ln0' <Predicate = (icmp_ln100)> <Delay = 0.00>

State 22 <SV = 21> <Delay = 5.15>
ST_22 : Operation 66 [3/4] (5.15ns)   --->   "%S_1 = dadd i64 %S_load, i64 %mul_i_i" [main.cpp:105->main.cpp:133->main.cpp:272]   --->   Operation 66 'dadd' 'S_1' <Predicate = true> <Delay = 5.15> <CoreInst = "DAddSub_fulldsp">   --->   Core 37 'DAddSub_fulldsp' <Latency = 3> <II = 1> <Delay = 5.15> <FuncUnit> <Opcode : 'dadd' 'dsub'> <InPorts = 2> <OutPorts = 1>

State 23 <SV = 22> <Delay = 5.15>
ST_23 : Operation 67 [2/4] (5.15ns)   --->   "%S_1 = dadd i64 %S_load, i64 %mul_i_i" [main.cpp:105->main.cpp:133->main.cpp:272]   --->   Operation 67 'dadd' 'S_1' <Predicate = true> <Delay = 5.15> <CoreInst = "DAddSub_fulldsp">   --->   Core 37 'DAddSub_fulldsp' <Latency = 3> <II = 1> <Delay = 5.15> <FuncUnit> <Opcode : 'dadd' 'dsub'> <InPorts = 2> <OutPorts = 1>

State 24 <SV = 23> <Delay = 5.61>
ST_24 : Operation 68 [1/1] (0.00ns)   --->   "%specloopname_ln100 = specloopname void @_ssdm_op_SpecLoopName, void @empty_3" [main.cpp:100->main.cpp:133->main.cpp:272]   --->   Operation 68 'specloopname' 'specloopname_ln100' <Predicate = true> <Delay = 0.00>
ST_24 : Operation 69 [1/4] (5.15ns)   --->   "%S_1 = dadd i64 %S_load, i64 %mul_i_i" [main.cpp:105->main.cpp:133->main.cpp:272]   --->   Operation 69 'dadd' 'S_1' <Predicate = true> <Delay = 5.15> <CoreInst = "DAddSub_fulldsp">   --->   Core 37 'DAddSub_fulldsp' <Latency = 3> <II = 1> <Delay = 5.15> <FuncUnit> <Opcode : 'dadd' 'dsub'> <InPorts = 2> <OutPorts = 1>
ST_24 : Operation 70 [1/1] (0.46ns)   --->   "%store_ln100 = store i64 %S_1, i64 %S" [main.cpp:100->main.cpp:133->main.cpp:272]   --->   Operation 70 'store' 'store_ln100' <Predicate = true> <Delay = 0.46>
ST_24 : Operation 71 [1/1] (0.00ns)   --->   "%br_ln100 = br void %for.inc.i.i" [main.cpp:100->main.cpp:133->main.cpp:272]   --->   Operation 71 'br' 'br_ln100' <Predicate = true> <Delay = 0.00>


============================================================
+ Verbose Summary: Timing violations
============================================================
Target clock period: 10.000ns, clock uncertainty: 2.700ns.

 <State 1>: 1.362ns
The critical path consists of the following:
	'alloca' operation ('i') [5]  (0.000 ns)
	'load' operation ('i', main.cpp:100->main.cpp:133->main.cpp:272) on local variable 'i' [11]  (0.000 ns)
	'add' operation ('add_ln100', main.cpp:100->main.cpp:133->main.cpp:272) [15]  (0.902 ns)
	'store' operation ('store_ln100', main.cpp:100->main.cpp:133->main.cpp:272) of variable 'add_ln100', main.cpp:100->main.cpp:133->main.cpp:272 on local variable 'i' [28]  (0.460 ns)

 <State 2>: 6.949ns
The critical path consists of the following:
	'load' operation ('arrsigs_load', main.cpp:101->main.cpp:133->main.cpp:272) on array 'arrsigs' [22]  (1.297 ns)
	multiplexor before operation 'sitodp' with delay (0.755 ns)
'sitodp' operation ('sig', main.cpp:101->main.cpp:133->main.cpp:272) [24]  (4.897 ns)

 <State 3>: 5.652ns
The critical path consists of the following:
	'sitodp' operation ('sig', main.cpp:101->main.cpp:133->main.cpp:272) [24]  (5.652 ns)

 <State 4>: 7.158ns
The critical path consists of the following:
	multiplexor before operation 'ddiv' with delay (0.755 ns)
'ddiv' operation ('overSig', main.cpp:102->main.cpp:133->main.cpp:272) [25]  (6.403 ns)

 <State 5>: 7.158ns
The critical path consists of the following:
	'ddiv' operation ('overSig', main.cpp:102->main.cpp:133->main.cpp:272) [25]  (7.158 ns)

 <State 6>: 7.158ns
The critical path consists of the following:
	'ddiv' operation ('overSig', main.cpp:102->main.cpp:133->main.cpp:272) [25]  (7.158 ns)

 <State 7>: 7.158ns
The critical path consists of the following:
	'ddiv' operation ('overSig', main.cpp:102->main.cpp:133->main.cpp:272) [25]  (7.158 ns)

 <State 8>: 7.158ns
The critical path consists of the following:
	'ddiv' operation ('overSig', main.cpp:102->main.cpp:133->main.cpp:272) [25]  (7.158 ns)

 <State 9>: 7.158ns
The critical path consists of the following:
	'ddiv' operation ('overSig', main.cpp:102->main.cpp:133->main.cpp:272) [25]  (7.158 ns)

 <State 10>: 7.158ns
The critical path consists of the following:
	'ddiv' operation ('overSig', main.cpp:102->main.cpp:133->main.cpp:272) [25]  (7.158 ns)

 <State 11>: 7.158ns
The critical path consists of the following:
	'ddiv' operation ('overSig', main.cpp:102->main.cpp:133->main.cpp:272) [25]  (7.158 ns)

 <State 12>: 7.158ns
The critical path consists of the following:
	'ddiv' operation ('overSig', main.cpp:102->main.cpp:133->main.cpp:272) [25]  (7.158 ns)

 <State 13>: 7.158ns
The critical path consists of the following:
	'ddiv' operation ('overSig', main.cpp:102->main.cpp:133->main.cpp:272) [25]  (7.158 ns)

 <State 14>: 7.158ns
The critical path consists of the following:
	'ddiv' operation ('overSig', main.cpp:102->main.cpp:133->main.cpp:272) [25]  (7.158 ns)

 <State 15>: 7.158ns
The critical path consists of the following:
	'ddiv' operation ('overSig', main.cpp:102->main.cpp:133->main.cpp:272) [25]  (7.158 ns)

 <State 16>: 7.158ns
The critical path consists of the following:
	'ddiv' operation ('overSig', main.cpp:102->main.cpp:133->main.cpp:272) [25]  (7.158 ns)

 <State 17>: 5.580ns
The critical path consists of the following:
	multiplexor before operation 'dmul' with delay (0.657 ns)
'dmul' operation ('mul_i_i', main.cpp:105->main.cpp:133->main.cpp:272) [26]  (4.923 ns)

 <State 18>: 5.580ns
The critical path consists of the following:
	'dmul' operation ('mul_i_i', main.cpp:105->main.cpp:133->main.cpp:272) [26]  (5.580 ns)

 <State 19>: 5.580ns
The critical path consists of the following:
	'dmul' operation ('mul_i_i', main.cpp:105->main.cpp:133->main.cpp:272) [26]  (5.580 ns)

 <State 20>: 5.580ns
The critical path consists of the following:
	'dmul' operation ('mul_i_i', main.cpp:105->main.cpp:133->main.cpp:272) [26]  (5.580 ns)

 <State 21>: 5.158ns
The critical path consists of the following:
	'load' operation ('S_load', main.cpp:105->main.cpp:133->main.cpp:272) on local variable 'S' [18]  (0.000 ns)
	multiplexor before operation 'dadd' with delay (0.629 ns)
'dadd' operation ('S', main.cpp:105->main.cpp:133->main.cpp:272) [27]  (4.529 ns)

 <State 22>: 5.158ns
The critical path consists of the following:
	'dadd' operation ('S', main.cpp:105->main.cpp:133->main.cpp:272) [27]  (5.158 ns)

 <State 23>: 5.158ns
The critical path consists of the following:
	'dadd' operation ('S', main.cpp:105->main.cpp:133->main.cpp:272) [27]  (5.158 ns)

 <State 24>: 5.618ns
The critical path consists of the following:
	'dadd' operation ('S', main.cpp:105->main.cpp:133->main.cpp:272) [27]  (5.158 ns)
	'store' operation ('store_ln100', main.cpp:100->main.cpp:133->main.cpp:272) of variable 'S', main.cpp:105->main.cpp:133->main.cpp:272 on local variable 'S' [29]  (0.460 ns)


============================================================
+ Verbose Summary: Binding
============================================================
N/A
* FSMD analyzer results:
  - Output states:
 - Input state : 
  - Chain level:
	State 1
	State 2
	State 3
	State 4
	State 5
	State 6
	State 7
	State 8
	State 9
	State 10
	State 11
	State 12
	State 13
	State 14
	State 15
	State 16
	State 17
	State 18
	State 19
	State 20
	State 21
	State 22
	State 23
	State 24


============================================================
+ Verbose Summary: Datapath Resource usage 
============================================================
N/A
