

================================================================
== Vitis HLS Report for 'fit_Pipeline_VITIS_LOOP_53_1'
================================================================
* Date:           Thu Feb 27 15:25:24 2025

* Version:        2023.1 (Build 3854077 on May  4 2023)
* Project:        hls_fit
* Solution:       solution1 (Vitis Kernel Flow Target)
* Product family: virtexuplus
* Target device:  xcvu11p-flga2577-1-e


================================================================
== Performance Estimates
================================================================
+ Timing: 
    * Summary: 
    +--------+----------+----------+------------+
    |  Clock |  Target  | Estimated| Uncertainty|
    +--------+----------+----------+------------+
    |ap_clk  |  10.00 ns|  7.158 ns|     2.70 ns|
    +--------+----------+----------+------------+

+ Latency: 
    * Summary: 
    +---------+---------+----------+-----------+-----+------+---------+
    |  Latency (cycles) |  Latency (absolute)  |  Interval  | Pipeline|
    |   min   |   max   |    min   |    max    | min |  max |   Type  |
    +---------+---------+----------+-----------+-----+------+---------+
    |      308|     1352|  3.080 us|  13.520 us|  308|  1352|       no|
    +---------+---------+----------+-----------+-----+------+---------+

    + Detail: 
        * Instance: 
        N/A

        * Loop: 
        +-------------------+---------+---------+----------+-----------+-----------+----------+----------+
        |                   |  Latency (cycles) | Iteration|  Initiation Interval  |   Trip   |          |
        |     Loop Name     |   min   |   max   |  Latency |  achieved |   target  |   Count  | Pipelined|
        +-------------------+---------+---------+----------+-----------+-----------+----------+----------+
        |- VITIS_LOOP_53_1  |      306|     1350|        28|          3|          1|  94 ~ 442|       yes|
        +-------------------+---------+---------+----------+-----------+-----------+----------+----------+

============================================================
+ Verbose Summary: Synthesis Manager
============================================================
InlineROM: 1
ExposeGlobal: 0
============================================================
+ Verbose Summary: CDFG Model
============================================================
IsTopModel: 0
ResetActiveHigh: 1
IsCombinational: 0
IsDatapathOnly: 0
HasWiredReturn: 1
HasMFsm: 2
HasVarLatency: 1
IsPipeline: 0
IsRtlPipelined: 0
IsInstanceOverlapped: 0
IsDontTouch: 0
HasImplIP: 0
IsGatedGlobalClock: 0

+ Individual pipeline summary: 
  * Pipeline-0: initiation interval (II) = 3, depth = 28


============================================================
+ Verbose Summary: Schedule
============================================================
* Number of FSM states : 28
* Pipeline : 1
  Pipeline-0 : II = 3, D = 28, States = { 1 2 3 4 5 6 7 8 9 10 11 12 13 14 15 16 17 18 19 20 21 22 23 24 25 26 27 28 }
* Dataflow Pipeline: 0

* FSM state transitions: 
1 --> 2 
2 --> 3 
3 --> 4 
4 --> 5 
5 --> 6 
6 --> 7 
7 --> 8 
8 --> 9 
9 --> 10 
10 --> 11 
11 --> 12 
12 --> 13 
13 --> 14 
14 --> 15 
15 --> 16 
16 --> 17 
17 --> 18 
18 --> 19 
19 --> 20 
20 --> 21 
21 --> 22 
22 --> 23 
23 --> 24 
24 --> 25 
25 --> 26 
26 --> 27 
27 --> 28 
28 --> 

* FSM state operations: 

State 1 <SV = 0> <Delay = 1.36>
ST_1 : Operation 31 [1/1] (0.00ns)   --->   "%Sx_1 = alloca i32 1"   --->   Operation 31 'alloca' 'Sx_1' <Predicate = true> <Delay = 0.00>
ST_1 : Operation 32 [1/1] (0.00ns)   --->   "%i = alloca i32 1"   --->   Operation 32 'alloca' 'i' <Predicate = true> <Delay = 0.00>
ST_1 : Operation 33 [1/1] (0.00ns)   --->   "%size_read = read i9 @_ssdm_op_Read.ap_auto.i9, i9 %size"   --->   Operation 33 'read' 'size_read' <Predicate = true> <Delay = 0.00>
ST_1 : Operation 34 [1/1] (0.46ns)   --->   "%store_ln0 = store i9 0, i9 %i"   --->   Operation 34 'store' 'store_ln0' <Predicate = true> <Delay = 0.46>
ST_1 : Operation 35 [1/1] (0.46ns)   --->   "%store_ln0 = store i64 0, i64 %Sx_1"   --->   Operation 35 'store' 'store_ln0' <Predicate = true> <Delay = 0.46>
ST_1 : Operation 36 [1/1] (0.00ns)   --->   "%br_ln0 = br void %for.inc.i17.i"   --->   Operation 36 'br' 'br_ln0' <Predicate = true> <Delay = 0.00>
ST_1 : Operation 37 [1/1] (0.00ns)   --->   "%i_1 = load i9 %i" [main.cpp:53->main.cpp:138->main.cpp:272]   --->   Operation 37 'load' 'i_1' <Predicate = true> <Delay = 0.00>
ST_1 : Operation 38 [1/1] (0.00ns)   --->   "%specpipeline_ln0 = specpipeline void @_ssdm_op_SpecPipeline, i32 4294967295, i32 0, i32 1, i32 0, void @p_str4"   --->   Operation 38 'specpipeline' 'specpipeline_ln0' <Predicate = true> <Delay = 0.00>
ST_1 : Operation 39 [1/1] (0.90ns)   --->   "%icmp_ln53 = icmp_eq  i9 %i_1, i9 %size_read" [main.cpp:53->main.cpp:138->main.cpp:272]   --->   Operation 39 'icmp' 'icmp_ln53' <Predicate = true> <Delay = 0.90> <CoreInst = "Cmp">   --->   Core 9 'Cmp' <Latency = 0> <II = 1> <Delay = 0.90> <FuncUnit> <Opcode : 'icmp'> <InPorts = 2> <OutPorts = 1>
ST_1 : Operation 40 [1/1] (0.00ns)   --->   "%speclooptripcount_ln0 = speclooptripcount void @_ssdm_op_SpecLoopTripCount, i64 94, i64 442, i64 0"   --->   Operation 40 'speclooptripcount' 'speclooptripcount_ln0' <Predicate = true> <Delay = 0.00>
ST_1 : Operation 41 [1/1] (0.90ns)   --->   "%add_ln53 = add i9 %i_1, i9 1" [main.cpp:53->main.cpp:138->main.cpp:272]   --->   Operation 41 'add' 'add_ln53' <Predicate = true> <Delay = 0.90> <CoreInst = "Adder">   --->   Core 1 'Adder' <Latency = 0> <II = 1> <Delay = 0.90> <FuncUnit> <Opcode : 'add' 'sub'> <InPorts = 2> <OutPorts = 1>
ST_1 : Operation 42 [1/1] (0.00ns)   --->   "%br_ln53 = br i1 %icmp_ln53, void %for.inc.i17.i.split, void %calc_ovr_sig_sqrd_x.exit.i.exitStub" [main.cpp:53->main.cpp:138->main.cpp:272]   --->   Operation 42 'br' 'br_ln53' <Predicate = true> <Delay = 0.00>
ST_1 : Operation 43 [1/1] (0.00ns)   --->   "%i_3_cast = zext i9 %i_1" [main.cpp:53->main.cpp:138->main.cpp:272]   --->   Operation 43 'zext' 'i_3_cast' <Predicate = (!icmp_ln53)> <Delay = 0.00>
ST_1 : Operation 44 [1/1] (0.00ns)   --->   "%arrsigs_addr = getelementptr i6 %arrsigs, i64 0, i64 %i_3_cast" [main.cpp:54->main.cpp:138->main.cpp:272]   --->   Operation 44 'getelementptr' 'arrsigs_addr' <Predicate = (!icmp_ln53)> <Delay = 0.00>
ST_1 : Operation 45 [2/2] (1.29ns)   --->   "%arrsigs_load = load i10 %arrsigs_addr" [main.cpp:54->main.cpp:138->main.cpp:272]   --->   Operation 45 'load' 'arrsigs_load' <Predicate = (!icmp_ln53)> <Delay = 1.29> <CoreInst = "RAM">   --->   Core 83 'RAM' <Latency = 1> <II = 1> <Delay = 1.29> <Storage> <Opcode : 'load' 'store'> <Ports = 2> <Width = 6> <Depth = 1024> <RAM>
ST_1 : Operation 46 [1/1] (0.46ns)   --->   "%store_ln53 = store i9 %add_ln53, i9 %i" [main.cpp:53->main.cpp:138->main.cpp:272]   --->   Operation 46 'store' 'store_ln53' <Predicate = (!icmp_ln53)> <Delay = 0.46>

State 2 <SV = 1> <Delay = 6.94>
ST_2 : Operation 47 [1/2] (1.29ns)   --->   "%arrsigs_load = load i10 %arrsigs_addr" [main.cpp:54->main.cpp:138->main.cpp:272]   --->   Operation 47 'load' 'arrsigs_load' <Predicate = (!icmp_ln53)> <Delay = 1.29> <CoreInst = "RAM">   --->   Core 83 'RAM' <Latency = 1> <II = 1> <Delay = 1.29> <Storage> <Opcode : 'load' 'store'> <Ports = 2> <Width = 6> <Depth = 1024> <RAM>
ST_2 : Operation 48 [1/1] (0.00ns)   --->   "%zext_ln54 = zext i6 %arrsigs_load" [main.cpp:54->main.cpp:138->main.cpp:272]   --->   Operation 48 'zext' 'zext_ln54' <Predicate = (!icmp_ln53)> <Delay = 0.00>
ST_2 : [1/1] (0.75ns)   --->   Input mux for Operation 49 '%sig = sitodp i64 %zext_ln54'
ST_2 : Operation 49 [2/2] (4.89ns)   --->   "%sig = sitodp i64 %zext_ln54" [main.cpp:54->main.cpp:138->main.cpp:272]   --->   Operation 49 'sitodp' 'sig' <Predicate = (!icmp_ln53)> <Delay = 4.89> <CoreInst = "Int2Double">   --->   Core 66 'Int2Double' <Latency = 1> <II = 1> <Delay = 5.65> <FuncUnit> <Opcode : 'sitodp' 'uitodp'> <InPorts = 1> <OutPorts = 1>

State 3 <SV = 2> <Delay = 5.65>
ST_3 : Operation 50 [1/2] (5.65ns)   --->   "%sig = sitodp i64 %zext_ln54" [main.cpp:54->main.cpp:138->main.cpp:272]   --->   Operation 50 'sitodp' 'sig' <Predicate = (!icmp_ln53)> <Delay = 5.65> <CoreInst = "Int2Double">   --->   Core 66 'Int2Double' <Latency = 1> <II = 1> <Delay = 5.65> <FuncUnit> <Opcode : 'sitodp' 'uitodp'> <InPorts = 1> <OutPorts = 1>

State 4 <SV = 3> <Delay = 7.15>
ST_4 : [1/1] (0.75ns)   --->   Input mux for Operation 51 '%overSig = ddiv i64 1, i64 %sig'
ST_4 : Operation 51 [13/13] (6.40ns)   --->   "%overSig = ddiv i64 1, i64 %sig" [main.cpp:55->main.cpp:138->main.cpp:272]   --->   Operation 51 'ddiv' 'overSig' <Predicate = true> <Delay = 6.40> <CoreInst = "DDiv">   --->   Core 39 'DDiv' <Latency = 12> <II = 1> <Delay = 7.15> <FuncUnit> <Opcode : 'ddiv' 'drem'> <InPorts = 2> <OutPorts = 1>

State 5 <SV = 4> <Delay = 7.15>
ST_5 : Operation 52 [12/13] (7.15ns)   --->   "%overSig = ddiv i64 1, i64 %sig" [main.cpp:55->main.cpp:138->main.cpp:272]   --->   Operation 52 'ddiv' 'overSig' <Predicate = true> <Delay = 7.15> <CoreInst = "DDiv">   --->   Core 39 'DDiv' <Latency = 12> <II = 1> <Delay = 7.15> <FuncUnit> <Opcode : 'ddiv' 'drem'> <InPorts = 2> <OutPorts = 1>

State 6 <SV = 5> <Delay = 7.15>
ST_6 : Operation 53 [11/13] (7.15ns)   --->   "%overSig = ddiv i64 1, i64 %sig" [main.cpp:55->main.cpp:138->main.cpp:272]   --->   Operation 53 'ddiv' 'overSig' <Predicate = true> <Delay = 7.15> <CoreInst = "DDiv">   --->   Core 39 'DDiv' <Latency = 12> <II = 1> <Delay = 7.15> <FuncUnit> <Opcode : 'ddiv' 'drem'> <InPorts = 2> <OutPorts = 1>

State 7 <SV = 6> <Delay = 7.15>
ST_7 : Operation 54 [10/13] (7.15ns)   --->   "%overSig = ddiv i64 1, i64 %sig" [main.cpp:55->main.cpp:138->main.cpp:272]   --->   Operation 54 'ddiv' 'overSig' <Predicate = true> <Delay = 7.15> <CoreInst = "DDiv">   --->   Core 39 'DDiv' <Latency = 12> <II = 1> <Delay = 7.15> <FuncUnit> <Opcode : 'ddiv' 'drem'> <InPorts = 2> <OutPorts = 1>

State 8 <SV = 7> <Delay = 7.15>
ST_8 : Operation 55 [9/13] (7.15ns)   --->   "%overSig = ddiv i64 1, i64 %sig" [main.cpp:55->main.cpp:138->main.cpp:272]   --->   Operation 55 'ddiv' 'overSig' <Predicate = true> <Delay = 7.15> <CoreInst = "DDiv">   --->   Core 39 'DDiv' <Latency = 12> <II = 1> <Delay = 7.15> <FuncUnit> <Opcode : 'ddiv' 'drem'> <InPorts = 2> <OutPorts = 1>

State 9 <SV = 8> <Delay = 7.15>
ST_9 : Operation 56 [8/13] (7.15ns)   --->   "%overSig = ddiv i64 1, i64 %sig" [main.cpp:55->main.cpp:138->main.cpp:272]   --->   Operation 56 'ddiv' 'overSig' <Predicate = true> <Delay = 7.15> <CoreInst = "DDiv">   --->   Core 39 'DDiv' <Latency = 12> <II = 1> <Delay = 7.15> <FuncUnit> <Opcode : 'ddiv' 'drem'> <InPorts = 2> <OutPorts = 1>

State 10 <SV = 9> <Delay = 7.15>
ST_10 : Operation 57 [7/13] (7.15ns)   --->   "%overSig = ddiv i64 1, i64 %sig" [main.cpp:55->main.cpp:138->main.cpp:272]   --->   Operation 57 'ddiv' 'overSig' <Predicate = true> <Delay = 7.15> <CoreInst = "DDiv">   --->   Core 39 'DDiv' <Latency = 12> <II = 1> <Delay = 7.15> <FuncUnit> <Opcode : 'ddiv' 'drem'> <InPorts = 2> <OutPorts = 1>

State 11 <SV = 10> <Delay = 7.15>
ST_11 : Operation 58 [6/13] (7.15ns)   --->   "%overSig = ddiv i64 1, i64 %sig" [main.cpp:55->main.cpp:138->main.cpp:272]   --->   Operation 58 'ddiv' 'overSig' <Predicate = true> <Delay = 7.15> <CoreInst = "DDiv">   --->   Core 39 'DDiv' <Latency = 12> <II = 1> <Delay = 7.15> <FuncUnit> <Opcode : 'ddiv' 'drem'> <InPorts = 2> <OutPorts = 1>

State 12 <SV = 11> <Delay = 7.15>
ST_12 : Operation 59 [5/13] (7.15ns)   --->   "%overSig = ddiv i64 1, i64 %sig" [main.cpp:55->main.cpp:138->main.cpp:272]   --->   Operation 59 'ddiv' 'overSig' <Predicate = true> <Delay = 7.15> <CoreInst = "DDiv">   --->   Core 39 'DDiv' <Latency = 12> <II = 1> <Delay = 7.15> <FuncUnit> <Opcode : 'ddiv' 'drem'> <InPorts = 2> <OutPorts = 1>

State 13 <SV = 12> <Delay = 7.15>
ST_13 : Operation 60 [4/13] (7.15ns)   --->   "%overSig = ddiv i64 1, i64 %sig" [main.cpp:55->main.cpp:138->main.cpp:272]   --->   Operation 60 'ddiv' 'overSig' <Predicate = true> <Delay = 7.15> <CoreInst = "DDiv">   --->   Core 39 'DDiv' <Latency = 12> <II = 1> <Delay = 7.15> <FuncUnit> <Opcode : 'ddiv' 'drem'> <InPorts = 2> <OutPorts = 1>
ST_13 : Operation 61 [1/1] (0.00ns)   --->   "%arrx_addr = getelementptr i7 %arrx, i64 0, i64 %i_3_cast" [main.cpp:56->main.cpp:138->main.cpp:272]   --->   Operation 61 'getelementptr' 'arrx_addr' <Predicate = true> <Delay = 0.00>
ST_13 : Operation 62 [2/2] (1.29ns)   --->   "%arrx_load = load i10 %arrx_addr" [main.cpp:56->main.cpp:138->main.cpp:272]   --->   Operation 62 'load' 'arrx_load' <Predicate = true> <Delay = 1.29> <CoreInst = "RAM">   --->   Core 83 'RAM' <Latency = 1> <II = 1> <Delay = 1.29> <Storage> <Opcode : 'load' 'store'> <Ports = 2> <Width = 7> <Depth = 1024> <RAM>

State 14 <SV = 13> <Delay = 7.15>
ST_14 : Operation 63 [3/13] (7.15ns)   --->   "%overSig = ddiv i64 1, i64 %sig" [main.cpp:55->main.cpp:138->main.cpp:272]   --->   Operation 63 'ddiv' 'overSig' <Predicate = true> <Delay = 7.15> <CoreInst = "DDiv">   --->   Core 39 'DDiv' <Latency = 12> <II = 1> <Delay = 7.15> <FuncUnit> <Opcode : 'ddiv' 'drem'> <InPorts = 2> <OutPorts = 1>
ST_14 : Operation 64 [1/2] (1.29ns)   --->   "%arrx_load = load i10 %arrx_addr" [main.cpp:56->main.cpp:138->main.cpp:272]   --->   Operation 64 'load' 'arrx_load' <Predicate = true> <Delay = 1.29> <CoreInst = "RAM">   --->   Core 83 'RAM' <Latency = 1> <II = 1> <Delay = 1.29> <Storage> <Opcode : 'load' 'store'> <Ports = 2> <Width = 7> <Depth = 1024> <RAM>

State 15 <SV = 14> <Delay = 7.15>
ST_15 : Operation 65 [2/13] (7.15ns)   --->   "%overSig = ddiv i64 1, i64 %sig" [main.cpp:55->main.cpp:138->main.cpp:272]   --->   Operation 65 'ddiv' 'overSig' <Predicate = true> <Delay = 7.15> <CoreInst = "DDiv">   --->   Core 39 'DDiv' <Latency = 12> <II = 1> <Delay = 7.15> <FuncUnit> <Opcode : 'ddiv' 'drem'> <InPorts = 2> <OutPorts = 1>
ST_15 : Operation 66 [1/1] (0.00ns)   --->   "%zext_ln56 = zext i7 %arrx_load" [main.cpp:56->main.cpp:138->main.cpp:272]   --->   Operation 66 'zext' 'zext_ln56' <Predicate = true> <Delay = 0.00>
ST_15 : [1/1] (0.75ns)   --->   Input mux for Operation 67 '%conv3_i_i = sitodp i64 %zext_ln56'
ST_15 : Operation 67 [2/2] (4.89ns)   --->   "%conv3_i_i = sitodp i64 %zext_ln56" [main.cpp:56->main.cpp:138->main.cpp:272]   --->   Operation 67 'sitodp' 'conv3_i_i' <Predicate = true> <Delay = 4.89> <CoreInst = "Int2Double">   --->   Core 66 'Int2Double' <Latency = 1> <II = 1> <Delay = 5.65> <FuncUnit> <Opcode : 'sitodp' 'uitodp'> <InPorts = 1> <OutPorts = 1>

State 16 <SV = 15> <Delay = 7.15>
ST_16 : Operation 68 [1/13] (7.15ns)   --->   "%overSig = ddiv i64 1, i64 %sig" [main.cpp:55->main.cpp:138->main.cpp:272]   --->   Operation 68 'ddiv' 'overSig' <Predicate = true> <Delay = 7.15> <CoreInst = "DDiv">   --->   Core 39 'DDiv' <Latency = 12> <II = 1> <Delay = 7.15> <FuncUnit> <Opcode : 'ddiv' 'drem'> <InPorts = 2> <OutPorts = 1>
ST_16 : Operation 69 [1/2] (5.65ns)   --->   "%conv3_i_i = sitodp i64 %zext_ln56" [main.cpp:56->main.cpp:138->main.cpp:272]   --->   Operation 69 'sitodp' 'conv3_i_i' <Predicate = true> <Delay = 5.65> <CoreInst = "Int2Double">   --->   Core 66 'Int2Double' <Latency = 1> <II = 1> <Delay = 5.65> <FuncUnit> <Opcode : 'sitodp' 'uitodp'> <InPorts = 1> <OutPorts = 1>

State 17 <SV = 16> <Delay = 5.58>
ST_17 : [1/1] (0.65ns)   --->   Input mux for Operation 70 '%mul_i13_i = dmul i64 %conv3_i_i, i64 %overSig'
ST_17 : Operation 70 [4/4] (4.92ns)   --->   "%mul_i13_i = dmul i64 %conv3_i_i, i64 %overSig" [main.cpp:56->main.cpp:138->main.cpp:272]   --->   Operation 70 'dmul' 'mul_i13_i' <Predicate = true> <Delay = 4.92> <CoreInst = "DMul_maxdsp">   --->   Core 49 'DMul_maxdsp' <Latency = 3> <II = 1> <Delay = 5.58> <FuncUnit> <Opcode : 'dmul'> <InPorts = 2> <OutPorts = 1>

State 18 <SV = 17> <Delay = 5.58>
ST_18 : Operation 71 [3/4] (5.58ns)   --->   "%mul_i13_i = dmul i64 %conv3_i_i, i64 %overSig" [main.cpp:56->main.cpp:138->main.cpp:272]   --->   Operation 71 'dmul' 'mul_i13_i' <Predicate = true> <Delay = 5.58> <CoreInst = "DMul_maxdsp">   --->   Core 49 'DMul_maxdsp' <Latency = 3> <II = 1> <Delay = 5.58> <FuncUnit> <Opcode : 'dmul'> <InPorts = 2> <OutPorts = 1>

State 19 <SV = 18> <Delay = 5.58>
ST_19 : Operation 72 [2/4] (5.58ns)   --->   "%mul_i13_i = dmul i64 %conv3_i_i, i64 %overSig" [main.cpp:56->main.cpp:138->main.cpp:272]   --->   Operation 72 'dmul' 'mul_i13_i' <Predicate = true> <Delay = 5.58> <CoreInst = "DMul_maxdsp">   --->   Core 49 'DMul_maxdsp' <Latency = 3> <II = 1> <Delay = 5.58> <FuncUnit> <Opcode : 'dmul'> <InPorts = 2> <OutPorts = 1>

State 20 <SV = 19> <Delay = 5.58>
ST_20 : Operation 73 [1/4] (5.58ns)   --->   "%mul_i13_i = dmul i64 %conv3_i_i, i64 %overSig" [main.cpp:56->main.cpp:138->main.cpp:272]   --->   Operation 73 'dmul' 'mul_i13_i' <Predicate = true> <Delay = 5.58> <CoreInst = "DMul_maxdsp">   --->   Core 49 'DMul_maxdsp' <Latency = 3> <II = 1> <Delay = 5.58> <FuncUnit> <Opcode : 'dmul'> <InPorts = 2> <OutPorts = 1>

State 21 <SV = 20> <Delay = 5.58>
ST_21 : [1/1] (0.65ns)   --->   Input mux for Operation 74 '%mul4_i_i = dmul i64 %mul_i13_i, i64 %overSig'
ST_21 : Operation 74 [4/4] (4.92ns)   --->   "%mul4_i_i = dmul i64 %mul_i13_i, i64 %overSig" [main.cpp:56->main.cpp:138->main.cpp:272]   --->   Operation 74 'dmul' 'mul4_i_i' <Predicate = true> <Delay = 4.92> <CoreInst = "DMul_maxdsp">   --->   Core 49 'DMul_maxdsp' <Latency = 3> <II = 1> <Delay = 5.58> <FuncUnit> <Opcode : 'dmul'> <InPorts = 2> <OutPorts = 1>

State 22 <SV = 21> <Delay = 5.58>
ST_22 : Operation 75 [3/4] (5.58ns)   --->   "%mul4_i_i = dmul i64 %mul_i13_i, i64 %overSig" [main.cpp:56->main.cpp:138->main.cpp:272]   --->   Operation 75 'dmul' 'mul4_i_i' <Predicate = true> <Delay = 5.58> <CoreInst = "DMul_maxdsp">   --->   Core 49 'DMul_maxdsp' <Latency = 3> <II = 1> <Delay = 5.58> <FuncUnit> <Opcode : 'dmul'> <InPorts = 2> <OutPorts = 1>

State 23 <SV = 22> <Delay = 5.58>
ST_23 : Operation 76 [2/4] (5.58ns)   --->   "%mul4_i_i = dmul i64 %mul_i13_i, i64 %overSig" [main.cpp:56->main.cpp:138->main.cpp:272]   --->   Operation 76 'dmul' 'mul4_i_i' <Predicate = true> <Delay = 5.58> <CoreInst = "DMul_maxdsp">   --->   Core 49 'DMul_maxdsp' <Latency = 3> <II = 1> <Delay = 5.58> <FuncUnit> <Opcode : 'dmul'> <InPorts = 2> <OutPorts = 1>

State 24 <SV = 23> <Delay = 5.58>
ST_24 : Operation 77 [1/4] (5.58ns)   --->   "%mul4_i_i = dmul i64 %mul_i13_i, i64 %overSig" [main.cpp:56->main.cpp:138->main.cpp:272]   --->   Operation 77 'dmul' 'mul4_i_i' <Predicate = true> <Delay = 5.58> <CoreInst = "DMul_maxdsp">   --->   Core 49 'DMul_maxdsp' <Latency = 3> <II = 1> <Delay = 5.58> <FuncUnit> <Opcode : 'dmul'> <InPorts = 2> <OutPorts = 1>

State 25 <SV = 24> <Delay = 5.15>
ST_25 : Operation 78 [1/1] (0.00ns)   --->   "%Sx_1_load = load i64 %Sx_1" [main.cpp:56->main.cpp:138->main.cpp:272]   --->   Operation 78 'load' 'Sx_1_load' <Predicate = true> <Delay = 0.00>
ST_25 : [1/1] (0.62ns)   --->   Input mux for Operation 79 '%Sx = dadd i64 %Sx_1_load, i64 %mul4_i_i'
ST_25 : Operation 79 [4/4] (4.52ns)   --->   "%Sx = dadd i64 %Sx_1_load, i64 %mul4_i_i" [main.cpp:56->main.cpp:138->main.cpp:272]   --->   Operation 79 'dadd' 'Sx' <Predicate = true> <Delay = 4.52> <CoreInst = "DAddSub_fulldsp">   --->   Core 37 'DAddSub_fulldsp' <Latency = 3> <II = 1> <Delay = 5.15> <FuncUnit> <Opcode : 'dadd' 'dsub'> <InPorts = 2> <OutPorts = 1>
ST_25 : Operation 86 [1/1] (0.00ns)   --->   "%Sx_1_load_1 = load i64 %Sx_1"   --->   Operation 86 'load' 'Sx_1_load_1' <Predicate = (icmp_ln53)> <Delay = 0.00>
ST_25 : Operation 87 [1/1] (0.00ns)   --->   "%write_ln0 = write void @_ssdm_op_Write.ap_auto.doubleP0A, i64 %Sx_1_out, i64 %Sx_1_load_1"   --->   Operation 87 'write' 'write_ln0' <Predicate = (icmp_ln53)> <Delay = 0.00>
ST_25 : Operation 88 [1/1] (0.00ns)   --->   "%ret_ln0 = ret"   --->   Operation 88 'ret' 'ret_ln0' <Predicate = (icmp_ln53)> <Delay = 0.00>

State 26 <SV = 25> <Delay = 5.15>
ST_26 : Operation 80 [3/4] (5.15ns)   --->   "%Sx = dadd i64 %Sx_1_load, i64 %mul4_i_i" [main.cpp:56->main.cpp:138->main.cpp:272]   --->   Operation 80 'dadd' 'Sx' <Predicate = true> <Delay = 5.15> <CoreInst = "DAddSub_fulldsp">   --->   Core 37 'DAddSub_fulldsp' <Latency = 3> <II = 1> <Delay = 5.15> <FuncUnit> <Opcode : 'dadd' 'dsub'> <InPorts = 2> <OutPorts = 1>

State 27 <SV = 26> <Delay = 5.15>
ST_27 : Operation 81 [2/4] (5.15ns)   --->   "%Sx = dadd i64 %Sx_1_load, i64 %mul4_i_i" [main.cpp:56->main.cpp:138->main.cpp:272]   --->   Operation 81 'dadd' 'Sx' <Predicate = true> <Delay = 5.15> <CoreInst = "DAddSub_fulldsp">   --->   Core 37 'DAddSub_fulldsp' <Latency = 3> <II = 1> <Delay = 5.15> <FuncUnit> <Opcode : 'dadd' 'dsub'> <InPorts = 2> <OutPorts = 1>

State 28 <SV = 27> <Delay = 5.61>
ST_28 : Operation 82 [1/1] (0.00ns)   --->   "%specloopname_ln53 = specloopname void @_ssdm_op_SpecLoopName, void @empty_2" [main.cpp:53->main.cpp:138->main.cpp:272]   --->   Operation 82 'specloopname' 'specloopname_ln53' <Predicate = true> <Delay = 0.00>
ST_28 : Operation 83 [1/4] (5.15ns)   --->   "%Sx = dadd i64 %Sx_1_load, i64 %mul4_i_i" [main.cpp:56->main.cpp:138->main.cpp:272]   --->   Operation 83 'dadd' 'Sx' <Predicate = true> <Delay = 5.15> <CoreInst = "DAddSub_fulldsp">   --->   Core 37 'DAddSub_fulldsp' <Latency = 3> <II = 1> <Delay = 5.15> <FuncUnit> <Opcode : 'dadd' 'dsub'> <InPorts = 2> <OutPorts = 1>
ST_28 : Operation 84 [1/1] (0.46ns)   --->   "%store_ln53 = store i64 %Sx, i64 %Sx_1" [main.cpp:53->main.cpp:138->main.cpp:272]   --->   Operation 84 'store' 'store_ln53' <Predicate = true> <Delay = 0.46>
ST_28 : Operation 85 [1/1] (0.00ns)   --->   "%br_ln53 = br void %for.inc.i17.i" [main.cpp:53->main.cpp:138->main.cpp:272]   --->   Operation 85 'br' 'br_ln53' <Predicate = true> <Delay = 0.00>


============================================================
+ Verbose Summary: Timing violations
============================================================
Target clock period: 10.000ns, clock uncertainty: 2.700ns.

 <State 1>: 1.362ns
The critical path consists of the following:
	'alloca' operation ('i') [6]  (0.000 ns)
	'load' operation ('i', main.cpp:53->main.cpp:138->main.cpp:272) on local variable 'i' [12]  (0.000 ns)
	'add' operation ('add_ln53', main.cpp:53->main.cpp:138->main.cpp:272) [16]  (0.902 ns)
	'store' operation ('store_ln53', main.cpp:53->main.cpp:138->main.cpp:272) of variable 'add_ln53', main.cpp:53->main.cpp:138->main.cpp:272 on local variable 'i' [34]  (0.460 ns)

 <State 2>: 6.949ns
The critical path consists of the following:
	'load' operation ('arrsigs_load', main.cpp:54->main.cpp:138->main.cpp:272) on array 'arrsigs' [23]  (1.297 ns)
	multiplexor before operation 'sitodp' with delay (0.755 ns)
'sitodp' operation ('sig', main.cpp:54->main.cpp:138->main.cpp:272) [25]  (4.897 ns)

 <State 3>: 5.652ns
The critical path consists of the following:
	'sitodp' operation ('sig', main.cpp:54->main.cpp:138->main.cpp:272) [25]  (5.652 ns)

 <State 4>: 7.158ns
The critical path consists of the following:
	multiplexor before operation 'ddiv' with delay (0.755 ns)
'ddiv' operation ('overSig', main.cpp:55->main.cpp:138->main.cpp:272) [26]  (6.403 ns)

 <State 5>: 7.158ns
The critical path consists of the following:
	'ddiv' operation ('overSig', main.cpp:55->main.cpp:138->main.cpp:272) [26]  (7.158 ns)

 <State 6>: 7.158ns
The critical path consists of the following:
	'ddiv' operation ('overSig', main.cpp:55->main.cpp:138->main.cpp:272) [26]  (7.158 ns)

 <State 7>: 7.158ns
The critical path consists of the following:
	'ddiv' operation ('overSig', main.cpp:55->main.cpp:138->main.cpp:272) [26]  (7.158 ns)

 <State 8>: 7.158ns
The critical path consists of the following:
	'ddiv' operation ('overSig', main.cpp:55->main.cpp:138->main.cpp:272) [26]  (7.158 ns)

 <State 9>: 7.158ns
The critical path consists of the following:
	'ddiv' operation ('overSig', main.cpp:55->main.cpp:138->main.cpp:272) [26]  (7.158 ns)

 <State 10>: 7.158ns
The critical path consists of the following:
	'ddiv' operation ('overSig', main.cpp:55->main.cpp:138->main.cpp:272) [26]  (7.158 ns)

 <State 11>: 7.158ns
The critical path consists of the following:
	'ddiv' operation ('overSig', main.cpp:55->main.cpp:138->main.cpp:272) [26]  (7.158 ns)

 <State 12>: 7.158ns
The critical path consists of the following:
	'ddiv' operation ('overSig', main.cpp:55->main.cpp:138->main.cpp:272) [26]  (7.158 ns)

 <State 13>: 7.158ns
The critical path consists of the following:
	'ddiv' operation ('overSig', main.cpp:55->main.cpp:138->main.cpp:272) [26]  (7.158 ns)

 <State 14>: 7.158ns
The critical path consists of the following:
	'ddiv' operation ('overSig', main.cpp:55->main.cpp:138->main.cpp:272) [26]  (7.158 ns)

 <State 15>: 7.158ns
The critical path consists of the following:
	'ddiv' operation ('overSig', main.cpp:55->main.cpp:138->main.cpp:272) [26]  (7.158 ns)

 <State 16>: 7.158ns
The critical path consists of the following:
	'ddiv' operation ('overSig', main.cpp:55->main.cpp:138->main.cpp:272) [26]  (7.158 ns)

 <State 17>: 5.580ns
The critical path consists of the following:
	multiplexor before operation 'dmul' with delay (0.657 ns)
'dmul' operation ('mul_i13_i', main.cpp:56->main.cpp:138->main.cpp:272) [31]  (4.923 ns)

 <State 18>: 5.580ns
The critical path consists of the following:
	'dmul' operation ('mul_i13_i', main.cpp:56->main.cpp:138->main.cpp:272) [31]  (5.580 ns)

 <State 19>: 5.580ns
The critical path consists of the following:
	'dmul' operation ('mul_i13_i', main.cpp:56->main.cpp:138->main.cpp:272) [31]  (5.580 ns)

 <State 20>: 5.580ns
The critical path consists of the following:
	'dmul' operation ('mul_i13_i', main.cpp:56->main.cpp:138->main.cpp:272) [31]  (5.580 ns)

 <State 21>: 5.580ns
The critical path consists of the following:
	multiplexor before operation 'dmul' with delay (0.657 ns)
'dmul' operation ('mul4_i_i', main.cpp:56->main.cpp:138->main.cpp:272) [32]  (4.923 ns)

 <State 22>: 5.580ns
The critical path consists of the following:
	'dmul' operation ('mul4_i_i', main.cpp:56->main.cpp:138->main.cpp:272) [32]  (5.580 ns)

 <State 23>: 5.580ns
The critical path consists of the following:
	'dmul' operation ('mul4_i_i', main.cpp:56->main.cpp:138->main.cpp:272) [32]  (5.580 ns)

 <State 24>: 5.580ns
The critical path consists of the following:
	'dmul' operation ('mul4_i_i', main.cpp:56->main.cpp:138->main.cpp:272) [32]  (5.580 ns)

 <State 25>: 5.158ns
The critical path consists of the following:
	'load' operation ('Sx_1_load', main.cpp:56->main.cpp:138->main.cpp:272) on local variable 'Sx' [19]  (0.000 ns)
	multiplexor before operation 'dadd' with delay (0.629 ns)
'dadd' operation ('Sx', main.cpp:56->main.cpp:138->main.cpp:272) [33]  (4.529 ns)

 <State 26>: 5.158ns
The critical path consists of the following:
	'dadd' operation ('Sx', main.cpp:56->main.cpp:138->main.cpp:272) [33]  (5.158 ns)

 <State 27>: 5.158ns
The critical path consists of the following:
	'dadd' operation ('Sx', main.cpp:56->main.cpp:138->main.cpp:272) [33]  (5.158 ns)

 <State 28>: 5.618ns
The critical path consists of the following:
	'dadd' operation ('Sx', main.cpp:56->main.cpp:138->main.cpp:272) [33]  (5.158 ns)
	'store' operation ('store_ln53', main.cpp:53->main.cpp:138->main.cpp:272) of variable 'Sx', main.cpp:56->main.cpp:138->main.cpp:272 on local variable 'Sx' [35]  (0.460 ns)


============================================================
+ Verbose Summary: Binding
============================================================
N/A
* FSMD analyzer results:
  - Output states:
 - Input state : 
  - Chain level:
	State 1
	State 2
	State 3
	State 4
	State 5
	State 6
	State 7
	State 8
	State 9
	State 10
	State 11
	State 12
	State 13
	State 14
	State 15
	State 16
	State 17
	State 18
	State 19
	State 20
	State 21
	State 22
	State 23
	State 24
	State 25
	State 26
	State 27
	State 28


============================================================
+ Verbose Summary: Datapath Resource usage 
============================================================
N/A
