

================================================================
== Vitis HLS Report for 'fit_Pipeline_VITIS_LOOP_204_1'
================================================================
* Date:           Thu Feb 27 15:25:23 2025

* Version:        2023.1 (Build 3854077 on May  4 2023)
* Project:        hls_fit
* Solution:       solution1 (Vitis Kernel Flow Target)
* Product family: virtexuplus
* Target device:  xcvu11p-flga2577-1-e


================================================================
== Performance Estimates
================================================================
+ Timing: 
    * Summary: 
    +--------+----------+----------+------------+
    |  Clock |  Target  | Estimated| Uncertainty|
    +--------+----------+----------+------------+
    |ap_clk  |  10.00 ns|  6.949 ns|     2.70 ns|
    +--------+----------+----------+------------+

+ Latency: 
    * Summary: 
    +---------+---------+-----------+-----------+------+------+---------+
    |  Latency (cycles) |   Latency (absolute)  |   Interval  | Pipeline|
    |   min   |   max   |    min    |    max    |  min |  max |   Type  |
    +---------+---------+-----------+-----------+------+------+---------+
    |     4106|     4106|  41.060 us|  41.060 us|  4106|  4106|       no|
    +---------+---------+-----------+-----------+------+------+---------+

    + Detail: 
        * Instance: 
        N/A

        * Loop: 
        +--------------------+---------+---------+----------+-----------+-----------+------+----------+
        |                    |  Latency (cycles) | Iteration|  Initiation Interval  | Trip |          |
        |      Loop Name     |   min   |   max   |  Latency |  achieved |   target  | Count| Pipelined|
        +--------------------+---------+---------+----------+-----------+-----------+------+----------+
        |- VITIS_LOOP_204_1  |     4104|     4104|        22|          3|          1|  1362|       yes|
        +--------------------+---------+---------+----------+-----------+-----------+------+----------+

============================================================
+ Verbose Summary: Synthesis Manager
============================================================
InlineROM: 1
ExposeGlobal: 0
============================================================
+ Verbose Summary: CDFG Model
============================================================
IsTopModel: 0
ResetActiveHigh: 1
IsCombinational: 0
IsDatapathOnly: 0
HasWiredReturn: 1
HasMFsm: 2
HasVarLatency: 1
IsPipeline: 0
IsRtlPipelined: 0
IsInstanceOverlapped: 0
IsDontTouch: 0
HasImplIP: 0
IsGatedGlobalClock: 0

+ Individual pipeline summary: 
  * Pipeline-0: initiation interval (II) = 3, depth = 22


============================================================
+ Verbose Summary: Schedule
============================================================
* Number of FSM states : 22
* Pipeline : 1
  Pipeline-0 : II = 3, D = 22, States = { 1 2 3 4 5 6 7 8 9 10 11 12 13 14 15 16 17 18 19 20 21 22 }
* Dataflow Pipeline: 0

* FSM state transitions: 
1 --> 2 
2 --> 3 
3 --> 4 
4 --> 5 
5 --> 6 
6 --> 7 
7 --> 8 
8 --> 9 
9 --> 10 
10 --> 11 
11 --> 12 
12 --> 13 
13 --> 14 
14 --> 15 
15 --> 16 
16 --> 17 
17 --> 18 
18 --> 19 
19 --> 20 
20 --> 21 
21 --> 22 
22 --> 

* FSM state operations: 

State 1 <SV = 0> <Delay = 1.42>
ST_1 : Operation 25 [1/1] (0.00ns)   --->   "%f = alloca i32 1"   --->   Operation 25 'alloca' 'f' <Predicate = true> <Delay = 0.00>
ST_1 : Operation 26 [1/1] (0.00ns)   --->   "%i_1 = alloca i32 1"   --->   Operation 26 'alloca' 'i_1' <Predicate = true> <Delay = 0.00>
ST_1 : Operation 27 [1/1] (0.00ns)   --->   "%tmp_1_read = read i64 @_ssdm_op_Read.ap_auto.double, i64 %tmp_1"   --->   Operation 27 'read' 'tmp_1_read' <Predicate = true> <Delay = 0.00>
ST_1 : Operation 28 [1/1] (0.00ns)   --->   "%tmp_read = read i64 @_ssdm_op_Read.ap_auto.double, i64 %tmp"   --->   Operation 28 'read' 'tmp_read' <Predicate = true> <Delay = 0.00>
ST_1 : Operation 29 [1/1] (0.46ns)   --->   "%store_ln0 = store i11 0, i11 %i_1"   --->   Operation 29 'store' 'store_ln0' <Predicate = true> <Delay = 0.46>
ST_1 : Operation 30 [1/1] (0.46ns)   --->   "%store_ln0 = store i64 0, i64 %f"   --->   Operation 30 'store' 'store_ln0' <Predicate = true> <Delay = 0.46>
ST_1 : Operation 31 [1/1] (0.00ns)   --->   "%br_ln0 = br void %for.inc.i9"   --->   Operation 31 'br' 'br_ln0' <Predicate = true> <Delay = 0.00>
ST_1 : Operation 32 [1/1] (0.00ns)   --->   "%i = load i11 %i_1" [main.cpp:204->main.cpp:268]   --->   Operation 32 'load' 'i' <Predicate = true> <Delay = 0.00>
ST_1 : Operation 33 [1/1] (0.00ns)   --->   "%specpipeline_ln0 = specpipeline void @_ssdm_op_SpecPipeline, i32 4294967295, i32 0, i32 1, i32 0, void @p_str2"   --->   Operation 33 'specpipeline' 'specpipeline_ln0' <Predicate = true> <Delay = 0.00>
ST_1 : Operation 34 [1/1] (0.96ns)   --->   "%icmp_ln204 = icmp_eq  i11 %i, i11 1362" [main.cpp:204->main.cpp:268]   --->   Operation 34 'icmp' 'icmp_ln204' <Predicate = true> <Delay = 0.96> <CoreInst = "Cmp">   --->   Core 9 'Cmp' <Latency = 0> <II = 1> <Delay = 0.96> <FuncUnit> <Opcode : 'icmp'> <InPorts = 2> <OutPorts = 1>
ST_1 : Operation 35 [1/1] (0.96ns)   --->   "%add_ln204 = add i11 %i, i11 1" [main.cpp:204->main.cpp:268]   --->   Operation 35 'add' 'add_ln204' <Predicate = true> <Delay = 0.96> <CoreInst = "Adder">   --->   Core 1 'Adder' <Latency = 0> <II = 1> <Delay = 0.96> <FuncUnit> <Opcode : 'add' 'sub'> <InPorts = 2> <OutPorts = 1>
ST_1 : Operation 36 [1/1] (0.00ns)   --->   "%br_ln204 = br i1 %icmp_ln204, void %for.inc.i9.split, void %for.inc.i.i.preheader.exitStub" [main.cpp:204->main.cpp:268]   --->   Operation 36 'br' 'br_ln204' <Predicate = true> <Delay = 0.00>
ST_1 : Operation 37 [1/1] (0.00ns)   --->   "%i_1_cast = zext i11 %i" [main.cpp:204->main.cpp:268]   --->   Operation 37 'zext' 'i_1_cast' <Predicate = (!icmp_ln204)> <Delay = 0.00>
ST_1 : Operation 38 [1/1] (0.00ns)   --->   "%arrx_addr = getelementptr i7 %arrx, i64 0, i64 %i_1_cast" [main.cpp:206->main.cpp:268]   --->   Operation 38 'getelementptr' 'arrx_addr' <Predicate = (!icmp_ln204)> <Delay = 0.00>
ST_1 : Operation 39 [2/2] (1.29ns)   --->   "%arrx_load = load i10 %arrx_addr" [main.cpp:206->main.cpp:268]   --->   Operation 39 'load' 'arrx_load' <Predicate = (!icmp_ln204)> <Delay = 1.29> <CoreInst = "RAM">   --->   Core 83 'RAM' <Latency = 1> <II = 1> <Delay = 1.29> <Storage> <Opcode : 'load' 'store'> <Ports = 2> <Width = 7> <Depth = 1024> <RAM>
ST_1 : Operation 40 [1/1] (0.00ns)   --->   "%arry_addr = getelementptr i12 %arry, i64 0, i64 %i_1_cast" [main.cpp:207->main.cpp:268]   --->   Operation 40 'getelementptr' 'arry_addr' <Predicate = (!icmp_ln204)> <Delay = 0.00>
ST_1 : Operation 41 [2/2] (1.29ns)   --->   "%arry_load = load i10 %arry_addr" [main.cpp:207->main.cpp:268]   --->   Operation 41 'load' 'arry_load' <Predicate = (!icmp_ln204)> <Delay = 1.29> <CoreInst = "RAM">   --->   Core 83 'RAM' <Latency = 1> <II = 1> <Delay = 1.29> <Storage> <Opcode : 'load' 'store'> <Ports = 2> <Width = 12> <Depth = 1024> <RAM>
ST_1 : Operation 42 [1/1] (0.46ns)   --->   "%store_ln204 = store i11 %add_ln204, i11 %i_1" [main.cpp:204->main.cpp:268]   --->   Operation 42 'store' 'store_ln204' <Predicate = (!icmp_ln204)> <Delay = 0.46>

State 2 <SV = 1> <Delay = 6.94>
ST_2 : Operation 43 [1/2] (1.29ns)   --->   "%arrx_load = load i10 %arrx_addr" [main.cpp:206->main.cpp:268]   --->   Operation 43 'load' 'arrx_load' <Predicate = (!icmp_ln204)> <Delay = 1.29> <CoreInst = "RAM">   --->   Core 83 'RAM' <Latency = 1> <II = 1> <Delay = 1.29> <Storage> <Opcode : 'load' 'store'> <Ports = 2> <Width = 7> <Depth = 1024> <RAM>
ST_2 : Operation 44 [1/1] (0.00ns)   --->   "%zext_ln206 = zext i7 %arrx_load" [main.cpp:206->main.cpp:268]   --->   Operation 44 'zext' 'zext_ln206' <Predicate = (!icmp_ln204)> <Delay = 0.00>
ST_2 : [1/1] (0.75ns)   --->   Input mux for Operation 45 '%x = sitodp i64 %zext_ln206'
ST_2 : Operation 45 [2/2] (4.89ns)   --->   "%x = sitodp i64 %zext_ln206" [main.cpp:206->main.cpp:268]   --->   Operation 45 'sitodp' 'x' <Predicate = (!icmp_ln204)> <Delay = 4.89> <CoreInst = "Int2Double">   --->   Core 66 'Int2Double' <Latency = 1> <II = 1> <Delay = 5.65> <FuncUnit> <Opcode : 'sitodp' 'uitodp'> <InPorts = 1> <OutPorts = 1>
ST_2 : Operation 46 [1/2] (1.29ns)   --->   "%arry_load = load i10 %arry_addr" [main.cpp:207->main.cpp:268]   --->   Operation 46 'load' 'arry_load' <Predicate = (!icmp_ln204)> <Delay = 1.29> <CoreInst = "RAM">   --->   Core 83 'RAM' <Latency = 1> <II = 1> <Delay = 1.29> <Storage> <Opcode : 'load' 'store'> <Ports = 2> <Width = 12> <Depth = 1024> <RAM>

State 3 <SV = 2> <Delay = 5.65>
ST_3 : Operation 47 [1/2] (5.65ns)   --->   "%x = sitodp i64 %zext_ln206" [main.cpp:206->main.cpp:268]   --->   Operation 47 'sitodp' 'x' <Predicate = (!icmp_ln204)> <Delay = 5.65> <CoreInst = "Int2Double">   --->   Core 66 'Int2Double' <Latency = 1> <II = 1> <Delay = 5.65> <FuncUnit> <Opcode : 'sitodp' 'uitodp'> <InPorts = 1> <OutPorts = 1>
ST_3 : Operation 48 [1/1] (0.00ns)   --->   "%sext_ln207 = sext i12 %arry_load" [main.cpp:207->main.cpp:268]   --->   Operation 48 'sext' 'sext_ln207' <Predicate = (!icmp_ln204)> <Delay = 0.00>
ST_3 : [1/1] (0.46ns)   --->   Input mux for Operation 49 '%y = sitodp i32 %sext_ln207'
ST_3 : Operation 49 [2/2] (5.19ns)   --->   "%y = sitodp i32 %sext_ln207" [main.cpp:207->main.cpp:268]   --->   Operation 49 'sitodp' 'y' <Predicate = (!icmp_ln204)> <Delay = 5.19> <CoreInst = "Int2Double">   --->   Core 66 'Int2Double' <Latency = 1> <II = 1> <Delay = 5.65> <FuncUnit> <Opcode : 'sitodp' 'uitodp'> <InPorts = 1> <OutPorts = 1>

State 4 <SV = 3> <Delay = 5.65>
ST_4 : Operation 50 [1/2] (5.65ns)   --->   "%y = sitodp i32 %sext_ln207" [main.cpp:207->main.cpp:268]   --->   Operation 50 'sitodp' 'y' <Predicate = true> <Delay = 5.65> <CoreInst = "Int2Double">   --->   Core 66 'Int2Double' <Latency = 1> <II = 1> <Delay = 5.65> <FuncUnit> <Opcode : 'sitodp' 'uitodp'> <InPorts = 1> <OutPorts = 1>
ST_4 : [1/1] (0.65ns)   --->   Input mux for Operation 51 '%mul_i5 = dmul i64 %tmp_1_read, i64 %x'
ST_4 : Operation 51 [4/4] (4.92ns)   --->   "%mul_i5 = dmul i64 %tmp_1_read, i64 %x" [main.cpp:209->main.cpp:268]   --->   Operation 51 'dmul' 'mul_i5' <Predicate = true> <Delay = 4.92> <CoreInst = "DMul_maxdsp">   --->   Core 49 'DMul_maxdsp' <Latency = 3> <II = 1> <Delay = 5.58> <FuncUnit> <Opcode : 'dmul'> <InPorts = 2> <OutPorts = 1>

State 5 <SV = 4> <Delay = 5.58>
ST_5 : [1/1] (0.58ns)   --->   Input mux for Operation 52 '%sub_i = dsub i64 %y, i64 %tmp_read'
ST_5 : Operation 52 [4/4] (4.57ns)   --->   "%sub_i = dsub i64 %y, i64 %tmp_read" [main.cpp:209->main.cpp:268]   --->   Operation 52 'dsub' 'sub_i' <Predicate = true> <Delay = 4.57> <CoreInst = "DAddSub_fulldsp">   --->   Core 37 'DAddSub_fulldsp' <Latency = 3> <II = 1> <Delay = 5.15> <FuncUnit> <Opcode : 'dadd' 'dsub'> <InPorts = 2> <OutPorts = 1>
ST_5 : Operation 53 [3/4] (5.58ns)   --->   "%mul_i5 = dmul i64 %tmp_1_read, i64 %x" [main.cpp:209->main.cpp:268]   --->   Operation 53 'dmul' 'mul_i5' <Predicate = true> <Delay = 5.58> <CoreInst = "DMul_maxdsp">   --->   Core 49 'DMul_maxdsp' <Latency = 3> <II = 1> <Delay = 5.58> <FuncUnit> <Opcode : 'dmul'> <InPorts = 2> <OutPorts = 1>

State 6 <SV = 5> <Delay = 5.58>
ST_6 : Operation 54 [3/4] (5.15ns)   --->   "%sub_i = dsub i64 %y, i64 %tmp_read" [main.cpp:209->main.cpp:268]   --->   Operation 54 'dsub' 'sub_i' <Predicate = true> <Delay = 5.15> <CoreInst = "DAddSub_fulldsp">   --->   Core 37 'DAddSub_fulldsp' <Latency = 3> <II = 1> <Delay = 5.15> <FuncUnit> <Opcode : 'dadd' 'dsub'> <InPorts = 2> <OutPorts = 1>
ST_6 : Operation 55 [2/4] (5.58ns)   --->   "%mul_i5 = dmul i64 %tmp_1_read, i64 %x" [main.cpp:209->main.cpp:268]   --->   Operation 55 'dmul' 'mul_i5' <Predicate = true> <Delay = 5.58> <CoreInst = "DMul_maxdsp">   --->   Core 49 'DMul_maxdsp' <Latency = 3> <II = 1> <Delay = 5.58> <FuncUnit> <Opcode : 'dmul'> <InPorts = 2> <OutPorts = 1>

State 7 <SV = 6> <Delay = 5.58>
ST_7 : Operation 56 [2/4] (5.15ns)   --->   "%sub_i = dsub i64 %y, i64 %tmp_read" [main.cpp:209->main.cpp:268]   --->   Operation 56 'dsub' 'sub_i' <Predicate = true> <Delay = 5.15> <CoreInst = "DAddSub_fulldsp">   --->   Core 37 'DAddSub_fulldsp' <Latency = 3> <II = 1> <Delay = 5.15> <FuncUnit> <Opcode : 'dadd' 'dsub'> <InPorts = 2> <OutPorts = 1>
ST_7 : Operation 57 [1/4] (5.58ns)   --->   "%mul_i5 = dmul i64 %tmp_1_read, i64 %x" [main.cpp:209->main.cpp:268]   --->   Operation 57 'dmul' 'mul_i5' <Predicate = true> <Delay = 5.58> <CoreInst = "DMul_maxdsp">   --->   Core 49 'DMul_maxdsp' <Latency = 3> <II = 1> <Delay = 5.58> <FuncUnit> <Opcode : 'dmul'> <InPorts = 2> <OutPorts = 1>

State 8 <SV = 7> <Delay = 5.15>
ST_8 : Operation 58 [1/4] (5.15ns)   --->   "%sub_i = dsub i64 %y, i64 %tmp_read" [main.cpp:209->main.cpp:268]   --->   Operation 58 'dsub' 'sub_i' <Predicate = true> <Delay = 5.15> <CoreInst = "DAddSub_fulldsp">   --->   Core 37 'DAddSub_fulldsp' <Latency = 3> <II = 1> <Delay = 5.15> <FuncUnit> <Opcode : 'dadd' 'dsub'> <InPorts = 2> <OutPorts = 1>

State 9 <SV = 8> <Delay = 5.15>
ST_9 : [1/1] (0.58ns)   --->   Input mux for Operation 59 '%temp = dsub i64 %sub_i, i64 %mul_i5'
ST_9 : Operation 59 [4/4] (4.57ns)   --->   "%temp = dsub i64 %sub_i, i64 %mul_i5" [main.cpp:209->main.cpp:268]   --->   Operation 59 'dsub' 'temp' <Predicate = true> <Delay = 4.57> <CoreInst = "DAddSub_fulldsp">   --->   Core 37 'DAddSub_fulldsp' <Latency = 3> <II = 1> <Delay = 5.15> <FuncUnit> <Opcode : 'dadd' 'dsub'> <InPorts = 2> <OutPorts = 1>

State 10 <SV = 9> <Delay = 5.15>
ST_10 : Operation 60 [3/4] (5.15ns)   --->   "%temp = dsub i64 %sub_i, i64 %mul_i5" [main.cpp:209->main.cpp:268]   --->   Operation 60 'dsub' 'temp' <Predicate = true> <Delay = 5.15> <CoreInst = "DAddSub_fulldsp">   --->   Core 37 'DAddSub_fulldsp' <Latency = 3> <II = 1> <Delay = 5.15> <FuncUnit> <Opcode : 'dadd' 'dsub'> <InPorts = 2> <OutPorts = 1>

State 11 <SV = 10> <Delay = 5.15>
ST_11 : Operation 61 [2/4] (5.15ns)   --->   "%temp = dsub i64 %sub_i, i64 %mul_i5" [main.cpp:209->main.cpp:268]   --->   Operation 61 'dsub' 'temp' <Predicate = true> <Delay = 5.15> <CoreInst = "DAddSub_fulldsp">   --->   Core 37 'DAddSub_fulldsp' <Latency = 3> <II = 1> <Delay = 5.15> <FuncUnit> <Opcode : 'dadd' 'dsub'> <InPorts = 2> <OutPorts = 1>

State 12 <SV = 11> <Delay = 5.15>
ST_12 : Operation 62 [1/4] (5.15ns)   --->   "%temp = dsub i64 %sub_i, i64 %mul_i5" [main.cpp:209->main.cpp:268]   --->   Operation 62 'dsub' 'temp' <Predicate = true> <Delay = 5.15> <CoreInst = "DAddSub_fulldsp">   --->   Core 37 'DAddSub_fulldsp' <Latency = 3> <II = 1> <Delay = 5.15> <FuncUnit> <Opcode : 'dadd' 'dsub'> <InPorts = 2> <OutPorts = 1>

State 13 <SV = 12> <Delay = 0.00>

State 14 <SV = 13> <Delay = 5.58>
ST_14 : [1/1] (0.65ns)   --->   Input mux for Operation 63 '%tempSquared = dmul i64 %temp, i64 %temp'
ST_14 : Operation 63 [4/4] (4.92ns)   --->   "%tempSquared = dmul i64 %temp, i64 %temp" [main.cpp:210->main.cpp:268]   --->   Operation 63 'dmul' 'tempSquared' <Predicate = true> <Delay = 4.92> <CoreInst = "DMul_maxdsp">   --->   Core 49 'DMul_maxdsp' <Latency = 3> <II = 1> <Delay = 5.58> <FuncUnit> <Opcode : 'dmul'> <InPorts = 2> <OutPorts = 1>

State 15 <SV = 14> <Delay = 5.58>
ST_15 : Operation 64 [3/4] (5.58ns)   --->   "%tempSquared = dmul i64 %temp, i64 %temp" [main.cpp:210->main.cpp:268]   --->   Operation 64 'dmul' 'tempSquared' <Predicate = true> <Delay = 5.58> <CoreInst = "DMul_maxdsp">   --->   Core 49 'DMul_maxdsp' <Latency = 3> <II = 1> <Delay = 5.58> <FuncUnit> <Opcode : 'dmul'> <InPorts = 2> <OutPorts = 1>

State 16 <SV = 15> <Delay = 5.58>
ST_16 : Operation 65 [2/4] (5.58ns)   --->   "%tempSquared = dmul i64 %temp, i64 %temp" [main.cpp:210->main.cpp:268]   --->   Operation 65 'dmul' 'tempSquared' <Predicate = true> <Delay = 5.58> <CoreInst = "DMul_maxdsp">   --->   Core 49 'DMul_maxdsp' <Latency = 3> <II = 1> <Delay = 5.58> <FuncUnit> <Opcode : 'dmul'> <InPorts = 2> <OutPorts = 1>

State 17 <SV = 16> <Delay = 5.58>
ST_17 : Operation 66 [1/4] (5.58ns)   --->   "%tempSquared = dmul i64 %temp, i64 %temp" [main.cpp:210->main.cpp:268]   --->   Operation 66 'dmul' 'tempSquared' <Predicate = true> <Delay = 5.58> <CoreInst = "DMul_maxdsp">   --->   Core 49 'DMul_maxdsp' <Latency = 3> <II = 1> <Delay = 5.58> <FuncUnit> <Opcode : 'dmul'> <InPorts = 2> <OutPorts = 1>

State 18 <SV = 17> <Delay = 0.00>

State 19 <SV = 18> <Delay = 5.15>
ST_19 : Operation 67 [1/1] (0.00ns)   --->   "%f_load = load i64 %f" [main.cpp:212->main.cpp:268]   --->   Operation 67 'load' 'f_load' <Predicate = true> <Delay = 0.00>
ST_19 : [1/1] (0.62ns)   --->   Input mux for Operation 68 '%f_1 = dadd i64 %f_load, i64 %tempSquared'
ST_19 : Operation 68 [4/4] (4.52ns)   --->   "%f_1 = dadd i64 %f_load, i64 %tempSquared" [main.cpp:212->main.cpp:268]   --->   Operation 68 'dadd' 'f_1' <Predicate = true> <Delay = 4.52> <CoreInst = "DAddSub_fulldsp">   --->   Core 37 'DAddSub_fulldsp' <Latency = 3> <II = 1> <Delay = 5.15> <FuncUnit> <Opcode : 'dadd' 'dsub'> <InPorts = 2> <OutPorts = 1>
ST_19 : Operation 76 [1/1] (0.00ns)   --->   "%f_load_1 = load i64 %f"   --->   Operation 76 'load' 'f_load_1' <Predicate = (icmp_ln204)> <Delay = 0.00>
ST_19 : Operation 77 [1/1] (0.00ns)   --->   "%write_ln0 = write void @_ssdm_op_Write.ap_auto.doubleP0A, i64 %f_out, i64 %f_load_1"   --->   Operation 77 'write' 'write_ln0' <Predicate = (icmp_ln204)> <Delay = 0.00>
ST_19 : Operation 78 [1/1] (0.00ns)   --->   "%ret_ln0 = ret"   --->   Operation 78 'ret' 'ret_ln0' <Predicate = (icmp_ln204)> <Delay = 0.00>

State 20 <SV = 19> <Delay = 5.15>
ST_20 : Operation 69 [3/4] (5.15ns)   --->   "%f_1 = dadd i64 %f_load, i64 %tempSquared" [main.cpp:212->main.cpp:268]   --->   Operation 69 'dadd' 'f_1' <Predicate = true> <Delay = 5.15> <CoreInst = "DAddSub_fulldsp">   --->   Core 37 'DAddSub_fulldsp' <Latency = 3> <II = 1> <Delay = 5.15> <FuncUnit> <Opcode : 'dadd' 'dsub'> <InPorts = 2> <OutPorts = 1>

State 21 <SV = 20> <Delay = 5.15>
ST_21 : Operation 70 [2/4] (5.15ns)   --->   "%f_1 = dadd i64 %f_load, i64 %tempSquared" [main.cpp:212->main.cpp:268]   --->   Operation 70 'dadd' 'f_1' <Predicate = true> <Delay = 5.15> <CoreInst = "DAddSub_fulldsp">   --->   Core 37 'DAddSub_fulldsp' <Latency = 3> <II = 1> <Delay = 5.15> <FuncUnit> <Opcode : 'dadd' 'dsub'> <InPorts = 2> <OutPorts = 1>

State 22 <SV = 21> <Delay = 5.61>
ST_22 : Operation 71 [1/1] (0.00ns)   --->   "%speclooptripcount_ln197 = speclooptripcount void @_ssdm_op_SpecLoopTripCount, i64 1362, i64 1362, i64 1362" [main.cpp:197->main.cpp:268]   --->   Operation 71 'speclooptripcount' 'speclooptripcount_ln197' <Predicate = true> <Delay = 0.00>
ST_22 : Operation 72 [1/1] (0.00ns)   --->   "%specloopname_ln204 = specloopname void @_ssdm_op_SpecLoopName, void @empty_4" [main.cpp:204->main.cpp:268]   --->   Operation 72 'specloopname' 'specloopname_ln204' <Predicate = true> <Delay = 0.00>
ST_22 : Operation 73 [1/4] (5.15ns)   --->   "%f_1 = dadd i64 %f_load, i64 %tempSquared" [main.cpp:212->main.cpp:268]   --->   Operation 73 'dadd' 'f_1' <Predicate = true> <Delay = 5.15> <CoreInst = "DAddSub_fulldsp">   --->   Core 37 'DAddSub_fulldsp' <Latency = 3> <II = 1> <Delay = 5.15> <FuncUnit> <Opcode : 'dadd' 'dsub'> <InPorts = 2> <OutPorts = 1>
ST_22 : Operation 74 [1/1] (0.46ns)   --->   "%store_ln204 = store i64 %f_1, i64 %f" [main.cpp:204->main.cpp:268]   --->   Operation 74 'store' 'store_ln204' <Predicate = true> <Delay = 0.46>
ST_22 : Operation 75 [1/1] (0.00ns)   --->   "%br_ln204 = br void %for.inc.i9" [main.cpp:204->main.cpp:268]   --->   Operation 75 'br' 'br_ln204' <Predicate = true> <Delay = 0.00>


============================================================
+ Verbose Summary: Timing violations
============================================================
Target clock period: 10.000ns, clock uncertainty: 2.700ns.

 <State 1>: 1.425ns
The critical path consists of the following:
	'alloca' operation ('i') [7]  (0.000 ns)
	'load' operation ('i', main.cpp:204->main.cpp:268) on local variable 'i' [14]  (0.000 ns)
	'add' operation ('add_ln204', main.cpp:204->main.cpp:268) [17]  (0.965 ns)
	'store' operation ('store_ln204', main.cpp:204->main.cpp:268) of variable 'add_ln204', main.cpp:204->main.cpp:268 on local variable 'i' [37]  (0.460 ns)

 <State 2>: 6.949ns
The critical path consists of the following:
	'load' operation ('arrx_load', main.cpp:206->main.cpp:268) on array 'arrx' [25]  (1.297 ns)
	multiplexor before operation 'sitodp' with delay (0.755 ns)
'sitodp' operation ('x', main.cpp:206->main.cpp:268) [27]  (4.897 ns)

 <State 3>: 5.652ns
The critical path consists of the following:
	'sitodp' operation ('x', main.cpp:206->main.cpp:268) [27]  (5.652 ns)

 <State 4>: 5.652ns
The critical path consists of the following:
	'sitodp' operation ('y', main.cpp:207->main.cpp:268) [31]  (5.652 ns)

 <State 5>: 5.580ns
The critical path consists of the following:
	'dmul' operation ('mul_i5', main.cpp:209->main.cpp:268) [33]  (5.580 ns)

 <State 6>: 5.580ns
The critical path consists of the following:
	'dmul' operation ('mul_i5', main.cpp:209->main.cpp:268) [33]  (5.580 ns)

 <State 7>: 5.580ns
The critical path consists of the following:
	'dmul' operation ('mul_i5', main.cpp:209->main.cpp:268) [33]  (5.580 ns)

 <State 8>: 5.158ns
The critical path consists of the following:
	'dsub' operation ('sub_i', main.cpp:209->main.cpp:268) [32]  (5.158 ns)

 <State 9>: 5.158ns
The critical path consists of the following:
	multiplexor before operation 'dsub' with delay (0.586 ns)
'dsub' operation ('temp', main.cpp:209->main.cpp:268) [34]  (4.572 ns)

 <State 10>: 5.158ns
The critical path consists of the following:
	'dsub' operation ('temp', main.cpp:209->main.cpp:268) [34]  (5.158 ns)

 <State 11>: 5.158ns
The critical path consists of the following:
	'dsub' operation ('temp', main.cpp:209->main.cpp:268) [34]  (5.158 ns)

 <State 12>: 5.158ns
The critical path consists of the following:
	'dsub' operation ('temp', main.cpp:209->main.cpp:268) [34]  (5.158 ns)

 <State 13>: 0.000ns
The critical path consists of the following:

 <State 14>: 5.580ns
The critical path consists of the following:
	multiplexor before operation 'dmul' with delay (0.657 ns)
'dmul' operation ('tempSquared', main.cpp:210->main.cpp:268) [35]  (4.923 ns)

 <State 15>: 5.580ns
The critical path consists of the following:
	'dmul' operation ('tempSquared', main.cpp:210->main.cpp:268) [35]  (5.580 ns)

 <State 16>: 5.580ns
The critical path consists of the following:
	'dmul' operation ('tempSquared', main.cpp:210->main.cpp:268) [35]  (5.580 ns)

 <State 17>: 5.580ns
The critical path consists of the following:
	'dmul' operation ('tempSquared', main.cpp:210->main.cpp:268) [35]  (5.580 ns)

 <State 18>: 0.000ns
The critical path consists of the following:

 <State 19>: 5.158ns
The critical path consists of the following:
	'load' operation ('f_load', main.cpp:212->main.cpp:268) on local variable 'f' [20]  (0.000 ns)
	multiplexor before operation 'dadd' with delay (0.629 ns)
'dadd' operation ('f', main.cpp:212->main.cpp:268) [36]  (4.529 ns)

 <State 20>: 5.158ns
The critical path consists of the following:
	'dadd' operation ('f', main.cpp:212->main.cpp:268) [36]  (5.158 ns)

 <State 21>: 5.158ns
The critical path consists of the following:
	'dadd' operation ('f', main.cpp:212->main.cpp:268) [36]  (5.158 ns)

 <State 22>: 5.618ns
The critical path consists of the following:
	'dadd' operation ('f', main.cpp:212->main.cpp:268) [36]  (5.158 ns)
	'store' operation ('store_ln204', main.cpp:204->main.cpp:268) of variable 'f', main.cpp:212->main.cpp:268 on local variable 'f' [38]  (0.460 ns)


============================================================
+ Verbose Summary: Binding
============================================================
N/A
* FSMD analyzer results:
  - Output states:
 - Input state : 
  - Chain level:
	State 1
	State 2
	State 3
	State 4
	State 5
	State 6
	State 7
	State 8
	State 9
	State 10
	State 11
	State 12
	State 13
	State 14
	State 15
	State 16
	State 17
	State 18
	State 19
	State 20
	State 21
	State 22


============================================================
+ Verbose Summary: Datapath Resource usage 
============================================================
N/A
