

================================================================
== Vitis HLS Report for 'fit_Pipeline_VITIS_LOOP_53_1'
================================================================
* Date:           Thu Feb 27 15:25:24 2025

* Version:        2023.1 (Build 3854077 on May  4 2023)
* Project:        hls_fit
* Solution:       solution1 (Vitis Kernel Flow Target)
* Product family: virtexuplus
* Target device:  xcvu11p-flga2577-1-e


================================================================
== Performance Estimates
================================================================
+ Timing: 
    * Summary: 
    +--------+----------+----------+------------+
    |  Clock |  Target  | Estimated| Uncertainty|
    +--------+----------+----------+------------+
    |ap_clk  |  10.00 ns|  7.158 ns|     2.70 ns|
    +--------+----------+----------+------------+

+ Latency: 
    * Summary: 
    +---------+---------+----------+-----------+-----+------+---------+
    |  Latency (cycles) |  Latency (absolute)  |  Interval  | Pipeline|
    |   min   |   max   |    min   |    max    | min |  max |   Type  |
    +---------+---------+----------+-----------+-----+------+---------+
    |      308|     1352|  3.080 us|  13.520 us|  308|  1352|       no|
    +---------+---------+----------+-----------+-----+------+---------+

    + Detail: 
        * Instance: 
        N/A

        * Loop: 
        +-------------------+---------+---------+----------+-----------+-----------+----------+----------+
        |                   |  Latency (cycles) | Iteration|  Initiation Interval  |   Trip   |          |
        |     Loop Name     |   min   |   max   |  Latency |  achieved |   target  |   Count  | Pipelined|
        +-------------------+---------+---------+----------+-----------+-----------+----------+----------+
        |- VITIS_LOOP_53_1  |      306|     1350|        28|          3|          1|  94 ~ 442|       yes|
        +-------------------+---------+---------+----------+-----------+-----------+----------+----------+

============================================================
+ Verbose Summary: Synthesis Manager
============================================================
InlineROM: 1
ExposeGlobal: 0
============================================================
+ Verbose Summary: CDFG Model
============================================================
IsTopModel: 0
ResetActiveHigh: 1
IsCombinational: 0
IsDatapathOnly: 0
HasWiredReturn: 1
HasMFsm: 2
HasVarLatency: 1
IsPipeline: 0
IsRtlPipelined: 0
IsInstanceOverlapped: 0
IsDontTouch: 0
HasImplIP: 0
IsGatedGlobalClock: 0

+ Individual pipeline summary: 
  * Pipeline-0: initiation interval (II) = 3, depth = 28


============================================================
+ Verbose Summary: Schedule
============================================================
* Number of FSM states : 28
* Pipeline : 1
  Pipeline-0 : II = 3, D = 28, States = { 1 2 3 4 5 6 7 8 9 10 11 12 13 14 15 16 17 18 19 20 21 22 23 24 25 26 27 28 }
* Dataflow Pipeline: 0

* FSM state transitions: 
1 --> 2 
2 --> 3 
3 --> 4 
4 --> 5 
5 --> 6 
6 --> 7 
7 --> 8 
8 --> 9 
9 --> 10 
10 --> 11 
11 --> 12 
12 --> 13 
13 --> 14 
14 --> 15 
15 --> 16 
16 --> 17 
17 --> 18 
18 --> 19 
19 --> 20 
20 --> 21 
21 --> 22 
22 --> 23 
23 --> 24 
24 --> 25 
25 --> 26 
26 --> 27 
27 --> 28 
28 --> 

* FSM state operations: 

State 1 <SV = 0> <Delay = 1.36>
ST_1 : Operation 31 [1/1] (0.00ns)   --->   "%Sx_1 = alloca i32 1"   --->   Operation 31 'alloca' 'Sx_1' <Predicate = true> <Delay = 0.00>
ST_1 : Operation 32 [1/1] (0.00ns)   --->   "%i = alloca i32 1"   --->   Operation 32 'alloca' 'i' <Predicate = true> <Delay = 0.00>
ST_1 : Operation 33 [1/1] (0.00ns)   --->   "%size_read = read i9 @_ssdm_op_Read.ap_auto.i9, i9 %size"   --->   Operation 33 'read' 'size_read' <Predicate = true> <Delay = 0.00>
ST_1 : Operation 34 [1/1] (0.46ns)   --->   "%store_ln0 = store i9 0, i9 %i"   --->   Operation 34 'store' 'store_ln0' <Predicate = true> <Delay = 0.46>
ST_1 : Operation 35 [1/1] (0.46ns)   --->   "%store_ln0 = store i64 0, i64 %Sx_1"   --->   Operation 35 'store' 'store_ln0' <Predicate = true> <Delay = 0.46>
ST_1 : Operation 36 [1/1] (0.00ns)   --->   "%br_ln0 = br void %for.inc.i17.i"   --->   Operation 36 'br' 'br_ln0' <Predicate = true> <Delay = 0.00>
ST_1 : Operation 37 [1/1] (0.00ns)   --->   "%i_1 = load i9 %i" [main.cpp:53->main.cpp:138->main.cpp:272]   --->   Operation 37 'load' 'i_1' <Predicate = true> <Delay = 0.00>
ST_1 : Operation 38 [1/1] (0.00ns)   --->   "%specpipeline_ln0 = specpipeline void @_ssdm_op_SpecPipeline, i32 4294967295, i32 0, i32 1, i32 0, void @p_str4"   --->   Operation 38 'specpipeline' 'specpipeline_ln0' <Predicate = true> <Delay = 0.00>
ST_1 : Operation 39 [1/1] (0.90ns)   --->   "%icmp_ln53 = icmp_eq  i9 %i_1, i9 %size_read" [main.cpp:53->main.cpp:138->main.cpp:272]   --->   Operation 39 'icmp' 'icmp_ln53' <Predicate = true> <Delay = 0.90> <CoreInst = "Cmp">   --->   Core 9 'Cmp' <Latency = 0> <II = 1> <Delay = 0.90> <FuncUnit> <Opcode : 'icmp'> <InPorts = 2> <OutPorts = 1>
ST_1 : Operation 40 [1/1] (0.00ns)   --->   "%speclooptripcount_ln0 = speclooptripcount void @_ssdm_op_SpecLoopTripCount, i64 94, i64 442, i64 0"   --->   Operation 40 'speclooptripcount' 'speclooptripcount_ln0' <Predicate = true> <Delay = 0.00>
ST_1 : Operation 41 [1/1] (0.90ns)   --->   "%add_ln53 = add i9 %i_1, i9 1" [main.cpp:53->main.cpp:138->main.cpp:272]   --->   Operation 41 'add' 'add_ln53' <Predicate = true> <Delay = 0.90> <CoreInst = "Adder">   --->   Core 1 'Adder' <Latency = 0> <II = 1> <Delay = 0.90> <FuncUnit> <Opcode : 'add' 'sub'> <InPorts = 2> <OutPorts = 1>
ST_1 : Operation 42 [1/1] (0.00ns)   --->   "%br_ln53 = br i1 %icmp_ln53, void %for.inc.i17.i.split, void %calc_ovr_sig_sqrd_x.exit.i.exitStub" [main.cpp:53->main.cpp:138->main.cpp:272]   --->   Operation 42 'br' 'br_ln53' <Predicate = true> <Delay = 0.00>
ST_1 : Operation 43 [1/1] (0.00ns)   --->   "%i_3_cast = zext i9 %i_1" [main.cpp:53->main.cpp:138->main.cpp:272]   --->   Operation 43 'zext' 'i_3_cast' <Predicate = (!icmp_ln53)> <Delay = 0.00>
ST_1 : Operation 44 [1/1] (0.00ns)   --->   "%arrsigs_addr = getelementptr i6 %arrsigs, i64 0, i64 %i_3_cast" [main.cpp:54->main.cpp:138->main.cpp:272]   --->   Operation 44 'getelementptr' 'arrsigs_addr' <Predicate = (!icmp_ln53)> <Delay = 0.00>
ST_1 : Operation 45 [2/2] (1.29ns)   --->   "%arrsigs_load = load i10 %arrsigs_addr" [main.cpp:54->main.cpp:138->main.cpp:272]   --->   Operation 45 'load' 'arrsigs_load' <Predicate = (!icmp_ln53)> <Delay = 1.29> <CoreInst = "RAM">   --->   Core 83 'RAM' <Latency = 1> <II = 1> <Delay = 1.29> <Storage> <Opcode : 'load' 'store'> <Ports = 2> <Width = 6> <Depth = 1024> <RAM>
ST_1 : Operation 46 [1/1] (0.46ns)   --->   "%store_ln53 = store i9 %add_ln53, i9 %i" [main.cpp:53->main.cpp:138->main.cpp:272]   --->   Operation 46 'store' 'store_ln53' <Predicate = (!icmp_ln53)> <Delay = 0.46>

State 2 <SV = 1> <Delay = 6.94>
ST_2 : Operation 47 [1/2] (1.29ns)   --->   "%arrsigs_load = load i10 %arrsigs_addr" [main.cpp:54->main.cpp:138->main.cpp:272]   --->   Operation 47 'load' 'arrsigs_load' <Predicate = (!icmp_ln53)> <Delay = 1.29> <CoreInst = "RAM">   --->   Core 83 'RAM' <Latency = 1> <II = 1> <Delay = 1.29> <Storage> <Opcode : 'load' 'store'> <Ports = 2> <Width = 6> <Depth = 1024> <RAM>
ST_2 : Operation 48 [1/1] (0.00ns)   --->   "%zext_ln54 = zext i6 %arrsigs_load" [main.cpp:54->main.cpp:138->main.cpp:272]   --->   Operation 48 'zext' 'zext_ln54' <Predicate = (!icmp_ln53)> <Delay = 0.00>
ST_2 : [1/1] (0.75ns)   --->   Input mux for Operation 49 '%sig = sitodp i64 %zext_ln54'
ST_2 : Operation 49 [2/2] (4.89ns)   --->   "%sig = sitodp i64 %zext_ln54" [main.cpp:54->main.cpp:138->main.cpp:272]   --->   Operation 49 'sitodp' 'sig' <Predicate = (!icmp_ln53)> <Delay = 4.89> <CoreInst = "Int2Double">   --->   Core 66 'Int2Double' <Latency = 1> <II = 1> <Delay = 5.65> <FuncUnit> <Opcode : 'sitodp' 'uitodp'> <InPorts = 1> <OutPorts = 1>

State 3 <SV = 2> <Delay = 5.65>
ST_3 : Operation 50 [1/2] (5.65ns)   --->   "%sig = sitodp i64 %zext_ln54" [main.cpp:54->main.cpp:138->main.cpp:272]   --->   Operation 50 'sitodp' 'sig' <Predicate = (!icmp_ln53)> <Delay = 5.65> <CoreInst = "Int2Double">   --->   Core 66 'Int2Double' <Latency = 1> <II = 1> <Delay = 5.65> <FuncUnit> <Opcode : 'sitodp' 'uitodp'> <InPorts = 1> <OutPorts = 1>

State 4 <SV = 3> <Delay = 7.15>
ST_4 : [1/1] (0.75ns)   --->   Input mux for Operation 51 '%overSig = ddiv i64 1, i64 %sig'
ST_4 : Operation 51 [13/13] (6.40ns)   --->   "%overSig = ddiv i64 1, i64 %sig" [main.cpp:55->main.cpp:138->main.cpp:272]   --->   Operation 51 'ddiv' 'overSig' <Predicate = true> <Delay = 6.40> <CoreInst = "DDiv">   --->   Core 39 'DDiv' <Latency = 12> <II = 1> <Delay = 7.15> <FuncUnit> <Opcode : 'ddiv' 'drem'> <InPorts = 2> <OutPorts = 1>

State 5 <SV = 4> <Delay = 7.15>
ST_5 : Operation 52 [12/13] (7.15ns)   --->   "%overSig = ddiv i64 1, i64 %sig" [main.cpp:55->main.cpp:138->main.cpp:272]   --->   Operation 52 'ddiv' 'overSig' <Predicate = true> <Delay = 7.15> <CoreInst = "DDiv">   --->   Core 39 'DDiv' <Latency = 12> <II = 1> <Delay = 7.15> <FuncUnit> <Opcode : 'ddiv' 'drem'> <InPorts = 2> <OutPorts = 1>

State 6 <SV = 5> <Delay = 7.15>
ST_6 : Operation 53 [11/13] (7.15ns)   --->   "%overSig = ddiv i64 1, i64 %sig" [main.cpp:55->main.cpp:138->main.cpp:272]   --->   Operation 53 'ddiv' 'overSig' <Predicate = true> <Delay = 7.15> <CoreInst = "DDiv">   --->   Core 39 'DDiv' <Latency = 12> <II = 1> <Delay = 7.15> <FuncUnit> <Opcode : 'ddiv' 'drem'> <InPorts = 2> <OutPorts = 1>

State 7 <SV = 6> <Delay = 7.15>
ST_7 : Operation 54 [10/13] (7.15ns)   --->   "%overSig = ddiv i64 1, i64 %sig" [main.cpp:55->main.cpp:138->main.cpp:272]   --->   Operation 54 'ddiv' 'overSig' <Predicate = true> <Delay = 7.15> <CoreInst = "DDiv">   --->   Core 39 'DDiv' <Latency = 12> <II = 1> <Delay = 7.15> <FuncUnit> <Opcode : 'ddiv' 'drem'> <InPorts = 2> <OutPorts = 1>

State 8 <SV = 7> <Delay = 7.15>
ST_8 : Operation 55 [9/13] (7.15ns)   --->   "%overSig = ddiv i64 1, i64 %sig" [main.cpp:55->main.cpp:138->main.cpp:272]   --->   Operation 55 'ddiv' 'overSig' <Predicate = true> <Delay = 7.15> <CoreInst = "DDiv">   --->   Core 39 'DDiv' <Latency = 12> <II = 1> <Delay = 7.15> <FuncUnit> <Opcode : 'ddiv' 'drem'> <InPorts = 2> <OutPorts = 1>

State 9 <SV = 8> <Delay = 7.15>
ST_9 : Operation 56 [8/13] (7.15ns)   --->   "%overSig = ddiv i64 1, i64 %sig" [main.cpp:55->main.cpp:138->main.cpp:272]   --->   Operation 56 'ddiv' 'overSig' <Predicate = true> <Delay = 7.15> <CoreInst = "DDiv">   --->   Core 39 'DDiv' <Latency = 12> <II = 1> <Delay = 7.15> <FuncUnit> <Opcode : 'ddiv' 'drem'> <InPorts = 2> <OutPorts = 1>

State 10 <SV = 9> <Delay = 7.15>
ST_10 : Operation 57 [7/13] (7.15ns)   --->   "%overSig = ddiv i64 1, i64 %sig" [main.cpp:55->main.cpp:138->main.cpp:272]   --->   Operation 57 'ddiv' 'overSig' <Predicate = true> <Delay = 7.15> <CoreInst = "DDiv">   --->   Core 39 'DDiv' <Latency = 12> <II = 1> <Delay = 7.15> <FuncUnit> <Opcode : 'ddiv' 'drem'> <InPorts = 2> <OutPorts = 1>

State 11 <SV = 10> <Delay = 7.15>
ST_11 : Operation 58 [6/13] (7.15ns)   --->   "%overSig = ddiv i64 1, i64 %sig" [main.cpp:55->main.cpp:138->main.cpp:272]   --->   Operation 58 'ddiv' 'overSig' <Predicate = true> <Delay = 7.15> <CoreInst = "DDiv">   --->   Core 39 'DDiv' <Latency = 12> <II = 1> <Delay = 7.15> <FuncUnit> <Opcode : 'ddiv' 'drem'> <InPorts = 2> <OutPorts = 1>

State 12 <SV = 11> <Delay = 7.15>
ST_12 : Operation 59 [5/13] (7.15ns)   --->   "%overSig = ddiv i64 1, i64 %sig" [main.cpp:55->main.cpp:138->main.cpp:272]   --->   Operation 59 'ddiv' 'overSig' <Predicate = true> <Delay = 7.15> <CoreInst = "DDiv">   --->   Core 39 'DDiv' <Latency = 12> <II = 1> <Delay = 7.15> <FuncUnit> <Opcode : 'ddiv' 'drem'> <InPorts = 2> <OutPorts = 1>

State 13 <SV = 12> <Delay = 7.15>
ST_13 : Operation 60 [4/13] (7.15ns)   --->   "%overSig = ddiv i64 1, i64 %sig" [main.cpp:55->main.cpp:138->main.cpp:272]   --->   Operation 60 'ddiv' 'overSig' <Predicate = true> <Delay = 7.15> <CoreInst = "DDiv">   --->   Core 39 'DDiv' <Latency = 12> <II = 1> <Delay = 7.15> <FuncUnit> <Opcode : 'ddiv' 'drem'> <InPorts = 2> <OutPorts = 1>
ST_13 : Operation 61 [1/1] (0.00ns)   --->   "%arrx_addr = getelementptr i7 %arrx, i64 0, i64 %i_3_cast" [main.cpp:56->main.cpp:138->main.cpp:272]   --->   Operation 61 'getelementptr' 'arrx_addr' <Predicate = true> <Delay = 0.00>
ST_13 : Operation 62 [2/2] (1.29ns)   --->   "%arrx_load = load i10 %arrx_addr" [main.cpp:56->main.cpp:138->main.cpp:272]   --->   Operation 62 'load' 'arrx_load' <Predicate = true> <Delay = 1.29> <CoreInst = "RAM">   --->   Core 83 'RAM' <Latency = 1> <II = 1> <Delay = 1.29> <Storage> <Opcode : 'load' 'store'> <Ports = 2> <Width = 7> <Depth = 1024> <RAM>

State 14 <SV = 13> <Delay = 7.15>
ST_14 : Operation 63 [3/13] (7.15ns)   --->   "%overSig = ddiv i64 1, i64 %sig" [main.cpp:55->main.cpp:138->main.cpp:272]   --->   Operation 63 'ddiv' 'overSig' <Predicate = true> <Delay = 7.15> <CoreInst = "DDiv">   --->   Core 39 'DDiv' <Latency = 12> <II = 1> <Delay = 7.15> <FuncUnit> <Opcode : 'ddiv' 'drem'> <InPorts = 2> <OutPorts = 1>
ST_14 : Operation 64 [1/2] (1.29ns)   --->   "%arrx_load = load i10 %arrx_addr" [main.cpp:56->main.cpp:138->main.cpp:272]   --->   Operation 64 'load' 'arrx_load' <Predicate = true> <Delay = 1.29> <CoreInst = "RAM">   --->   Core 83 'RAM' <Latency = 1> <II = 1> <Delay = 1.29> <Storage> <Opcode : 'load' 'store'> <Ports = 2> <Width = 7> <Depth = 1024> <RAM>

State 15 <SV = 14> <Delay = 7.15>
ST_15 : Operation 65 [2/13] (7.15ns)   --->   "%overSig = ddiv i64 1, i64 %sig" [main.cpp:55->main.cpp:138->main.cpp:272]   --->   Operation 65 'ddiv' 'overSig' <Predicate = true> <Delay = 7.15> <CoreInst = "DDiv">   --->   Core 39 'DDiv' <Latency = 12> <II = 1> <Delay = 7.15> <FuncUnit> <Opcode : 'ddiv' 'drem'> <InPorts = 2> <OutPorts = 1>
ST_15 : Operation 66 [1/1] (0.00ns)   --->   "%zext_ln56 = zext i7 %arrx_load" [main.cpp:56->main.cpp:138->main.cpp:272]   --->   Operation 66 'zext' 'zext_ln56' <Predicate = true> <Delay = 0.00>
ST_15 : [1/1] (0.75ns)   --->   Input mux for Operation 67 '%conv3_i_i = sitodp i64 %zext_ln56'
ST_15 : Operation 67 [2/2] (4.89ns)   --->   "%conv3_i_i = sitodp i64 %zext_ln56" [main.cpp:56->main.cpp:138->main.cpp:272]   --->   Operation 67 'sitodp' 'conv3_i_i' <Predicate = true> <Delay = 4.89> <CoreInst = "Int2Double">   --->   Core 66 'Int2Double' <Latency = 1> <II = 1> <Delay = 5.65> <FuncUnit> <Opcode : 'sitodp' 'uitodp'> <InPorts = 1> <OutPorts = 1>

State 16 <SV = 15> <Delay = 7.15>
ST_16 : Operation 68 [1/13] (7.15ns)   --->   "%overSig = ddiv i64 1, i64 %sig" [main.cpp:55->main.cpp:138->main.cpp:272]   --->   Operation 68 'ddiv' 'overSig' <Predicate = true> <Delay = 7.15> <CoreInst = "DDiv">   --->   Core 39 'DDiv' <Latency = 12> <II = 1> <Delay = 7.15> <FuncUnit> <Opcode : 'ddiv' 'drem'> <InPorts = 2> <OutPorts = 1>
ST_16 : Operation 69 [1/2] (5.65ns)   --->   "%conv3_i_i = sitodp i64 %zext_ln56" [main.cpp:56->main.cpp:138->main.cpp:272]   --->   Operation 69 'sitodp' 'conv3_i_i' <Predicate = true> <Delay = 5.65> <CoreInst = "Int2Double">   --->   Core 66 'Int2Double' <Latency = 1> <II = 1> <Delay = 5.65> <FuncUnit> <Opcode : 'sitodp' 'uitodp'> <InPorts = 1> <OutPorts = 1>

State 17 <SV = 16> <Delay = 5.58>
ST_17 : [1/1] (0.65ns)   --->   Input mux for Operation 70 '%mul_i13_i = dmul i64 %conv3_i_i, i64 %overSig'
ST_17 : Operation 70 [4/4] (4.92ns)   --->   "%mul_i13_i = dmul i64 %conv3_i_i, i64 %overSig" [main.cpp:56->main.cpp:138->main.cpp:272]   --->   Operation 70 'dmul' 'mul_i13_i' <Predicate = true> <Delay = 4.92> <CoreInst = "DMul_maxdsp">   --->   Core 49 'DMul_maxdsp' <Latency = 3> <II = 1> <Delay = 5.58> <FuncUnit> <Opcode : 'dmul'> <InPorts = 2> <OutPorts = 1>

State 18 <SV = 17> <Delay = 5.58>
ST_18 : Operation 71 [3/4] (5.58ns)   --->   "%mul_i13_i = dmul i64 %conv3_i_i, i64 %overSig" [main.cpp:56->main.cpp:138->main.cpp:272]   --->   Operation 71 'dmul' 'mul_i13_i' <Predicate = true> <Delay = 5.58> <CoreInst = "DMul_maxdsp">   --->   Core 49 'DMul_maxdsp' <Latency = 3> <II = 1> <Delay = 5.58> <FuncUnit> <Opcode : 'dmul'> <InPorts = 2> <OutPorts = 1>

State 19 <SV = 18> <Delay = 5.58>
ST_19 : Operation 72 [2/4] (5.58ns)   --->   "%mul_i13_i = dmul i64 %conv3_i_i, i64 %overSig" [main.cpp:56->main.cpp:138->main.cpp:272]   --->   Operation 72 'dmul' 'mul_i13_i' <Predicate = true> <Delay = 5.58> <CoreInst = "DMul_maxdsp">   --->   Core 49 'DMul_maxdsp' <Latency = 3> <II = 1> <Delay = 5.58> <FuncUnit> <Opcode : 'dmul'> <InPorts = 2> <OutPorts = 1>

State 20 <SV = 19> <Delay = 5.58>
ST_20 : Operation 73 [1/4] (5.58ns)   --->   "%mul_i13_i = dmul i64 %conv3_i_i, i64 %overSig" [main.cpp:56->main.cpp:138->main.cpp:272]   --->   Operation 73 'dmul' 'mul_i13_i' <Predicate = true> <Delay = 5.58> <CoreInst = "DMul_maxdsp">   --->   Core 49 'DMul_maxdsp' <Latency = 3> <II = 1> <Delay = 5.58> <FuncUnit> <Opcode : 'dmul'> <InPorts = 2> <OutPorts = 1>

State 21 <SV = 20> <Delay = 5.58>
ST_21 : [1/1] (0.65ns)   --->   Input mux for Operation 74 '%mul4_i_i = dmul i64 %mul_i13_i, i64 %overSig'
ST_21 : Operation 74 [4/4] (4.92ns)   --->   "%mul4_i_i = dmul i64 %mul_i13_i, i64 %overSig" [main.cpp:56->main.cpp:138->main.cpp:272]   --->   Operation 74 'dmul' 'mul4_i_i' <Predicate = true> <Delay = 4.92> <CoreInst = "DMul_maxdsp">   --->   Core 49 'DMul_maxdsp' <Latency = 3> <II = 1> <Delay = 5.58> <FuncUnit> <Opcode : 'dmul'> <InPorts = 2> <OutPorts = 1>

State 22 <SV = 21> <Delay = 5.58>
ST_22 : Operation 75 [3/4] (5.58ns)   --->   "%mul4_i_i = dmul i64 %mul_i13_i, i64 %overSig" [main.cpp:56->main.cpp:138->main.cpp:272]   --->   Operation 75 'dmul' 'mul4_i_i' <Predicate = true> <Delay = 5.58> <CoreInst = "DMul_maxdsp">   --->   Core 49 'DMul_maxdsp' <Latency = 3> <II = 1> <Delay = 5.58> <FuncUnit> <Opcode : 'dmul'> <InPorts = 2> <OutPorts = 1>

State 23 <SV = 22> <Delay = 5.58>
ST_23 : Operation 76 [2/4] (5.58ns)   --->   "%mul4_i_i = dmul i64 %mul_i13_i, i64 %overSig" [main.cpp:56->main.cpp:138->main.cpp:272]   --->   Operation 76 'dmul' 'mul4_i_i' <Predicate = true> <Delay = 5.58> <CoreInst = "DMul_maxdsp">   --->   Core 49 'DMul_maxdsp' <Latency = 3> <II = 1> <Delay = 5.58> <FuncUnit> <Opcode : 'dmul'> <InPorts = 2> <OutPorts = 1>

State 24 <SV = 23> <Delay = 5.58>
ST_24 : Operation 77 [1/4] (5.58ns)   --->   "%mul4_i_i = dmul i64 %mul_i13_i, i64 %overSig" [main.cpp:56->main.cpp:138->main.cpp:272]   --->   Operation 77 'dmul' 'mul4_i_i' <Predicate = true> <Delay = 5.58> <CoreInst = "DMul_maxdsp">   --->   Core 49 'DMul_maxdsp' <Latency = 3> <II = 1> <Delay = 5.58> <FuncUnit> <Opcode : 'dmul'> <InPorts = 2> <OutPorts = 1>

State 25 <SV = 24> <Delay = 5.15>
ST_25 : Operation 78 [1/1] (0.00ns)   --->   "%Sx_1_load = load i64 %Sx_1" [main.cpp:56->main.cpp:138->main.cpp:272]   --->   Operation 78 'load' 'Sx_1_load' <Predicate = true> <Delay = 0.00>
ST_25 : [1/1] (0.62ns)   --->   Input mux for Operation 79 '%Sx = dadd i64 %Sx_1_load, i64 %mul4_i_i'
ST_25 : Operation 79 [4/4] (4.52ns)   --->   "%Sx = dadd i64 %Sx_1_load, i64 %mul4_i_i" [main.cpp:56->main.cpp:138->main.cpp:272]   --->   Operation 79 'dadd' 'Sx' <Predicate = true> <Delay = 4.52> <CoreInst = "DAddSub_fulldsp">   --->   Core 37 'DAddSub_fulldsp' <Latency = 3> <II = 1> <Delay = 5.15> <FuncUnit> <Opcode : 'dadd' 'dsub'> <InPorts = 2> <OutPorts = 1>
ST_25 : Operation 86 [1/1] (0.00ns)   --->   "%Sx_1_load_1 = load i64 %Sx_1"   --->   Operation 86 'load' 'Sx_1_load_1' <Predicate = (icmp_ln53)> <Delay = 0.00>
ST_25 : Operation 87 [1/1] (0.00ns)   --->   "%write_ln0 = write void @_ssdm_op_Write.ap_auto.doubleP0A, i64 %Sx_1_out, i64 %Sx_1_load_1"   --->   Operation 87 'write' 'write_ln0' <Predicate = (icmp_ln53)> <Delay = 0.00>
ST_25 : Operation 88 [1/1] (0.00ns)   --->   "%ret_ln0 = ret"   --->   Operation 88 'ret' 'ret_ln0' <Predicate = (icmp_ln53)> <Delay = 0.00>

State 26 <SV = 25> <Delay = 5.15>
ST_26 : Operation 80 [3/4] (5.15ns)   --->   "%Sx = dadd i64 %Sx_1_load, i64 %mul4_i_i" [main.cpp:56->main.cpp:138->main.cpp:272]   --->   Operation 80 'dadd' 'Sx' <Predicate = true> <Delay = 5.15> <CoreInst = "DAddSub_fulldsp">   --->   Core 37 'DAddSub_fulldsp' <Latency = 3> <II = 1> <Delay = 5.15> <FuncUnit> <Opcode : 'dadd' 'dsub'> <InPorts = 2> <OutPorts = 1>

State 27 <SV = 26> <Delay = 5.15>
ST_27 : Operation 81 [2/4] (5.15ns)   --->   "%Sx = dadd i64 %Sx_1_load, i64 %mul4_i_i" [main.cpp:56->main.cpp:138->main.cpp:272]   --->   Operation 81 'dadd' 'Sx' <Predicate = true> <Delay = 5.15> <CoreInst = "DAddSub_fulldsp">   --->   Core 37 'DAddSub_fulldsp' <Latency = 3> <II = 1> <Delay = 5.15> <FuncUnit> <Opcode : 'dadd' 'dsub'> <InPorts = 2> <OutPorts = 1>

State 28 <SV = 27> <Delay = 5.61>
ST_28 : Operation 82 [1/1] (0.00ns)   --->   "%specloopname_ln53 = specloopname void @_ssdm_op_SpecLoopName, void @empty_2" [main.cpp:53->main.cpp:138->main.cpp:272]   --->   Operation 82 'specloopname' 'specloopname_ln53' <Predicate = true> <Delay = 0.00>
ST_28 : Operation 83 [1/4] (5.15ns)   --->   "%Sx = dadd i64 %Sx_1_load, i64 %mul4_i_i" [main.cpp:56->main.cpp:138->main.cpp:272]   --->   Operation 83 'dadd' 'Sx' <Predicate = true> <Delay = 5.15> <CoreInst = "DAddSub_fulldsp">   --->   Core 37 'DAddSub_fulldsp' <Latency = 3> <II = 1> <Delay = 5.15> <FuncUnit> <Opcode : 'dadd' 'dsub'> <InPorts = 2> <OutPorts = 1>
ST_28 : Operation 84 [1/1] (0.46ns)   --->   "%store_ln53 = store i64 %Sx, i64 %Sx_1" [main.cpp:53->main.cpp:138->main.cpp:272]   --->   Operation 84 'store' 'store_ln53' <Predicate = true> <Delay = 0.46>
ST_28 : Operation 85 [1/1] (0.00ns)   --->   "%br_ln53 = br void %for.inc.i17.i" [main.cpp:53->main.cpp:138->main.cpp:272]   --->   Operation 85 'br' 'br_ln53' <Predicate = true> <Delay = 0.00>


============================================================
+ Verbose Summary: Binding
============================================================
STG Binding: 
---------------- STG Properties BEGIN ----------------
- Is combinational: 0
- Is one-state seq: 0
- Is datapath-only: 0
- Is pipelined: 0
- Is top level: 0
Port [ Return ] is wired: 1; IO mode=ap_ctrl_hs:ce=0
Port [ size]:  wired=1; compound=0; hidden=0; nouse=0; global=0; static=0; extern=0; dir=0; type=0; pingpong=0; private_global=0; IO mode=ap_none:ce=0
Port [ arrsigs]:  wired=1; compound=1; hidden=0; nouse=0; global=0; static=0; extern=0; dir=0; type=1; pingpong=0; private_global=0; MemPort=[13]; IO mode=ap_memory:ce=0
Port [ arrx]:  wired=1; compound=1; hidden=0; nouse=0; global=0; static=0; extern=0; dir=0; type=1; pingpong=0; private_global=0; MemPort=[13]; IO mode=ap_memory:ce=0
Port [ Sx_1_out]:  wired=1; compound=0; hidden=0; nouse=0; global=0; static=0; extern=0; dir=1; type=0; pingpong=0; private_global=0; IO mode=ap_vld:ce=0
---------------- STG Properties END ------------------

---------------- Datapath Model BEGIN ----------------

<LifeTime>
<method=bitvector/>
Sx_1                  (alloca           ) [ 01111111111111111111111111111]
i                     (alloca           ) [ 01000000000000000000000000000]
size_read             (read             ) [ 00000000000000000000000000000]
store_ln0             (store            ) [ 00000000000000000000000000000]
store_ln0             (store            ) [ 00000000000000000000000000000]
br_ln0                (br               ) [ 00000000000000000000000000000]
i_1                   (load             ) [ 00000000000000000000000000000]
specpipeline_ln0      (specpipeline     ) [ 00000000000000000000000000000]
icmp_ln53             (icmp             ) [ 01111111111111111111111111000]
speclooptripcount_ln0 (speclooptripcount) [ 00000000000000000000000000000]
add_ln53              (add              ) [ 00000000000000000000000000000]
br_ln53               (br               ) [ 00000000000000000000000000000]
i_3_cast              (zext             ) [ 01111111111111000000000000000]
arrsigs_addr          (getelementptr    ) [ 00100000000000000000000000000]
store_ln53            (store            ) [ 00000000000000000000000000000]
arrsigs_load          (load             ) [ 00000000000000000000000000000]
zext_ln54             (zext             ) [ 00010000000000000000000000000]
sig                   (sitodp           ) [ 01111111111111111000000000000]
arrx_addr             (getelementptr    ) [ 00100000000000100000000000000]
arrx_load             (load             ) [ 00010000000000010000000000000]
zext_ln56             (zext             ) [ 01000000000000001000000000000]
overSig               (ddiv             ) [ 01110000000000000111111110000]
conv3_i_i             (sitodp           ) [ 01110000000000000111100000000]
mul_i13_i             (dmul             ) [ 01110000000000000000011110000]
mul4_i_i              (dmul             ) [ 01110000000000000000000001111]
Sx_1_load             (load             ) [ 01110000000000000000000000111]
specloopname_ln53     (specloopname     ) [ 00000000000000000000000000000]
Sx                    (dadd             ) [ 00000000000000000000000000000]
store_ln53            (store            ) [ 00000000000000000000000000000]
br_ln53               (br               ) [ 00000000000000000000000000000]
Sx_1_load_1           (load             ) [ 00000000000000000000000000000]
write_ln0             (write            ) [ 00000000000000000000000000000]
ret_ln0               (ret              ) [ 00000000000000000000000000000]
</LifeTime>

<model>

<comp_list>
<comp id="0" class="1000" name="size">
<pin_list>
<pin id="1" dir="1" index="0" bw="1" slack="0"/>
</pin_list>
<bind>
<StgValue><ssdm name="size"/></StgValue>
</bind>
</comp>

<comp id="2" class="1000" name="arrsigs">
<pin_list>
<pin id="3" dir="1" index="0" bw="1" slack="0"/>
</pin_list>
<bind>
<StgValue><ssdm name="arrsigs"/><MemPortTyVec>1 3 </MemPortTyVec>
</StgValue>
</bind>
</comp>

<comp id="4" class="1000" name="arrx">
<pin_list>
<pin id="5" dir="1" index="0" bw="1" slack="0"/>
</pin_list>
<bind>
<StgValue><ssdm name="arrx"/><MemPortTyVec>1 3 </MemPortTyVec>
</StgValue>
</bind>
</comp>

<comp id="6" class="1000" name="Sx_1_out">
<pin_list>
<pin id="7" dir="1" index="0" bw="1" slack="0"/>
</pin_list>
<bind>
<StgValue><ssdm name="Sx_1_out"/></StgValue>
</bind>
</comp>

<comp id="8" class="1001" name="const_8">
<pin_list>
<pin id="9" dir="1" index="0" bw="1" slack="0"/>
</pin_list>
<bind>
<StgValue><ssdm name=""/></StgValue>
</bind>
</comp>

<comp id="10" class="1001" name="const_10">
<pin_list>
<pin id="11" dir="1" index="0" bw="1" slack="0"/>
</pin_list>
<bind>
<StgValue><ssdm name="_ssdm_op_Read.ap_auto.i9"/></StgValue>
</bind>
</comp>

<comp id="12" class="1001" name="const_12">
<pin_list>
<pin id="13" dir="1" index="0" bw="1" slack="0"/>
</pin_list>
<bind>
<StgValue><ssdm name=""/></StgValue>
</bind>
</comp>

<comp id="14" class="1001" name="const_14">
<pin_list>
<pin id="15" dir="1" index="0" bw="1" slack="0"/>
</pin_list>
<bind>
<StgValue><ssdm name=""/></StgValue>
</bind>
</comp>

<comp id="16" class="1001" name="const_16">
<pin_list>
<pin id="17" dir="1" index="0" bw="1" slack="2147483647"/>
</pin_list>
<bind>
<StgValue><ssdm name="_ssdm_op_SpecPipeline"/></StgValue>
</bind>
</comp>

<comp id="18" class="1001" name="const_18">
<pin_list>
<pin id="19" dir="1" index="0" bw="1" slack="2147483647"/>
</pin_list>
<bind>
<StgValue><ssdm name=""/></StgValue>
</bind>
</comp>

<comp id="20" class="1001" name="const_20">
<pin_list>
<pin id="21" dir="1" index="0" bw="1" slack="2147483647"/>
</pin_list>
<bind>
<StgValue><ssdm name=""/></StgValue>
</bind>
</comp>

<comp id="22" class="1001" name="const_22">
<pin_list>
<pin id="23" dir="1" index="0" bw="1" slack="2147483647"/>
</pin_list>
<bind>
<StgValue><ssdm name="p_str4"/></StgValue>
</bind>
</comp>

<comp id="24" class="1001" name="const_24">
<pin_list>
<pin id="25" dir="1" index="0" bw="1" slack="2147483647"/>
</pin_list>
<bind>
<StgValue><ssdm name="_ssdm_op_SpecLoopTripCount"/></StgValue>
</bind>
</comp>

<comp id="26" class="1001" name="const_26">
<pin_list>
<pin id="27" dir="1" index="0" bw="1" slack="2147483647"/>
</pin_list>
<bind>
<StgValue><ssdm name=""/></StgValue>
</bind>
</comp>

<comp id="28" class="1001" name="const_28">
<pin_list>
<pin id="29" dir="1" index="0" bw="1" slack="2147483647"/>
</pin_list>
<bind>
<StgValue><ssdm name=""/></StgValue>
</bind>
</comp>

<comp id="30" class="1001" name="const_30">
<pin_list>
<pin id="31" dir="1" index="0" bw="1" slack="0"/>
</pin_list>
<bind>
<StgValue><ssdm name=""/></StgValue>
</bind>
</comp>

<comp id="32" class="1001" name="const_32">
<pin_list>
<pin id="33" dir="1" index="0" bw="1" slack="0"/>
</pin_list>
<bind>
<StgValue><ssdm name=""/></StgValue>
</bind>
</comp>

<comp id="34" class="1001" name="const_34">
<pin_list>
<pin id="35" dir="1" index="0" bw="1" slack="0"/>
</pin_list>
<bind>
<StgValue><ssdm name=""/></StgValue>
</bind>
</comp>

<comp id="36" class="1001" name="const_36">
<pin_list>
<pin id="37" dir="1" index="0" bw="1" slack="2147483647"/>
</pin_list>
<bind>
<StgValue><ssdm name="_ssdm_op_SpecLoopName"/></StgValue>
</bind>
</comp>

<comp id="38" class="1001" name="const_38">
<pin_list>
<pin id="39" dir="1" index="0" bw="1" slack="2147483647"/>
</pin_list>
<bind>
<StgValue><ssdm name="empty_2"/></StgValue>
</bind>
</comp>

<comp id="40" class="1001" name="const_40">
<pin_list>
<pin id="41" dir="1" index="0" bw="1" slack="0"/>
</pin_list>
<bind>
<StgValue><ssdm name="_ssdm_op_Write.ap_auto.doubleP0A"/></StgValue>
</bind>
</comp>

<comp id="42" class="1004" name="Sx_1_fu_42">
<pin_list>
<pin id="43" dir="0" index="0" bw="1" slack="0"/>
<pin id="44" dir="1" index="1" bw="64" slack="0"/>
</pin_list>
<bind>
<opcode="alloca(26) " fcode="alloca"/>
<opset="Sx_1/1 "/>
</bind>
</comp>

<comp id="46" class="1004" name="i_fu_46">
<pin_list>
<pin id="47" dir="0" index="0" bw="1" slack="0"/>
<pin id="48" dir="1" index="1" bw="9" slack="0"/>
</pin_list>
<bind>
<opcode="alloca(26) " fcode="alloca"/>
<opset="i/1 "/>
</bind>
</comp>

<comp id="50" class="1004" name="size_read_read_fu_50">
<pin_list>
<pin id="51" dir="0" index="0" bw="9" slack="0"/>
<pin id="52" dir="0" index="1" bw="9" slack="0"/>
<pin id="53" dir="1" index="2" bw="9" slack="0"/>
</pin_list>
<bind>
<opcode="read(1150) " fcode="read"/>
<opset="size_read/1 "/>
</bind>
</comp>

<comp id="56" class="1004" name="write_ln0_write_fu_56">
<pin_list>
<pin id="57" dir="0" index="0" bw="0" slack="0"/>
<pin id="58" dir="0" index="1" bw="64" slack="0"/>
<pin id="59" dir="0" index="2" bw="64" slack="0"/>
<pin id="60" dir="1" index="3" bw="0" slack="2147483647"/>
</pin_list>
<bind>
<opcode="write(1151) " fcode="write"/>
<opset="write_ln0/25 "/>
</bind>
</comp>

<comp id="63" class="1004" name="arrsigs_addr_gep_fu_63">
<pin_list>
<pin id="64" dir="0" index="0" bw="6" slack="0"/>
<pin id="65" dir="0" index="1" bw="1" slack="0"/>
<pin id="66" dir="0" index="2" bw="9" slack="0"/>
<pin id="67" dir="1" index="3" bw="10" slack="0"/>
</pin_list>
<bind>
<opcode="getelementptr(29) " fcode="getelementptr"/>
<opset="arrsigs_addr/1 "/>
</bind>
</comp>

<comp id="70" class="1004" name="grp_access_fu_70">
<pin_list>
<pin id="71" dir="0" index="0" bw="10" slack="0"/>
<pin id="72" dir="0" index="1" bw="6" slack="2147483647"/>
<pin id="73" dir="0" index="2" bw="0" slack="2147483647"/>
<pin id="74" dir="1" index="3" bw="6" slack="0"/>
</pin_list>
<bind>
<opcode="load(27) " fcode="load"/>
<opset="arrsigs_load/1 "/>
</bind>
</comp>

<comp id="76" class="1004" name="arrx_addr_gep_fu_76">
<pin_list>
<pin id="77" dir="0" index="0" bw="7" slack="0"/>
<pin id="78" dir="0" index="1" bw="1" slack="0"/>
<pin id="79" dir="0" index="2" bw="9" slack="12"/>
<pin id="80" dir="1" index="3" bw="10" slack="0"/>
</pin_list>
<bind>
<opcode="getelementptr(29) " fcode="getelementptr"/>
<opset="arrx_addr/13 "/>
</bind>
</comp>

<comp id="83" class="1004" name="grp_access_fu_83">
<pin_list>
<pin id="84" dir="0" index="0" bw="10" slack="0"/>
<pin id="85" dir="0" index="1" bw="7" slack="2147483647"/>
<pin id="86" dir="0" index="2" bw="0" slack="2147483647"/>
<pin id="87" dir="1" index="3" bw="7" slack="1"/>
</pin_list>
<bind>
<opcode="load(27) " fcode="load"/>
<opset="arrx_load/13 "/>
</bind>
</comp>

<comp id="89" class="1004" name="grp_fu_89">
<pin_list>
<pin id="90" dir="0" index="0" bw="64" slack="0"/>
<pin id="91" dir="0" index="1" bw="64" slack="1"/>
<pin id="92" dir="1" index="2" bw="64" slack="0"/>
</pin_list>
<bind>
<opcode="dadd(508) " fcode="dadd"/>
<opset="Sx/25 "/>
</bind>
</comp>

<comp id="93" class="1004" name="grp_fu_93">
<pin_list>
<pin id="94" dir="0" index="0" bw="64" slack="1"/>
<pin id="95" dir="0" index="1" bw="64" slack="1"/>
<pin id="96" dir="1" index="2" bw="64" slack="1"/>
</pin_list>
<bind>
<opcode="dmul(510) " fcode="dmul"/>
<opset="mul_i13_i/17 mul4_i_i/21 "/>
</bind>
</comp>

<comp id="97" class="1004" name="grp_fu_97">
<pin_list>
<pin id="98" dir="0" index="0" bw="64" slack="0"/>
<pin id="99" dir="0" index="1" bw="64" slack="1"/>
<pin id="100" dir="1" index="2" bw="64" slack="1"/>
</pin_list>
<bind>
<opcode="ddiv(511) " fcode="ddiv"/>
<opset="overSig/4 "/>
</bind>
</comp>

<comp id="102" class="1004" name="grp_fu_102">
<pin_list>
<pin id="103" dir="0" index="0" bw="7" slack="0"/>
<pin id="104" dir="1" index="1" bw="64" slack="1"/>
</pin_list>
<bind>
<opcode="sitodp(517) " fcode="sitodp"/>
<opset="sig/2 conv3_i_i/15 "/>
</bind>
</comp>

<comp id="105" class="1004" name="store_ln0_store_fu_105">
<pin_list>
<pin id="106" dir="0" index="0" bw="1" slack="0"/>
<pin id="107" dir="0" index="1" bw="9" slack="0"/>
<pin id="108" dir="1" index="2" bw="0" slack="2147483647"/>
</pin_list>
<bind>
<opcode="store(28) " fcode="store"/>
<opset="store_ln0/1 "/>
</bind>
</comp>

<comp id="110" class="1004" name="store_ln0_store_fu_110">
<pin_list>
<pin id="111" dir="0" index="0" bw="64" slack="0"/>
<pin id="112" dir="0" index="1" bw="64" slack="0"/>
<pin id="113" dir="1" index="2" bw="0" slack="2147483647"/>
</pin_list>
<bind>
<opcode="store(28) " fcode="store"/>
<opset="store_ln0/1 "/>
</bind>
</comp>

<comp id="115" class="1004" name="i_1_load_fu_115">
<pin_list>
<pin id="116" dir="0" index="0" bw="9" slack="0"/>
<pin id="117" dir="1" index="1" bw="9" slack="0"/>
</pin_list>
<bind>
<opcode="load(27) " fcode="load"/>
<opset="i_1/1 "/>
</bind>
</comp>

<comp id="118" class="1004" name="icmp_ln53_fu_118">
<pin_list>
<pin id="119" dir="0" index="0" bw="9" slack="0"/>
<pin id="120" dir="0" index="1" bw="9" slack="0"/>
<pin id="121" dir="1" index="2" bw="1" slack="1"/>
</pin_list>
<bind>
<opcode="icmp(45) " fcode="icmp"/>
<opset="icmp_ln53/1 "/>
</bind>
</comp>

<comp id="124" class="1004" name="add_ln53_fu_124">
<pin_list>
<pin id="125" dir="0" index="0" bw="9" slack="0"/>
<pin id="126" dir="0" index="1" bw="1" slack="0"/>
<pin id="127" dir="1" index="2" bw="9" slack="0"/>
</pin_list>
<bind>
<opcode="add(8) " fcode="add"/>
<opset="add_ln53/1 "/>
</bind>
</comp>

<comp id="130" class="1004" name="i_3_cast_fu_130">
<pin_list>
<pin id="131" dir="0" index="0" bw="9" slack="0"/>
<pin id="132" dir="1" index="1" bw="64" slack="0"/>
</pin_list>
<bind>
<opcode="zext(34) " fcode="zext"/>
<opset="i_3_cast/1 "/>
</bind>
</comp>

<comp id="135" class="1004" name="store_ln53_store_fu_135">
<pin_list>
<pin id="136" dir="0" index="0" bw="9" slack="0"/>
<pin id="137" dir="0" index="1" bw="9" slack="0"/>
<pin id="138" dir="1" index="2" bw="0" slack="2147483647"/>
</pin_list>
<bind>
<opcode="store(28) " fcode="store"/>
<opset="store_ln53/1 "/>
</bind>
</comp>

<comp id="140" class="1004" name="zext_ln54_fu_140">
<pin_list>
<pin id="141" dir="0" index="0" bw="6" slack="0"/>
<pin id="142" dir="1" index="1" bw="64" slack="0"/>
</pin_list>
<bind>
<opcode="zext(34) " fcode="zext"/>
<opset="zext_ln54/2 "/>
</bind>
</comp>

<comp id="145" class="1004" name="zext_ln56_fu_145">
<pin_list>
<pin id="146" dir="0" index="0" bw="7" slack="1"/>
<pin id="147" dir="1" index="1" bw="64" slack="0"/>
</pin_list>
<bind>
<opcode="zext(34) " fcode="zext"/>
<opset="zext_ln56/15 "/>
</bind>
</comp>

<comp id="149" class="1004" name="Sx_1_load_load_fu_149">
<pin_list>
<pin id="150" dir="0" index="0" bw="64" slack="24"/>
<pin id="151" dir="1" index="1" bw="64" slack="0"/>
</pin_list>
<bind>
<opcode="load(27) " fcode="load"/>
<opset="Sx_1_load/25 "/>
</bind>
</comp>

<comp id="153" class="1004" name="store_ln53_store_fu_153">
<pin_list>
<pin id="154" dir="0" index="0" bw="64" slack="0"/>
<pin id="155" dir="0" index="1" bw="64" slack="27"/>
<pin id="156" dir="1" index="2" bw="0" slack="2147483647"/>
</pin_list>
<bind>
<opcode="store(28) " fcode="store"/>
<opset="store_ln53/28 "/>
</bind>
</comp>

<comp id="158" class="1004" name="Sx_1_load_1_load_fu_158">
<pin_list>
<pin id="159" dir="0" index="0" bw="64" slack="24"/>
<pin id="160" dir="1" index="1" bw="64" slack="0"/>
</pin_list>
<bind>
<opcode="load(27) " fcode="load"/>
<opset="Sx_1_load_1/25 "/>
</bind>
</comp>

<comp id="162" class="1005" name="Sx_1_reg_162">
<pin_list>
<pin id="163" dir="0" index="0" bw="64" slack="0"/>
<pin id="164" dir="1" index="1" bw="64" slack="0"/>
</pin_list>
<bind>
<opset="Sx_1 "/>
</bind>
</comp>

<comp id="170" class="1005" name="i_reg_170">
<pin_list>
<pin id="171" dir="0" index="0" bw="9" slack="0"/>
<pin id="172" dir="1" index="1" bw="9" slack="0"/>
</pin_list>
<bind>
<opset="i "/>
</bind>
</comp>

<comp id="177" class="1005" name="icmp_ln53_reg_177">
<pin_list>
<pin id="178" dir="0" index="0" bw="1" slack="1"/>
<pin id="179" dir="1" index="1" bw="1" slack="2147483647"/>
</pin_list>
<bind>
<opset="icmp_ln53 "/>
</bind>
</comp>

<comp id="181" class="1005" name="i_3_cast_reg_181">
<pin_list>
<pin id="182" dir="0" index="0" bw="64" slack="12"/>
<pin id="183" dir="1" index="1" bw="64" slack="12"/>
</pin_list>
<bind>
<opset="i_3_cast "/>
</bind>
</comp>

<comp id="186" class="1005" name="arrsigs_addr_reg_186">
<pin_list>
<pin id="187" dir="0" index="0" bw="10" slack="1"/>
<pin id="188" dir="1" index="1" bw="10" slack="1"/>
</pin_list>
<bind>
<opset="arrsigs_addr "/>
</bind>
</comp>

<comp id="191" class="1005" name="zext_ln54_reg_191">
<pin_list>
<pin id="192" dir="0" index="0" bw="64" slack="1"/>
<pin id="193" dir="1" index="1" bw="64" slack="1"/>
</pin_list>
<bind>
<opset="zext_ln54 "/>
</bind>
</comp>

<comp id="196" class="1005" name="sig_reg_196">
<pin_list>
<pin id="197" dir="0" index="0" bw="64" slack="1"/>
<pin id="198" dir="1" index="1" bw="64" slack="1"/>
</pin_list>
<bind>
<opset="sig "/>
</bind>
</comp>

<comp id="201" class="1005" name="arrx_addr_reg_201">
<pin_list>
<pin id="202" dir="0" index="0" bw="10" slack="1"/>
<pin id="203" dir="1" index="1" bw="10" slack="1"/>
</pin_list>
<bind>
<opset="arrx_addr "/>
</bind>
</comp>

<comp id="206" class="1005" name="arrx_load_reg_206">
<pin_list>
<pin id="207" dir="0" index="0" bw="7" slack="1"/>
<pin id="208" dir="1" index="1" bw="7" slack="1"/>
</pin_list>
<bind>
<opset="arrx_load "/>
</bind>
</comp>

<comp id="211" class="1005" name="zext_ln56_reg_211">
<pin_list>
<pin id="212" dir="0" index="0" bw="64" slack="1"/>
<pin id="213" dir="1" index="1" bw="64" slack="1"/>
</pin_list>
<bind>
<opset="zext_ln56 "/>
</bind>
</comp>

<comp id="216" class="1005" name="overSig_reg_216">
<pin_list>
<pin id="217" dir="0" index="0" bw="64" slack="1"/>
<pin id="218" dir="1" index="1" bw="64" slack="1"/>
</pin_list>
<bind>
<opset="overSig "/>
</bind>
</comp>

<comp id="221" class="1005" name="conv3_i_i_reg_221">
<pin_list>
<pin id="222" dir="0" index="0" bw="64" slack="1"/>
<pin id="223" dir="1" index="1" bw="64" slack="1"/>
</pin_list>
<bind>
<opset="conv3_i_i "/>
</bind>
</comp>

<comp id="226" class="1005" name="mul_i13_i_reg_226">
<pin_list>
<pin id="227" dir="0" index="0" bw="64" slack="1"/>
<pin id="228" dir="1" index="1" bw="64" slack="1"/>
</pin_list>
<bind>
<opset="mul_i13_i "/>
</bind>
</comp>

<comp id="231" class="1005" name="mul4_i_i_reg_231">
<pin_list>
<pin id="232" dir="0" index="0" bw="64" slack="1"/>
<pin id="233" dir="1" index="1" bw="64" slack="1"/>
</pin_list>
<bind>
<opset="mul4_i_i "/>
</bind>
</comp>

<comp id="236" class="1005" name="Sx_1_load_reg_236">
<pin_list>
<pin id="237" dir="0" index="0" bw="64" slack="1"/>
<pin id="238" dir="1" index="1" bw="64" slack="1"/>
</pin_list>
<bind>
<opset="Sx_1_load "/>
</bind>
</comp>

</comp_list>

<net_list>
<net id="45"><net_src comp="8" pin="0"/><net_sink comp="42" pin=0"/></net>

<net id="49"><net_src comp="8" pin="0"/><net_sink comp="46" pin=0"/></net>

<net id="54"><net_src comp="10" pin="0"/><net_sink comp="50" pin=0"/></net>

<net id="55"><net_src comp="0" pin="0"/><net_sink comp="50" pin=1"/></net>

<net id="61"><net_src comp="40" pin="0"/><net_sink comp="56" pin=0"/></net>

<net id="62"><net_src comp="6" pin="0"/><net_sink comp="56" pin=1"/></net>

<net id="68"><net_src comp="2" pin="0"/><net_sink comp="63" pin=0"/></net>

<net id="69"><net_src comp="30" pin="0"/><net_sink comp="63" pin=1"/></net>

<net id="75"><net_src comp="63" pin="3"/><net_sink comp="70" pin=0"/></net>

<net id="81"><net_src comp="4" pin="0"/><net_sink comp="76" pin=0"/></net>

<net id="82"><net_src comp="30" pin="0"/><net_sink comp="76" pin=1"/></net>

<net id="88"><net_src comp="76" pin="3"/><net_sink comp="83" pin=0"/></net>

<net id="101"><net_src comp="34" pin="0"/><net_sink comp="97" pin=0"/></net>

<net id="109"><net_src comp="12" pin="0"/><net_sink comp="105" pin=0"/></net>

<net id="114"><net_src comp="14" pin="0"/><net_sink comp="110" pin=0"/></net>

<net id="122"><net_src comp="115" pin="1"/><net_sink comp="118" pin=0"/></net>

<net id="123"><net_src comp="50" pin="2"/><net_sink comp="118" pin=1"/></net>

<net id="128"><net_src comp="115" pin="1"/><net_sink comp="124" pin=0"/></net>

<net id="129"><net_src comp="32" pin="0"/><net_sink comp="124" pin=1"/></net>

<net id="133"><net_src comp="115" pin="1"/><net_sink comp="130" pin=0"/></net>

<net id="134"><net_src comp="130" pin="1"/><net_sink comp="63" pin=2"/></net>

<net id="139"><net_src comp="124" pin="2"/><net_sink comp="135" pin=0"/></net>

<net id="143"><net_src comp="70" pin="3"/><net_sink comp="140" pin=0"/></net>

<net id="144"><net_src comp="140" pin="1"/><net_sink comp="102" pin=0"/></net>

<net id="148"><net_src comp="145" pin="1"/><net_sink comp="102" pin=0"/></net>

<net id="152"><net_src comp="149" pin="1"/><net_sink comp="89" pin=0"/></net>

<net id="157"><net_src comp="89" pin="2"/><net_sink comp="153" pin=0"/></net>

<net id="161"><net_src comp="158" pin="1"/><net_sink comp="56" pin=2"/></net>

<net id="165"><net_src comp="42" pin="1"/><net_sink comp="162" pin=0"/></net>

<net id="166"><net_src comp="162" pin="1"/><net_sink comp="110" pin=1"/></net>

<net id="167"><net_src comp="162" pin="1"/><net_sink comp="149" pin=0"/></net>

<net id="168"><net_src comp="162" pin="1"/><net_sink comp="153" pin=1"/></net>

<net id="169"><net_src comp="162" pin="1"/><net_sink comp="158" pin=0"/></net>

<net id="173"><net_src comp="46" pin="1"/><net_sink comp="170" pin=0"/></net>

<net id="174"><net_src comp="170" pin="1"/><net_sink comp="105" pin=1"/></net>

<net id="175"><net_src comp="170" pin="1"/><net_sink comp="115" pin=0"/></net>

<net id="176"><net_src comp="170" pin="1"/><net_sink comp="135" pin=1"/></net>

<net id="180"><net_src comp="118" pin="2"/><net_sink comp="177" pin=0"/></net>

<net id="184"><net_src comp="130" pin="1"/><net_sink comp="181" pin=0"/></net>

<net id="185"><net_src comp="181" pin="1"/><net_sink comp="76" pin=2"/></net>

<net id="189"><net_src comp="63" pin="3"/><net_sink comp="186" pin=0"/></net>

<net id="190"><net_src comp="186" pin="1"/><net_sink comp="70" pin=0"/></net>

<net id="194"><net_src comp="140" pin="1"/><net_sink comp="191" pin=0"/></net>

<net id="195"><net_src comp="191" pin="1"/><net_sink comp="102" pin=0"/></net>

<net id="199"><net_src comp="102" pin="1"/><net_sink comp="196" pin=0"/></net>

<net id="200"><net_src comp="196" pin="1"/><net_sink comp="97" pin=1"/></net>

<net id="204"><net_src comp="76" pin="3"/><net_sink comp="201" pin=0"/></net>

<net id="205"><net_src comp="201" pin="1"/><net_sink comp="83" pin=0"/></net>

<net id="209"><net_src comp="83" pin="3"/><net_sink comp="206" pin=0"/></net>

<net id="210"><net_src comp="206" pin="1"/><net_sink comp="145" pin=0"/></net>

<net id="214"><net_src comp="145" pin="1"/><net_sink comp="211" pin=0"/></net>

<net id="215"><net_src comp="211" pin="1"/><net_sink comp="102" pin=0"/></net>

<net id="219"><net_src comp="97" pin="2"/><net_sink comp="216" pin=0"/></net>

<net id="220"><net_src comp="216" pin="1"/><net_sink comp="93" pin=1"/></net>

<net id="224"><net_src comp="102" pin="1"/><net_sink comp="221" pin=0"/></net>

<net id="225"><net_src comp="221" pin="1"/><net_sink comp="93" pin=0"/></net>

<net id="229"><net_src comp="93" pin="2"/><net_sink comp="226" pin=0"/></net>

<net id="230"><net_src comp="226" pin="1"/><net_sink comp="93" pin=0"/></net>

<net id="234"><net_src comp="93" pin="2"/><net_sink comp="231" pin=0"/></net>

<net id="235"><net_src comp="231" pin="1"/><net_sink comp="89" pin=1"/></net>

<net id="239"><net_src comp="149" pin="1"/><net_sink comp="236" pin=0"/></net>

<net id="240"><net_src comp="236" pin="1"/><net_sink comp="89" pin=0"/></net>

</net_list>

</model> 
---------------- Datapath Model END ------------------

* FSMD analyzer results:
  - Output states:
	Port: Sx_1_out | {25 }
 - Input state : 
	Port: fit_Pipeline_VITIS_LOOP_53_1 : size | {1 }
	Port: fit_Pipeline_VITIS_LOOP_53_1 : arrsigs | {1 2 }
	Port: fit_Pipeline_VITIS_LOOP_53_1 : arrx | {13 14 }
  - Chain level:
	State 1
		store_ln0 : 1
		store_ln0 : 1
		i_1 : 1
		icmp_ln53 : 2
		add_ln53 : 2
		br_ln53 : 3
		i_3_cast : 2
		arrsigs_addr : 3
		arrsigs_load : 4
		store_ln53 : 3
	State 2
		zext_ln54 : 1
		sig : 2
	State 3
	State 4
	State 5
	State 6
	State 7
	State 8
	State 9
	State 10
	State 11
	State 12
	State 13
		arrx_load : 1
	State 14
	State 15
		conv3_i_i : 1
	State 16
	State 17
	State 18
	State 19
	State 20
	State 21
	State 22
	State 23
	State 24
	State 25
		Sx : 1
		write_ln0 : 1
	State 26
	State 27
	State 28
		store_ln53 : 1


============================================================
+ Verbose Summary: Datapath Resource usage 
============================================================

* Functional unit list:
|----------|-----------------------|---------|---------|---------|
| Operation|    Functional Unit    |   DSP   |    FF   |   LUT   |
|----------|-----------------------|---------|---------|---------|
|   dadd   |       grp_fu_89       |    3    |   430   |   710   |
|----------|-----------------------|---------|---------|---------|
|   dmul   |       grp_fu_93       |    8    |   275   |   107   |
|----------|-----------------------|---------|---------|---------|
|   icmp   |    icmp_ln53_fu_118   |    0    |    0    |    16   |
|----------|-----------------------|---------|---------|---------|
|    add   |    add_ln53_fu_124    |    0    |    0    |    16   |
|----------|-----------------------|---------|---------|---------|
|   read   |  size_read_read_fu_50 |    0    |    0    |    0    |
|----------|-----------------------|---------|---------|---------|
|   write  | write_ln0_write_fu_56 |    0    |    0    |    0    |
|----------|-----------------------|---------|---------|---------|
|   ddiv   |       grp_fu_97       |    0    |    0    |    0    |
|----------|-----------------------|---------|---------|---------|
|  sitodp  |       grp_fu_102      |    0    |    0    |    0    |
|----------|-----------------------|---------|---------|---------|
|          |    i_3_cast_fu_130    |    0    |    0    |    0    |
|   zext   |    zext_ln54_fu_140   |    0    |    0    |    0    |
|          |    zext_ln56_fu_145   |    0    |    0    |    0    |
|----------|-----------------------|---------|---------|---------|
|   Total  |                       |    11   |   705   |   849   |
|----------|-----------------------|---------|---------|---------|

Memories:
N/A

* Register list:
+--------------------+--------+
|                    |   FF   |
+--------------------+--------+
|  Sx_1_load_reg_236 |   64   |
|    Sx_1_reg_162    |   64   |
|arrsigs_addr_reg_186|   10   |
|  arrx_addr_reg_201 |   10   |
|  arrx_load_reg_206 |    7   |
|  conv3_i_i_reg_221 |   64   |
|  i_3_cast_reg_181  |   64   |
|      i_reg_170     |    9   |
|  icmp_ln53_reg_177 |    1   |
|  mul4_i_i_reg_231  |   64   |
|  mul_i13_i_reg_226 |   64   |
|   overSig_reg_216  |   64   |
|     sig_reg_196    |   64   |
|  zext_ln54_reg_191 |   64   |
|  zext_ln56_reg_211 |   64   |
+--------------------+--------+
|        Total       |   677  |
+--------------------+--------+

* Multiplexer (MUX) list: 
|------------------|------|------|------|--------||---------||---------|
|       Comp       |  Pin | Size |  BW  | S x BW ||  Delay  ||   LUT   |
|------------------|------|------|------|--------||---------||---------|
| grp_access_fu_70 |  p0  |   2  |  10  |   20   ||    9    |
| grp_access_fu_83 |  p0  |   2  |  10  |   20   ||    9    |
|     grp_fu_89    |  p0  |   2  |  64  |   128  ||    9    |
|     grp_fu_93    |  p0  |   2  |  64  |   128  ||    9    |
|    grp_fu_102    |  p0  |   4  |   7  |   28   ||    20   |
|------------------|------|------|------|--------||---------||---------|
|       Total      |      |      |      |   324  || 2.38429 ||    56   |
|------------------|------|------|------|--------||---------||---------|



* Summary:
+-----------+--------+--------+--------+--------+
|           |   DSP  |  Delay |   FF   |   LUT  |
+-----------+--------+--------+--------+--------+
|  Function |   11   |    -   |   705  |   849  |
|   Memory  |    -   |    -   |    -   |    -   |
|Multiplexer|    -   |    2   |    -   |   56   |
|  Register |    -   |    -   |   677  |    -   |
+-----------+--------+--------+--------+--------+
|   Total   |   11   |    2   |  1382  |   905  |
+-----------+--------+--------+--------+--------+
